[0.220s] DEBUG:colcon:Command line arguments: ['/usr/bin/colcon', 'build', '--symlink-install']
[0.220s] DEBUG:colcon:Parsed command line arguments: Namespace(log_base=None, log_level=None, verb_name='build', build_base='build', install_base='install', merge_install=False, symlink_install=True, test_result_base=None, continue_on_error=False, executor='parallel', parallel_workers=8, event_handlers=None, ignore_user_meta=False, metas=['./colcon.meta'], base_paths=['.'], packages_ignore=None, packages_ignore_regex=None, paths=None, packages_up_to=None, packages_up_to_regex=None, packages_above=None, packages_above_and_dependencies=None, packages_above_depth=None, packages_select_by_dep=None, packages_skip_by_dep=None, packages_skip_up_to=None, packages_select_build_failed=False, packages_skip_build_finished=False, packages_select_test_failures=False, packages_skip_test_passed=False, packages_select=None, packages_skip=None, packages_select_regex=None, packages_skip_regex=None, packages_start=None, packages_end=None, allow_overriding=[], cmake_args=None, cmake_target=None, cmake_target_skip_unavailable=False, cmake_clean_cache=False, cmake_clean_first=False, cmake_force_configure=False, ament_cmake_args=None, catkin_cmake_args=None, catkin_skip_building_tests=False, mixin_files=None, mixin=None, verb_parser=<colcon_mixin.mixin.mixin_argument.MixinArgumentDecorator object at 0x7994d7f79330>, verb_extension=<colcon_core.verb.build.BuildVerb object at 0x7994d7f78df0>, main=<bound method BuildVerb.main of <colcon_core.verb.build.BuildVerb object at 0x7994d7f78df0>>, mixin_verb=('build',))
[0.541s] Level 1:colcon.colcon_core.package_discovery:discover_packages(colcon_meta) check parameters
[0.541s] Level 1:colcon.colcon_core.package_discovery:discover_packages(recursive) check parameters
[0.541s] Level 1:colcon.colcon_core.package_discovery:discover_packages(ignore) check parameters
[0.541s] Level 1:colcon.colcon_core.package_discovery:discover_packages(path) check parameters
[0.542s] Level 1:colcon.colcon_core.package_discovery:discover_packages(colcon_meta) discover
[0.542s] Level 1:colcon.colcon_core.package_discovery:discover_packages(recursive) discover
[0.542s] INFO:colcon.colcon_core.package_discovery:Crawling recursively for packages in '/home/paul/resqbot_dev/control_ws'
[0.542s] Level 1:colcon.colcon_core.package_identification:_identify(.) by extensions ['ignore', 'ignore_ament_install']
[0.542s] Level 1:colcon.colcon_core.package_identification:_identify(.) by extension 'ignore'
[0.542s] Level 1:colcon.colcon_core.package_identification:_identify(.) by extension 'ignore_ament_install'
[0.542s] Level 1:colcon.colcon_core.package_identification:_identify(.) by extensions ['colcon_pkg']
[0.543s] Level 1:colcon.colcon_core.package_identification:_identify(.) by extension 'colcon_pkg'
[0.543s] Level 1:colcon.colcon_core.package_identification:_identify(.) by extensions ['colcon_meta']
[0.543s] Level 1:colcon.colcon_core.package_identification:_identify(.) by extension 'colcon_meta'
[0.543s] Level 1:colcon.colcon_core.package_identification:_identify(.) by extensions ['ros']
[0.543s] Level 1:colcon.colcon_core.package_identification:_identify(.) by extension 'ros'
[0.562s] Level 1:colcon.colcon_core.package_identification:_identify(.) by extensions ['cmake', 'python']
[0.562s] Level 1:colcon.colcon_core.package_identification:_identify(.) by extension 'cmake'
[0.562s] Level 1:colcon.colcon_core.package_identification:_identify(.) by extension 'python'
[0.562s] Level 1:colcon.colcon_core.package_identification:_identify(.) by extensions ['python_setup_py']
[0.562s] Level 1:colcon.colcon_core.package_identification:_identify(.) by extension 'python_setup_py'
[0.562s] Level 1:colcon.colcon_core.package_identification:_identify(build) by extensions ['ignore', 'ignore_ament_install']
[0.562s] Level 1:colcon.colcon_core.package_identification:_identify(build) by extension 'ignore'
[0.563s] Level 1:colcon.colcon_core.package_identification:_identify(build) ignored
[0.563s] Level 1:colcon.colcon_core.package_identification:_identify(install) by extensions ['ignore', 'ignore_ament_install']
[0.563s] Level 1:colcon.colcon_core.package_identification:_identify(install) by extension 'ignore'
[0.563s] Level 1:colcon.colcon_core.package_identification:_identify(install) ignored
[0.563s] Level 1:colcon.colcon_core.package_identification:_identify(log) by extensions ['ignore', 'ignore_ament_install']
[0.563s] Level 1:colcon.colcon_core.package_identification:_identify(log) by extension 'ignore'
[0.563s] Level 1:colcon.colcon_core.package_identification:_identify(log) ignored
[0.563s] Level 1:colcon.colcon_core.package_identification:_identify(src) by extensions ['ignore', 'ignore_ament_install']
[0.564s] Level 1:colcon.colcon_core.package_identification:_identify(src) by extension 'ignore'
[0.564s] Level 1:colcon.colcon_core.package_identification:_identify(src) by extension 'ignore_ament_install'
[0.564s] Level 1:colcon.colcon_core.package_identification:_identify(src) by extensions ['colcon_pkg']
[0.564s] Level 1:colcon.colcon_core.package_identification:_identify(src) by extension 'colcon_pkg'
[0.564s] Level 1:colcon.colcon_core.package_identification:_identify(src) by extensions ['colcon_meta']
[0.564s] Level 1:colcon.colcon_core.package_identification:_identify(src) by extension 'colcon_meta'
[0.564s] Level 1:colcon.colcon_core.package_identification:_identify(src) by extensions ['ros']
[0.564s] Level 1:colcon.colcon_core.package_identification:_identify(src) by extension 'ros'
[0.564s] Level 1:colcon.colcon_core.package_identification:_identify(src) by extensions ['cmake', 'python']
[0.564s] Level 1:colcon.colcon_core.package_identification:_identify(src) by extension 'cmake'
[0.564s] Level 1:colcon.colcon_core.package_identification:_identify(src) by extension 'python'
[0.564s] Level 1:colcon.colcon_core.package_identification:_identify(src) by extensions ['python_setup_py']
[0.564s] Level 1:colcon.colcon_core.package_identification:_identify(src) by extension 'python_setup_py'
[0.565s] Level 1:colcon.colcon_core.package_identification:_identify(src/learning_tf2_py) by extensions ['ignore', 'ignore_ament_install']
[0.565s] Level 1:colcon.colcon_core.package_identification:_identify(src/learning_tf2_py) by extension 'ignore'
[0.565s] Level 1:colcon.colcon_core.package_identification:_identify(src/learning_tf2_py) by extension 'ignore_ament_install'
[0.565s] Level 1:colcon.colcon_core.package_identification:_identify(src/learning_tf2_py) by extensions ['colcon_pkg']
[0.565s] Level 1:colcon.colcon_core.package_identification:_identify(src/learning_tf2_py) by extension 'colcon_pkg'
[0.565s] Level 1:colcon.colcon_core.package_identification:_identify(src/learning_tf2_py) by extensions ['colcon_meta']
[0.565s] Level 1:colcon.colcon_core.package_identification:_identify(src/learning_tf2_py) by extension 'colcon_meta'
[0.565s] Level 1:colcon.colcon_core.package_identification:_identify(src/learning_tf2_py) by extensions ['ros']
[0.565s] Level 1:colcon.colcon_core.package_identification:_identify(src/learning_tf2_py) by extension 'ros'
[0.569s] DEBUG:colcon.colcon_core.package_identification:Package 'src/learning_tf2_py' with type 'ros.ament_python' and name 'learning_tf2_py'
[0.570s] Level 1:colcon.colcon_core.package_identification:_identify(src/lotti_control) by extensions ['ignore', 'ignore_ament_install']
[0.570s] Level 1:colcon.colcon_core.package_identification:_identify(src/lotti_control) by extension 'ignore'
[0.570s] Level 1:colcon.colcon_core.package_identification:_identify(src/lotti_control) by extension 'ignore_ament_install'
[0.570s] Level 1:colcon.colcon_core.package_identification:_identify(src/lotti_control) by extensions ['colcon_pkg']
[0.570s] Level 1:colcon.colcon_core.package_identification:_identify(src/lotti_control) by extension 'colcon_pkg'
[0.570s] Level 1:colcon.colcon_core.package_identification:_identify(src/lotti_control) by extensions ['colcon_meta']
[0.570s] Level 1:colcon.colcon_core.package_identification:_identify(src/lotti_control) by extension 'colcon_meta'
[0.570s] Level 1:colcon.colcon_core.package_identification:_identify(src/lotti_control) by extensions ['ros']
[0.570s] Level 1:colcon.colcon_core.package_identification:_identify(src/lotti_control) by extension 'ros'
[0.576s] DEBUG:colcon.colcon_core.package_identification:Package 'src/lotti_control' with type 'ros.ament_cmake' and name 'lotti_control'
[0.576s] Level 1:colcon.colcon_core.package_identification:_identify(src/lotti_flipper_controller) by extensions ['ignore', 'ignore_ament_install']
[0.576s] Level 1:colcon.colcon_core.package_identification:_identify(src/lotti_flipper_controller) by extension 'ignore'
[0.577s] Level 1:colcon.colcon_core.package_identification:_identify(src/lotti_flipper_controller) by extension 'ignore_ament_install'
[0.577s] Level 1:colcon.colcon_core.package_identification:_identify(src/lotti_flipper_controller) by extensions ['colcon_pkg']
[0.577s] Level 1:colcon.colcon_core.package_identification:_identify(src/lotti_flipper_controller) by extension 'colcon_pkg'
[0.577s] Level 1:colcon.colcon_core.package_identification:_identify(src/lotti_flipper_controller) by extensions ['colcon_meta']
[0.577s] Level 1:colcon.colcon_core.package_identification:_identify(src/lotti_flipper_controller) by extension 'colcon_meta'
[0.577s] Level 1:colcon.colcon_core.package_identification:_identify(src/lotti_flipper_controller) by extensions ['ros']
[0.577s] Level 1:colcon.colcon_core.package_identification:_identify(src/lotti_flipper_controller) by extension 'ros'
[0.579s] DEBUG:colcon.colcon_core.package_identification:Package 'src/lotti_flipper_controller' with type 'ros.ament_cmake' and name 'lotti_flipper_controller'
[0.580s] Level 1:colcon.colcon_core.package_identification:_identify(src/lotti_moveit_config) by extensions ['ignore', 'ignore_ament_install']
[0.580s] Level 1:colcon.colcon_core.package_identification:_identify(src/lotti_moveit_config) by extension 'ignore'
[0.580s] Level 1:colcon.colcon_core.package_identification:_identify(src/lotti_moveit_config) by extension 'ignore_ament_install'
[0.580s] Level 1:colcon.colcon_core.package_identification:_identify(src/lotti_moveit_config) by extensions ['colcon_pkg']
[0.580s] Level 1:colcon.colcon_core.package_identification:_identify(src/lotti_moveit_config) by extension 'colcon_pkg'
[0.580s] Level 1:colcon.colcon_core.package_identification:_identify(src/lotti_moveit_config) by extensions ['colcon_meta']
[0.580s] Level 1:colcon.colcon_core.package_identification:_identify(src/lotti_moveit_config) by extension 'colcon_meta'
[0.580s] Level 1:colcon.colcon_core.package_identification:_identify(src/lotti_moveit_config) by extensions ['ros']
[0.580s] Level 1:colcon.colcon_core.package_identification:_identify(src/lotti_moveit_config) by extension 'ros'
[0.582s] DEBUG:colcon.colcon_core.package_identification:Package 'src/lotti_moveit_config' with type 'ros.ament_cmake' and name 'lotti_moveit_config'
[0.582s] Level 1:colcon.colcon_core.package_identification:_identify(src/lotti_teleop) by extensions ['ignore', 'ignore_ament_install']
[0.582s] Level 1:colcon.colcon_core.package_identification:_identify(src/lotti_teleop) by extension 'ignore'
[0.582s] Level 1:colcon.colcon_core.package_identification:_identify(src/lotti_teleop) by extension 'ignore_ament_install'
[0.582s] Level 1:colcon.colcon_core.package_identification:_identify(src/lotti_teleop) by extensions ['colcon_pkg']
[0.582s] Level 1:colcon.colcon_core.package_identification:_identify(src/lotti_teleop) by extension 'colcon_pkg'
[0.583s] Level 1:colcon.colcon_core.package_identification:_identify(src/lotti_teleop) by extensions ['colcon_meta']
[0.583s] Level 1:colcon.colcon_core.package_identification:_identify(src/lotti_teleop) by extension 'colcon_meta'
[0.583s] Level 1:colcon.colcon_core.package_identification:_identify(src/lotti_teleop) by extensions ['ros']
[0.583s] Level 1:colcon.colcon_core.package_identification:_identify(src/lotti_teleop) by extension 'ros'
[0.611s] DEBUG:colcon.colcon_core.package_identification:Package 'src/lotti_teleop' with type 'ros.ament_python' and name 'lotti_teleop'
[0.612s] Level 1:colcon.colcon_core.package_discovery:discover_packages(recursive) using defaults
[0.612s] Level 1:colcon.colcon_core.package_discovery:discover_packages(ignore) discover
[0.612s] Level 1:colcon.colcon_core.package_discovery:discover_packages(ignore) using defaults
[0.612s] Level 1:colcon.colcon_core.package_discovery:discover_packages(path) discover
[0.612s] Level 1:colcon.colcon_core.package_discovery:discover_packages(path) using defaults
[0.651s] Level 1:colcon.colcon_core.package_discovery:discover_packages(prefix_path) check parameters
[0.651s] Level 1:colcon.colcon_core.package_discovery:discover_packages(prefix_path) discover
[0.652s] WARNING:colcon.colcon_ros.prefix_path.ament:The path '/home/paul/resqbot_dev/control_ws/install/lotti_teleop' in the environment variable AMENT_PREFIX_PATH doesn't exist
[0.653s] WARNING:colcon.colcon_ros.prefix_path.ament:The path '/home/paul/resqbot_dev/control_ws/install/lotti_flipper_controller' in the environment variable AMENT_PREFIX_PATH doesn't exist
[0.653s] WARNING:colcon.colcon_ros.prefix_path.ament:The path '/home/paul/resqbot_dev/control_ws/install/learning_tf2_py' in the environment variable AMENT_PREFIX_PATH doesn't exist
[0.658s] WARNING:colcon.colcon_ros.prefix_path.catkin:The path '/home/paul/resqbot_dev/control_ws/install/lotti_flipper_controller' in the environment variable CMAKE_PREFIX_PATH doesn't exist
[0.660s] DEBUG:colcon.colcon_installed_package_information.package_discovery:Found 2 installed packages in /home/paul/resqbot_dev/control_ws/install
[0.661s] DEBUG:colcon.colcon_installed_package_information.package_discovery:Found 1 installed packages in /home/paul/moveit2_ws/install
[0.664s] DEBUG:colcon.colcon_installed_package_information.package_discovery:Found 55 installed packages in /home/paul/moveit2_ws/src/install
[0.665s] DEBUG:colcon.colcon_installed_package_information.package_discovery:Found 1 installed packages in /home/paul/ws_livox/install
[0.667s] DEBUG:colcon.colcon_installed_package_information.package_discovery:Found 17 installed packages in /home/paul/ros2_ws/install
[0.670s] DEBUG:colcon.colcon_installed_package_information.package_discovery:Found 410 installed packages in /opt/ros/humble
[0.678s] Level 1:colcon.colcon_core.package_discovery:discover_packages(prefix_path) using defaults
[0.783s] Level 5:colcon.colcon_core.verb:set package 'learning_tf2_py' build argument 'cmake_args' from command line to 'None'
[0.783s] Level 5:colcon.colcon_core.verb:set package 'learning_tf2_py' build argument 'cmake_target' from command line to 'None'
[0.783s] Level 5:colcon.colcon_core.verb:set package 'learning_tf2_py' build argument 'cmake_target_skip_unavailable' from command line to 'False'
[0.783s] Level 5:colcon.colcon_core.verb:set package 'learning_tf2_py' build argument 'cmake_clean_cache' from command line to 'False'
[0.783s] Level 5:colcon.colcon_core.verb:set package 'learning_tf2_py' build argument 'cmake_clean_first' from command line to 'False'
[0.783s] Level 5:colcon.colcon_core.verb:set package 'learning_tf2_py' build argument 'cmake_force_configure' from command line to 'False'
[0.783s] Level 5:colcon.colcon_core.verb:set package 'learning_tf2_py' build argument 'ament_cmake_args' from command line to 'None'
[0.783s] Level 5:colcon.colcon_core.verb:set package 'learning_tf2_py' build argument 'catkin_cmake_args' from command line to 'None'
[0.783s] Level 5:colcon.colcon_core.verb:set package 'learning_tf2_py' build argument 'catkin_skip_building_tests' from command line to 'False'
[0.783s] DEBUG:colcon.colcon_core.verb:Building package 'learning_tf2_py' with the following arguments: {'ament_cmake_args': None, 'build_base': '/home/paul/resqbot_dev/control_ws/build/learning_tf2_py', 'catkin_cmake_args': None, 'catkin_skip_building_tests': False, 'cmake_args': None, 'cmake_clean_cache': False, 'cmake_clean_first': False, 'cmake_force_configure': False, 'cmake_target': None, 'cmake_target_skip_unavailable': False, 'install_base': '/home/paul/resqbot_dev/control_ws/install/learning_tf2_py', 'merge_install': False, 'path': '/home/paul/resqbot_dev/control_ws/src/learning_tf2_py', 'symlink_install': True, 'test_result_base': None}
[0.784s] Level 5:colcon.colcon_core.verb:set package 'lotti_control' build argument 'cmake_args' from command line to 'None'
[0.784s] Level 5:colcon.colcon_core.verb:set package 'lotti_control' build argument 'cmake_target' from command line to 'None'
[0.784s] Level 5:colcon.colcon_core.verb:set package 'lotti_control' build argument 'cmake_target_skip_unavailable' from command line to 'False'
[0.784s] Level 5:colcon.colcon_core.verb:set package 'lotti_control' build argument 'cmake_clean_cache' from command line to 'False'
[0.784s] Level 5:colcon.colcon_core.verb:set package 'lotti_control' build argument 'cmake_clean_first' from command line to 'False'
[0.784s] Level 5:colcon.colcon_core.verb:set package 'lotti_control' build argument 'cmake_force_configure' from command line to 'False'
[0.784s] Level 5:colcon.colcon_core.verb:set package 'lotti_control' build argument 'ament_cmake_args' from command line to 'None'
[0.784s] Level 5:colcon.colcon_core.verb:set package 'lotti_control' build argument 'catkin_cmake_args' from command line to 'None'
[0.784s] Level 5:colcon.colcon_core.verb:set package 'lotti_control' build argument 'catkin_skip_building_tests' from command line to 'False'
[0.785s] DEBUG:colcon.colcon_core.verb:Building package 'lotti_control' with the following arguments: {'ament_cmake_args': None, 'build_base': '/home/paul/resqbot_dev/control_ws/build/lotti_control', 'catkin_cmake_args': None, 'catkin_skip_building_tests': False, 'cmake_args': None, 'cmake_clean_cache': False, 'cmake_clean_first': False, 'cmake_force_configure': False, 'cmake_target': None, 'cmake_target_skip_unavailable': False, 'install_base': '/home/paul/resqbot_dev/control_ws/install/lotti_control', 'merge_install': False, 'path': '/home/paul/resqbot_dev/control_ws/src/lotti_control', 'symlink_install': True, 'test_result_base': None}
[0.785s] Level 5:colcon.colcon_core.verb:set package 'lotti_flipper_controller' build argument 'cmake_args' from command line to 'None'
[0.785s] Level 5:colcon.colcon_core.verb:set package 'lotti_flipper_controller' build argument 'cmake_target' from command line to 'None'
[0.785s] Level 5:colcon.colcon_core.verb:set package 'lotti_flipper_controller' build argument 'cmake_target_skip_unavailable' from command line to 'False'
[0.785s] Level 5:colcon.colcon_core.verb:set package 'lotti_flipper_controller' build argument 'cmake_clean_cache' from command line to 'False'
[0.785s] Level 5:colcon.colcon_core.verb:set package 'lotti_flipper_controller' build argument 'cmake_clean_first' from command line to 'False'
[0.785s] Level 5:colcon.colcon_core.verb:set package 'lotti_flipper_controller' build argument 'cmake_force_configure' from command line to 'False'
[0.785s] Level 5:colcon.colcon_core.verb:set package 'lotti_flipper_controller' build argument 'ament_cmake_args' from command line to 'None'
[0.785s] Level 5:colcon.colcon_core.verb:set package 'lotti_flipper_controller' build argument 'catkin_cmake_args' from command line to 'None'
[0.785s] Level 5:colcon.colcon_core.verb:set package 'lotti_flipper_controller' build argument 'catkin_skip_building_tests' from command line to 'False'
[0.786s] DEBUG:colcon.colcon_core.verb:Building package 'lotti_flipper_controller' with the following arguments: {'ament_cmake_args': None, 'build_base': '/home/paul/resqbot_dev/control_ws/build/lotti_flipper_controller', 'catkin_cmake_args': None, 'catkin_skip_building_tests': False, 'cmake_args': None, 'cmake_clean_cache': False, 'cmake_clean_first': False, 'cmake_force_configure': False, 'cmake_target': None, 'cmake_target_skip_unavailable': False, 'install_base': '/home/paul/resqbot_dev/control_ws/install/lotti_flipper_controller', 'merge_install': False, 'path': '/home/paul/resqbot_dev/control_ws/src/lotti_flipper_controller', 'symlink_install': True, 'test_result_base': None}
[0.786s] Level 5:colcon.colcon_core.verb:set package 'lotti_teleop' build argument 'cmake_args' from command line to 'None'
[0.786s] Level 5:colcon.colcon_core.verb:set package 'lotti_teleop' build argument 'cmake_target' from command line to 'None'
[0.786s] Level 5:colcon.colcon_core.verb:set package 'lotti_teleop' build argument 'cmake_target_skip_unavailable' from command line to 'False'
[0.786s] Level 5:colcon.colcon_core.verb:set package 'lotti_teleop' build argument 'cmake_clean_cache' from command line to 'False'
[0.786s] Level 5:colcon.colcon_core.verb:set package 'lotti_teleop' build argument 'cmake_clean_first' from command line to 'False'
[0.786s] Level 5:colcon.colcon_core.verb:set package 'lotti_teleop' build argument 'cmake_force_configure' from command line to 'False'
[0.786s] Level 5:colcon.colcon_core.verb:set package 'lotti_teleop' build argument 'ament_cmake_args' from command line to 'None'
[0.786s] Level 5:colcon.colcon_core.verb:set package 'lotti_teleop' build argument 'catkin_cmake_args' from command line to 'None'
[0.786s] Level 5:colcon.colcon_core.verb:set package 'lotti_teleop' build argument 'catkin_skip_building_tests' from command line to 'False'
[0.787s] DEBUG:colcon.colcon_core.verb:Building package 'lotti_teleop' with the following arguments: {'ament_cmake_args': None, 'build_base': '/home/paul/resqbot_dev/control_ws/build/lotti_teleop', 'catkin_cmake_args': None, 'catkin_skip_building_tests': False, 'cmake_args': None, 'cmake_clean_cache': False, 'cmake_clean_first': False, 'cmake_force_configure': False, 'cmake_target': None, 'cmake_target_skip_unavailable': False, 'install_base': '/home/paul/resqbot_dev/control_ws/install/lotti_teleop', 'merge_install': False, 'path': '/home/paul/resqbot_dev/control_ws/src/lotti_teleop', 'symlink_install': True, 'test_result_base': None}
[0.787s] Level 5:colcon.colcon_core.verb:set package 'lotti_moveit_config' build argument 'cmake_args' from command line to 'None'
[0.787s] Level 5:colcon.colcon_core.verb:set package 'lotti_moveit_config' build argument 'cmake_target' from command line to 'None'
[0.787s] Level 5:colcon.colcon_core.verb:set package 'lotti_moveit_config' build argument 'cmake_target_skip_unavailable' from command line to 'False'
[0.787s] Level 5:colcon.colcon_core.verb:set package 'lotti_moveit_config' build argument 'cmake_clean_cache' from command line to 'False'
[0.787s] Level 5:colcon.colcon_core.verb:set package 'lotti_moveit_config' build argument 'cmake_clean_first' from command line to 'False'
[0.787s] Level 5:colcon.colcon_core.verb:set package 'lotti_moveit_config' build argument 'cmake_force_configure' from command line to 'False'
[0.787s] Level 5:colcon.colcon_core.verb:set package 'lotti_moveit_config' build argument 'ament_cmake_args' from command line to 'None'
[0.787s] Level 5:colcon.colcon_core.verb:set package 'lotti_moveit_config' build argument 'catkin_cmake_args' from command line to 'None'
[0.787s] Level 5:colcon.colcon_core.verb:set package 'lotti_moveit_config' build argument 'catkin_skip_building_tests' from command line to 'False'
[0.787s] DEBUG:colcon.colcon_core.verb:Building package 'lotti_moveit_config' with the following arguments: {'ament_cmake_args': None, 'build_base': '/home/paul/resqbot_dev/control_ws/build/lotti_moveit_config', 'catkin_cmake_args': None, 'catkin_skip_building_tests': False, 'cmake_args': None, 'cmake_clean_cache': False, 'cmake_clean_first': False, 'cmake_force_configure': False, 'cmake_target': None, 'cmake_target_skip_unavailable': False, 'install_base': '/home/paul/resqbot_dev/control_ws/install/lotti_moveit_config', 'merge_install': False, 'path': '/home/paul/resqbot_dev/control_ws/src/lotti_moveit_config', 'symlink_install': True, 'test_result_base': None}
[0.788s] INFO:colcon.colcon_core.executor:Executing jobs using 'parallel' executor
[0.790s] DEBUG:colcon.colcon_parallel_executor.executor.parallel:run_until_complete
[0.790s] INFO:colcon.colcon_ros.task.ament_cmake.build:Building ROS package in '/home/paul/resqbot_dev/control_ws/src/lotti_control' with build type 'ament_cmake'
[0.791s] INFO:colcon.colcon_cmake.task.cmake.build:Building CMake package in '/home/paul/resqbot_dev/control_ws/src/lotti_control'
[0.795s] INFO:colcon.colcon_core.plugin_system:Skipping extension 'colcon_core.shell.bat': Not used on non-Windows systems
[0.795s] INFO:colcon.colcon_core.shell:Skip shell extension 'powershell' for command environment: Not usable outside of PowerShell
[0.795s] DEBUG:colcon.colcon_core.shell:Skip shell extension 'dsv' for command environment
[0.814s] INFO:colcon.colcon_ros.task.ament_python.build:Building ROS package in '/home/paul/resqbot_dev/control_ws/src/learning_tf2_py' with build type 'ament_python'
[0.815s] Level 1:colcon.colcon_core.shell:create_environment_hook('learning_tf2_py', 'ament_prefix_path')
[0.815s] INFO:colcon.colcon_core.shell:Creating environment hook '/home/paul/resqbot_dev/control_ws/install/learning_tf2_py/share/learning_tf2_py/hook/ament_prefix_path.ps1'
[0.817s] INFO:colcon.colcon_core.shell:Creating environment descriptor '/home/paul/resqbot_dev/control_ws/install/learning_tf2_py/share/learning_tf2_py/hook/ament_prefix_path.dsv'
[0.818s] INFO:colcon.colcon_core.shell:Creating environment hook '/home/paul/resqbot_dev/control_ws/install/learning_tf2_py/share/learning_tf2_py/hook/ament_prefix_path.sh'
[0.821s] INFO:colcon.colcon_core.shell:Skip shell extension 'powershell' for command environment: Not usable outside of PowerShell
[0.821s] DEBUG:colcon.colcon_core.shell:Skip shell extension 'dsv' for command environment
[0.840s] INFO:colcon.colcon_ros.task.ament_cmake.build:Building ROS package in '/home/paul/resqbot_dev/control_ws/src/lotti_flipper_controller' with build type 'ament_cmake'
[0.841s] INFO:colcon.colcon_cmake.task.cmake.build:Building CMake package in '/home/paul/resqbot_dev/control_ws/src/lotti_flipper_controller'
[0.841s] INFO:colcon.colcon_core.shell:Skip shell extension 'powershell' for command environment: Not usable outside of PowerShell
[0.842s] DEBUG:colcon.colcon_core.shell:Skip shell extension 'dsv' for command environment
[0.861s] INFO:colcon.colcon_ros.task.ament_python.build:Building ROS package in '/home/paul/resqbot_dev/control_ws/src/lotti_teleop' with build type 'ament_python'
[0.861s] Level 1:colcon.colcon_core.shell:create_environment_hook('lotti_teleop', 'ament_prefix_path')
[0.862s] INFO:colcon.colcon_core.shell:Creating environment hook '/home/paul/resqbot_dev/control_ws/install/lotti_teleop/share/lotti_teleop/hook/ament_prefix_path.ps1'
[0.863s] INFO:colcon.colcon_core.shell:Creating environment descriptor '/home/paul/resqbot_dev/control_ws/install/lotti_teleop/share/lotti_teleop/hook/ament_prefix_path.dsv'
[0.864s] INFO:colcon.colcon_core.shell:Creating environment hook '/home/paul/resqbot_dev/control_ws/install/lotti_teleop/share/lotti_teleop/hook/ament_prefix_path.sh'
[0.865s] INFO:colcon.colcon_core.shell:Skip shell extension 'powershell' for command environment: Not usable outside of PowerShell
[0.865s] DEBUG:colcon.colcon_core.shell:Skip shell extension 'dsv' for command environment
[0.893s] DEBUG:colcon.colcon_core.event_handler.log_command:Invoking command in '/home/paul/resqbot_dev/control_ws/build/lotti_control': CMAKE_PREFIX_PATH=${CMAKE_PREFIX_PATH}:/home/paul/resqbot_dev/control_ws/install/lotti_teleop:/home/paul/resqbot_dev/control_ws/install/learning_tf2_py:/home/paul/moveit2_ws/src/install/moveit_configs_utils:/home/paul/moveit2_ws/src/install/launch_param_builder:/opt/ros/humble /usr/bin/cmake --build /home/paul/resqbot_dev/control_ws/build/lotti_control -- -j8 -l8
[1.473s] INFO:colcon.colcon_core.task.python.build:Building Python package in '/home/paul/resqbot_dev/control_ws/src/learning_tf2_py'
[1.473s] INFO:colcon.colcon_core.shell:Skip shell extension 'powershell' for command environment: Not usable outside of PowerShell
[1.473s] DEBUG:colcon.colcon_core.shell:Skip shell extension 'dsv' for command environment
[1.499s] DEBUG:colcon.colcon_core.event_handler.log_command:Invoking command in '/home/paul/resqbot_dev/control_ws/build/lotti_flipper_controller': CMAKE_PREFIX_PATH=${CMAKE_PREFIX_PATH}:/home/paul/resqbot_dev/control_ws/install/lotti_teleop:/home/paul/resqbot_dev/control_ws/install/learning_tf2_py:/home/paul/moveit2_ws/src/install/moveit_configs_utils:/home/paul/moveit2_ws/src/install/launch_param_builder:/opt/ros/humble /usr/bin/cmake /home/paul/resqbot_dev/control_ws/src/lotti_flipper_controller -DAMENT_CMAKE_SYMLINK_INSTALL=1 -DCMAKE_INSTALL_PREFIX=/home/paul/resqbot_dev/control_ws/install/lotti_flipper_controller
[2.071s] INFO:colcon.colcon_core.task.python.build:Building Python package in '/home/paul/resqbot_dev/control_ws/src/lotti_teleop'
[2.072s] INFO:colcon.colcon_core.shell:Skip shell extension 'powershell' for command environment: Not usable outside of PowerShell
[2.072s] DEBUG:colcon.colcon_core.shell:Skip shell extension 'dsv' for command environment
[2.094s] DEBUG:colcon.colcon_core.event_handler.log_command:Invoked command in '/home/paul/resqbot_dev/control_ws/build/lotti_control' returned '0': CMAKE_PREFIX_PATH=${CMAKE_PREFIX_PATH}:/home/paul/resqbot_dev/control_ws/install/lotti_teleop:/home/paul/resqbot_dev/control_ws/install/learning_tf2_py:/home/paul/moveit2_ws/src/install/moveit_configs_utils:/home/paul/moveit2_ws/src/install/launch_param_builder:/opt/ros/humble /usr/bin/cmake --build /home/paul/resqbot_dev/control_ws/build/lotti_control -- -j8 -l8
[2.128s] DEBUG:colcon.colcon_core.event_handler.log_command:Invoking command in '/home/paul/resqbot_dev/control_ws/build/lotti_control': CMAKE_PREFIX_PATH=${CMAKE_PREFIX_PATH}:/home/paul/resqbot_dev/control_ws/install/lotti_teleop:/home/paul/resqbot_dev/control_ws/install/learning_tf2_py:/home/paul/moveit2_ws/src/install/moveit_configs_utils:/home/paul/moveit2_ws/src/install/launch_param_builder:/opt/ros/humble /usr/bin/cmake --install /home/paul/resqbot_dev/control_ws/build/lotti_control
[2.228s] Level 1:colcon.colcon_core.environment:create_environment_scripts_only(lotti_control)
[2.230s] DEBUG:colcon.colcon_core.event_handler.log_command:Invoked command in '/home/paul/resqbot_dev/control_ws/build/lotti_control' returned '0': CMAKE_PREFIX_PATH=${CMAKE_PREFIX_PATH}:/home/paul/resqbot_dev/control_ws/install/lotti_teleop:/home/paul/resqbot_dev/control_ws/install/learning_tf2_py:/home/paul/moveit2_ws/src/install/moveit_configs_utils:/home/paul/moveit2_ws/src/install/launch_param_builder:/opt/ros/humble /usr/bin/cmake --install /home/paul/resqbot_dev/control_ws/build/lotti_control
[2.238s] Level 1:colcon.colcon_core.environment:checking '/home/paul/resqbot_dev/control_ws/install/lotti_control' for CMake module files
[2.240s] Level 1:colcon.colcon_core.environment:checking '/home/paul/resqbot_dev/control_ws/install/lotti_control' for CMake config files
[2.243s] Level 1:colcon.colcon_core.shell:create_environment_hook('lotti_control', 'cmake_prefix_path')
[2.244s] INFO:colcon.colcon_core.shell:Creating environment hook '/home/paul/resqbot_dev/control_ws/install/lotti_control/share/lotti_control/hook/cmake_prefix_path.ps1'
[2.246s] INFO:colcon.colcon_core.shell:Creating environment descriptor '/home/paul/resqbot_dev/control_ws/install/lotti_control/share/lotti_control/hook/cmake_prefix_path.dsv'
[2.248s] INFO:colcon.colcon_core.shell:Creating environment hook '/home/paul/resqbot_dev/control_ws/install/lotti_control/share/lotti_control/hook/cmake_prefix_path.sh'
[2.250s] Level 1:colcon.colcon_core.environment:checking '/home/paul/resqbot_dev/control_ws/install/lotti_control/lib'
[2.250s] Level 1:colcon.colcon_core.shell:create_environment_hook('lotti_control', 'ld_library_path_lib')
[2.251s] INFO:colcon.colcon_core.shell:Creating environment hook '/home/paul/resqbot_dev/control_ws/install/lotti_control/share/lotti_control/hook/ld_library_path_lib.ps1'
[2.253s] INFO:colcon.colcon_core.shell:Creating environment descriptor '/home/paul/resqbot_dev/control_ws/install/lotti_control/share/lotti_control/hook/ld_library_path_lib.dsv'
[2.254s] INFO:colcon.colcon_core.shell:Creating environment hook '/home/paul/resqbot_dev/control_ws/install/lotti_control/share/lotti_control/hook/ld_library_path_lib.sh'
[2.255s] Level 1:colcon.colcon_core.environment:checking '/home/paul/resqbot_dev/control_ws/install/lotti_control/bin'
[2.255s] Level 1:colcon.colcon_core.environment:checking '/home/paul/resqbot_dev/control_ws/install/lotti_control/lib/pkgconfig/lotti_control.pc'
[2.256s] Level 1:colcon.colcon_core.environment:checking '/home/paul/resqbot_dev/control_ws/install/lotti_control/lib/python3.10/site-packages'
[2.256s] Level 1:colcon.colcon_core.environment:checking '/home/paul/resqbot_dev/control_ws/install/lotti_control/bin'
[2.257s] INFO:colcon.colcon_core.shell:Creating package script '/home/paul/resqbot_dev/control_ws/install/lotti_control/share/lotti_control/package.ps1'
[2.261s] INFO:colcon.colcon_core.shell:Creating package descriptor '/home/paul/resqbot_dev/control_ws/install/lotti_control/share/lotti_control/package.dsv'
[2.263s] INFO:colcon.colcon_core.shell:Creating package script '/home/paul/resqbot_dev/control_ws/install/lotti_control/share/lotti_control/package.sh'
[2.265s] INFO:colcon.colcon_core.shell:Creating package script '/home/paul/resqbot_dev/control_ws/install/lotti_control/share/lotti_control/package.bash'
[2.268s] INFO:colcon.colcon_core.shell:Creating package script '/home/paul/resqbot_dev/control_ws/install/lotti_control/share/lotti_control/package.zsh'
[2.270s] Level 1:colcon.colcon_core.environment:create_file_with_runtime_dependencies(/home/paul/resqbot_dev/control_ws/install/lotti_control/share/colcon-core/packages/lotti_control)
[2.272s] Level 1:colcon.colcon_core.environment:create_environment_scripts_only(lotti_control)
[2.273s] Level 1:colcon.colcon_core.environment:checking '/home/paul/resqbot_dev/control_ws/install/lotti_control' for CMake module files
[2.275s] Level 1:colcon.colcon_core.environment:checking '/home/paul/resqbot_dev/control_ws/install/lotti_control' for CMake config files
[2.277s] Level 1:colcon.colcon_core.shell:create_environment_hook('lotti_control', 'cmake_prefix_path')
[2.278s] INFO:colcon.colcon_core.shell:Creating environment hook '/home/paul/resqbot_dev/control_ws/install/lotti_control/share/lotti_control/hook/cmake_prefix_path.ps1'
[2.280s] INFO:colcon.colcon_core.shell:Creating environment descriptor '/home/paul/resqbot_dev/control_ws/install/lotti_control/share/lotti_control/hook/cmake_prefix_path.dsv'
[2.281s] INFO:colcon.colcon_core.shell:Creating environment hook '/home/paul/resqbot_dev/control_ws/install/lotti_control/share/lotti_control/hook/cmake_prefix_path.sh'
[2.283s] Level 1:colcon.colcon_core.environment:checking '/home/paul/resqbot_dev/control_ws/install/lotti_control/lib'
[2.284s] Level 1:colcon.colcon_core.shell:create_environment_hook('lotti_control', 'ld_library_path_lib')
[2.284s] INFO:colcon.colcon_core.shell:Creating environment hook '/home/paul/resqbot_dev/control_ws/install/lotti_control/share/lotti_control/hook/ld_library_path_lib.ps1'
[2.286s] INFO:colcon.colcon_core.shell:Creating environment descriptor '/home/paul/resqbot_dev/control_ws/install/lotti_control/share/lotti_control/hook/ld_library_path_lib.dsv'
[2.287s] INFO:colcon.colcon_core.shell:Creating environment hook '/home/paul/resqbot_dev/control_ws/install/lotti_control/share/lotti_control/hook/ld_library_path_lib.sh'
[2.289s] Level 1:colcon.colcon_core.environment:checking '/home/paul/resqbot_dev/control_ws/install/lotti_control/bin'
[2.289s] Level 1:colcon.colcon_core.environment:checking '/home/paul/resqbot_dev/control_ws/install/lotti_control/lib/pkgconfig/lotti_control.pc'
[2.290s] Level 1:colcon.colcon_core.environment:checking '/home/paul/resqbot_dev/control_ws/install/lotti_control/lib/python3.10/site-packages'
[2.290s] Level 1:colcon.colcon_core.environment:checking '/home/paul/resqbot_dev/control_ws/install/lotti_control/bin'
[2.291s] INFO:colcon.colcon_core.shell:Creating package script '/home/paul/resqbot_dev/control_ws/install/lotti_control/share/lotti_control/package.ps1'
[2.293s] INFO:colcon.colcon_core.shell:Creating package descriptor '/home/paul/resqbot_dev/control_ws/install/lotti_control/share/lotti_control/package.dsv'
[2.295s] INFO:colcon.colcon_core.shell:Creating package script '/home/paul/resqbot_dev/control_ws/install/lotti_control/share/lotti_control/package.sh'
[2.296s] INFO:colcon.colcon_core.shell:Creating package script '/home/paul/resqbot_dev/control_ws/install/lotti_control/share/lotti_control/package.bash'
[2.298s] INFO:colcon.colcon_core.shell:Creating package script '/home/paul/resqbot_dev/control_ws/install/lotti_control/share/lotti_control/package.zsh'
[2.300s] Level 1:colcon.colcon_core.environment:create_file_with_runtime_dependencies(/home/paul/resqbot_dev/control_ws/install/lotti_control/share/colcon-core/packages/lotti_control)
[2.301s] INFO:colcon.colcon_ros.task.ament_cmake.build:Building ROS package in '/home/paul/resqbot_dev/control_ws/src/lotti_moveit_config' with build type 'ament_cmake'
[2.302s] INFO:colcon.colcon_cmake.task.cmake.build:Building CMake package in '/home/paul/resqbot_dev/control_ws/src/lotti_moveit_config'
[2.303s] INFO:colcon.colcon_core.shell:Skip shell extension 'powershell' for command environment: Not usable outside of PowerShell
[2.303s] DEBUG:colcon.colcon_core.shell:Skip shell extension 'dsv' for command environment
[2.370s] DEBUG:colcon.colcon_core.event_handler.log_command:Invoking command in '/home/paul/resqbot_dev/control_ws/build/lotti_moveit_config': CMAKE_PREFIX_PATH=/home/paul/resqbot_dev/control_ws/install/lotti_control:/home/paul/resqbot_dev/control_ws/install/lotti_moveit_config:/home/paul/resqbot_dev/control_ws/install/lotti_flipper_controller:/home/paul/moveit2_ws/install/moveit_servo:/home/paul/moveit2_ws/src/install/pilz_industrial_motion_planner_testutils:/home/paul/moveit2_ws/src/install/moveit_runtime:/home/paul/moveit2_ws/src/install/moveit2_tutorials:/home/paul/moveit2_ws/src/install/moveit:/home/paul/moveit2_ws/src/install/moveit_planners:/home/paul/moveit2_ws/src/install/pilz_industrial_motion_planner:/home/paul/moveit2_ws/src/install/moveit_visual_tools:/home/paul/moveit2_ws/src/install/moveit_task_constructor_visualization:/home/paul/moveit2_ws/src/install/moveit_task_constructor_demo:/home/paul/moveit2_ws/src/install/moveit_task_constructor_capabilities:/home/paul/moveit2_ws/src/install/moveit_task_constructor_core:/home/paul/moveit2_ws/src/install/moveit_ros_control_interface:/home/paul/moveit2_ws/src/install/moveit_plugins:/home/paul/moveit2_ws/src/install/moveit_simple_controller_manager:/home/paul/moveit2_ws/src/install/moveit_setup_assistant:/home/paul/moveit2_ws/src/install/moveit_setup_srdf_plugins:/home/paul/moveit2_ws/src/install/moveit_setup_core_plugins:/home/paul/moveit2_ws/src/install/moveit_setup_controllers:/home/paul/moveit2_ws/src/install/moveit_setup_app_plugins:/home/paul/moveit2_ws/src/install/moveit_setup_framework:/home/paul/moveit2_ws/src/install/moveit_servo:/home/paul/moveit2_ws/src/install/moveit_ros:/home/paul/moveit2_ws/src/install/moveit_ros_visualization:/home/paul/moveit2_ws/src/install/moveit_hybrid_planning:/home/paul/moveit2_ws/src/install/moveit_ros_planning_interface:/home/paul/moveit2_ws/src/install/moveit_ros_benchmarks:/home/paul/moveit2_ws/src/install/moveit_ros_warehouse:/home/paul/moveit2_ws/src/install/moveit_ros_robot_interaction:/home/paul/moveit2_ws/src/install/moveit_ros_perception:/home/paul/moveit2_ws/src/install/moveit_resources_prbt_pg70_support:/home/paul/moveit2_ws/src/install/moveit_resources_prbt_moveit_config:/home/paul/moveit2_ws/src/install/moveit_ros_move_group:/home/paul/moveit2_ws/src/install/moveit_planners_ompl:/home/paul/moveit2_ws/src/install/moveit_ros_planning:/home/paul/moveit2_ws/src/install/moveit_ros_occupancy_map_monitor:/home/paul/moveit2_ws/src/install/moveit_resources_prbt_ikfast_manipulator_plugin:/home/paul/moveit2_ws/src/install/moveit_planners_chomp:/home/paul/moveit2_ws/src/install/moveit_kinematics:/home/paul/moveit2_ws/src/install/moveit_chomp_optimizer_adapter:/home/paul/moveit2_ws/src/install/chomp_motion_planner:/home/paul/moveit2_ws/src/install/moveit_core:/home/paul/moveit2_ws/src/install/srdfdom:/home/paul/moveit2_ws/src/install/rviz_marker_tools:/home/paul/moveit2_ws/src/install/rosparam_shortcuts:/home/paul/moveit2_ws/src/install/moveit_task_constructor_msgs:/home/paul/moveit2_ws/src/install/moveit_resources_prbt_support:/home/paul/moveit2_ws/src/install/moveit_resources:/home/paul/moveit2_ws/src/install/moveit_resources_pr2_description:/home/paul/moveit2_ws/src/install/moveit_resources_panda_moveit_config:/home/paul/moveit2_ws/src/install/moveit_resources_panda_description:/home/paul/moveit2_ws/src/install/moveit_resources_fanuc_moveit_config:/home/paul/moveit2_ws/src/install/moveit_resources_fanuc_description:/home/paul/moveit2_ws/src/install/moveit_common:/home/paul/ros2_ws/install/ros2_control_demos:/home/paul/ros2_ws/install/ros2_control_demo_example_9:/home/paul/ros2_ws/install/ros2_control_demo_example_8:/home/paul/ros2_ws/install/ros2_control_demo_example_7:/home/paul/ros2_ws/install/ros2_control_demo_example_6:/home/paul/ros2_ws/install/ros2_control_demo_example_15:/home/paul/ros2_ws/install/ros2_control_demo_example_13:/home/paul/ros2_ws/install/ros2_control_demo_example_5:/home/paul/ros2_ws/install/ros2_control_demo_example_4:/home/paul/ros2_ws/install/ros2_control_demo_example_3:/home/paul/ros2_ws/install/ros2_control_demo_example_2:/home/paul/ros2_ws/install/ros2_control_demo_example_14:/home/paul/ros2_ws/install/ros2_control_demo_example_12:/home/paul/ros2_ws/install/ros2_control_demo_example_11:/home/paul/ros2_ws/install/ros2_control_demo_example_10:/home/paul/ros2_ws/install/ros2_control_demo_example_1:/home/paul/ros2_ws/install/ros2_control_demo_description:/home/paul/ws_livox/install/livox_ros_driver2:/home/paul/resqbot_dev/control_ws/install/lotti_teleop:/home/paul/resqbot_dev/control_ws/install/learning_tf2_py:/home/paul/moveit2_ws/src/install/moveit_configs_utils:/home/paul/moveit2_ws/src/install/launch_param_builder:/opt/ros/humble LD_LIBRARY_PATH=/home/paul/resqbot_dev/control_ws/install/lotti_control/lib:/home/paul/resqbot_dev/control_ws/install/lotti_flipper_controller/lib:/home/paul/moveit2_ws/install/moveit_servo/lib:/home/paul/moveit2_ws/src/install/pilz_industrial_motion_planner_testutils/lib:/home/paul/moveit2_ws/src/install/pilz_industrial_motion_planner/lib:/home/paul/moveit2_ws/src/install/moveit_visual_tools/lib:/home/paul/moveit2_ws/src/install/moveit_task_constructor_visualization/lib:/home/paul/moveit2_ws/src/install/moveit_task_constructor_demo/lib:/home/paul/moveit2_ws/src/install/moveit_task_constructor_capabilities/lib:/home/paul/moveit2_ws/src/install/moveit_task_constructor_core/lib:/home/paul/moveit2_ws/src/install/moveit_ros_control_interface/lib:/home/paul/moveit2_ws/src/install/moveit_simple_controller_manager/lib:/home/paul/moveit2_ws/src/install/moveit_setup_assistant/lib:/home/paul/moveit2_ws/src/install/moveit_setup_srdf_plugins/lib:/home/paul/moveit2_ws/src/install/moveit_setup_core_plugins/lib:/home/paul/moveit2_ws/src/install/moveit_setup_controllers/lib:/home/paul/moveit2_ws/src/install/moveit_setup_app_plugins/lib:/home/paul/moveit2_ws/src/install/moveit_setup_framework/lib:/home/paul/moveit2_ws/src/install/moveit_servo/lib:/home/paul/moveit2_ws/src/install/moveit_ros_visualization/lib:/home/paul/moveit2_ws/src/install/moveit_hybrid_planning/lib:/home/paul/moveit2_ws/src/install/moveit_ros_planning_interface/lib:/home/paul/moveit2_ws/src/install/moveit_ros_benchmarks/lib:/home/paul/moveit2_ws/src/install/moveit_ros_warehouse/lib:/home/paul/moveit2_ws/src/install/moveit_ros_robot_interaction/lib:/home/paul/moveit2_ws/src/install/moveit_ros_perception/lib:/home/paul/moveit2_ws/src/install/moveit_ros_move_group/lib:/home/paul/moveit2_ws/src/install/moveit_planners_ompl/lib:/home/paul/moveit2_ws/src/install/moveit_ros_planning/lib:/home/paul/moveit2_ws/src/install/moveit_ros_occupancy_map_monitor/lib:/home/paul/moveit2_ws/src/install/moveit_resources_prbt_ikfast_manipulator_plugin/lib:/home/paul/moveit2_ws/src/install/moveit_planners_chomp/lib:/home/paul/moveit2_ws/src/install/moveit_kinematics/lib:/home/paul/moveit2_ws/src/install/moveit_chomp_optimizer_adapter/lib:/home/paul/moveit2_ws/src/install/chomp_motion_planner/lib:/home/paul/moveit2_ws/src/install/moveit_core/lib:/home/paul/moveit2_ws/src/install/srdfdom/lib:/home/paul/moveit2_ws/src/install/rviz_marker_tools/lib:/home/paul/moveit2_ws/src/install/rosparam_shortcuts/lib:/home/paul/moveit2_ws/src/install/moveit_task_constructor_msgs/lib:/home/paul/ros2_ws/install/ros2_control_demo_example_9/lib:/home/paul/ros2_ws/install/ros2_control_demo_example_8/lib:/home/paul/ros2_ws/install/ros2_control_demo_example_7/lib:/home/paul/ros2_ws/install/ros2_control_demo_example_6/lib:/home/paul/ros2_ws/install/ros2_control_demo_example_5/lib:/home/paul/ros2_ws/install/ros2_control_demo_example_4/lib:/home/paul/ros2_ws/install/ros2_control_demo_example_3/lib:/home/paul/ros2_ws/install/ros2_control_demo_example_2/lib:/home/paul/ros2_ws/install/ros2_control_demo_example_14/lib:/home/paul/ros2_ws/install/ros2_control_demo_example_12/lib:/home/paul/ros2_ws/install/ros2_control_demo_example_11/lib:/home/paul/ros2_ws/install/ros2_control_demo_example_10/lib:/home/paul/ros2_ws/install/ros2_control_demo_example_1/lib:/home/paul/ws_livox/install/livox_ros_driver2/lib:/usr/lib/x86_64-linux-gnu/gazebo-11/plugins:/opt/ros/humble/opt/rviz_ogre_vendor/lib:/opt/ros/humble/lib/x86_64-linux-gnu:/opt/ros/humble/lib /usr/bin/cmake --build /home/paul/resqbot_dev/control_ws/build/lotti_moveit_config -- -j8 -l8
[2.526s] DEBUG:colcon.colcon_core.event_handler.log_command:Invoked command in '/home/paul/resqbot_dev/control_ws/build/lotti_moveit_config' returned '0': CMAKE_PREFIX_PATH=/home/paul/resqbot_dev/control_ws/install/lotti_control:/home/paul/resqbot_dev/control_ws/install/lotti_moveit_config:/home/paul/resqbot_dev/control_ws/install/lotti_flipper_controller:/home/paul/moveit2_ws/install/moveit_servo:/home/paul/moveit2_ws/src/install/pilz_industrial_motion_planner_testutils:/home/paul/moveit2_ws/src/install/moveit_runtime:/home/paul/moveit2_ws/src/install/moveit2_tutorials:/home/paul/moveit2_ws/src/install/moveit:/home/paul/moveit2_ws/src/install/moveit_planners:/home/paul/moveit2_ws/src/install/pilz_industrial_motion_planner:/home/paul/moveit2_ws/src/install/moveit_visual_tools:/home/paul/moveit2_ws/src/install/moveit_task_constructor_visualization:/home/paul/moveit2_ws/src/install/moveit_task_constructor_demo:/home/paul/moveit2_ws/src/install/moveit_task_constructor_capabilities:/home/paul/moveit2_ws/src/install/moveit_task_constructor_core:/home/paul/moveit2_ws/src/install/moveit_ros_control_interface:/home/paul/moveit2_ws/src/install/moveit_plugins:/home/paul/moveit2_ws/src/install/moveit_simple_controller_manager:/home/paul/moveit2_ws/src/install/moveit_setup_assistant:/home/paul/moveit2_ws/src/install/moveit_setup_srdf_plugins:/home/paul/moveit2_ws/src/install/moveit_setup_core_plugins:/home/paul/moveit2_ws/src/install/moveit_setup_controllers:/home/paul/moveit2_ws/src/install/moveit_setup_app_plugins:/home/paul/moveit2_ws/src/install/moveit_setup_framework:/home/paul/moveit2_ws/src/install/moveit_servo:/home/paul/moveit2_ws/src/install/moveit_ros:/home/paul/moveit2_ws/src/install/moveit_ros_visualization:/home/paul/moveit2_ws/src/install/moveit_hybrid_planning:/home/paul/moveit2_ws/src/install/moveit_ros_planning_interface:/home/paul/moveit2_ws/src/install/moveit_ros_benchmarks:/home/paul/moveit2_ws/src/install/moveit_ros_warehouse:/home/paul/moveit2_ws/src/install/moveit_ros_robot_interaction:/home/paul/moveit2_ws/src/install/moveit_ros_perception:/home/paul/moveit2_ws/src/install/moveit_resources_prbt_pg70_support:/home/paul/moveit2_ws/src/install/moveit_resources_prbt_moveit_config:/home/paul/moveit2_ws/src/install/moveit_ros_move_group:/home/paul/moveit2_ws/src/install/moveit_planners_ompl:/home/paul/moveit2_ws/src/install/moveit_ros_planning:/home/paul/moveit2_ws/src/install/moveit_ros_occupancy_map_monitor:/home/paul/moveit2_ws/src/install/moveit_resources_prbt_ikfast_manipulator_plugin:/home/paul/moveit2_ws/src/install/moveit_planners_chomp:/home/paul/moveit2_ws/src/install/moveit_kinematics:/home/paul/moveit2_ws/src/install/moveit_chomp_optimizer_adapter:/home/paul/moveit2_ws/src/install/chomp_motion_planner:/home/paul/moveit2_ws/src/install/moveit_core:/home/paul/moveit2_ws/src/install/srdfdom:/home/paul/moveit2_ws/src/install/rviz_marker_tools:/home/paul/moveit2_ws/src/install/rosparam_shortcuts:/home/paul/moveit2_ws/src/install/moveit_task_constructor_msgs:/home/paul/moveit2_ws/src/install/moveit_resources_prbt_support:/home/paul/moveit2_ws/src/install/moveit_resources:/home/paul/moveit2_ws/src/install/moveit_resources_pr2_description:/home/paul/moveit2_ws/src/install/moveit_resources_panda_moveit_config:/home/paul/moveit2_ws/src/install/moveit_resources_panda_description:/home/paul/moveit2_ws/src/install/moveit_resources_fanuc_moveit_config:/home/paul/moveit2_ws/src/install/moveit_resources_fanuc_description:/home/paul/moveit2_ws/src/install/moveit_common:/home/paul/ros2_ws/install/ros2_control_demos:/home/paul/ros2_ws/install/ros2_control_demo_example_9:/home/paul/ros2_ws/install/ros2_control_demo_example_8:/home/paul/ros2_ws/install/ros2_control_demo_example_7:/home/paul/ros2_ws/install/ros2_control_demo_example_6:/home/paul/ros2_ws/install/ros2_control_demo_example_15:/home/paul/ros2_ws/install/ros2_control_demo_example_13:/home/paul/ros2_ws/install/ros2_control_demo_example_5:/home/paul/ros2_ws/install/ros2_control_demo_example_4:/home/paul/ros2_ws/install/ros2_control_demo_example_3:/home/paul/ros2_ws/install/ros2_control_demo_example_2:/home/paul/ros2_ws/install/ros2_control_demo_example_14:/home/paul/ros2_ws/install/ros2_control_demo_example_12:/home/paul/ros2_ws/install/ros2_control_demo_example_11:/home/paul/ros2_ws/install/ros2_control_demo_example_10:/home/paul/ros2_ws/install/ros2_control_demo_example_1:/home/paul/ros2_ws/install/ros2_control_demo_description:/home/paul/ws_livox/install/livox_ros_driver2:/home/paul/resqbot_dev/control_ws/install/lotti_teleop:/home/paul/resqbot_dev/control_ws/install/learning_tf2_py:/home/paul/moveit2_ws/src/install/moveit_configs_utils:/home/paul/moveit2_ws/src/install/launch_param_builder:/opt/ros/humble LD_LIBRARY_PATH=/home/paul/resqbot_dev/control_ws/install/lotti_control/lib:/home/paul/resqbot_dev/control_ws/install/lotti_flipper_controller/lib:/home/paul/moveit2_ws/install/moveit_servo/lib:/home/paul/moveit2_ws/src/install/pilz_industrial_motion_planner_testutils/lib:/home/paul/moveit2_ws/src/install/pilz_industrial_motion_planner/lib:/home/paul/moveit2_ws/src/install/moveit_visual_tools/lib:/home/paul/moveit2_ws/src/install/moveit_task_constructor_visualization/lib:/home/paul/moveit2_ws/src/install/moveit_task_constructor_demo/lib:/home/paul/moveit2_ws/src/install/moveit_task_constructor_capabilities/lib:/home/paul/moveit2_ws/src/install/moveit_task_constructor_core/lib:/home/paul/moveit2_ws/src/install/moveit_ros_control_interface/lib:/home/paul/moveit2_ws/src/install/moveit_simple_controller_manager/lib:/home/paul/moveit2_ws/src/install/moveit_setup_assistant/lib:/home/paul/moveit2_ws/src/install/moveit_setup_srdf_plugins/lib:/home/paul/moveit2_ws/src/install/moveit_setup_core_plugins/lib:/home/paul/moveit2_ws/src/install/moveit_setup_controllers/lib:/home/paul/moveit2_ws/src/install/moveit_setup_app_plugins/lib:/home/paul/moveit2_ws/src/install/moveit_setup_framework/lib:/home/paul/moveit2_ws/src/install/moveit_servo/lib:/home/paul/moveit2_ws/src/install/moveit_ros_visualization/lib:/home/paul/moveit2_ws/src/install/moveit_hybrid_planning/lib:/home/paul/moveit2_ws/src/install/moveit_ros_planning_interface/lib:/home/paul/moveit2_ws/src/install/moveit_ros_benchmarks/lib:/home/paul/moveit2_ws/src/install/moveit_ros_warehouse/lib:/home/paul/moveit2_ws/src/install/moveit_ros_robot_interaction/lib:/home/paul/moveit2_ws/src/install/moveit_ros_perception/lib:/home/paul/moveit2_ws/src/install/moveit_ros_move_group/lib:/home/paul/moveit2_ws/src/install/moveit_planners_ompl/lib:/home/paul/moveit2_ws/src/install/moveit_ros_planning/lib:/home/paul/moveit2_ws/src/install/moveit_ros_occupancy_map_monitor/lib:/home/paul/moveit2_ws/src/install/moveit_resources_prbt_ikfast_manipulator_plugin/lib:/home/paul/moveit2_ws/src/install/moveit_planners_chomp/lib:/home/paul/moveit2_ws/src/install/moveit_kinematics/lib:/home/paul/moveit2_ws/src/install/moveit_chomp_optimizer_adapter/lib:/home/paul/moveit2_ws/src/install/chomp_motion_planner/lib:/home/paul/moveit2_ws/src/install/moveit_core/lib:/home/paul/moveit2_ws/src/install/srdfdom/lib:/home/paul/moveit2_ws/src/install/rviz_marker_tools/lib:/home/paul/moveit2_ws/src/install/rosparam_shortcuts/lib:/home/paul/moveit2_ws/src/install/moveit_task_constructor_msgs/lib:/home/paul/ros2_ws/install/ros2_control_demo_example_9/lib:/home/paul/ros2_ws/install/ros2_control_demo_example_8/lib:/home/paul/ros2_ws/install/ros2_control_demo_example_7/lib:/home/paul/ros2_ws/install/ros2_control_demo_example_6/lib:/home/paul/ros2_ws/install/ros2_control_demo_example_5/lib:/home/paul/ros2_ws/install/ros2_control_demo_example_4/lib:/home/paul/ros2_ws/install/ros2_control_demo_example_3/lib:/home/paul/ros2_ws/install/ros2_control_demo_example_2/lib:/home/paul/ros2_ws/install/ros2_control_demo_example_14/lib:/home/paul/ros2_ws/install/ros2_control_demo_example_12/lib:/home/paul/ros2_ws/install/ros2_control_demo_example_11/lib:/home/paul/ros2_ws/install/ros2_control_demo_example_10/lib:/home/paul/ros2_ws/install/ros2_control_demo_example_1/lib:/home/paul/ws_livox/install/livox_ros_driver2/lib:/usr/lib/x86_64-linux-gnu/gazebo-11/plugins:/opt/ros/humble/opt/rviz_ogre_vendor/lib:/opt/ros/humble/lib/x86_64-linux-gnu:/opt/ros/humble/lib /usr/bin/cmake --build /home/paul/resqbot_dev/control_ws/build/lotti_moveit_config -- -j8 -l8
[2.532s] DEBUG:colcon.colcon_core.event_handler.log_command:Invoking command in '/home/paul/resqbot_dev/control_ws/build/lotti_moveit_config': CMAKE_PREFIX_PATH=/home/paul/resqbot_dev/control_ws/install/lotti_control:/home/paul/resqbot_dev/control_ws/install/lotti_moveit_config:/home/paul/resqbot_dev/control_ws/install/lotti_flipper_controller:/home/paul/moveit2_ws/install/moveit_servo:/home/paul/moveit2_ws/src/install/pilz_industrial_motion_planner_testutils:/home/paul/moveit2_ws/src/install/moveit_runtime:/home/paul/moveit2_ws/src/install/moveit2_tutorials:/home/paul/moveit2_ws/src/install/moveit:/home/paul/moveit2_ws/src/install/moveit_planners:/home/paul/moveit2_ws/src/install/pilz_industrial_motion_planner:/home/paul/moveit2_ws/src/install/moveit_visual_tools:/home/paul/moveit2_ws/src/install/moveit_task_constructor_visualization:/home/paul/moveit2_ws/src/install/moveit_task_constructor_demo:/home/paul/moveit2_ws/src/install/moveit_task_constructor_capabilities:/home/paul/moveit2_ws/src/install/moveit_task_constructor_core:/home/paul/moveit2_ws/src/install/moveit_ros_control_interface:/home/paul/moveit2_ws/src/install/moveit_plugins:/home/paul/moveit2_ws/src/install/moveit_simple_controller_manager:/home/paul/moveit2_ws/src/install/moveit_setup_assistant:/home/paul/moveit2_ws/src/install/moveit_setup_srdf_plugins:/home/paul/moveit2_ws/src/install/moveit_setup_core_plugins:/home/paul/moveit2_ws/src/install/moveit_setup_controllers:/home/paul/moveit2_ws/src/install/moveit_setup_app_plugins:/home/paul/moveit2_ws/src/install/moveit_setup_framework:/home/paul/moveit2_ws/src/install/moveit_servo:/home/paul/moveit2_ws/src/install/moveit_ros:/home/paul/moveit2_ws/src/install/moveit_ros_visualization:/home/paul/moveit2_ws/src/install/moveit_hybrid_planning:/home/paul/moveit2_ws/src/install/moveit_ros_planning_interface:/home/paul/moveit2_ws/src/install/moveit_ros_benchmarks:/home/paul/moveit2_ws/src/install/moveit_ros_warehouse:/home/paul/moveit2_ws/src/install/moveit_ros_robot_interaction:/home/paul/moveit2_ws/src/install/moveit_ros_perception:/home/paul/moveit2_ws/src/install/moveit_resources_prbt_pg70_support:/home/paul/moveit2_ws/src/install/moveit_resources_prbt_moveit_config:/home/paul/moveit2_ws/src/install/moveit_ros_move_group:/home/paul/moveit2_ws/src/install/moveit_planners_ompl:/home/paul/moveit2_ws/src/install/moveit_ros_planning:/home/paul/moveit2_ws/src/install/moveit_ros_occupancy_map_monitor:/home/paul/moveit2_ws/src/install/moveit_resources_prbt_ikfast_manipulator_plugin:/home/paul/moveit2_ws/src/install/moveit_planners_chomp:/home/paul/moveit2_ws/src/install/moveit_kinematics:/home/paul/moveit2_ws/src/install/moveit_chomp_optimizer_adapter:/home/paul/moveit2_ws/src/install/chomp_motion_planner:/home/paul/moveit2_ws/src/install/moveit_core:/home/paul/moveit2_ws/src/install/srdfdom:/home/paul/moveit2_ws/src/install/rviz_marker_tools:/home/paul/moveit2_ws/src/install/rosparam_shortcuts:/home/paul/moveit2_ws/src/install/moveit_task_constructor_msgs:/home/paul/moveit2_ws/src/install/moveit_resources_prbt_support:/home/paul/moveit2_ws/src/install/moveit_resources:/home/paul/moveit2_ws/src/install/moveit_resources_pr2_description:/home/paul/moveit2_ws/src/install/moveit_resources_panda_moveit_config:/home/paul/moveit2_ws/src/install/moveit_resources_panda_description:/home/paul/moveit2_ws/src/install/moveit_resources_fanuc_moveit_config:/home/paul/moveit2_ws/src/install/moveit_resources_fanuc_description:/home/paul/moveit2_ws/src/install/moveit_common:/home/paul/ros2_ws/install/ros2_control_demos:/home/paul/ros2_ws/install/ros2_control_demo_example_9:/home/paul/ros2_ws/install/ros2_control_demo_example_8:/home/paul/ros2_ws/install/ros2_control_demo_example_7:/home/paul/ros2_ws/install/ros2_control_demo_example_6:/home/paul/ros2_ws/install/ros2_control_demo_example_15:/home/paul/ros2_ws/install/ros2_control_demo_example_13:/home/paul/ros2_ws/install/ros2_control_demo_example_5:/home/paul/ros2_ws/install/ros2_control_demo_example_4:/home/paul/ros2_ws/install/ros2_control_demo_example_3:/home/paul/ros2_ws/install/ros2_control_demo_example_2:/home/paul/ros2_ws/install/ros2_control_demo_example_14:/home/paul/ros2_ws/install/ros2_control_demo_example_12:/home/paul/ros2_ws/install/ros2_control_demo_example_11:/home/paul/ros2_ws/install/ros2_control_demo_example_10:/home/paul/ros2_ws/install/ros2_control_demo_example_1:/home/paul/ros2_ws/install/ros2_control_demo_description:/home/paul/ws_livox/install/livox_ros_driver2:/home/paul/resqbot_dev/control_ws/install/lotti_teleop:/home/paul/resqbot_dev/control_ws/install/learning_tf2_py:/home/paul/moveit2_ws/src/install/moveit_configs_utils:/home/paul/moveit2_ws/src/install/launch_param_builder:/opt/ros/humble LD_LIBRARY_PATH=/home/paul/resqbot_dev/control_ws/install/lotti_control/lib:/home/paul/resqbot_dev/control_ws/install/lotti_flipper_controller/lib:/home/paul/moveit2_ws/install/moveit_servo/lib:/home/paul/moveit2_ws/src/install/pilz_industrial_motion_planner_testutils/lib:/home/paul/moveit2_ws/src/install/pilz_industrial_motion_planner/lib:/home/paul/moveit2_ws/src/install/moveit_visual_tools/lib:/home/paul/moveit2_ws/src/install/moveit_task_constructor_visualization/lib:/home/paul/moveit2_ws/src/install/moveit_task_constructor_demo/lib:/home/paul/moveit2_ws/src/install/moveit_task_constructor_capabilities/lib:/home/paul/moveit2_ws/src/install/moveit_task_constructor_core/lib:/home/paul/moveit2_ws/src/install/moveit_ros_control_interface/lib:/home/paul/moveit2_ws/src/install/moveit_simple_controller_manager/lib:/home/paul/moveit2_ws/src/install/moveit_setup_assistant/lib:/home/paul/moveit2_ws/src/install/moveit_setup_srdf_plugins/lib:/home/paul/moveit2_ws/src/install/moveit_setup_core_plugins/lib:/home/paul/moveit2_ws/src/install/moveit_setup_controllers/lib:/home/paul/moveit2_ws/src/install/moveit_setup_app_plugins/lib:/home/paul/moveit2_ws/src/install/moveit_setup_framework/lib:/home/paul/moveit2_ws/src/install/moveit_servo/lib:/home/paul/moveit2_ws/src/install/moveit_ros_visualization/lib:/home/paul/moveit2_ws/src/install/moveit_hybrid_planning/lib:/home/paul/moveit2_ws/src/install/moveit_ros_planning_interface/lib:/home/paul/moveit2_ws/src/install/moveit_ros_benchmarks/lib:/home/paul/moveit2_ws/src/install/moveit_ros_warehouse/lib:/home/paul/moveit2_ws/src/install/moveit_ros_robot_interaction/lib:/home/paul/moveit2_ws/src/install/moveit_ros_perception/lib:/home/paul/moveit2_ws/src/install/moveit_ros_move_group/lib:/home/paul/moveit2_ws/src/install/moveit_planners_ompl/lib:/home/paul/moveit2_ws/src/install/moveit_ros_planning/lib:/home/paul/moveit2_ws/src/install/moveit_ros_occupancy_map_monitor/lib:/home/paul/moveit2_ws/src/install/moveit_resources_prbt_ikfast_manipulator_plugin/lib:/home/paul/moveit2_ws/src/install/moveit_planners_chomp/lib:/home/paul/moveit2_ws/src/install/moveit_kinematics/lib:/home/paul/moveit2_ws/src/install/moveit_chomp_optimizer_adapter/lib:/home/paul/moveit2_ws/src/install/chomp_motion_planner/lib:/home/paul/moveit2_ws/src/install/moveit_core/lib:/home/paul/moveit2_ws/src/install/srdfdom/lib:/home/paul/moveit2_ws/src/install/rviz_marker_tools/lib:/home/paul/moveit2_ws/src/install/rosparam_shortcuts/lib:/home/paul/moveit2_ws/src/install/moveit_task_constructor_msgs/lib:/home/paul/ros2_ws/install/ros2_control_demo_example_9/lib:/home/paul/ros2_ws/install/ros2_control_demo_example_8/lib:/home/paul/ros2_ws/install/ros2_control_demo_example_7/lib:/home/paul/ros2_ws/install/ros2_control_demo_example_6/lib:/home/paul/ros2_ws/install/ros2_control_demo_example_5/lib:/home/paul/ros2_ws/install/ros2_control_demo_example_4/lib:/home/paul/ros2_ws/install/ros2_control_demo_example_3/lib:/home/paul/ros2_ws/install/ros2_control_demo_example_2/lib:/home/paul/ros2_ws/install/ros2_control_demo_example_14/lib:/home/paul/ros2_ws/install/ros2_control_demo_example_12/lib:/home/paul/ros2_ws/install/ros2_control_demo_example_11/lib:/home/paul/ros2_ws/install/ros2_control_demo_example_10/lib:/home/paul/ros2_ws/install/ros2_control_demo_example_1/lib:/home/paul/ws_livox/install/livox_ros_driver2/lib:/usr/lib/x86_64-linux-gnu/gazebo-11/plugins:/opt/ros/humble/opt/rviz_ogre_vendor/lib:/opt/ros/humble/lib/x86_64-linux-gnu:/opt/ros/humble/lib /usr/bin/cmake --install /home/paul/resqbot_dev/control_ws/build/lotti_moveit_config
[2.615s] Level 1:colcon.colcon_core.environment:create_environment_scripts_only(lotti_moveit_config)
[2.616s] Level 1:colcon.colcon_core.environment:checking '/home/paul/resqbot_dev/control_ws/install/lotti_moveit_config' for CMake module files
[2.617s] DEBUG:colcon.colcon_core.event_handler.log_command:Invoked command in '/home/paul/resqbot_dev/control_ws/build/lotti_moveit_config' returned '0': CMAKE_PREFIX_PATH=/home/paul/resqbot_dev/control_ws/install/lotti_control:/home/paul/resqbot_dev/control_ws/install/lotti_moveit_config:/home/paul/resqbot_dev/control_ws/install/lotti_flipper_controller:/home/paul/moveit2_ws/install/moveit_servo:/home/paul/moveit2_ws/src/install/pilz_industrial_motion_planner_testutils:/home/paul/moveit2_ws/src/install/moveit_runtime:/home/paul/moveit2_ws/src/install/moveit2_tutorials:/home/paul/moveit2_ws/src/install/moveit:/home/paul/moveit2_ws/src/install/moveit_planners:/home/paul/moveit2_ws/src/install/pilz_industrial_motion_planner:/home/paul/moveit2_ws/src/install/moveit_visual_tools:/home/paul/moveit2_ws/src/install/moveit_task_constructor_visualization:/home/paul/moveit2_ws/src/install/moveit_task_constructor_demo:/home/paul/moveit2_ws/src/install/moveit_task_constructor_capabilities:/home/paul/moveit2_ws/src/install/moveit_task_constructor_core:/home/paul/moveit2_ws/src/install/moveit_ros_control_interface:/home/paul/moveit2_ws/src/install/moveit_plugins:/home/paul/moveit2_ws/src/install/moveit_simple_controller_manager:/home/paul/moveit2_ws/src/install/moveit_setup_assistant:/home/paul/moveit2_ws/src/install/moveit_setup_srdf_plugins:/home/paul/moveit2_ws/src/install/moveit_setup_core_plugins:/home/paul/moveit2_ws/src/install/moveit_setup_controllers:/home/paul/moveit2_ws/src/install/moveit_setup_app_plugins:/home/paul/moveit2_ws/src/install/moveit_setup_framework:/home/paul/moveit2_ws/src/install/moveit_servo:/home/paul/moveit2_ws/src/install/moveit_ros:/home/paul/moveit2_ws/src/install/moveit_ros_visualization:/home/paul/moveit2_ws/src/install/moveit_hybrid_planning:/home/paul/moveit2_ws/src/install/moveit_ros_planning_interface:/home/paul/moveit2_ws/src/install/moveit_ros_benchmarks:/home/paul/moveit2_ws/src/install/moveit_ros_warehouse:/home/paul/moveit2_ws/src/install/moveit_ros_robot_interaction:/home/paul/moveit2_ws/src/install/moveit_ros_perception:/home/paul/moveit2_ws/src/install/moveit_resources_prbt_pg70_support:/home/paul/moveit2_ws/src/install/moveit_resources_prbt_moveit_config:/home/paul/moveit2_ws/src/install/moveit_ros_move_group:/home/paul/moveit2_ws/src/install/moveit_planners_ompl:/home/paul/moveit2_ws/src/install/moveit_ros_planning:/home/paul/moveit2_ws/src/install/moveit_ros_occupancy_map_monitor:/home/paul/moveit2_ws/src/install/moveit_resources_prbt_ikfast_manipulator_plugin:/home/paul/moveit2_ws/src/install/moveit_planners_chomp:/home/paul/moveit2_ws/src/install/moveit_kinematics:/home/paul/moveit2_ws/src/install/moveit_chomp_optimizer_adapter:/home/paul/moveit2_ws/src/install/chomp_motion_planner:/home/paul/moveit2_ws/src/install/moveit_core:/home/paul/moveit2_ws/src/install/srdfdom:/home/paul/moveit2_ws/src/install/rviz_marker_tools:/home/paul/moveit2_ws/src/install/rosparam_shortcuts:/home/paul/moveit2_ws/src/install/moveit_task_constructor_msgs:/home/paul/moveit2_ws/src/install/moveit_resources_prbt_support:/home/paul/moveit2_ws/src/install/moveit_resources:/home/paul/moveit2_ws/src/install/moveit_resources_pr2_description:/home/paul/moveit2_ws/src/install/moveit_resources_panda_moveit_config:/home/paul/moveit2_ws/src/install/moveit_resources_panda_description:/home/paul/moveit2_ws/src/install/moveit_resources_fanuc_moveit_config:/home/paul/moveit2_ws/src/install/moveit_resources_fanuc_description:/home/paul/moveit2_ws/src/install/moveit_common:/home/paul/ros2_ws/install/ros2_control_demos:/home/paul/ros2_ws/install/ros2_control_demo_example_9:/home/paul/ros2_ws/install/ros2_control_demo_example_8:/home/paul/ros2_ws/install/ros2_control_demo_example_7:/home/paul/ros2_ws/install/ros2_control_demo_example_6:/home/paul/ros2_ws/install/ros2_control_demo_example_15:/home/paul/ros2_ws/install/ros2_control_demo_example_13:/home/paul/ros2_ws/install/ros2_control_demo_example_5:/home/paul/ros2_ws/install/ros2_control_demo_example_4:/home/paul/ros2_ws/install/ros2_control_demo_example_3:/home/paul/ros2_ws/install/ros2_control_demo_example_2:/home/paul/ros2_ws/install/ros2_control_demo_example_14:/home/paul/ros2_ws/install/ros2_control_demo_example_12:/home/paul/ros2_ws/install/ros2_control_demo_example_11:/home/paul/ros2_ws/install/ros2_control_demo_example_10:/home/paul/ros2_ws/install/ros2_control_demo_example_1:/home/paul/ros2_ws/install/ros2_control_demo_description:/home/paul/ws_livox/install/livox_ros_driver2:/home/paul/resqbot_dev/control_ws/install/lotti_teleop:/home/paul/resqbot_dev/control_ws/install/learning_tf2_py:/home/paul/moveit2_ws/src/install/moveit_configs_utils:/home/paul/moveit2_ws/src/install/launch_param_builder:/opt/ros/humble LD_LIBRARY_PATH=/home/paul/resqbot_dev/control_ws/install/lotti_control/lib:/home/paul/resqbot_dev/control_ws/install/lotti_flipper_controller/lib:/home/paul/moveit2_ws/install/moveit_servo/lib:/home/paul/moveit2_ws/src/install/pilz_industrial_motion_planner_testutils/lib:/home/paul/moveit2_ws/src/install/pilz_industrial_motion_planner/lib:/home/paul/moveit2_ws/src/install/moveit_visual_tools/lib:/home/paul/moveit2_ws/src/install/moveit_task_constructor_visualization/lib:/home/paul/moveit2_ws/src/install/moveit_task_constructor_demo/lib:/home/paul/moveit2_ws/src/install/moveit_task_constructor_capabilities/lib:/home/paul/moveit2_ws/src/install/moveit_task_constructor_core/lib:/home/paul/moveit2_ws/src/install/moveit_ros_control_interface/lib:/home/paul/moveit2_ws/src/install/moveit_simple_controller_manager/lib:/home/paul/moveit2_ws/src/install/moveit_setup_assistant/lib:/home/paul/moveit2_ws/src/install/moveit_setup_srdf_plugins/lib:/home/paul/moveit2_ws/src/install/moveit_setup_core_plugins/lib:/home/paul/moveit2_ws/src/install/moveit_setup_controllers/lib:/home/paul/moveit2_ws/src/install/moveit_setup_app_plugins/lib:/home/paul/moveit2_ws/src/install/moveit_setup_framework/lib:/home/paul/moveit2_ws/src/install/moveit_servo/lib:/home/paul/moveit2_ws/src/install/moveit_ros_visualization/lib:/home/paul/moveit2_ws/src/install/moveit_hybrid_planning/lib:/home/paul/moveit2_ws/src/install/moveit_ros_planning_interface/lib:/home/paul/moveit2_ws/src/install/moveit_ros_benchmarks/lib:/home/paul/moveit2_ws/src/install/moveit_ros_warehouse/lib:/home/paul/moveit2_ws/src/install/moveit_ros_robot_interaction/lib:/home/paul/moveit2_ws/src/install/moveit_ros_perception/lib:/home/paul/moveit2_ws/src/install/moveit_ros_move_group/lib:/home/paul/moveit2_ws/src/install/moveit_planners_ompl/lib:/home/paul/moveit2_ws/src/install/moveit_ros_planning/lib:/home/paul/moveit2_ws/src/install/moveit_ros_occupancy_map_monitor/lib:/home/paul/moveit2_ws/src/install/moveit_resources_prbt_ikfast_manipulator_plugin/lib:/home/paul/moveit2_ws/src/install/moveit_planners_chomp/lib:/home/paul/moveit2_ws/src/install/moveit_kinematics/lib:/home/paul/moveit2_ws/src/install/moveit_chomp_optimizer_adapter/lib:/home/paul/moveit2_ws/src/install/chomp_motion_planner/lib:/home/paul/moveit2_ws/src/install/moveit_core/lib:/home/paul/moveit2_ws/src/install/srdfdom/lib:/home/paul/moveit2_ws/src/install/rviz_marker_tools/lib:/home/paul/moveit2_ws/src/install/rosparam_shortcuts/lib:/home/paul/moveit2_ws/src/install/moveit_task_constructor_msgs/lib:/home/paul/ros2_ws/install/ros2_control_demo_example_9/lib:/home/paul/ros2_ws/install/ros2_control_demo_example_8/lib:/home/paul/ros2_ws/install/ros2_control_demo_example_7/lib:/home/paul/ros2_ws/install/ros2_control_demo_example_6/lib:/home/paul/ros2_ws/install/ros2_control_demo_example_5/lib:/home/paul/ros2_ws/install/ros2_control_demo_example_4/lib:/home/paul/ros2_ws/install/ros2_control_demo_example_3/lib:/home/paul/ros2_ws/install/ros2_control_demo_example_2/lib:/home/paul/ros2_ws/install/ros2_control_demo_example_14/lib:/home/paul/ros2_ws/install/ros2_control_demo_example_12/lib:/home/paul/ros2_ws/install/ros2_control_demo_example_11/lib:/home/paul/ros2_ws/install/ros2_control_demo_example_10/lib:/home/paul/ros2_ws/install/ros2_control_demo_example_1/lib:/home/paul/ws_livox/install/livox_ros_driver2/lib:/usr/lib/x86_64-linux-gnu/gazebo-11/plugins:/opt/ros/humble/opt/rviz_ogre_vendor/lib:/opt/ros/humble/lib/x86_64-linux-gnu:/opt/ros/humble/lib /usr/bin/cmake --install /home/paul/resqbot_dev/control_ws/build/lotti_moveit_config
[2.618s] Level 1:colcon.colcon_core.environment:checking '/home/paul/resqbot_dev/control_ws/install/lotti_moveit_config' for CMake config files
[2.620s] Level 1:colcon.colcon_core.shell:create_environment_hook('lotti_moveit_config', 'cmake_prefix_path')
[2.621s] INFO:colcon.colcon_core.shell:Creating environment hook '/home/paul/resqbot_dev/control_ws/install/lotti_moveit_config/share/lotti_moveit_config/hook/cmake_prefix_path.ps1'
[2.622s] INFO:colcon.colcon_core.shell:Creating environment descriptor '/home/paul/resqbot_dev/control_ws/install/lotti_moveit_config/share/lotti_moveit_config/hook/cmake_prefix_path.dsv'
[2.623s] INFO:colcon.colcon_core.shell:Creating environment hook '/home/paul/resqbot_dev/control_ws/install/lotti_moveit_config/share/lotti_moveit_config/hook/cmake_prefix_path.sh'
[2.625s] Level 1:colcon.colcon_core.environment:checking '/home/paul/resqbot_dev/control_ws/install/lotti_moveit_config/bin'
[2.625s] Level 1:colcon.colcon_core.environment:checking '/home/paul/resqbot_dev/control_ws/install/lotti_moveit_config/lib/pkgconfig/lotti_moveit_config.pc'
[2.626s] Level 1:colcon.colcon_core.environment:checking '/home/paul/resqbot_dev/control_ws/install/lotti_moveit_config/lib/python3.10/site-packages'
[2.626s] Level 1:colcon.colcon_core.environment:checking '/home/paul/resqbot_dev/control_ws/install/lotti_moveit_config/bin'
[2.627s] INFO:colcon.colcon_core.shell:Creating package script '/home/paul/resqbot_dev/control_ws/install/lotti_moveit_config/share/lotti_moveit_config/package.ps1'
[2.629s] INFO:colcon.colcon_core.shell:Creating package descriptor '/home/paul/resqbot_dev/control_ws/install/lotti_moveit_config/share/lotti_moveit_config/package.dsv'
[2.630s] INFO:colcon.colcon_core.shell:Creating package script '/home/paul/resqbot_dev/control_ws/install/lotti_moveit_config/share/lotti_moveit_config/package.sh'
[2.632s] INFO:colcon.colcon_core.shell:Creating package script '/home/paul/resqbot_dev/control_ws/install/lotti_moveit_config/share/lotti_moveit_config/package.bash'
[2.634s] INFO:colcon.colcon_core.shell:Creating package script '/home/paul/resqbot_dev/control_ws/install/lotti_moveit_config/share/lotti_moveit_config/package.zsh'
[2.636s] Level 1:colcon.colcon_core.environment:create_file_with_runtime_dependencies(/home/paul/resqbot_dev/control_ws/install/lotti_moveit_config/share/colcon-core/packages/lotti_moveit_config)
[2.639s] Level 1:colcon.colcon_core.environment:create_environment_scripts_only(lotti_moveit_config)
[2.640s] Level 1:colcon.colcon_core.environment:checking '/home/paul/resqbot_dev/control_ws/install/lotti_moveit_config' for CMake module files
[2.641s] Level 1:colcon.colcon_core.environment:checking '/home/paul/resqbot_dev/control_ws/install/lotti_moveit_config' for CMake config files
[2.643s] Level 1:colcon.colcon_core.shell:create_environment_hook('lotti_moveit_config', 'cmake_prefix_path')
[2.644s] INFO:colcon.colcon_core.shell:Creating environment hook '/home/paul/resqbot_dev/control_ws/install/lotti_moveit_config/share/lotti_moveit_config/hook/cmake_prefix_path.ps1'
[2.646s] INFO:colcon.colcon_core.shell:Creating environment descriptor '/home/paul/resqbot_dev/control_ws/install/lotti_moveit_config/share/lotti_moveit_config/hook/cmake_prefix_path.dsv'
[2.648s] INFO:colcon.colcon_core.shell:Creating environment hook '/home/paul/resqbot_dev/control_ws/install/lotti_moveit_config/share/lotti_moveit_config/hook/cmake_prefix_path.sh'
[2.650s] Level 1:colcon.colcon_core.environment:checking '/home/paul/resqbot_dev/control_ws/install/lotti_moveit_config/bin'
[2.650s] Level 1:colcon.colcon_core.environment:checking '/home/paul/resqbot_dev/control_ws/install/lotti_moveit_config/lib/pkgconfig/lotti_moveit_config.pc'
[2.651s] Level 1:colcon.colcon_core.environment:checking '/home/paul/resqbot_dev/control_ws/install/lotti_moveit_config/lib/python3.10/site-packages'
[2.651s] Level 1:colcon.colcon_core.environment:checking '/home/paul/resqbot_dev/control_ws/install/lotti_moveit_config/bin'
[2.652s] INFO:colcon.colcon_core.shell:Creating package script '/home/paul/resqbot_dev/control_ws/install/lotti_moveit_config/share/lotti_moveit_config/package.ps1'
[2.654s] INFO:colcon.colcon_core.shell:Creating package descriptor '/home/paul/resqbot_dev/control_ws/install/lotti_moveit_config/share/lotti_moveit_config/package.dsv'
[2.656s] INFO:colcon.colcon_core.shell:Creating package script '/home/paul/resqbot_dev/control_ws/install/lotti_moveit_config/share/lotti_moveit_config/package.sh'
[2.658s] INFO:colcon.colcon_core.shell:Creating package script '/home/paul/resqbot_dev/control_ws/install/lotti_moveit_config/share/lotti_moveit_config/package.bash'
[2.659s] INFO:colcon.colcon_core.shell:Creating package script '/home/paul/resqbot_dev/control_ws/install/lotti_moveit_config/share/lotti_moveit_config/package.zsh'
[2.661s] Level 1:colcon.colcon_core.environment:create_file_with_runtime_dependencies(/home/paul/resqbot_dev/control_ws/install/lotti_moveit_config/share/colcon-core/packages/lotti_moveit_config)
[3.133s] DEBUG:colcon.colcon_core.event_handler.log_command:Invoking command in '/home/paul/resqbot_dev/control_ws/build/lotti_teleop': PYTHONPATH=/home/paul/resqbot_dev/control_ws/build/lotti_teleop/prefix_override:/usr/lib/python3/dist-packages/colcon_core/task/python/colcon_distutils_commands:/home/paul/resqbot_dev/control_ws/install/lotti_teleop/lib/python3.10/site-packages:${PYTHONPATH} /usr/bin/python3 -W ignore:setup.py install is deprecated -W ignore:easy_install command is deprecated setup.py develop --editable --build-directory /home/paul/resqbot_dev/control_ws/build/lotti_teleop/build --no-deps symlink_data
[3.139s] DEBUG:colcon.colcon_core.event_handler.log_command:Invoking command in '/home/paul/resqbot_dev/control_ws/build/learning_tf2_py': PYTHONPATH=/home/paul/resqbot_dev/control_ws/build/learning_tf2_py/prefix_override:/usr/lib/python3/dist-packages/colcon_core/task/python/colcon_distutils_commands:/home/paul/resqbot_dev/control_ws/install/learning_tf2_py/lib/python3.10/site-packages:${PYTHONPATH} /usr/bin/python3 -W ignore:setup.py install is deprecated -W ignore:easy_install command is deprecated setup.py develop --editable --build-directory /home/paul/resqbot_dev/control_ws/build/learning_tf2_py/build --no-deps symlink_data
[4.148s] Level 1:colcon.colcon_core.shell:create_environment_hook('lotti_teleop', 'pythonpath_develop')
[4.149s] INFO:colcon.colcon_core.shell:Creating environment hook '/home/paul/resqbot_dev/control_ws/build/lotti_teleop/share/lotti_teleop/hook/pythonpath_develop.ps1'
[4.150s] DEBUG:colcon.colcon_core.event_handler.log_command:Invoked command in '/home/paul/resqbot_dev/control_ws/build/lotti_teleop' returned '0': PYTHONPATH=/home/paul/resqbot_dev/control_ws/build/lotti_teleop/prefix_override:/usr/lib/python3/dist-packages/colcon_core/task/python/colcon_distutils_commands:/home/paul/resqbot_dev/control_ws/install/lotti_teleop/lib/python3.10/site-packages:${PYTHONPATH} /usr/bin/python3 -W ignore:setup.py install is deprecated -W ignore:easy_install command is deprecated setup.py develop --editable --build-directory /home/paul/resqbot_dev/control_ws/build/lotti_teleop/build --no-deps symlink_data
[4.153s] INFO:colcon.colcon_core.shell:Creating environment descriptor '/home/paul/resqbot_dev/control_ws/build/lotti_teleop/share/lotti_teleop/hook/pythonpath_develop.dsv'
[4.155s] INFO:colcon.colcon_core.shell:Creating environment hook '/home/paul/resqbot_dev/control_ws/build/lotti_teleop/share/lotti_teleop/hook/pythonpath_develop.sh'
[4.158s] Level 1:colcon.colcon_core.environment:checking '/home/paul/resqbot_dev/control_ws/install/lotti_teleop' for CMake module files
[4.159s] Level 1:colcon.colcon_core.environment:checking '/home/paul/resqbot_dev/control_ws/install/lotti_teleop' for CMake config files
[4.161s] Level 1:colcon.colcon_core.environment:checking '/home/paul/resqbot_dev/control_ws/install/lotti_teleop/lib'
[4.161s] Level 1:colcon.colcon_core.environment:checking '/home/paul/resqbot_dev/control_ws/install/lotti_teleop/bin'
[4.162s] Level 1:colcon.colcon_core.environment:checking '/home/paul/resqbot_dev/control_ws/install/lotti_teleop/lib/pkgconfig/lotti_teleop.pc'
[4.162s] Level 1:colcon.colcon_core.environment:checking '/home/paul/resqbot_dev/control_ws/install/lotti_teleop/lib/python3.10/site-packages'
[4.163s] Level 1:colcon.colcon_core.shell:create_environment_hook('lotti_teleop', 'pythonpath')
[4.164s] INFO:colcon.colcon_core.shell:Creating environment hook '/home/paul/resqbot_dev/control_ws/install/lotti_teleop/share/lotti_teleop/hook/pythonpath.ps1'
[4.166s] INFO:colcon.colcon_core.shell:Creating environment descriptor '/home/paul/resqbot_dev/control_ws/install/lotti_teleop/share/lotti_teleop/hook/pythonpath.dsv'
[4.168s] INFO:colcon.colcon_core.shell:Creating environment hook '/home/paul/resqbot_dev/control_ws/install/lotti_teleop/share/lotti_teleop/hook/pythonpath.sh'
[4.170s] Level 1:colcon.colcon_core.environment:checking '/home/paul/resqbot_dev/control_ws/install/lotti_teleop/bin'
[4.170s] Level 1:colcon.colcon_core.environment:create_environment_scripts_only(lotti_teleop)
[4.171s] INFO:colcon.colcon_core.shell:Creating package script '/home/paul/resqbot_dev/control_ws/install/lotti_teleop/share/lotti_teleop/package.ps1'
[4.173s] INFO:colcon.colcon_core.shell:Creating package descriptor '/home/paul/resqbot_dev/control_ws/install/lotti_teleop/share/lotti_teleop/package.dsv'
[4.175s] INFO:colcon.colcon_core.shell:Creating package script '/home/paul/resqbot_dev/control_ws/install/lotti_teleop/share/lotti_teleop/package.sh'
[4.176s] INFO:colcon.colcon_core.shell:Creating package script '/home/paul/resqbot_dev/control_ws/install/lotti_teleop/share/lotti_teleop/package.bash'
[4.178s] INFO:colcon.colcon_core.shell:Creating package script '/home/paul/resqbot_dev/control_ws/install/lotti_teleop/share/lotti_teleop/package.zsh'
[4.180s] Level 1:colcon.colcon_core.environment:create_file_with_runtime_dependencies(/home/paul/resqbot_dev/control_ws/install/lotti_teleop/share/colcon-core/packages/lotti_teleop)
[4.183s] Level 1:colcon.colcon_core.shell:create_environment_hook('learning_tf2_py', 'pythonpath_develop')
[4.184s] INFO:colcon.colcon_core.shell:Creating environment hook '/home/paul/resqbot_dev/control_ws/build/learning_tf2_py/share/learning_tf2_py/hook/pythonpath_develop.ps1'
[4.185s] DEBUG:colcon.colcon_core.event_handler.log_command:Invoked command in '/home/paul/resqbot_dev/control_ws/build/learning_tf2_py' returned '0': PYTHONPATH=/home/paul/resqbot_dev/control_ws/build/learning_tf2_py/prefix_override:/usr/lib/python3/dist-packages/colcon_core/task/python/colcon_distutils_commands:/home/paul/resqbot_dev/control_ws/install/learning_tf2_py/lib/python3.10/site-packages:${PYTHONPATH} /usr/bin/python3 -W ignore:setup.py install is deprecated -W ignore:easy_install command is deprecated setup.py develop --editable --build-directory /home/paul/resqbot_dev/control_ws/build/learning_tf2_py/build --no-deps symlink_data
[4.187s] INFO:colcon.colcon_core.shell:Creating environment descriptor '/home/paul/resqbot_dev/control_ws/build/learning_tf2_py/share/learning_tf2_py/hook/pythonpath_develop.dsv'
[4.188s] INFO:colcon.colcon_core.shell:Creating environment hook '/home/paul/resqbot_dev/control_ws/build/learning_tf2_py/share/learning_tf2_py/hook/pythonpath_develop.sh'
[4.190s] Level 1:colcon.colcon_core.environment:checking '/home/paul/resqbot_dev/control_ws/install/learning_tf2_py' for CMake module files
[4.191s] Level 1:colcon.colcon_core.environment:checking '/home/paul/resqbot_dev/control_ws/install/learning_tf2_py' for CMake config files
[4.193s] Level 1:colcon.colcon_core.environment:checking '/home/paul/resqbot_dev/control_ws/install/learning_tf2_py/lib'
[4.193s] Level 1:colcon.colcon_core.environment:checking '/home/paul/resqbot_dev/control_ws/install/learning_tf2_py/bin'
[4.194s] Level 1:colcon.colcon_core.environment:checking '/home/paul/resqbot_dev/control_ws/install/learning_tf2_py/lib/pkgconfig/learning_tf2_py.pc'
[4.194s] Level 1:colcon.colcon_core.environment:checking '/home/paul/resqbot_dev/control_ws/install/learning_tf2_py/lib/python3.10/site-packages'
[4.194s] Level 1:colcon.colcon_core.shell:create_environment_hook('learning_tf2_py', 'pythonpath')
[4.195s] INFO:colcon.colcon_core.shell:Creating environment hook '/home/paul/resqbot_dev/control_ws/install/learning_tf2_py/share/learning_tf2_py/hook/pythonpath.ps1'
[4.197s] INFO:colcon.colcon_core.shell:Creating environment descriptor '/home/paul/resqbot_dev/control_ws/install/learning_tf2_py/share/learning_tf2_py/hook/pythonpath.dsv'
[4.198s] INFO:colcon.colcon_core.shell:Creating environment hook '/home/paul/resqbot_dev/control_ws/install/learning_tf2_py/share/learning_tf2_py/hook/pythonpath.sh'
[4.199s] Level 1:colcon.colcon_core.environment:checking '/home/paul/resqbot_dev/control_ws/install/learning_tf2_py/bin'
[4.200s] Level 1:colcon.colcon_core.environment:create_environment_scripts_only(learning_tf2_py)
[4.201s] INFO:colcon.colcon_core.shell:Creating package script '/home/paul/resqbot_dev/control_ws/install/learning_tf2_py/share/learning_tf2_py/package.ps1'
[4.203s] INFO:colcon.colcon_core.shell:Creating package descriptor '/home/paul/resqbot_dev/control_ws/install/learning_tf2_py/share/learning_tf2_py/package.dsv'
[4.204s] INFO:colcon.colcon_core.shell:Creating package script '/home/paul/resqbot_dev/control_ws/install/learning_tf2_py/share/learning_tf2_py/package.sh'
[4.205s] INFO:colcon.colcon_core.shell:Creating package script '/home/paul/resqbot_dev/control_ws/install/learning_tf2_py/share/learning_tf2_py/package.bash'
[4.205s] INFO:colcon.colcon_core.shell:Creating package script '/home/paul/resqbot_dev/control_ws/install/learning_tf2_py/share/learning_tf2_py/package.zsh'
[4.206s] Level 1:colcon.colcon_core.environment:create_file_with_runtime_dependencies(/home/paul/resqbot_dev/control_ws/install/learning_tf2_py/share/colcon-core/packages/learning_tf2_py)
[7.341s] DEBUG:colcon.colcon_core.event_handler.log_command:Invoked command in '/home/paul/resqbot_dev/control_ws/build/lotti_flipper_controller' returned '0': CMAKE_PREFIX_PATH=${CMAKE_PREFIX_PATH}:/home/paul/resqbot_dev/control_ws/install/lotti_teleop:/home/paul/resqbot_dev/control_ws/install/learning_tf2_py:/home/paul/moveit2_ws/src/install/moveit_configs_utils:/home/paul/moveit2_ws/src/install/launch_param_builder:/opt/ros/humble /usr/bin/cmake /home/paul/resqbot_dev/control_ws/src/lotti_flipper_controller -DAMENT_CMAKE_SYMLINK_INSTALL=1 -DCMAKE_INSTALL_PREFIX=/home/paul/resqbot_dev/control_ws/install/lotti_flipper_controller
[7.346s] DEBUG:colcon.colcon_core.event_handler.log_command:Invoking command in '/home/paul/resqbot_dev/control_ws/build/lotti_flipper_controller': CMAKE_PREFIX_PATH=${CMAKE_PREFIX_PATH}:/home/paul/resqbot_dev/control_ws/install/lotti_teleop:/home/paul/resqbot_dev/control_ws/install/learning_tf2_py:/home/paul/moveit2_ws/src/install/moveit_configs_utils:/home/paul/moveit2_ws/src/install/launch_param_builder:/opt/ros/humble /usr/bin/cmake --build /home/paul/resqbot_dev/control_ws/build/lotti_flipper_controller -- -j8 -l8
[23.848s] DEBUG:colcon.colcon_core.event_handler.log_command:Invoked command in '/home/paul/resqbot_dev/control_ws/build/lotti_flipper_controller' returned '0': CMAKE_PREFIX_PATH=${CMAKE_PREFIX_PATH}:/home/paul/resqbot_dev/control_ws/install/lotti_teleop:/home/paul/resqbot_dev/control_ws/install/learning_tf2_py:/home/paul/moveit2_ws/src/install/moveit_configs_utils:/home/paul/moveit2_ws/src/install/launch_param_builder:/opt/ros/humble /usr/bin/cmake --build /home/paul/resqbot_dev/control_ws/build/lotti_flipper_controller -- -j8 -l8
[23.852s] DEBUG:colcon.colcon_core.event_handler.log_command:Invoking command in '/home/paul/resqbot_dev/control_ws/build/lotti_flipper_controller': CMAKE_PREFIX_PATH=${CMAKE_PREFIX_PATH}:/home/paul/resqbot_dev/control_ws/install/lotti_teleop:/home/paul/resqbot_dev/control_ws/install/learning_tf2_py:/home/paul/moveit2_ws/src/install/moveit_configs_utils:/home/paul/moveit2_ws/src/install/launch_param_builder:/opt/ros/humble /usr/bin/cmake --install /home/paul/resqbot_dev/control_ws/build/lotti_flipper_controller
[24.733s] Level 1:colcon.colcon_core.environment:create_environment_scripts_only(lotti_flipper_controller)
[24.734s] Level 1:colcon.colcon_core.environment:checking '/home/paul/resqbot_dev/control_ws/install/lotti_flipper_controller' for CMake module files
[24.735s] DEBUG:colcon.colcon_core.event_handler.log_command:Invoked command in '/home/paul/resqbot_dev/control_ws/build/lotti_flipper_controller' returned '0': CMAKE_PREFIX_PATH=${CMAKE_PREFIX_PATH}:/home/paul/resqbot_dev/control_ws/install/lotti_teleop:/home/paul/resqbot_dev/control_ws/install/learning_tf2_py:/home/paul/moveit2_ws/src/install/moveit_configs_utils:/home/paul/moveit2_ws/src/install/launch_param_builder:/opt/ros/humble /usr/bin/cmake --install /home/paul/resqbot_dev/control_ws/build/lotti_flipper_controller
[24.736s] Level 1:colcon.colcon_core.environment:checking '/home/paul/resqbot_dev/control_ws/install/lotti_flipper_controller' for CMake config files
[24.738s] Level 1:colcon.colcon_core.shell:create_environment_hook('lotti_flipper_controller', 'cmake_prefix_path')
[24.738s] INFO:colcon.colcon_core.shell:Creating environment hook '/home/paul/resqbot_dev/control_ws/install/lotti_flipper_controller/share/lotti_flipper_controller/hook/cmake_prefix_path.ps1'
[24.740s] INFO:colcon.colcon_core.shell:Creating environment descriptor '/home/paul/resqbot_dev/control_ws/install/lotti_flipper_controller/share/lotti_flipper_controller/hook/cmake_prefix_path.dsv'
[24.741s] INFO:colcon.colcon_core.shell:Creating environment hook '/home/paul/resqbot_dev/control_ws/install/lotti_flipper_controller/share/lotti_flipper_controller/hook/cmake_prefix_path.sh'
[24.742s] Level 1:colcon.colcon_core.environment:checking '/home/paul/resqbot_dev/control_ws/install/lotti_flipper_controller/lib'
[24.743s] Level 1:colcon.colcon_core.shell:create_environment_hook('lotti_flipper_controller', 'ld_library_path_lib')
[24.743s] INFO:colcon.colcon_core.shell:Creating environment hook '/home/paul/resqbot_dev/control_ws/install/lotti_flipper_controller/share/lotti_flipper_controller/hook/ld_library_path_lib.ps1'
[24.745s] INFO:colcon.colcon_core.shell:Creating environment descriptor '/home/paul/resqbot_dev/control_ws/install/lotti_flipper_controller/share/lotti_flipper_controller/hook/ld_library_path_lib.dsv'
[24.745s] INFO:colcon.colcon_core.shell:Creating environment hook '/home/paul/resqbot_dev/control_ws/install/lotti_flipper_controller/share/lotti_flipper_controller/hook/ld_library_path_lib.sh'
[24.746s] Level 1:colcon.colcon_core.environment:checking '/home/paul/resqbot_dev/control_ws/install/lotti_flipper_controller/bin'
[24.746s] Level 1:colcon.colcon_core.environment:checking '/home/paul/resqbot_dev/control_ws/install/lotti_flipper_controller/lib/pkgconfig/lotti_flipper_controller.pc'
[24.746s] Level 1:colcon.colcon_core.environment:checking '/home/paul/resqbot_dev/control_ws/install/lotti_flipper_controller/lib/python3.10/site-packages'
[24.746s] Level 1:colcon.colcon_core.environment:checking '/home/paul/resqbot_dev/control_ws/install/lotti_flipper_controller/bin'
[24.747s] INFO:colcon.colcon_core.shell:Creating package script '/home/paul/resqbot_dev/control_ws/install/lotti_flipper_controller/share/lotti_flipper_controller/package.ps1'
[24.748s] INFO:colcon.colcon_core.shell:Creating package descriptor '/home/paul/resqbot_dev/control_ws/install/lotti_flipper_controller/share/lotti_flipper_controller/package.dsv'
[24.749s] INFO:colcon.colcon_core.shell:Creating package script '/home/paul/resqbot_dev/control_ws/install/lotti_flipper_controller/share/lotti_flipper_controller/package.sh'
[24.749s] INFO:colcon.colcon_core.shell:Creating package script '/home/paul/resqbot_dev/control_ws/install/lotti_flipper_controller/share/lotti_flipper_controller/package.bash'
[24.750s] INFO:colcon.colcon_core.shell:Creating package script '/home/paul/resqbot_dev/control_ws/install/lotti_flipper_controller/share/lotti_flipper_controller/package.zsh'
[24.751s] Level 1:colcon.colcon_core.environment:create_file_with_runtime_dependencies(/home/paul/resqbot_dev/control_ws/install/lotti_flipper_controller/share/colcon-core/packages/lotti_flipper_controller)
[24.752s] Level 1:colcon.colcon_core.environment:create_environment_scripts_only(lotti_flipper_controller)
[24.752s] Level 1:colcon.colcon_core.environment:checking '/home/paul/resqbot_dev/control_ws/install/lotti_flipper_controller' for CMake module files
[24.753s] Level 1:colcon.colcon_core.environment:checking '/home/paul/resqbot_dev/control_ws/install/lotti_flipper_controller' for CMake config files
[24.754s] Level 1:colcon.colcon_core.shell:create_environment_hook('lotti_flipper_controller', 'cmake_prefix_path')
[24.754s] INFO:colcon.colcon_core.shell:Creating environment hook '/home/paul/resqbot_dev/control_ws/install/lotti_flipper_controller/share/lotti_flipper_controller/hook/cmake_prefix_path.ps1'
[24.755s] INFO:colcon.colcon_core.shell:Creating environment descriptor '/home/paul/resqbot_dev/control_ws/install/lotti_flipper_controller/share/lotti_flipper_controller/hook/cmake_prefix_path.dsv'
[24.756s] INFO:colcon.colcon_core.shell:Creating environment hook '/home/paul/resqbot_dev/control_ws/install/lotti_flipper_controller/share/lotti_flipper_controller/hook/cmake_prefix_path.sh'
[24.757s] Level 1:colcon.colcon_core.environment:checking '/home/paul/resqbot_dev/control_ws/install/lotti_flipper_controller/lib'
[24.757s] Level 1:colcon.colcon_core.shell:create_environment_hook('lotti_flipper_controller', 'ld_library_path_lib')
[24.757s] INFO:colcon.colcon_core.shell:Creating environment hook '/home/paul/resqbot_dev/control_ws/install/lotti_flipper_controller/share/lotti_flipper_controller/hook/ld_library_path_lib.ps1'
[24.758s] INFO:colcon.colcon_core.shell:Creating environment descriptor '/home/paul/resqbot_dev/control_ws/install/lotti_flipper_controller/share/lotti_flipper_controller/hook/ld_library_path_lib.dsv'
[24.758s] INFO:colcon.colcon_core.shell:Creating environment hook '/home/paul/resqbot_dev/control_ws/install/lotti_flipper_controller/share/lotti_flipper_controller/hook/ld_library_path_lib.sh'
[24.759s] Level 1:colcon.colcon_core.environment:checking '/home/paul/resqbot_dev/control_ws/install/lotti_flipper_controller/bin'
[24.759s] Level 1:colcon.colcon_core.environment:checking '/home/paul/resqbot_dev/control_ws/install/lotti_flipper_controller/lib/pkgconfig/lotti_flipper_controller.pc'
[24.759s] Level 1:colcon.colcon_core.environment:checking '/home/paul/resqbot_dev/control_ws/install/lotti_flipper_controller/lib/python3.10/site-packages'
[24.760s] Level 1:colcon.colcon_core.environment:checking '/home/paul/resqbot_dev/control_ws/install/lotti_flipper_controller/bin'
[24.760s] INFO:colcon.colcon_core.shell:Creating package script '/home/paul/resqbot_dev/control_ws/install/lotti_flipper_controller/share/lotti_flipper_controller/package.ps1'
[24.761s] INFO:colcon.colcon_core.shell:Creating package descriptor '/home/paul/resqbot_dev/control_ws/install/lotti_flipper_controller/share/lotti_flipper_controller/package.dsv'
[24.762s] INFO:colcon.colcon_core.shell:Creating package script '/home/paul/resqbot_dev/control_ws/install/lotti_flipper_controller/share/lotti_flipper_controller/package.sh'
[24.763s] INFO:colcon.colcon_core.shell:Creating package script '/home/paul/resqbot_dev/control_ws/install/lotti_flipper_controller/share/lotti_flipper_controller/package.bash'
[24.764s] INFO:colcon.colcon_core.shell:Creating package script '/home/paul/resqbot_dev/control_ws/install/lotti_flipper_controller/share/lotti_flipper_controller/package.zsh'
[24.765s] Level 1:colcon.colcon_core.environment:create_file_with_runtime_dependencies(/home/paul/resqbot_dev/control_ws/install/lotti_flipper_controller/share/colcon-core/packages/lotti_flipper_controller)
[24.765s] DEBUG:colcon.colcon_parallel_executor.executor.parallel:closing loop
[24.766s] DEBUG:colcon.colcon_parallel_executor.executor.parallel:loop closed
[24.766s] DEBUG:colcon.colcon_parallel_executor.executor.parallel:run_until_complete finished with '0'
[24.766s] DEBUG:colcon.colcon_core.event_reactor:joining thread
[24.791s] INFO:colcon.colcon_core.plugin_system:Skipping extension 'colcon_notification.desktop_notification.terminal_notifier': Not used on non-Darwin systems
[24.792s] INFO:colcon.colcon_core.plugin_system:Skipping extension 'colcon_notification.desktop_notification.win32': Not used on non-Windows systems
[24.792s] INFO:colcon.colcon_notification.desktop_notification:Sending desktop notification using 'notify2'
[24.828s] DEBUG:colcon.colcon_core.event_reactor:joined thread
[24.829s] INFO:colcon.colcon_core.shell:Creating prefix script '/home/paul/resqbot_dev/control_ws/install/local_setup.ps1'
[24.831s] INFO:colcon.colcon_core.shell:Creating prefix util module '/home/paul/resqbot_dev/control_ws/install/_local_setup_util_ps1.py'
[24.834s] INFO:colcon.colcon_core.shell:Creating prefix chain script '/home/paul/resqbot_dev/control_ws/install/setup.ps1'
[24.842s] INFO:colcon.colcon_core.shell:Creating prefix script '/home/paul/resqbot_dev/control_ws/install/local_setup.sh'
[24.843s] INFO:colcon.colcon_core.shell:Creating prefix util module '/home/paul/resqbot_dev/control_ws/install/_local_setup_util_sh.py'
[24.844s] INFO:colcon.colcon_core.shell:Creating prefix chain script '/home/paul/resqbot_dev/control_ws/install/setup.sh'
[24.853s] INFO:colcon.colcon_core.shell:Creating prefix script '/home/paul/resqbot_dev/control_ws/install/local_setup.bash'
[24.854s] INFO:colcon.colcon_core.shell:Creating prefix chain script '/home/paul/resqbot_dev/control_ws/install/setup.bash'
[24.862s] INFO:colcon.colcon_core.shell:Creating prefix script '/home/paul/resqbot_dev/control_ws/install/local_setup.zsh'
[24.863s] INFO:colcon.colcon_core.shell:Creating prefix chain script '/home/paul/resqbot_dev/control_ws/install/setup.zsh'
