[0.190s] DEBUG:colcon:Command line arguments: ['/usr/bin/colcon', 'build', '--symlink-install', '--packages-select', 'lotti_control']
[0.191s] DEBUG:colcon:Parsed command line arguments: Namespace(log_base=None, log_level=None, verb_name='build', build_base='build', install_base='install', merge_install=False, symlink_install=True, test_result_base=None, continue_on_error=False, executor='parallel', parallel_workers=8, event_handlers=None, ignore_user_meta=False, metas=['./colcon.meta'], base_paths=['.'], packages_ignore=None, packages_ignore_regex=None, paths=None, packages_up_to=None, packages_up_to_regex=None, packages_above=None, packages_above_and_dependencies=None, packages_above_depth=None, packages_select_by_dep=None, packages_skip_by_dep=None, packages_skip_up_to=None, packages_select_build_failed=False, packages_skip_build_finished=False, packages_select_test_failures=False, packages_skip_test_passed=False, packages_select=['lotti_control'], packages_skip=None, packages_select_regex=None, packages_skip_regex=None, packages_start=None, packages_end=None, allow_overriding=[], cmake_args=None, cmake_target=None, cmake_target_skip_unavailable=False, cmake_clean_cache=False, cmake_clean_first=False, cmake_force_configure=False, ament_cmake_args=None, catkin_cmake_args=None, catkin_skip_building_tests=False, mixin_files=None, mixin=None, verb_parser=<colcon_mixin.mixin.mixin_argument.MixinArgumentDecorator object at 0x7641aeb5d8d0>, verb_extension=<colcon_core.verb.build.BuildVerb object at 0x7641aeb5d390>, main=<bound method BuildVerb.main of <colcon_core.verb.build.BuildVerb object at 0x7641aeb5d390>>, mixin_verb=('build',))
[0.404s] Level 1:colcon.colcon_core.package_discovery:discover_packages(colcon_meta) check parameters
[0.404s] Level 1:colcon.colcon_core.package_discovery:discover_packages(recursive) check parameters
[0.404s] Level 1:colcon.colcon_core.package_discovery:discover_packages(ignore) check parameters
[0.404s] Level 1:colcon.colcon_core.package_discovery:discover_packages(path) check parameters
[0.404s] Level 1:colcon.colcon_core.package_discovery:discover_packages(colcon_meta) discover
[0.404s] Level 1:colcon.colcon_core.package_discovery:discover_packages(recursive) discover
[0.404s] INFO:colcon.colcon_core.package_discovery:Crawling recursively for packages in '/home/paul/resqbot_dev'
[0.404s] Level 1:colcon.colcon_core.package_identification:_identify(.) by extensions ['ignore', 'ignore_ament_install']
[0.404s] Level 1:colcon.colcon_core.package_identification:_identify(.) by extension 'ignore'
[0.405s] Level 1:colcon.colcon_core.package_identification:_identify(.) by extension 'ignore_ament_install'
[0.405s] Level 1:colcon.colcon_core.package_identification:_identify(.) by extensions ['colcon_pkg']
[0.405s] Level 1:colcon.colcon_core.package_identification:_identify(.) by extension 'colcon_pkg'
[0.405s] Level 1:colcon.colcon_core.package_identification:_identify(.) by extensions ['colcon_meta']
[0.405s] Level 1:colcon.colcon_core.package_identification:_identify(.) by extension 'colcon_meta'
[0.405s] Level 1:colcon.colcon_core.package_identification:_identify(.) by extensions ['ros']
[0.405s] Level 1:colcon.colcon_core.package_identification:_identify(.) by extension 'ros'
[0.417s] Level 1:colcon.colcon_core.package_identification:_identify(.) by extensions ['cmake', 'python']
[0.417s] Level 1:colcon.colcon_core.package_identification:_identify(.) by extension 'cmake'
[0.417s] Level 1:colcon.colcon_core.package_identification:_identify(.) by extension 'python'
[0.417s] Level 1:colcon.colcon_core.package_identification:_identify(.) by extensions ['python_setup_py']
[0.417s] Level 1:colcon.colcon_core.package_identification:_identify(.) by extension 'python_setup_py'
[0.417s] Level 1:colcon.colcon_core.package_identification:_identify(Arduino) by extensions ['ignore', 'ignore_ament_install']
[0.417s] Level 1:colcon.colcon_core.package_identification:_identify(Arduino) by extension 'ignore'
[0.418s] Level 1:colcon.colcon_core.package_identification:_identify(Arduino) by extension 'ignore_ament_install'
[0.418s] Level 1:colcon.colcon_core.package_identification:_identify(Arduino) by extensions ['colcon_pkg']
[0.418s] Level 1:colcon.colcon_core.package_identification:_identify(Arduino) by extension 'colcon_pkg'
[0.418s] Level 1:colcon.colcon_core.package_identification:_identify(Arduino) by extensions ['colcon_meta']
[0.418s] Level 1:colcon.colcon_core.package_identification:_identify(Arduino) by extension 'colcon_meta'
[0.418s] Level 1:colcon.colcon_core.package_identification:_identify(Arduino) by extensions ['ros']
[0.418s] Level 1:colcon.colcon_core.package_identification:_identify(Arduino) by extension 'ros'
[0.418s] Level 1:colcon.colcon_core.package_identification:_identify(Arduino) by extensions ['cmake', 'python']
[0.418s] Level 1:colcon.colcon_core.package_identification:_identify(Arduino) by extension 'cmake'
[0.418s] Level 1:colcon.colcon_core.package_identification:_identify(Arduino) by extension 'python'
[0.418s] Level 1:colcon.colcon_core.package_identification:_identify(Arduino) by extensions ['python_setup_py']
[0.418s] Level 1:colcon.colcon_core.package_identification:_identify(Arduino) by extension 'python_setup_py'
[0.418s] Level 1:colcon.colcon_core.package_identification:_identify(Arduino/ResQBot_FlipperPosition_NEW_090525_copy_20250512) by extensions ['ignore', 'ignore_ament_install']
[0.418s] Level 1:colcon.colcon_core.package_identification:_identify(Arduino/ResQBot_FlipperPosition_NEW_090525_copy_20250512) by extension 'ignore'
[0.418s] Level 1:colcon.colcon_core.package_identification:_identify(Arduino/ResQBot_FlipperPosition_NEW_090525_copy_20250512) by extension 'ignore_ament_install'
[0.418s] Level 1:colcon.colcon_core.package_identification:_identify(Arduino/ResQBot_FlipperPosition_NEW_090525_copy_20250512) by extensions ['colcon_pkg']
[0.419s] Level 1:colcon.colcon_core.package_identification:_identify(Arduino/ResQBot_FlipperPosition_NEW_090525_copy_20250512) by extension 'colcon_pkg'
[0.419s] Level 1:colcon.colcon_core.package_identification:_identify(Arduino/ResQBot_FlipperPosition_NEW_090525_copy_20250512) by extensions ['colcon_meta']
[0.419s] Level 1:colcon.colcon_core.package_identification:_identify(Arduino/ResQBot_FlipperPosition_NEW_090525_copy_20250512) by extension 'colcon_meta'
[0.419s] Level 1:colcon.colcon_core.package_identification:_identify(Arduino/ResQBot_FlipperPosition_NEW_090525_copy_20250512) by extensions ['ros']
[0.419s] Level 1:colcon.colcon_core.package_identification:_identify(Arduino/ResQBot_FlipperPosition_NEW_090525_copy_20250512) by extension 'ros'
[0.419s] Level 1:colcon.colcon_core.package_identification:_identify(Arduino/ResQBot_FlipperPosition_NEW_090525_copy_20250512) by extensions ['cmake', 'python']
[0.419s] Level 1:colcon.colcon_core.package_identification:_identify(Arduino/ResQBot_FlipperPosition_NEW_090525_copy_20250512) by extension 'cmake'
[0.419s] Level 1:colcon.colcon_core.package_identification:_identify(Arduino/ResQBot_FlipperPosition_NEW_090525_copy_20250512) by extension 'python'
[0.419s] Level 1:colcon.colcon_core.package_identification:_identify(Arduino/ResQBot_FlipperPosition_NEW_090525_copy_20250512) by extensions ['python_setup_py']
[0.419s] Level 1:colcon.colcon_core.package_identification:_identify(Arduino/ResQBot_FlipperPosition_NEW_090525_copy_20250512) by extension 'python_setup_py'
[0.419s] Level 1:colcon.colcon_core.package_identification:_identify(Arduino/resq_arm_servo) by extensions ['ignore', 'ignore_ament_install']
[0.419s] Level 1:colcon.colcon_core.package_identification:_identify(Arduino/resq_arm_servo) by extension 'ignore'
[0.419s] Level 1:colcon.colcon_core.package_identification:_identify(Arduino/resq_arm_servo) by extension 'ignore_ament_install'
[0.419s] Level 1:colcon.colcon_core.package_identification:_identify(Arduino/resq_arm_servo) by extensions ['colcon_pkg']
[0.419s] Level 1:colcon.colcon_core.package_identification:_identify(Arduino/resq_arm_servo) by extension 'colcon_pkg'
[0.419s] Level 1:colcon.colcon_core.package_identification:_identify(Arduino/resq_arm_servo) by extensions ['colcon_meta']
[0.419s] Level 1:colcon.colcon_core.package_identification:_identify(Arduino/resq_arm_servo) by extension 'colcon_meta'
[0.420s] Level 1:colcon.colcon_core.package_identification:_identify(Arduino/resq_arm_servo) by extensions ['ros']
[0.420s] Level 1:colcon.colcon_core.package_identification:_identify(Arduino/resq_arm_servo) by extension 'ros'
[0.420s] Level 1:colcon.colcon_core.package_identification:_identify(Arduino/resq_arm_servo) by extensions ['cmake', 'python']
[0.420s] Level 1:colcon.colcon_core.package_identification:_identify(Arduino/resq_arm_servo) by extension 'cmake'
[0.420s] Level 1:colcon.colcon_core.package_identification:_identify(Arduino/resq_arm_servo) by extension 'python'
[0.420s] Level 1:colcon.colcon_core.package_identification:_identify(Arduino/resq_arm_servo) by extensions ['python_setup_py']
[0.420s] Level 1:colcon.colcon_core.package_identification:_identify(Arduino/resq_arm_servo) by extension 'python_setup_py'
[0.420s] Level 1:colcon.colcon_core.package_identification:_identify(build) by extensions ['ignore', 'ignore_ament_install']
[0.420s] Level 1:colcon.colcon_core.package_identification:_identify(build) by extension 'ignore'
[0.420s] Level 1:colcon.colcon_core.package_identification:_identify(build) ignored
[0.420s] Level 1:colcon.colcon_core.package_identification:_identify(control_ws) by extensions ['ignore', 'ignore_ament_install']
[0.420s] Level 1:colcon.colcon_core.package_identification:_identify(control_ws) by extension 'ignore'
[0.420s] Level 1:colcon.colcon_core.package_identification:_identify(control_ws) by extension 'ignore_ament_install'
[0.420s] Level 1:colcon.colcon_core.package_identification:_identify(control_ws) by extensions ['colcon_pkg']
[0.420s] Level 1:colcon.colcon_core.package_identification:_identify(control_ws) by extension 'colcon_pkg'
[0.421s] Level 1:colcon.colcon_core.package_identification:_identify(control_ws) by extensions ['colcon_meta']
[0.421s] Level 1:colcon.colcon_core.package_identification:_identify(control_ws) by extension 'colcon_meta'
[0.421s] Level 1:colcon.colcon_core.package_identification:_identify(control_ws) by extensions ['ros']
[0.421s] Level 1:colcon.colcon_core.package_identification:_identify(control_ws) by extension 'ros'
[0.421s] Level 1:colcon.colcon_core.package_identification:_identify(control_ws) by extensions ['cmake', 'python']
[0.421s] Level 1:colcon.colcon_core.package_identification:_identify(control_ws) by extension 'cmake'
[0.421s] Level 1:colcon.colcon_core.package_identification:_identify(control_ws) by extension 'python'
[0.421s] Level 1:colcon.colcon_core.package_identification:_identify(control_ws) by extensions ['python_setup_py']
[0.421s] Level 1:colcon.colcon_core.package_identification:_identify(control_ws) by extension 'python_setup_py'
[0.421s] Level 1:colcon.colcon_core.package_identification:_identify(control_ws/build) by extensions ['ignore', 'ignore_ament_install']
[0.421s] Level 1:colcon.colcon_core.package_identification:_identify(control_ws/build) by extension 'ignore'
[0.421s] Level 1:colcon.colcon_core.package_identification:_identify(control_ws/build) ignored
[0.421s] Level 1:colcon.colcon_core.package_identification:_identify(control_ws/install) by extensions ['ignore', 'ignore_ament_install']
[0.421s] Level 1:colcon.colcon_core.package_identification:_identify(control_ws/install) by extension 'ignore'
[0.421s] Level 1:colcon.colcon_core.package_identification:_identify(control_ws/install) ignored
[0.422s] Level 1:colcon.colcon_core.package_identification:_identify(control_ws/log) by extensions ['ignore', 'ignore_ament_install']
[0.422s] Level 1:colcon.colcon_core.package_identification:_identify(control_ws/log) by extension 'ignore'
[0.422s] Level 1:colcon.colcon_core.package_identification:_identify(control_ws/log) ignored
[0.422s] Level 1:colcon.colcon_core.package_identification:_identify(control_ws/src) by extensions ['ignore', 'ignore_ament_install']
[0.422s] Level 1:colcon.colcon_core.package_identification:_identify(control_ws/src) by extension 'ignore'
[0.422s] Level 1:colcon.colcon_core.package_identification:_identify(control_ws/src) by extension 'ignore_ament_install'
[0.422s] Level 1:colcon.colcon_core.package_identification:_identify(control_ws/src) by extensions ['colcon_pkg']
[0.422s] Level 1:colcon.colcon_core.package_identification:_identify(control_ws/src) by extension 'colcon_pkg'
[0.422s] Level 1:colcon.colcon_core.package_identification:_identify(control_ws/src) by extensions ['colcon_meta']
[0.422s] Level 1:colcon.colcon_core.package_identification:_identify(control_ws/src) by extension 'colcon_meta'
[0.422s] Level 1:colcon.colcon_core.package_identification:_identify(control_ws/src) by extensions ['ros']
[0.422s] Level 1:colcon.colcon_core.package_identification:_identify(control_ws/src) by extension 'ros'
[0.422s] Level 1:colcon.colcon_core.package_identification:_identify(control_ws/src) by extensions ['cmake', 'python']
[0.422s] Level 1:colcon.colcon_core.package_identification:_identify(control_ws/src) by extension 'cmake'
[0.422s] Level 1:colcon.colcon_core.package_identification:_identify(control_ws/src) by extension 'python'
[0.422s] Level 1:colcon.colcon_core.package_identification:_identify(control_ws/src) by extensions ['python_setup_py']
[0.423s] Level 1:colcon.colcon_core.package_identification:_identify(control_ws/src) by extension 'python_setup_py'
[0.423s] Level 1:colcon.colcon_core.package_identification:_identify(control_ws/src/lotti_control) by extensions ['ignore', 'ignore_ament_install']
[0.423s] Level 1:colcon.colcon_core.package_identification:_identify(control_ws/src/lotti_control) by extension 'ignore'
[0.423s] Level 1:colcon.colcon_core.package_identification:_identify(control_ws/src/lotti_control) by extension 'ignore_ament_install'
[0.423s] Level 1:colcon.colcon_core.package_identification:_identify(control_ws/src/lotti_control) by extensions ['colcon_pkg']
[0.423s] Level 1:colcon.colcon_core.package_identification:_identify(control_ws/src/lotti_control) by extension 'colcon_pkg'
[0.423s] Level 1:colcon.colcon_core.package_identification:_identify(control_ws/src/lotti_control) by extensions ['colcon_meta']
[0.423s] Level 1:colcon.colcon_core.package_identification:_identify(control_ws/src/lotti_control) by extension 'colcon_meta'
[0.423s] Level 1:colcon.colcon_core.package_identification:_identify(control_ws/src/lotti_control) by extensions ['ros']
[0.423s] Level 1:colcon.colcon_core.package_identification:_identify(control_ws/src/lotti_control) by extension 'ros'
[0.428s] DEBUG:colcon.colcon_core.package_identification:Package 'control_ws/src/lotti_control' with type 'ros.ament_cmake' and name 'lotti_control'
[0.429s] Level 1:colcon.colcon_core.package_identification:_identify(control_ws/src/lotti_drive_controller) by extensions ['ignore', 'ignore_ament_install']
[0.429s] Level 1:colcon.colcon_core.package_identification:_identify(control_ws/src/lotti_drive_controller) by extension 'ignore'
[0.429s] Level 1:colcon.colcon_core.package_identification:_identify(control_ws/src/lotti_drive_controller) by extension 'ignore_ament_install'
[0.429s] Level 1:colcon.colcon_core.package_identification:_identify(control_ws/src/lotti_drive_controller) by extensions ['colcon_pkg']
[0.429s] Level 1:colcon.colcon_core.package_identification:_identify(control_ws/src/lotti_drive_controller) by extension 'colcon_pkg'
[0.429s] Level 1:colcon.colcon_core.package_identification:_identify(control_ws/src/lotti_drive_controller) by extensions ['colcon_meta']
[0.429s] Level 1:colcon.colcon_core.package_identification:_identify(control_ws/src/lotti_drive_controller) by extension 'colcon_meta'
[0.429s] Level 1:colcon.colcon_core.package_identification:_identify(control_ws/src/lotti_drive_controller) by extensions ['ros']
[0.429s] Level 1:colcon.colcon_core.package_identification:_identify(control_ws/src/lotti_drive_controller) by extension 'ros'
[0.431s] DEBUG:colcon.colcon_core.package_identification:Package 'control_ws/src/lotti_drive_controller' with type 'ros.ament_cmake' and name 'lotti_drive_controller'
[0.431s] Level 1:colcon.colcon_core.package_identification:_identify(control_ws/src/lotti_flipper_controller) by extensions ['ignore', 'ignore_ament_install']
[0.431s] Level 1:colcon.colcon_core.package_identification:_identify(control_ws/src/lotti_flipper_controller) by extension 'ignore'
[0.431s] Level 1:colcon.colcon_core.package_identification:_identify(control_ws/src/lotti_flipper_controller) by extension 'ignore_ament_install'
[0.431s] Level 1:colcon.colcon_core.package_identification:_identify(control_ws/src/lotti_flipper_controller) by extensions ['colcon_pkg']
[0.431s] Level 1:colcon.colcon_core.package_identification:_identify(control_ws/src/lotti_flipper_controller) by extension 'colcon_pkg'
[0.431s] Level 1:colcon.colcon_core.package_identification:_identify(control_ws/src/lotti_flipper_controller) by extensions ['colcon_meta']
[0.431s] Level 1:colcon.colcon_core.package_identification:_identify(control_ws/src/lotti_flipper_controller) by extension 'colcon_meta'
[0.431s] Level 1:colcon.colcon_core.package_identification:_identify(control_ws/src/lotti_flipper_controller) by extensions ['ros']
[0.432s] Level 1:colcon.colcon_core.package_identification:_identify(control_ws/src/lotti_flipper_controller) by extension 'ros'
[0.433s] DEBUG:colcon.colcon_core.package_identification:Package 'control_ws/src/lotti_flipper_controller' with type 'ros.ament_cmake' and name 'lotti_flipper_controller'
[0.433s] Level 1:colcon.colcon_core.package_identification:_identify(control_ws/src/lotti_lidar_tf) by extensions ['ignore', 'ignore_ament_install']
[0.433s] Level 1:colcon.colcon_core.package_identification:_identify(control_ws/src/lotti_lidar_tf) by extension 'ignore'
[0.433s] Level 1:colcon.colcon_core.package_identification:_identify(control_ws/src/lotti_lidar_tf) by extension 'ignore_ament_install'
[0.433s] Level 1:colcon.colcon_core.package_identification:_identify(control_ws/src/lotti_lidar_tf) by extensions ['colcon_pkg']
[0.433s] Level 1:colcon.colcon_core.package_identification:_identify(control_ws/src/lotti_lidar_tf) by extension 'colcon_pkg'
[0.434s] Level 1:colcon.colcon_core.package_identification:_identify(control_ws/src/lotti_lidar_tf) by extensions ['colcon_meta']
[0.434s] Level 1:colcon.colcon_core.package_identification:_identify(control_ws/src/lotti_lidar_tf) by extension 'colcon_meta'
[0.434s] Level 1:colcon.colcon_core.package_identification:_identify(control_ws/src/lotti_lidar_tf) by extensions ['ros']
[0.434s] Level 1:colcon.colcon_core.package_identification:_identify(control_ws/src/lotti_lidar_tf) by extension 'ros'
[0.434s] DEBUG:colcon.colcon_core.package_identification:Package 'control_ws/src/lotti_lidar_tf' with type 'ros.ament_python' and name 'lotti_lidar_tf'
[0.434s] Level 1:colcon.colcon_core.package_identification:_identify(control_ws/src/lotti_moveit_config) by extensions ['ignore', 'ignore_ament_install']
[0.434s] Level 1:colcon.colcon_core.package_identification:_identify(control_ws/src/lotti_moveit_config) by extension 'ignore'
[0.434s] Level 1:colcon.colcon_core.package_identification:_identify(control_ws/src/lotti_moveit_config) by extension 'ignore_ament_install'
[0.435s] Level 1:colcon.colcon_core.package_identification:_identify(control_ws/src/lotti_moveit_config) by extensions ['colcon_pkg']
[0.435s] Level 1:colcon.colcon_core.package_identification:_identify(control_ws/src/lotti_moveit_config) by extension 'colcon_pkg'
[0.435s] Level 1:colcon.colcon_core.package_identification:_identify(control_ws/src/lotti_moveit_config) by extensions ['colcon_meta']
[0.435s] Level 1:colcon.colcon_core.package_identification:_identify(control_ws/src/lotti_moveit_config) by extension 'colcon_meta'
[0.435s] Level 1:colcon.colcon_core.package_identification:_identify(control_ws/src/lotti_moveit_config) by extensions ['ros']
[0.435s] Level 1:colcon.colcon_core.package_identification:_identify(control_ws/src/lotti_moveit_config) by extension 'ros'
[0.450s] DEBUG:colcon.colcon_core.package_identification:Package 'control_ws/src/lotti_moveit_config' with type 'ros.ament_cmake' and name 'lotti_moveit_config'
[0.450s] Level 1:colcon.colcon_core.package_identification:_identify(control_ws/src/lotti_teleop) by extensions ['ignore', 'ignore_ament_install']
[0.450s] Level 1:colcon.colcon_core.package_identification:_identify(control_ws/src/lotti_teleop) by extension 'ignore'
[0.450s] Level 1:colcon.colcon_core.package_identification:_identify(control_ws/src/lotti_teleop) by extension 'ignore_ament_install'
[0.450s] Level 1:colcon.colcon_core.package_identification:_identify(control_ws/src/lotti_teleop) by extensions ['colcon_pkg']
[0.451s] Level 1:colcon.colcon_core.package_identification:_identify(control_ws/src/lotti_teleop) by extension 'colcon_pkg'
[0.451s] Level 1:colcon.colcon_core.package_identification:_identify(control_ws/src/lotti_teleop) by extensions ['colcon_meta']
[0.451s] Level 1:colcon.colcon_core.package_identification:_identify(control_ws/src/lotti_teleop) by extension 'colcon_meta'
[0.451s] Level 1:colcon.colcon_core.package_identification:_identify(control_ws/src/lotti_teleop) by extensions ['ros']
[0.451s] Level 1:colcon.colcon_core.package_identification:_identify(control_ws/src/lotti_teleop) by extension 'ros'
[0.451s] DEBUG:colcon.colcon_core.package_identification:Package 'control_ws/src/lotti_teleop' with type 'ros.ament_python' and name 'lotti_teleop'
[0.452s] Level 1:colcon.colcon_core.package_identification:_identify(eigen_ws) by extensions ['ignore', 'ignore_ament_install']
[0.452s] Level 1:colcon.colcon_core.package_identification:_identify(eigen_ws) by extension 'ignore'
[0.452s] Level 1:colcon.colcon_core.package_identification:_identify(eigen_ws) by extension 'ignore_ament_install'
[0.452s] Level 1:colcon.colcon_core.package_identification:_identify(eigen_ws) by extensions ['colcon_pkg']
[0.452s] Level 1:colcon.colcon_core.package_identification:_identify(eigen_ws) by extension 'colcon_pkg'
[0.452s] Level 1:colcon.colcon_core.package_identification:_identify(eigen_ws) by extensions ['colcon_meta']
[0.452s] Level 1:colcon.colcon_core.package_identification:_identify(eigen_ws) by extension 'colcon_meta'
[0.452s] Level 1:colcon.colcon_core.package_identification:_identify(eigen_ws) by extensions ['ros']
[0.452s] Level 1:colcon.colcon_core.package_identification:_identify(eigen_ws) by extension 'ros'
[0.452s] Level 1:colcon.colcon_core.package_identification:_identify(eigen_ws) by extensions ['cmake', 'python']
[0.452s] Level 1:colcon.colcon_core.package_identification:_identify(eigen_ws) by extension 'cmake'
[0.452s] Level 1:colcon.colcon_core.package_identification:_identify(eigen_ws) by extension 'python'
[0.452s] Level 1:colcon.colcon_core.package_identification:_identify(eigen_ws) by extensions ['python_setup_py']
[0.452s] Level 1:colcon.colcon_core.package_identification:_identify(eigen_ws) by extension 'python_setup_py'
[0.452s] Level 1:colcon.colcon_core.package_identification:_identify(eigen_ws/src) by extensions ['ignore', 'ignore_ament_install']
[0.453s] Level 1:colcon.colcon_core.package_identification:_identify(eigen_ws/src) by extension 'ignore'
[0.453s] Level 1:colcon.colcon_core.package_identification:_identify(eigen_ws/src) by extension 'ignore_ament_install'
[0.453s] Level 1:colcon.colcon_core.package_identification:_identify(eigen_ws/src) by extensions ['colcon_pkg']
[0.453s] Level 1:colcon.colcon_core.package_identification:_identify(eigen_ws/src) by extension 'colcon_pkg'
[0.453s] Level 1:colcon.colcon_core.package_identification:_identify(eigen_ws/src) by extensions ['colcon_meta']
[0.453s] Level 1:colcon.colcon_core.package_identification:_identify(eigen_ws/src) by extension 'colcon_meta'
[0.453s] Level 1:colcon.colcon_core.package_identification:_identify(eigen_ws/src) by extensions ['ros']
[0.453s] Level 1:colcon.colcon_core.package_identification:_identify(eigen_ws/src) by extension 'ros'
[0.453s] Level 1:colcon.colcon_core.package_identification:_identify(eigen_ws/src) by extensions ['cmake', 'python']
[0.453s] Level 1:colcon.colcon_core.package_identification:_identify(eigen_ws/src) by extension 'cmake'
[0.453s] Level 1:colcon.colcon_core.package_identification:_identify(eigen_ws/src) by extension 'python'
[0.453s] Level 1:colcon.colcon_core.package_identification:_identify(eigen_ws/src) by extensions ['python_setup_py']
[0.453s] Level 1:colcon.colcon_core.package_identification:_identify(eigen_ws/src) by extension 'python_setup_py'
[0.453s] Level 1:colcon.colcon_core.package_identification:_identify(eigen_ws/src/eigen) by extensions ['ignore', 'ignore_ament_install']
[0.453s] Level 1:colcon.colcon_core.package_identification:_identify(eigen_ws/src/eigen) by extension 'ignore'
[0.453s] Level 1:colcon.colcon_core.package_identification:_identify(eigen_ws/src/eigen) by extension 'ignore_ament_install'
[0.454s] Level 1:colcon.colcon_core.package_identification:_identify(eigen_ws/src/eigen) by extensions ['colcon_pkg']
[0.454s] Level 1:colcon.colcon_core.package_identification:_identify(eigen_ws/src/eigen) by extension 'colcon_pkg'
[0.454s] Level 1:colcon.colcon_core.package_identification:_identify(eigen_ws/src/eigen) by extensions ['colcon_meta']
[0.454s] Level 1:colcon.colcon_core.package_identification:_identify(eigen_ws/src/eigen) by extension 'colcon_meta'
[0.454s] Level 1:colcon.colcon_core.package_identification:_identify(eigen_ws/src/eigen) by extensions ['ros']
[0.454s] Level 1:colcon.colcon_core.package_identification:_identify(eigen_ws/src/eigen) by extension 'ros'
[0.454s] Level 1:colcon.colcon_core.package_identification:_identify(eigen_ws/src/eigen) by extensions ['cmake', 'python']
[0.454s] Level 1:colcon.colcon_core.package_identification:_identify(eigen_ws/src/eigen) by extension 'cmake'
[0.512s] Level 1:colcon.colcon_core.package_identification:_identify(eigen_ws/src/eigen) by extension 'python'
[0.512s] DEBUG:colcon.colcon_core.package_identification:Package 'eigen_ws/src/eigen' with type 'cmake' and name 'Eigen3'
[0.512s] Level 1:colcon.colcon_core.package_identification:_identify(fast_lio_ws) by extensions ['ignore', 'ignore_ament_install']
[0.512s] Level 1:colcon.colcon_core.package_identification:_identify(fast_lio_ws) by extension 'ignore'
[0.512s] Level 1:colcon.colcon_core.package_identification:_identify(fast_lio_ws) by extension 'ignore_ament_install'
[0.512s] Level 1:colcon.colcon_core.package_identification:_identify(fast_lio_ws) by extensions ['colcon_pkg']
[0.512s] Level 1:colcon.colcon_core.package_identification:_identify(fast_lio_ws) by extension 'colcon_pkg'
[0.512s] Level 1:colcon.colcon_core.package_identification:_identify(fast_lio_ws) by extensions ['colcon_meta']
[0.512s] Level 1:colcon.colcon_core.package_identification:_identify(fast_lio_ws) by extension 'colcon_meta'
[0.512s] Level 1:colcon.colcon_core.package_identification:_identify(fast_lio_ws) by extensions ['ros']
[0.512s] Level 1:colcon.colcon_core.package_identification:_identify(fast_lio_ws) by extension 'ros'
[0.512s] Level 1:colcon.colcon_core.package_identification:_identify(fast_lio_ws) by extensions ['cmake', 'python']
[0.512s] Level 1:colcon.colcon_core.package_identification:_identify(fast_lio_ws) by extension 'cmake'
[0.513s] Level 1:colcon.colcon_core.package_identification:_identify(fast_lio_ws) by extension 'python'
[0.513s] Level 1:colcon.colcon_core.package_identification:_identify(fast_lio_ws) by extensions ['python_setup_py']
[0.513s] Level 1:colcon.colcon_core.package_identification:_identify(fast_lio_ws) by extension 'python_setup_py'
[0.513s] Level 1:colcon.colcon_core.package_identification:_identify(fast_lio_ws/src) by extensions ['ignore', 'ignore_ament_install']
[0.513s] Level 1:colcon.colcon_core.package_identification:_identify(fast_lio_ws/src) by extension 'ignore'
[0.513s] Level 1:colcon.colcon_core.package_identification:_identify(fast_lio_ws/src) by extension 'ignore_ament_install'
[0.513s] Level 1:colcon.colcon_core.package_identification:_identify(fast_lio_ws/src) by extensions ['colcon_pkg']
[0.513s] Level 1:colcon.colcon_core.package_identification:_identify(fast_lio_ws/src) by extension 'colcon_pkg'
[0.513s] Level 1:colcon.colcon_core.package_identification:_identify(fast_lio_ws/src) by extensions ['colcon_meta']
[0.513s] Level 1:colcon.colcon_core.package_identification:_identify(fast_lio_ws/src) by extension 'colcon_meta'
[0.513s] Level 1:colcon.colcon_core.package_identification:_identify(fast_lio_ws/src) by extensions ['ros']
[0.513s] Level 1:colcon.colcon_core.package_identification:_identify(fast_lio_ws/src) by extension 'ros'
[0.513s] Level 1:colcon.colcon_core.package_identification:_identify(fast_lio_ws/src) by extensions ['cmake', 'python']
[0.513s] Level 1:colcon.colcon_core.package_identification:_identify(fast_lio_ws/src) by extension 'cmake'
[0.513s] Level 1:colcon.colcon_core.package_identification:_identify(fast_lio_ws/src) by extension 'python'
[0.513s] Level 1:colcon.colcon_core.package_identification:_identify(fast_lio_ws/src) by extensions ['python_setup_py']
[0.513s] Level 1:colcon.colcon_core.package_identification:_identify(fast_lio_ws/src) by extension 'python_setup_py'
[0.514s] Level 1:colcon.colcon_core.package_identification:_identify(fast_lio_ws/src/FAST_LIO_ROS2) by extensions ['ignore', 'ignore_ament_install']
[0.514s] Level 1:colcon.colcon_core.package_identification:_identify(fast_lio_ws/src/FAST_LIO_ROS2) by extension 'ignore'
[0.514s] Level 1:colcon.colcon_core.package_identification:_identify(fast_lio_ws/src/FAST_LIO_ROS2) by extension 'ignore_ament_install'
[0.514s] Level 1:colcon.colcon_core.package_identification:_identify(fast_lio_ws/src/FAST_LIO_ROS2) by extensions ['colcon_pkg']
[0.514s] Level 1:colcon.colcon_core.package_identification:_identify(fast_lio_ws/src/FAST_LIO_ROS2) by extension 'colcon_pkg'
[0.514s] Level 1:colcon.colcon_core.package_identification:_identify(fast_lio_ws/src/FAST_LIO_ROS2) by extensions ['colcon_meta']
[0.514s] Level 1:colcon.colcon_core.package_identification:_identify(fast_lio_ws/src/FAST_LIO_ROS2) by extension 'colcon_meta'
[0.514s] Level 1:colcon.colcon_core.package_identification:_identify(fast_lio_ws/src/FAST_LIO_ROS2) by extensions ['ros']
[0.514s] Level 1:colcon.colcon_core.package_identification:_identify(fast_lio_ws/src/FAST_LIO_ROS2) by extension 'ros'
[0.516s] DEBUG:colcon.colcon_core.package_identification:Package 'fast_lio_ws/src/FAST_LIO_ROS2' with type 'ros.ament_cmake' and name 'fast_lio'
[0.516s] Level 1:colcon.colcon_core.package_identification:_identify(install) by extensions ['ignore', 'ignore_ament_install']
[0.516s] Level 1:colcon.colcon_core.package_identification:_identify(install) by extension 'ignore'
[0.516s] Level 1:colcon.colcon_core.package_identification:_identify(install) ignored
[0.516s] Level 1:colcon.colcon_core.package_identification:_identify(livox_ws) by extensions ['ignore', 'ignore_ament_install']
[0.516s] Level 1:colcon.colcon_core.package_identification:_identify(livox_ws) by extension 'ignore'
[0.516s] Level 1:colcon.colcon_core.package_identification:_identify(livox_ws) by extension 'ignore_ament_install'
[0.517s] Level 1:colcon.colcon_core.package_identification:_identify(livox_ws) by extensions ['colcon_pkg']
[0.517s] Level 1:colcon.colcon_core.package_identification:_identify(livox_ws) by extension 'colcon_pkg'
[0.517s] Level 1:colcon.colcon_core.package_identification:_identify(livox_ws) by extensions ['colcon_meta']
[0.517s] Level 1:colcon.colcon_core.package_identification:_identify(livox_ws) by extension 'colcon_meta'
[0.517s] Level 1:colcon.colcon_core.package_identification:_identify(livox_ws) by extensions ['ros']
[0.517s] Level 1:colcon.colcon_core.package_identification:_identify(livox_ws) by extension 'ros'
[0.517s] Level 1:colcon.colcon_core.package_identification:_identify(livox_ws) by extensions ['cmake', 'python']
[0.517s] Level 1:colcon.colcon_core.package_identification:_identify(livox_ws) by extension 'cmake'
[0.517s] Level 1:colcon.colcon_core.package_identification:_identify(livox_ws) by extension 'python'
[0.517s] Level 1:colcon.colcon_core.package_identification:_identify(livox_ws) by extensions ['python_setup_py']
[0.517s] Level 1:colcon.colcon_core.package_identification:_identify(livox_ws) by extension 'python_setup_py'
[0.517s] Level 1:colcon.colcon_core.package_identification:_identify(livox_ws/src) by extensions ['ignore', 'ignore_ament_install']
[0.517s] Level 1:colcon.colcon_core.package_identification:_identify(livox_ws/src) by extension 'ignore'
[0.517s] Level 1:colcon.colcon_core.package_identification:_identify(livox_ws/src) by extension 'ignore_ament_install'
[0.517s] Level 1:colcon.colcon_core.package_identification:_identify(livox_ws/src) by extensions ['colcon_pkg']
[0.517s] Level 1:colcon.colcon_core.package_identification:_identify(livox_ws/src) by extension 'colcon_pkg'
[0.517s] Level 1:colcon.colcon_core.package_identification:_identify(livox_ws/src) by extensions ['colcon_meta']
[0.517s] Level 1:colcon.colcon_core.package_identification:_identify(livox_ws/src) by extension 'colcon_meta'
[0.518s] Level 1:colcon.colcon_core.package_identification:_identify(livox_ws/src) by extensions ['ros']
[0.518s] Level 1:colcon.colcon_core.package_identification:_identify(livox_ws/src) by extension 'ros'
[0.518s] Level 1:colcon.colcon_core.package_identification:_identify(livox_ws/src) by extensions ['cmake', 'python']
[0.518s] Level 1:colcon.colcon_core.package_identification:_identify(livox_ws/src) by extension 'cmake'
[0.518s] Level 1:colcon.colcon_core.package_identification:_identify(livox_ws/src) by extension 'python'
[0.518s] Level 1:colcon.colcon_core.package_identification:_identify(livox_ws/src) by extensions ['python_setup_py']
[0.518s] Level 1:colcon.colcon_core.package_identification:_identify(livox_ws/src) by extension 'python_setup_py'
[0.518s] Level 1:colcon.colcon_core.package_identification:_identify(livox_ws/src/Livox-SDK2) by extensions ['ignore', 'ignore_ament_install']
[0.518s] Level 1:colcon.colcon_core.package_identification:_identify(livox_ws/src/Livox-SDK2) by extension 'ignore'
[0.518s] Level 1:colcon.colcon_core.package_identification:_identify(livox_ws/src/Livox-SDK2) by extension 'ignore_ament_install'
[0.518s] Level 1:colcon.colcon_core.package_identification:_identify(livox_ws/src/Livox-SDK2) by extensions ['colcon_pkg']
[0.518s] Level 1:colcon.colcon_core.package_identification:_identify(livox_ws/src/Livox-SDK2) by extension 'colcon_pkg'
[0.518s] Level 1:colcon.colcon_core.package_identification:_identify(livox_ws/src/Livox-SDK2) by extensions ['colcon_meta']
[0.518s] Level 1:colcon.colcon_core.package_identification:_identify(livox_ws/src/Livox-SDK2) by extension 'colcon_meta'
[0.518s] Level 1:colcon.colcon_core.package_identification:_identify(livox_ws/src/Livox-SDK2) by extensions ['ros']
[0.518s] Level 1:colcon.colcon_core.package_identification:_identify(livox_ws/src/Livox-SDK2) by extension 'ros'
[0.519s] Level 1:colcon.colcon_core.package_identification:_identify(livox_ws/src/Livox-SDK2) by extensions ['cmake', 'python']
[0.519s] Level 1:colcon.colcon_core.package_identification:_identify(livox_ws/src/Livox-SDK2) by extension 'cmake'
[0.523s] Level 1:colcon.colcon_core.package_identification:_identify(livox_ws/src/Livox-SDK2) by extension 'python'
[0.523s] DEBUG:colcon.colcon_core.package_identification:Package 'livox_ws/src/Livox-SDK2' with type 'cmake' and name 'livox_sdk2'
[0.523s] Level 1:colcon.colcon_core.package_identification:_identify(livox_ws/src/livox_ros_driver2) by extensions ['ignore', 'ignore_ament_install']
[0.523s] Level 1:colcon.colcon_core.package_identification:_identify(livox_ws/src/livox_ros_driver2) by extension 'ignore'
[0.523s] Level 1:colcon.colcon_core.package_identification:_identify(livox_ws/src/livox_ros_driver2) by extension 'ignore_ament_install'
[0.523s] Level 1:colcon.colcon_core.package_identification:_identify(livox_ws/src/livox_ros_driver2) by extensions ['colcon_pkg']
[0.523s] Level 1:colcon.colcon_core.package_identification:_identify(livox_ws/src/livox_ros_driver2) by extension 'colcon_pkg'
[0.523s] Level 1:colcon.colcon_core.package_identification:_identify(livox_ws/src/livox_ros_driver2) by extensions ['colcon_meta']
[0.523s] Level 1:colcon.colcon_core.package_identification:_identify(livox_ws/src/livox_ros_driver2) by extension 'colcon_meta'
[0.523s] Level 1:colcon.colcon_core.package_identification:_identify(livox_ws/src/livox_ros_driver2) by extensions ['ros']
[0.523s] Level 1:colcon.colcon_core.package_identification:_identify(livox_ws/src/livox_ros_driver2) by extension 'ros'
[0.523s] Level 1:colcon.colcon_core.package_identification:_identify(livox_ws/src/livox_ros_driver2) by extensions ['cmake', 'python']
[0.523s] Level 1:colcon.colcon_core.package_identification:_identify(livox_ws/src/livox_ros_driver2) by extension 'cmake'
[0.526s] Level 1:colcon.colcon_core.package_identification:_identify(livox_ws/src/livox_ros_driver2) by extension 'python'
[0.526s] DEBUG:colcon.colcon_core.package_identification:Package 'livox_ws/src/livox_ros_driver2' with type 'cmake' and name 'livox_ros_driver2'
[0.526s] Level 1:colcon.colcon_core.package_identification:_identify(log) by extensions ['ignore', 'ignore_ament_install']
[0.526s] Level 1:colcon.colcon_core.package_identification:_identify(log) by extension 'ignore'
[0.526s] Level 1:colcon.colcon_core.package_identification:_identify(log) ignored
[0.526s] Level 1:colcon.colcon_core.package_identification:_identify(old stuff) by extensions ['ignore', 'ignore_ament_install']
[0.526s] Level 1:colcon.colcon_core.package_identification:_identify(old stuff) by extension 'ignore'
[0.526s] Level 1:colcon.colcon_core.package_identification:_identify(old stuff) by extension 'ignore_ament_install'
[0.526s] Level 1:colcon.colcon_core.package_identification:_identify(old stuff) by extensions ['colcon_pkg']
[0.526s] Level 1:colcon.colcon_core.package_identification:_identify(old stuff) by extension 'colcon_pkg'
[0.526s] Level 1:colcon.colcon_core.package_identification:_identify(old stuff) by extensions ['colcon_meta']
[0.526s] Level 1:colcon.colcon_core.package_identification:_identify(old stuff) by extension 'colcon_meta'
[0.526s] Level 1:colcon.colcon_core.package_identification:_identify(old stuff) by extensions ['ros']
[0.526s] Level 1:colcon.colcon_core.package_identification:_identify(old stuff) by extension 'ros'
[0.527s] Level 1:colcon.colcon_core.package_identification:_identify(old stuff) by extensions ['cmake', 'python']
[0.527s] Level 1:colcon.colcon_core.package_identification:_identify(old stuff) by extension 'cmake'
[0.527s] Level 1:colcon.colcon_core.package_identification:_identify(old stuff) by extension 'python'
[0.527s] Level 1:colcon.colcon_core.package_identification:_identify(old stuff) by extensions ['python_setup_py']
[0.527s] Level 1:colcon.colcon_core.package_identification:_identify(old stuff) by extension 'python_setup_py'
[0.527s] Level 1:colcon.colcon_core.package_identification:_identify(old stuff/control_ws) by extensions ['ignore', 'ignore_ament_install']
[0.527s] Level 1:colcon.colcon_core.package_identification:_identify(old stuff/control_ws) by extension 'ignore'
[0.527s] Level 1:colcon.colcon_core.package_identification:_identify(old stuff/control_ws) by extension 'ignore_ament_install'
[0.527s] Level 1:colcon.colcon_core.package_identification:_identify(old stuff/control_ws) by extensions ['colcon_pkg']
[0.527s] Level 1:colcon.colcon_core.package_identification:_identify(old stuff/control_ws) by extension 'colcon_pkg'
[0.527s] Level 1:colcon.colcon_core.package_identification:_identify(old stuff/control_ws) by extensions ['colcon_meta']
[0.527s] Level 1:colcon.colcon_core.package_identification:_identify(old stuff/control_ws) by extension 'colcon_meta'
[0.527s] Level 1:colcon.colcon_core.package_identification:_identify(old stuff/control_ws) by extensions ['ros']
[0.527s] Level 1:colcon.colcon_core.package_identification:_identify(old stuff/control_ws) by extension 'ros'
[0.527s] Level 1:colcon.colcon_core.package_identification:_identify(old stuff/control_ws) by extensions ['cmake', 'python']
[0.527s] Level 1:colcon.colcon_core.package_identification:_identify(old stuff/control_ws) by extension 'cmake'
[0.528s] Level 1:colcon.colcon_core.package_identification:_identify(old stuff/control_ws) by extension 'python'
[0.528s] Level 1:colcon.colcon_core.package_identification:_identify(old stuff/control_ws) by extensions ['python_setup_py']
[0.528s] Level 1:colcon.colcon_core.package_identification:_identify(old stuff/control_ws) by extension 'python_setup_py'
[0.528s] Level 1:colcon.colcon_core.package_identification:_identify(old stuff/control_ws/src) by extensions ['ignore', 'ignore_ament_install']
[0.528s] Level 1:colcon.colcon_core.package_identification:_identify(old stuff/control_ws/src) by extension 'ignore'
[0.528s] Level 1:colcon.colcon_core.package_identification:_identify(old stuff/control_ws/src) by extension 'ignore_ament_install'
[0.528s] Level 1:colcon.colcon_core.package_identification:_identify(old stuff/control_ws/src) by extensions ['colcon_pkg']
[0.528s] Level 1:colcon.colcon_core.package_identification:_identify(old stuff/control_ws/src) by extension 'colcon_pkg'
[0.528s] Level 1:colcon.colcon_core.package_identification:_identify(old stuff/control_ws/src) by extensions ['colcon_meta']
[0.528s] Level 1:colcon.colcon_core.package_identification:_identify(old stuff/control_ws/src) by extension 'colcon_meta'
[0.528s] Level 1:colcon.colcon_core.package_identification:_identify(old stuff/control_ws/src) by extensions ['ros']
[0.528s] Level 1:colcon.colcon_core.package_identification:_identify(old stuff/control_ws/src) by extension 'ros'
[0.528s] Level 1:colcon.colcon_core.package_identification:_identify(old stuff/control_ws/src) by extensions ['cmake', 'python']
[0.528s] Level 1:colcon.colcon_core.package_identification:_identify(old stuff/control_ws/src) by extension 'cmake'
[0.528s] Level 1:colcon.colcon_core.package_identification:_identify(old stuff/control_ws/src) by extension 'python'
[0.528s] Level 1:colcon.colcon_core.package_identification:_identify(old stuff/control_ws/src) by extensions ['python_setup_py']
[0.528s] Level 1:colcon.colcon_core.package_identification:_identify(old stuff/control_ws/src) by extension 'python_setup_py'
[0.529s] Level 1:colcon.colcon_core.package_identification:_identify(old stuff/control_ws/src/lotti_control) by extensions ['ignore', 'ignore_ament_install']
[0.529s] Level 1:colcon.colcon_core.package_identification:_identify(old stuff/control_ws/src/lotti_control) by extension 'ignore'
[0.529s] Level 1:colcon.colcon_core.package_identification:_identify(old stuff/control_ws/src/lotti_control) by extension 'ignore_ament_install'
[0.529s] Level 1:colcon.colcon_core.package_identification:_identify(old stuff/control_ws/src/lotti_control) by extensions ['colcon_pkg']
[0.529s] Level 1:colcon.colcon_core.package_identification:_identify(old stuff/control_ws/src/lotti_control) by extension 'colcon_pkg'
[0.529s] Level 1:colcon.colcon_core.package_identification:_identify(old stuff/control_ws/src/lotti_control) by extensions ['colcon_meta']
[0.529s] Level 1:colcon.colcon_core.package_identification:_identify(old stuff/control_ws/src/lotti_control) by extension 'colcon_meta'
[0.529s] Level 1:colcon.colcon_core.package_identification:_identify(old stuff/control_ws/src/lotti_control) by extensions ['ros']
[0.529s] Level 1:colcon.colcon_core.package_identification:_identify(old stuff/control_ws/src/lotti_control) by extension 'ros'
[0.531s] DEBUG:colcon.colcon_core.package_identification:Package 'old stuff/control_ws/src/lotti_control' with type 'ros.ament_cmake' and name 'lotti_control'
[0.531s] Level 1:colcon.colcon_core.package_identification:_identify(old stuff/control_ws/src/lotti_flipper_controller) by extensions ['ignore', 'ignore_ament_install']
[0.532s] Level 1:colcon.colcon_core.package_identification:_identify(old stuff/control_ws/src/lotti_flipper_controller) by extension 'ignore'
[0.532s] Level 1:colcon.colcon_core.package_identification:_identify(old stuff/control_ws/src/lotti_flipper_controller) by extension 'ignore_ament_install'
[0.532s] Level 1:colcon.colcon_core.package_identification:_identify(old stuff/control_ws/src/lotti_flipper_controller) by extensions ['colcon_pkg']
[0.532s] Level 1:colcon.colcon_core.package_identification:_identify(old stuff/control_ws/src/lotti_flipper_controller) by extension 'colcon_pkg'
[0.532s] Level 1:colcon.colcon_core.package_identification:_identify(old stuff/control_ws/src/lotti_flipper_controller) by extensions ['colcon_meta']
[0.532s] Level 1:colcon.colcon_core.package_identification:_identify(old stuff/control_ws/src/lotti_flipper_controller) by extension 'colcon_meta'
[0.532s] Level 1:colcon.colcon_core.package_identification:_identify(old stuff/control_ws/src/lotti_flipper_controller) by extensions ['ros']
[0.532s] Level 1:colcon.colcon_core.package_identification:_identify(old stuff/control_ws/src/lotti_flipper_controller) by extension 'ros'
[0.534s] DEBUG:colcon.colcon_core.package_identification:Package 'old stuff/control_ws/src/lotti_flipper_controller' with type 'ros.ament_cmake' and name 'lotti_flipper_controller'
[0.534s] Level 1:colcon.colcon_core.package_identification:_identify(old stuff/control_ws/src/lotti_moveit_config) by extensions ['ignore', 'ignore_ament_install']
[0.534s] Level 1:colcon.colcon_core.package_identification:_identify(old stuff/control_ws/src/lotti_moveit_config) by extension 'ignore'
[0.534s] Level 1:colcon.colcon_core.package_identification:_identify(old stuff/control_ws/src/lotti_moveit_config) by extension 'ignore_ament_install'
[0.534s] Level 1:colcon.colcon_core.package_identification:_identify(old stuff/control_ws/src/lotti_moveit_config) by extensions ['colcon_pkg']
[0.534s] Level 1:colcon.colcon_core.package_identification:_identify(old stuff/control_ws/src/lotti_moveit_config) by extension 'colcon_pkg'
[0.534s] Level 1:colcon.colcon_core.package_identification:_identify(old stuff/control_ws/src/lotti_moveit_config) by extensions ['colcon_meta']
[0.534s] Level 1:colcon.colcon_core.package_identification:_identify(old stuff/control_ws/src/lotti_moveit_config) by extension 'colcon_meta'
[0.534s] Level 1:colcon.colcon_core.package_identification:_identify(old stuff/control_ws/src/lotti_moveit_config) by extensions ['ros']
[0.534s] Level 1:colcon.colcon_core.package_identification:_identify(old stuff/control_ws/src/lotti_moveit_config) by extension 'ros'
[0.536s] DEBUG:colcon.colcon_core.package_identification:Package 'old stuff/control_ws/src/lotti_moveit_config' with type 'ros.ament_cmake' and name 'lotti_moveit_config'
[0.536s] Level 1:colcon.colcon_core.package_identification:_identify(old stuff/control_ws/src/lotti_teleop) by extensions ['ignore', 'ignore_ament_install']
[0.536s] Level 1:colcon.colcon_core.package_identification:_identify(old stuff/control_ws/src/lotti_teleop) by extension 'ignore'
[0.536s] Level 1:colcon.colcon_core.package_identification:_identify(old stuff/control_ws/src/lotti_teleop) by extension 'ignore_ament_install'
[0.536s] Level 1:colcon.colcon_core.package_identification:_identify(old stuff/control_ws/src/lotti_teleop) by extensions ['colcon_pkg']
[0.536s] Level 1:colcon.colcon_core.package_identification:_identify(old stuff/control_ws/src/lotti_teleop) by extension 'colcon_pkg'
[0.536s] Level 1:colcon.colcon_core.package_identification:_identify(old stuff/control_ws/src/lotti_teleop) by extensions ['colcon_meta']
[0.536s] Level 1:colcon.colcon_core.package_identification:_identify(old stuff/control_ws/src/lotti_teleop) by extension 'colcon_meta'
[0.536s] Level 1:colcon.colcon_core.package_identification:_identify(old stuff/control_ws/src/lotti_teleop) by extensions ['ros']
[0.536s] Level 1:colcon.colcon_core.package_identification:_identify(old stuff/control_ws/src/lotti_teleop) by extension 'ros'
[0.537s] DEBUG:colcon.colcon_core.package_identification:Package 'old stuff/control_ws/src/lotti_teleop' with type 'ros.ament_python' and name 'lotti_teleop'
[0.538s] Level 1:colcon.colcon_core.package_identification:_identify(old stuff/resqbot_drive_interface) by extensions ['ignore', 'ignore_ament_install']
[0.538s] Level 1:colcon.colcon_core.package_identification:_identify(old stuff/resqbot_drive_interface) by extension 'ignore'
[0.538s] Level 1:colcon.colcon_core.package_identification:_identify(old stuff/resqbot_drive_interface) by extension 'ignore_ament_install'
[0.538s] Level 1:colcon.colcon_core.package_identification:_identify(old stuff/resqbot_drive_interface) by extensions ['colcon_pkg']
[0.538s] Level 1:colcon.colcon_core.package_identification:_identify(old stuff/resqbot_drive_interface) by extension 'colcon_pkg'
[0.538s] Level 1:colcon.colcon_core.package_identification:_identify(old stuff/resqbot_drive_interface) by extensions ['colcon_meta']
[0.538s] Level 1:colcon.colcon_core.package_identification:_identify(old stuff/resqbot_drive_interface) by extension 'colcon_meta'
[0.538s] Level 1:colcon.colcon_core.package_identification:_identify(old stuff/resqbot_drive_interface) by extensions ['ros']
[0.538s] Level 1:colcon.colcon_core.package_identification:_identify(old stuff/resqbot_drive_interface) by extension 'ros'
[0.539s] DEBUG:colcon.colcon_core.package_identification:Package 'old stuff/resqbot_drive_interface' with type 'ros.ament_python' and name 'resqbot_drive_interface'
[0.539s] Level 1:colcon.colcon_core.package_identification:_identify(old stuff/resqbot_flipper_interface) by extensions ['ignore', 'ignore_ament_install']
[0.539s] Level 1:colcon.colcon_core.package_identification:_identify(old stuff/resqbot_flipper_interface) by extension 'ignore'
[0.539s] Level 1:colcon.colcon_core.package_identification:_identify(old stuff/resqbot_flipper_interface) by extension 'ignore_ament_install'
[0.539s] Level 1:colcon.colcon_core.package_identification:_identify(old stuff/resqbot_flipper_interface) by extensions ['colcon_pkg']
[0.539s] Level 1:colcon.colcon_core.package_identification:_identify(old stuff/resqbot_flipper_interface) by extension 'colcon_pkg'
[0.539s] Level 1:colcon.colcon_core.package_identification:_identify(old stuff/resqbot_flipper_interface) by extensions ['colcon_meta']
[0.539s] Level 1:colcon.colcon_core.package_identification:_identify(old stuff/resqbot_flipper_interface) by extension 'colcon_meta'
[0.539s] Level 1:colcon.colcon_core.package_identification:_identify(old stuff/resqbot_flipper_interface) by extensions ['ros']
[0.539s] Level 1:colcon.colcon_core.package_identification:_identify(old stuff/resqbot_flipper_interface) by extension 'ros'
[0.540s] DEBUG:colcon.colcon_core.package_identification:Package 'old stuff/resqbot_flipper_interface' with type 'ros.ament_python' and name 'resqbot_flipper_interface'
[0.540s] Level 1:colcon.colcon_core.package_discovery:discover_packages(recursive) using defaults
[0.540s] Level 1:colcon.colcon_core.package_discovery:discover_packages(ignore) discover
[0.541s] Level 1:colcon.colcon_core.package_discovery:discover_packages(ignore) using defaults
[0.541s] Level 1:colcon.colcon_core.package_discovery:discover_packages(path) discover
[0.541s] Level 1:colcon.colcon_core.package_discovery:discover_packages(path) using defaults
[0.572s] INFO:colcon.colcon_core.package_selection:Skipping not selected package 'Eigen3' in 'eigen_ws/src/eigen'
[0.572s] INFO:colcon.colcon_core.package_selection:Skipping not selected package 'livox_ros_driver2' in 'livox_ws/src/livox_ros_driver2'
[0.572s] INFO:colcon.colcon_core.package_selection:Skipping not selected package 'livox_sdk2' in 'livox_ws/src/Livox-SDK2'
[0.572s] INFO:colcon.colcon_core.package_selection:Skipping not selected package 'lotti_drive_controller' in 'control_ws/src/lotti_drive_controller'
[0.572s] INFO:colcon.colcon_core.package_selection:Skipping not selected package 'lotti_flipper_controller' in 'old stuff/control_ws/src/lotti_flipper_controller'
[0.572s] INFO:colcon.colcon_core.package_selection:Skipping not selected package 'lotti_flipper_controller' in 'control_ws/src/lotti_flipper_controller'
[0.572s] INFO:colcon.colcon_core.package_selection:Skipping not selected package 'lotti_lidar_tf' in 'control_ws/src/lotti_lidar_tf'
[0.572s] INFO:colcon.colcon_core.package_selection:Skipping not selected package 'lotti_teleop' in 'control_ws/src/lotti_teleop'
[0.572s] INFO:colcon.colcon_core.package_selection:Skipping not selected package 'lotti_teleop' in 'old stuff/control_ws/src/lotti_teleop'
[0.572s] INFO:colcon.colcon_core.package_selection:Skipping not selected package 'resqbot_drive_interface' in 'old stuff/resqbot_drive_interface'
[0.572s] INFO:colcon.colcon_core.package_selection:Skipping not selected package 'resqbot_flipper_interface' in 'old stuff/resqbot_flipper_interface'
[0.572s] INFO:colcon.colcon_core.package_selection:Skipping not selected package 'fast_lio' in 'fast_lio_ws/src/FAST_LIO_ROS2'
[0.572s] INFO:colcon.colcon_core.package_selection:Skipping not selected package 'lotti_moveit_config' in 'control_ws/src/lotti_moveit_config'
[0.572s] INFO:colcon.colcon_core.package_selection:Skipping not selected package 'lotti_moveit_config' in 'old stuff/control_ws/src/lotti_moveit_config'
[0.573s] Level 1:colcon.colcon_core.package_discovery:discover_packages(prefix_path) check parameters
[0.573s] Level 1:colcon.colcon_core.package_discovery:discover_packages(prefix_path) discover
[0.579s] DEBUG:colcon.colcon_installed_package_information.package_discovery:Found 7 installed packages in /home/paul/resqbot_dev/control_ws/install
[0.579s] DEBUG:colcon.colcon_installed_package_information.package_discovery:Found 1 installed packages in /home/paul/moveit2_ws/install
[0.581s] DEBUG:colcon.colcon_installed_package_information.package_discovery:Found 55 installed packages in /home/paul/moveit2_ws/src/install
[0.582s] DEBUG:colcon.colcon_installed_package_information.package_discovery:Found 1 installed packages in /home/paul/ws_livox/install
[0.583s] DEBUG:colcon.colcon_installed_package_information.package_discovery:Found 17 installed packages in /home/paul/ros2_ws/install
[0.584s] DEBUG:colcon.colcon_installed_package_information.package_discovery:Found 3 installed packages in /home/paul/Desktop/arm_test/install
[0.586s] DEBUG:colcon.colcon_installed_package_information.package_discovery:Found 415 installed packages in /opt/ros/humble
[0.590s] Level 1:colcon.colcon_core.package_discovery:discover_packages(prefix_path) using defaults
[0.657s] WARNING:colcon.colcon_core.package_selection:Some selected packages are already built in one or more underlay workspaces:
	'lotti_control' is in: /home/paul/resqbot_dev/control_ws/install/lotti_control, /home/paul/Desktop/arm_test/install/lotti_control
If a package in a merged underlay workspace is overridden and it installs headers, then all packages in the overlay must sort their include directories by workspace order. Failure to do so may result in build failures or undefined behavior at run time.
If the overridden package is used by another package in any underlay, then the overriding package in the overlay must be API and ABI compatible or undefined behavior at run time may occur.

If you understand the risks and want to override a package anyways, add the following to the command line:
	--allow-overriding lotti_control

This may be promoted to an error in a future release of colcon-override-check.
[0.658s] ERROR:colcon:colcon build: Duplicate package names not supported:
- lotti_control:
  - control_ws/src/lotti_control
  - old stuff/control_ws/src/lotti_control
