[0.101s] Invoking command in '/home/paul/resqbot_dev/control_ws/build/lotti_control': CMAKE_PREFIX_PATH=${CMAKE_PREFIX_PATH}:/home/paul/resqbot_dev/control_ws/install/lotti_teleop:/home/paul/resqbot_dev/control_ws/install/learning_tf2_py:/home/paul/moveit2_ws/src/install/moveit_configs_utils:/home/paul/moveit2_ws/src/install/launch_param_builder:/opt/ros/humble /usr/bin/cmake --build /home/paul/resqbot_dev/control_ws/build/lotti_control -- -j8 -l8
[0.709s] [35m[1mConsolidate compiler generated dependencies of target lotti_control[0m
[0.710s] [100%] Built target lotti_control
[1.301s] Invoked command in '/home/paul/resqbot_dev/control_ws/build/lotti_control' returned '0': CMAKE_PREFIX_PATH=${CMAKE_PREFIX_PATH}:/home/paul/resqbot_dev/control_ws/install/lotti_teleop:/home/paul/resqbot_dev/control_ws/install/learning_tf2_py:/home/paul/moveit2_ws/src/install/moveit_configs_utils:/home/paul/moveit2_ws/src/install/launch_param_builder:/opt/ros/humble /usr/bin/cmake --build /home/paul/resqbot_dev/control_ws/build/lotti_control -- -j8 -l8
[1.335s] Invoking command in '/home/paul/resqbot_dev/control_ws/build/lotti_control': CMAKE_PREFIX_PATH=${CMAKE_PREFIX_PATH}:/home/paul/resqbot_dev/control_ws/install/lotti_teleop:/home/paul/resqbot_dev/control_ws/install/learning_tf2_py:/home/paul/moveit2_ws/src/install/moveit_configs_utils:/home/paul/moveit2_ws/src/install/launch_param_builder:/opt/ros/humble /usr/bin/cmake --install /home/paul/resqbot_dev/control_ws/build/lotti_control
[1.370s] -- Install configuration: ""
[1.371s] -- Execute custom install script
[1.371s] -- Up-to-date symlink: /home/paul/resqbot_dev/control_ws/install/lotti_control/share/lotti_control//lotti_control.xml
[1.372s] -- Up-to-date symlink: /home/paul/resqbot_dev/control_ws/install/lotti_control/include/lotti_control/lotti_control/arm_interface.hpp
[1.373s] -- Up-to-date symlink: /home/paul/resqbot_dev/control_ws/install/lotti_control/include/lotti_control/lotti_control/diffbot_system.hpp
[1.373s] -- Up-to-date symlink: /home/paul/resqbot_dev/control_ws/install/lotti_control/include/lotti_control/lotti_control/flipper_interface.hpp
[1.373s] -- Up-to-date symlink: /home/paul/resqbot_dev/control_ws/install/lotti_control/include/lotti_control/lotti_control/serial_comms.hpp
[1.374s] -- Up-to-date symlink: /home/paul/resqbot_dev/control_ws/install/lotti_control/include/lotti_control/lotti_control/visibility_control.h
[1.374s] -- Up-to-date symlink: /home/paul/resqbot_dev/control_ws/install/lotti_control/include/lotti_control/lotti_control/wheel.hpp
[1.375s] -- Up-to-date symlink: /home/paul/resqbot_dev/control_ws/install/lotti_control/share/lotti_control/description/launch/view_lotti.launch.py
[1.376s] -- Up-to-date symlink: /home/paul/resqbot_dev/control_ws/install/lotti_control/share/lotti_control/description/urdf/Lotti.urdf.xacro
[1.376s] -- Up-to-date symlink: /home/paul/resqbot_dev/control_ws/install/lotti_control/share/lotti_control/description/urdf/Lotti_arm.xacro
[1.377s] -- Up-to-date symlink: /home/paul/resqbot_dev/control_ws/install/lotti_control/share/lotti_control/description/urdf/Lotti_body.xacro
[1.377s] -- Up-to-date symlink: /home/paul/resqbot_dev/control_ws/install/lotti_control/share/lotti_control/description/urdf/Lotti_lidar.xacro
[1.377s] -- Up-to-date symlink: /home/paul/resqbot_dev/control_ws/install/lotti_control/share/lotti_control/description/urdf/urdf_inertial_shapes.xacro
[1.377s] -- Up-to-date symlink: /home/paul/resqbot_dev/control_ws/install/lotti_control/share/lotti_control/description/urdf/urdf_materials.xacro
[1.378s] -- Up-to-date symlink: /home/paul/resqbot_dev/control_ws/install/lotti_control/share/lotti_control/description/srdf/Lotti.srdf.xacro
[1.378s] -- Up-to-date symlink: /home/paul/resqbot_dev/control_ws/install/lotti_control/share/lotti_control/description/srdf/lotti_arm_group.xacro
[1.379s] -- Up-to-date symlink: /home/paul/resqbot_dev/control_ws/install/lotti_control/share/lotti_control/description/srdf/lotti_body_group.xacro
[1.380s] -- Up-to-date symlink: /home/paul/resqbot_dev/control_ws/install/lotti_control/share/lotti_control/description/meshes/arm_base_link.STL
[1.380s] -- Up-to-date symlink: /home/paul/resqbot_dev/control_ws/install/lotti_control/share/lotti_control/description/meshes/arm_link1_link.STL
[1.381s] -- Up-to-date symlink: /home/paul/resqbot_dev/control_ws/install/lotti_control/share/lotti_control/description/meshes/arm_link2_link.STL
[1.381s] -- Up-to-date symlink: /home/paul/resqbot_dev/control_ws/install/lotti_control/share/lotti_control/description/meshes/arm_link3_link.STL
[1.381s] -- Up-to-date symlink: /home/paul/resqbot_dev/control_ws/install/lotti_control/share/lotti_control/description/meshes/arm_link4_link.STL
[1.382s] -- Up-to-date symlink: /home/paul/resqbot_dev/control_ws/install/lotti_control/share/lotti_control/description/meshes/arm_link5_link.STL
[1.382s] -- Up-to-date symlink: /home/paul/resqbot_dev/control_ws/install/lotti_control/share/lotti_control/description/meshes/arm_link6_link.STL
[1.383s] -- Up-to-date symlink: /home/paul/resqbot_dev/control_ws/install/lotti_control/share/lotti_control/ros2_control/Lotti.ros_control.xacro
[1.384s] -- Up-to-date symlink: /home/paul/resqbot_dev/control_ws/install/lotti_control/share/lotti_control/launch/full.launch.py
[1.384s] -- Up-to-date symlink: /home/paul/resqbot_dev/control_ws/install/lotti_control/share/lotti_control/launch/operator.launch.py
[1.384s] -- Up-to-date symlink: /home/paul/resqbot_dev/control_ws/install/lotti_control/share/lotti_control/launch/robot.launch.py
[1.385s] -- Up-to-date symlink: /home/paul/resqbot_dev/control_ws/install/lotti_control/share/lotti_control/config/Lotti_controllers.yaml
[1.386s] -- Up-to-date symlink: /home/paul/resqbot_dev/control_ws/install/lotti_control/share/lotti_control/config/lotti_servo_config.yaml
[1.386s] -- Up-to-date symlink: /home/paul/resqbot_dev/control_ws/install/lotti_control/share/lotti_control/config/view_lotti.rviz
[1.386s] -- Up-to-date symlink: /home/paul/resqbot_dev/control_ws/install/lotti_control/share/lotti_control/environment/library_path.sh
[1.387s] -- Up-to-date symlink: /home/paul/resqbot_dev/control_ws/install/lotti_control/share/lotti_control/environment/library_path.dsv
[1.387s] -- Up-to-date symlink: /home/paul/resqbot_dev/control_ws/install/lotti_control/share/ament_index/resource_index/package_run_dependencies/lotti_control
[1.388s] -- Up-to-date symlink: /home/paul/resqbot_dev/control_ws/install/lotti_control/share/ament_index/resource_index/parent_prefix_path/lotti_control
[1.388s] -- Up-to-date symlink: /home/paul/resqbot_dev/control_ws/install/lotti_control/share/lotti_control/environment/ament_prefix_path.sh
[1.389s] -- Up-to-date symlink: /home/paul/resqbot_dev/control_ws/install/lotti_control/share/lotti_control/environment/ament_prefix_path.dsv
[1.389s] -- Up-to-date symlink: /home/paul/resqbot_dev/control_ws/install/lotti_control/share/lotti_control/environment/path.sh
[1.390s] -- Up-to-date symlink: /home/paul/resqbot_dev/control_ws/install/lotti_control/share/lotti_control/environment/path.dsv
[1.390s] -- Up-to-date symlink: /home/paul/resqbot_dev/control_ws/install/lotti_control/share/lotti_control/local_setup.bash
[1.391s] -- Up-to-date symlink: /home/paul/resqbot_dev/control_ws/install/lotti_control/share/lotti_control/local_setup.sh
[1.391s] -- Up-to-date symlink: /home/paul/resqbot_dev/control_ws/install/lotti_control/share/lotti_control/local_setup.zsh
[1.391s] -- Up-to-date symlink: /home/paul/resqbot_dev/control_ws/install/lotti_control/share/lotti_control/local_setup.dsv
[1.392s] -- Symlinking: /home/paul/resqbot_dev/control_ws/install/lotti_control/share/lotti_control/package.dsv
[1.428s] -- Up-to-date symlink: /home/paul/resqbot_dev/control_ws/install/lotti_control/share/ament_index/resource_index/packages/lotti_control
[1.428s] -- Up-to-date symlink: /home/paul/resqbot_dev/control_ws/install/lotti_control/share/ament_index/resource_index/hardware_interface__pluginlib__plugin/lotti_control
[1.429s] -- Up-to-date symlink: /home/paul/resqbot_dev/control_ws/install/lotti_control/share/lotti_control/cmake/ament_cmake_export_targets-extras.cmake
[1.429s] -- Up-to-date symlink: /home/paul/resqbot_dev/control_ws/install/lotti_control/share/lotti_control/cmake/ament_cmake_export_dependencies-extras.cmake
[1.429s] -- Up-to-date symlink: /home/paul/resqbot_dev/control_ws/install/lotti_control/share/lotti_control/cmake/lotti_controlConfig.cmake
[1.430s] -- Up-to-date symlink: /home/paul/resqbot_dev/control_ws/install/lotti_control/share/lotti_control/cmake/lotti_controlConfig-version.cmake
[1.430s] -- Up-to-date symlink: /home/paul/resqbot_dev/control_ws/install/lotti_control/share/lotti_control/package.xml
[1.431s] -- Up-to-date: /home/paul/resqbot_dev/control_ws/install/lotti_control/lib/liblotti_control.so
[1.431s] -- Up-to-date: /home/paul/resqbot_dev/control_ws/install/lotti_control/share/lotti_control/cmake/export_lotti_controlExport.cmake
[1.432s] -- Up-to-date: /home/paul/resqbot_dev/control_ws/install/lotti_control/share/lotti_control/cmake/export_lotti_controlExport-noconfig.cmake
[1.437s] Invoked command in '/home/paul/resqbot_dev/control_ws/build/lotti_control' returned '0': CMAKE_PREFIX_PATH=${CMAKE_PREFIX_PATH}:/home/paul/resqbot_dev/control_ws/install/lotti_teleop:/home/paul/resqbot_dev/control_ws/install/learning_tf2_py:/home/paul/moveit2_ws/src/install/moveit_configs_utils:/home/paul/moveit2_ws/src/install/launch_param_builder:/opt/ros/humble /usr/bin/cmake --install /home/paul/resqbot_dev/control_ws/build/lotti_control
