[0.141s] DEBUG:colcon:Command line arguments: ['/usr/bin/colcon', 'build', '--symlink-install', '--packages-select', 'lotti_moveit_config']
[0.142s] DEBUG:colcon:Parsed command line arguments: Namespace(log_base=None, log_level=None, verb_name='build', build_base='build', install_base='install', merge_install=False, symlink_install=True, test_result_base=None, continue_on_error=False, executor='parallel', parallel_workers=8, event_handlers=None, ignore_user_meta=False, metas=['./colcon.meta'], base_paths=['.'], packages_ignore=None, packages_ignore_regex=None, paths=None, packages_up_to=None, packages_up_to_regex=None, packages_above=None, packages_above_and_dependencies=None, packages_above_depth=None, packages_select_by_dep=None, packages_skip_by_dep=None, packages_skip_up_to=None, packages_select_build_failed=False, packages_skip_build_finished=False, packages_select_test_failures=False, packages_skip_test_passed=False, packages_select=['lotti_moveit_config'], packages_skip=None, packages_select_regex=None, packages_skip_regex=None, packages_start=None, packages_end=None, allow_overriding=[], cmake_args=None, cmake_target=None, cmake_target_skip_unavailable=False, cmake_clean_cache=False, cmake_clean_first=False, cmake_force_configure=False, ament_cmake_args=None, catkin_cmake_args=None, catkin_skip_building_tests=False, mixin_files=None, mixin=None, verb_parser=<colcon_mixin.mixin.mixin_argument.MixinArgumentDecorator object at 0x79a493f7d120>, verb_extension=<colcon_core.verb.build.BuildVerb object at 0x79a493f7cbe0>, main=<bound method BuildVerb.main of <colcon_core.verb.build.BuildVerb object at 0x79a493f7cbe0>>, mixin_verb=('build',))
[0.346s] Level 1:colcon.colcon_core.package_discovery:discover_packages(colcon_meta) check parameters
[0.346s] Level 1:colcon.colcon_core.package_discovery:discover_packages(recursive) check parameters
[0.346s] Level 1:colcon.colcon_core.package_discovery:discover_packages(ignore) check parameters
[0.346s] Level 1:colcon.colcon_core.package_discovery:discover_packages(path) check parameters
[0.346s] Level 1:colcon.colcon_core.package_discovery:discover_packages(colcon_meta) discover
[0.346s] Level 1:colcon.colcon_core.package_discovery:discover_packages(recursive) discover
[0.346s] INFO:colcon.colcon_core.package_discovery:Crawling recursively for packages in '/home/paul/resqbot_dev/control_ws'
[0.346s] Level 1:colcon.colcon_core.package_identification:_identify(.) by extensions ['ignore', 'ignore_ament_install']
[0.347s] Level 1:colcon.colcon_core.package_identification:_identify(.) by extension 'ignore'
[0.347s] Level 1:colcon.colcon_core.package_identification:_identify(.) by extension 'ignore_ament_install'
[0.347s] Level 1:colcon.colcon_core.package_identification:_identify(.) by extensions ['colcon_pkg']
[0.347s] Level 1:colcon.colcon_core.package_identification:_identify(.) by extension 'colcon_pkg'
[0.347s] Level 1:colcon.colcon_core.package_identification:_identify(.) by extensions ['colcon_meta']
[0.347s] Level 1:colcon.colcon_core.package_identification:_identify(.) by extension 'colcon_meta'
[0.347s] Level 1:colcon.colcon_core.package_identification:_identify(.) by extensions ['ros']
[0.347s] Level 1:colcon.colcon_core.package_identification:_identify(.) by extension 'ros'
[0.359s] Level 1:colcon.colcon_core.package_identification:_identify(.) by extensions ['cmake', 'python']
[0.359s] Level 1:colcon.colcon_core.package_identification:_identify(.) by extension 'cmake'
[0.359s] Level 1:colcon.colcon_core.package_identification:_identify(.) by extension 'python'
[0.359s] Level 1:colcon.colcon_core.package_identification:_identify(.) by extensions ['python_setup_py']
[0.359s] Level 1:colcon.colcon_core.package_identification:_identify(.) by extension 'python_setup_py'
[0.360s] Level 1:colcon.colcon_core.package_identification:_identify(build) by extensions ['ignore', 'ignore_ament_install']
[0.360s] Level 1:colcon.colcon_core.package_identification:_identify(build) by extension 'ignore'
[0.360s] Level 1:colcon.colcon_core.package_identification:_identify(build) ignored
[0.360s] Level 1:colcon.colcon_core.package_identification:_identify(install) by extensions ['ignore', 'ignore_ament_install']
[0.360s] Level 1:colcon.colcon_core.package_identification:_identify(install) by extension 'ignore'
[0.360s] Level 1:colcon.colcon_core.package_identification:_identify(install) ignored
[0.360s] Level 1:colcon.colcon_core.package_identification:_identify(log) by extensions ['ignore', 'ignore_ament_install']
[0.360s] Level 1:colcon.colcon_core.package_identification:_identify(log) by extension 'ignore'
[0.360s] Level 1:colcon.colcon_core.package_identification:_identify(log) ignored
[0.361s] Level 1:colcon.colcon_core.package_identification:_identify(src) by extensions ['ignore', 'ignore_ament_install']
[0.361s] Level 1:colcon.colcon_core.package_identification:_identify(src) by extension 'ignore'
[0.361s] Level 1:colcon.colcon_core.package_identification:_identify(src) by extension 'ignore_ament_install'
[0.361s] Level 1:colcon.colcon_core.package_identification:_identify(src) by extensions ['colcon_pkg']
[0.361s] Level 1:colcon.colcon_core.package_identification:_identify(src) by extension 'colcon_pkg'
[0.361s] Level 1:colcon.colcon_core.package_identification:_identify(src) by extensions ['colcon_meta']
[0.361s] Level 1:colcon.colcon_core.package_identification:_identify(src) by extension 'colcon_meta'
[0.361s] Level 1:colcon.colcon_core.package_identification:_identify(src) by extensions ['ros']
[0.361s] Level 1:colcon.colcon_core.package_identification:_identify(src) by extension 'ros'
[0.361s] Level 1:colcon.colcon_core.package_identification:_identify(src) by extensions ['cmake', 'python']
[0.361s] Level 1:colcon.colcon_core.package_identification:_identify(src) by extension 'cmake'
[0.361s] Level 1:colcon.colcon_core.package_identification:_identify(src) by extension 'python'
[0.361s] Level 1:colcon.colcon_core.package_identification:_identify(src) by extensions ['python_setup_py']
[0.361s] Level 1:colcon.colcon_core.package_identification:_identify(src) by extension 'python_setup_py'
[0.362s] Level 1:colcon.colcon_core.package_identification:_identify(src/learning_tf2_py) by extensions ['ignore', 'ignore_ament_install']
[0.362s] Level 1:colcon.colcon_core.package_identification:_identify(src/learning_tf2_py) by extension 'ignore'
[0.362s] Level 1:colcon.colcon_core.package_identification:_identify(src/learning_tf2_py) by extension 'ignore_ament_install'
[0.362s] Level 1:colcon.colcon_core.package_identification:_identify(src/learning_tf2_py) by extensions ['colcon_pkg']
[0.362s] Level 1:colcon.colcon_core.package_identification:_identify(src/learning_tf2_py) by extension 'colcon_pkg'
[0.362s] Level 1:colcon.colcon_core.package_identification:_identify(src/learning_tf2_py) by extensions ['colcon_meta']
[0.362s] Level 1:colcon.colcon_core.package_identification:_identify(src/learning_tf2_py) by extension 'colcon_meta'
[0.362s] Level 1:colcon.colcon_core.package_identification:_identify(src/learning_tf2_py) by extensions ['ros']
[0.362s] Level 1:colcon.colcon_core.package_identification:_identify(src/learning_tf2_py) by extension 'ros'
[0.365s] DEBUG:colcon.colcon_core.package_identification:Package 'src/learning_tf2_py' with type 'ros.ament_python' and name 'learning_tf2_py'
[0.365s] Level 1:colcon.colcon_core.package_identification:_identify(src/lotti_control) by extensions ['ignore', 'ignore_ament_install']
[0.365s] Level 1:colcon.colcon_core.package_identification:_identify(src/lotti_control) by extension 'ignore'
[0.365s] Level 1:colcon.colcon_core.package_identification:_identify(src/lotti_control) by extension 'ignore_ament_install'
[0.365s] Level 1:colcon.colcon_core.package_identification:_identify(src/lotti_control) by extensions ['colcon_pkg']
[0.365s] Level 1:colcon.colcon_core.package_identification:_identify(src/lotti_control) by extension 'colcon_pkg'
[0.365s] Level 1:colcon.colcon_core.package_identification:_identify(src/lotti_control) by extensions ['colcon_meta']
[0.365s] Level 1:colcon.colcon_core.package_identification:_identify(src/lotti_control) by extension 'colcon_meta'
[0.365s] Level 1:colcon.colcon_core.package_identification:_identify(src/lotti_control) by extensions ['ros']
[0.365s] Level 1:colcon.colcon_core.package_identification:_identify(src/lotti_control) by extension 'ros'
[0.369s] DEBUG:colcon.colcon_core.package_identification:Package 'src/lotti_control' with type 'ros.ament_cmake' and name 'lotti_control'
[0.369s] Level 1:colcon.colcon_core.package_identification:_identify(src/lotti_flipper_controller) by extensions ['ignore', 'ignore_ament_install']
[0.369s] Level 1:colcon.colcon_core.package_identification:_identify(src/lotti_flipper_controller) by extension 'ignore'
[0.369s] Level 1:colcon.colcon_core.package_identification:_identify(src/lotti_flipper_controller) by extension 'ignore_ament_install'
[0.369s] Level 1:colcon.colcon_core.package_identification:_identify(src/lotti_flipper_controller) by extensions ['colcon_pkg']
[0.369s] Level 1:colcon.colcon_core.package_identification:_identify(src/lotti_flipper_controller) by extension 'colcon_pkg'
[0.369s] Level 1:colcon.colcon_core.package_identification:_identify(src/lotti_flipper_controller) by extensions ['colcon_meta']
[0.369s] Level 1:colcon.colcon_core.package_identification:_identify(src/lotti_flipper_controller) by extension 'colcon_meta'
[0.369s] Level 1:colcon.colcon_core.package_identification:_identify(src/lotti_flipper_controller) by extensions ['ros']
[0.369s] Level 1:colcon.colcon_core.package_identification:_identify(src/lotti_flipper_controller) by extension 'ros'
[0.371s] DEBUG:colcon.colcon_core.package_identification:Package 'src/lotti_flipper_controller' with type 'ros.ament_cmake' and name 'lotti_flipper_controller'
[0.371s] Level 1:colcon.colcon_core.package_identification:_identify(src/lotti_moveit_config) by extensions ['ignore', 'ignore_ament_install']
[0.371s] Level 1:colcon.colcon_core.package_identification:_identify(src/lotti_moveit_config) by extension 'ignore'
[0.372s] Level 1:colcon.colcon_core.package_identification:_identify(src/lotti_moveit_config) by extension 'ignore_ament_install'
[0.372s] Level 1:colcon.colcon_core.package_identification:_identify(src/lotti_moveit_config) by extensions ['colcon_pkg']
[0.372s] Level 1:colcon.colcon_core.package_identification:_identify(src/lotti_moveit_config) by extension 'colcon_pkg'
[0.372s] Level 1:colcon.colcon_core.package_identification:_identify(src/lotti_moveit_config) by extensions ['colcon_meta']
[0.372s] Level 1:colcon.colcon_core.package_identification:_identify(src/lotti_moveit_config) by extension 'colcon_meta'
[0.372s] Level 1:colcon.colcon_core.package_identification:_identify(src/lotti_moveit_config) by extensions ['ros']
[0.372s] Level 1:colcon.colcon_core.package_identification:_identify(src/lotti_moveit_config) by extension 'ros'
[0.373s] DEBUG:colcon.colcon_core.package_identification:Package 'src/lotti_moveit_config' with type 'ros.ament_cmake' and name 'lotti_moveit_config'
[0.373s] Level 1:colcon.colcon_core.package_identification:_identify(src/lotti_teleop) by extensions ['ignore', 'ignore_ament_install']
[0.373s] Level 1:colcon.colcon_core.package_identification:_identify(src/lotti_teleop) by extension 'ignore'
[0.373s] Level 1:colcon.colcon_core.package_identification:_identify(src/lotti_teleop) by extension 'ignore_ament_install'
[0.373s] Level 1:colcon.colcon_core.package_identification:_identify(src/lotti_teleop) by extensions ['colcon_pkg']
[0.373s] Level 1:colcon.colcon_core.package_identification:_identify(src/lotti_teleop) by extension 'colcon_pkg'
[0.373s] Level 1:colcon.colcon_core.package_identification:_identify(src/lotti_teleop) by extensions ['colcon_meta']
[0.374s] Level 1:colcon.colcon_core.package_identification:_identify(src/lotti_teleop) by extension 'colcon_meta'
[0.374s] Level 1:colcon.colcon_core.package_identification:_identify(src/lotti_teleop) by extensions ['ros']
[0.374s] Level 1:colcon.colcon_core.package_identification:_identify(src/lotti_teleop) by extension 'ros'
[0.389s] DEBUG:colcon.colcon_core.package_identification:Package 'src/lotti_teleop' with type 'ros.ament_python' and name 'lotti_teleop'
[0.389s] Level 1:colcon.colcon_core.package_discovery:discover_packages(recursive) using defaults
[0.389s] Level 1:colcon.colcon_core.package_discovery:discover_packages(ignore) discover
[0.389s] Level 1:colcon.colcon_core.package_discovery:discover_packages(ignore) using defaults
[0.389s] Level 1:colcon.colcon_core.package_discovery:discover_packages(path) discover
[0.389s] Level 1:colcon.colcon_core.package_discovery:discover_packages(path) using defaults
[0.416s] INFO:colcon.colcon_core.package_selection:Skipping not selected package 'learning_tf2_py' in 'src/learning_tf2_py'
[0.417s] INFO:colcon.colcon_core.package_selection:Skipping not selected package 'lotti_control' in 'src/lotti_control'
[0.417s] INFO:colcon.colcon_core.package_selection:Skipping not selected package 'lotti_flipper_controller' in 'src/lotti_flipper_controller'
[0.417s] INFO:colcon.colcon_core.package_selection:Skipping not selected package 'lotti_teleop' in 'src/lotti_teleop'
[0.417s] Level 1:colcon.colcon_core.package_discovery:discover_packages(prefix_path) check parameters
[0.417s] Level 1:colcon.colcon_core.package_discovery:discover_packages(prefix_path) discover
[0.423s] DEBUG:colcon.colcon_installed_package_information.package_discovery:Found 5 installed packages in /home/paul/resqbot_dev/control_ws/install
[0.423s] DEBUG:colcon.colcon_installed_package_information.package_discovery:Found 1 installed packages in /home/paul/moveit2_ws/install
[0.427s] DEBUG:colcon.colcon_installed_package_information.package_discovery:Found 55 installed packages in /home/paul/moveit2_ws/src/install
[0.428s] DEBUG:colcon.colcon_installed_package_information.package_discovery:Found 1 installed packages in /home/paul/ws_livox/install
[0.430s] DEBUG:colcon.colcon_installed_package_information.package_discovery:Found 17 installed packages in /home/paul/ros2_ws/install
[0.433s] DEBUG:colcon.colcon_installed_package_information.package_discovery:Found 410 installed packages in /opt/ros/humble
[0.438s] Level 1:colcon.colcon_core.package_discovery:discover_packages(prefix_path) using defaults
[0.504s] Level 5:colcon.colcon_core.verb:set package 'lotti_moveit_config' build argument 'cmake_args' from command line to 'None'
[0.504s] Level 5:colcon.colcon_core.verb:set package 'lotti_moveit_config' build argument 'cmake_target' from command line to 'None'
[0.504s] Level 5:colcon.colcon_core.verb:set package 'lotti_moveit_config' build argument 'cmake_target_skip_unavailable' from command line to 'False'
[0.504s] Level 5:colcon.colcon_core.verb:set package 'lotti_moveit_config' build argument 'cmake_clean_cache' from command line to 'False'
[0.504s] Level 5:colcon.colcon_core.verb:set package 'lotti_moveit_config' build argument 'cmake_clean_first' from command line to 'False'
[0.504s] Level 5:colcon.colcon_core.verb:set package 'lotti_moveit_config' build argument 'cmake_force_configure' from command line to 'False'
[0.504s] Level 5:colcon.colcon_core.verb:set package 'lotti_moveit_config' build argument 'ament_cmake_args' from command line to 'None'
[0.504s] Level 5:colcon.colcon_core.verb:set package 'lotti_moveit_config' build argument 'catkin_cmake_args' from command line to 'None'
[0.504s] Level 5:colcon.colcon_core.verb:set package 'lotti_moveit_config' build argument 'catkin_skip_building_tests' from command line to 'False'
[0.504s] DEBUG:colcon.colcon_core.verb:Building package 'lotti_moveit_config' with the following arguments: {'ament_cmake_args': None, 'build_base': '/home/paul/resqbot_dev/control_ws/build/lotti_moveit_config', 'catkin_cmake_args': None, 'catkin_skip_building_tests': False, 'cmake_args': None, 'cmake_clean_cache': False, 'cmake_clean_first': False, 'cmake_force_configure': False, 'cmake_target': None, 'cmake_target_skip_unavailable': False, 'install_base': '/home/paul/resqbot_dev/control_ws/install/lotti_moveit_config', 'merge_install': False, 'path': '/home/paul/resqbot_dev/control_ws/src/lotti_moveit_config', 'symlink_install': True, 'test_result_base': None}
[0.505s] INFO:colcon.colcon_core.executor:Executing jobs using 'parallel' executor
[0.506s] DEBUG:colcon.colcon_parallel_executor.executor.parallel:run_until_complete
[0.506s] INFO:colcon.colcon_ros.task.ament_cmake.build:Building ROS package in '/home/paul/resqbot_dev/control_ws/src/lotti_moveit_config' with build type 'ament_cmake'
[0.506s] INFO:colcon.colcon_cmake.task.cmake.build:Building CMake package in '/home/paul/resqbot_dev/control_ws/src/lotti_moveit_config'
[0.509s] INFO:colcon.colcon_core.plugin_system:Skipping extension 'colcon_core.shell.bat': Not used on non-Windows systems
[0.509s] INFO:colcon.colcon_core.shell:Skip shell extension 'powershell' for command environment: Not usable outside of PowerShell
[0.509s] DEBUG:colcon.colcon_core.shell:Skip shell extension 'dsv' for command environment
[0.553s] DEBUG:colcon.colcon_core.event_handler.log_command:Invoking command in '/home/paul/resqbot_dev/control_ws/build/lotti_moveit_config': CMAKE_PREFIX_PATH=/home/paul/resqbot_dev/control_ws/install/lotti_control:/home/paul/resqbot_dev/control_ws/install/lotti_moveit_config:/home/paul/resqbot_dev/control_ws/install/lotti_flipper_controller:/home/paul/moveit2_ws/install/moveit_servo:/home/paul/moveit2_ws/src/install/pilz_industrial_motion_planner_testutils:/home/paul/moveit2_ws/src/install/moveit_runtime:/home/paul/moveit2_ws/src/install/moveit2_tutorials:/home/paul/moveit2_ws/src/install/moveit:/home/paul/moveit2_ws/src/install/moveit_planners:/home/paul/moveit2_ws/src/install/pilz_industrial_motion_planner:/home/paul/moveit2_ws/src/install/moveit_visual_tools:/home/paul/moveit2_ws/src/install/moveit_task_constructor_visualization:/home/paul/moveit2_ws/src/install/moveit_task_constructor_demo:/home/paul/moveit2_ws/src/install/moveit_task_constructor_capabilities:/home/paul/moveit2_ws/src/install/moveit_task_constructor_core:/home/paul/moveit2_ws/src/install/moveit_ros_control_interface:/home/paul/moveit2_ws/src/install/moveit_plugins:/home/paul/moveit2_ws/src/install/moveit_simple_controller_manager:/home/paul/moveit2_ws/src/install/moveit_setup_assistant:/home/paul/moveit2_ws/src/install/moveit_setup_srdf_plugins:/home/paul/moveit2_ws/src/install/moveit_setup_core_plugins:/home/paul/moveit2_ws/src/install/moveit_setup_controllers:/home/paul/moveit2_ws/src/install/moveit_setup_app_plugins:/home/paul/moveit2_ws/src/install/moveit_setup_framework:/home/paul/moveit2_ws/src/install/moveit_servo:/home/paul/moveit2_ws/src/install/moveit_ros:/home/paul/moveit2_ws/src/install/moveit_ros_visualization:/home/paul/moveit2_ws/src/install/moveit_hybrid_planning:/home/paul/moveit2_ws/src/install/moveit_ros_planning_interface:/home/paul/moveit2_ws/src/install/moveit_ros_benchmarks:/home/paul/moveit2_ws/src/install/moveit_ros_warehouse:/home/paul/moveit2_ws/src/install/moveit_ros_robot_interaction:/home/paul/moveit2_ws/src/install/moveit_ros_perception:/home/paul/moveit2_ws/src/install/moveit_resources_prbt_pg70_support:/home/paul/moveit2_ws/src/install/moveit_resources_prbt_moveit_config:/home/paul/moveit2_ws/src/install/moveit_ros_move_group:/home/paul/moveit2_ws/src/install/moveit_planners_ompl:/home/paul/moveit2_ws/src/install/moveit_ros_planning:/home/paul/moveit2_ws/src/install/moveit_ros_occupancy_map_monitor:/home/paul/moveit2_ws/src/install/moveit_resources_prbt_ikfast_manipulator_plugin:/home/paul/moveit2_ws/src/install/moveit_planners_chomp:/home/paul/moveit2_ws/src/install/moveit_kinematics:/home/paul/moveit2_ws/src/install/moveit_chomp_optimizer_adapter:/home/paul/moveit2_ws/src/install/chomp_motion_planner:/home/paul/moveit2_ws/src/install/moveit_core:/home/paul/moveit2_ws/src/install/srdfdom:/home/paul/moveit2_ws/src/install/rviz_marker_tools:/home/paul/moveit2_ws/src/install/rosparam_shortcuts:/home/paul/moveit2_ws/src/install/moveit_task_constructor_msgs:/home/paul/moveit2_ws/src/install/moveit_resources_prbt_support:/home/paul/moveit2_ws/src/install/moveit_resources:/home/paul/moveit2_ws/src/install/moveit_resources_pr2_description:/home/paul/moveit2_ws/src/install/moveit_resources_panda_moveit_config:/home/paul/moveit2_ws/src/install/moveit_resources_panda_description:/home/paul/moveit2_ws/src/install/moveit_resources_fanuc_moveit_config:/home/paul/moveit2_ws/src/install/moveit_resources_fanuc_description:/home/paul/moveit2_ws/src/install/moveit_common:/home/paul/ros2_ws/install/ros2_control_demos:/home/paul/ros2_ws/install/ros2_control_demo_example_9:/home/paul/ros2_ws/install/ros2_control_demo_example_8:/home/paul/ros2_ws/install/ros2_control_demo_example_7:/home/paul/ros2_ws/install/ros2_control_demo_example_6:/home/paul/ros2_ws/install/ros2_control_demo_example_15:/home/paul/ros2_ws/install/ros2_control_demo_example_13:/home/paul/ros2_ws/install/ros2_control_demo_example_5:/home/paul/ros2_ws/install/ros2_control_demo_example_4:/home/paul/ros2_ws/install/ros2_control_demo_example_3:/home/paul/ros2_ws/install/ros2_control_demo_example_2:/home/paul/ros2_ws/install/ros2_control_demo_example_14:/home/paul/ros2_ws/install/ros2_control_demo_example_12:/home/paul/ros2_ws/install/ros2_control_demo_example_11:/home/paul/ros2_ws/install/ros2_control_demo_example_10:/home/paul/ros2_ws/install/ros2_control_demo_example_1:/home/paul/ros2_ws/install/ros2_control_demo_description:/home/paul/ws_livox/install/livox_ros_driver2:/home/paul/resqbot_dev/control_ws/install/lotti_teleop:/home/paul/resqbot_dev/control_ws/install/learning_tf2_py:/home/paul/moveit2_ws/src/install/moveit_configs_utils:/home/paul/moveit2_ws/src/install/launch_param_builder:/opt/ros/humble LD_LIBRARY_PATH=/home/paul/resqbot_dev/control_ws/install/lotti_control/lib:/home/paul/resqbot_dev/control_ws/install/lotti_flipper_controller/lib:/home/paul/moveit2_ws/install/moveit_servo/lib:/home/paul/moveit2_ws/src/install/pilz_industrial_motion_planner_testutils/lib:/home/paul/moveit2_ws/src/install/pilz_industrial_motion_planner/lib:/home/paul/moveit2_ws/src/install/moveit_visual_tools/lib:/home/paul/moveit2_ws/src/install/moveit_task_constructor_visualization/lib:/home/paul/moveit2_ws/src/install/moveit_task_constructor_demo/lib:/home/paul/moveit2_ws/src/install/moveit_task_constructor_capabilities/lib:/home/paul/moveit2_ws/src/install/moveit_task_constructor_core/lib:/home/paul/moveit2_ws/src/install/moveit_ros_control_interface/lib:/home/paul/moveit2_ws/src/install/moveit_simple_controller_manager/lib:/home/paul/moveit2_ws/src/install/moveit_setup_assistant/lib:/home/paul/moveit2_ws/src/install/moveit_setup_srdf_plugins/lib:/home/paul/moveit2_ws/src/install/moveit_setup_core_plugins/lib:/home/paul/moveit2_ws/src/install/moveit_setup_controllers/lib:/home/paul/moveit2_ws/src/install/moveit_setup_app_plugins/lib:/home/paul/moveit2_ws/src/install/moveit_setup_framework/lib:/home/paul/moveit2_ws/src/install/moveit_servo/lib:/home/paul/moveit2_ws/src/install/moveit_ros_visualization/lib:/home/paul/moveit2_ws/src/install/moveit_hybrid_planning/lib:/home/paul/moveit2_ws/src/install/moveit_ros_planning_interface/lib:/home/paul/moveit2_ws/src/install/moveit_ros_benchmarks/lib:/home/paul/moveit2_ws/src/install/moveit_ros_warehouse/lib:/home/paul/moveit2_ws/src/install/moveit_ros_robot_interaction/lib:/home/paul/moveit2_ws/src/install/moveit_ros_perception/lib:/home/paul/moveit2_ws/src/install/moveit_ros_move_group/lib:/home/paul/moveit2_ws/src/install/moveit_planners_ompl/lib:/home/paul/moveit2_ws/src/install/moveit_ros_planning/lib:/home/paul/moveit2_ws/src/install/moveit_ros_occupancy_map_monitor/lib:/home/paul/moveit2_ws/src/install/moveit_resources_prbt_ikfast_manipulator_plugin/lib:/home/paul/moveit2_ws/src/install/moveit_planners_chomp/lib:/home/paul/moveit2_ws/src/install/moveit_kinematics/lib:/home/paul/moveit2_ws/src/install/moveit_chomp_optimizer_adapter/lib:/home/paul/moveit2_ws/src/install/chomp_motion_planner/lib:/home/paul/moveit2_ws/src/install/moveit_core/lib:/home/paul/moveit2_ws/src/install/srdfdom/lib:/home/paul/moveit2_ws/src/install/rviz_marker_tools/lib:/home/paul/moveit2_ws/src/install/rosparam_shortcuts/lib:/home/paul/moveit2_ws/src/install/moveit_task_constructor_msgs/lib:/home/paul/ros2_ws/install/ros2_control_demo_example_9/lib:/home/paul/ros2_ws/install/ros2_control_demo_example_8/lib:/home/paul/ros2_ws/install/ros2_control_demo_example_7/lib:/home/paul/ros2_ws/install/ros2_control_demo_example_6/lib:/home/paul/ros2_ws/install/ros2_control_demo_example_5/lib:/home/paul/ros2_ws/install/ros2_control_demo_example_4/lib:/home/paul/ros2_ws/install/ros2_control_demo_example_3/lib:/home/paul/ros2_ws/install/ros2_control_demo_example_2/lib:/home/paul/ros2_ws/install/ros2_control_demo_example_14/lib:/home/paul/ros2_ws/install/ros2_control_demo_example_12/lib:/home/paul/ros2_ws/install/ros2_control_demo_example_11/lib:/home/paul/ros2_ws/install/ros2_control_demo_example_10/lib:/home/paul/ros2_ws/install/ros2_control_demo_example_1/lib:/home/paul/ws_livox/install/livox_ros_driver2/lib:/usr/lib/x86_64-linux-gnu/gazebo-11/plugins:/opt/ros/humble/opt/rviz_ogre_vendor/lib:/opt/ros/humble/lib/x86_64-linux-gnu:/opt/ros/humble/lib /usr/bin/cmake --build /home/paul/resqbot_dev/control_ws/build/lotti_moveit_config -- -j8 -l8
[0.993s] DEBUG:colcon.colcon_core.event_handler.log_command:Invoked command in '/home/paul/resqbot_dev/control_ws/build/lotti_moveit_config' returned '0': CMAKE_PREFIX_PATH=/home/paul/resqbot_dev/control_ws/install/lotti_control:/home/paul/resqbot_dev/control_ws/install/lotti_moveit_config:/home/paul/resqbot_dev/control_ws/install/lotti_flipper_controller:/home/paul/moveit2_ws/install/moveit_servo:/home/paul/moveit2_ws/src/install/pilz_industrial_motion_planner_testutils:/home/paul/moveit2_ws/src/install/moveit_runtime:/home/paul/moveit2_ws/src/install/moveit2_tutorials:/home/paul/moveit2_ws/src/install/moveit:/home/paul/moveit2_ws/src/install/moveit_planners:/home/paul/moveit2_ws/src/install/pilz_industrial_motion_planner:/home/paul/moveit2_ws/src/install/moveit_visual_tools:/home/paul/moveit2_ws/src/install/moveit_task_constructor_visualization:/home/paul/moveit2_ws/src/install/moveit_task_constructor_demo:/home/paul/moveit2_ws/src/install/moveit_task_constructor_capabilities:/home/paul/moveit2_ws/src/install/moveit_task_constructor_core:/home/paul/moveit2_ws/src/install/moveit_ros_control_interface:/home/paul/moveit2_ws/src/install/moveit_plugins:/home/paul/moveit2_ws/src/install/moveit_simple_controller_manager:/home/paul/moveit2_ws/src/install/moveit_setup_assistant:/home/paul/moveit2_ws/src/install/moveit_setup_srdf_plugins:/home/paul/moveit2_ws/src/install/moveit_setup_core_plugins:/home/paul/moveit2_ws/src/install/moveit_setup_controllers:/home/paul/moveit2_ws/src/install/moveit_setup_app_plugins:/home/paul/moveit2_ws/src/install/moveit_setup_framework:/home/paul/moveit2_ws/src/install/moveit_servo:/home/paul/moveit2_ws/src/install/moveit_ros:/home/paul/moveit2_ws/src/install/moveit_ros_visualization:/home/paul/moveit2_ws/src/install/moveit_hybrid_planning:/home/paul/moveit2_ws/src/install/moveit_ros_planning_interface:/home/paul/moveit2_ws/src/install/moveit_ros_benchmarks:/home/paul/moveit2_ws/src/install/moveit_ros_warehouse:/home/paul/moveit2_ws/src/install/moveit_ros_robot_interaction:/home/paul/moveit2_ws/src/install/moveit_ros_perception:/home/paul/moveit2_ws/src/install/moveit_resources_prbt_pg70_support:/home/paul/moveit2_ws/src/install/moveit_resources_prbt_moveit_config:/home/paul/moveit2_ws/src/install/moveit_ros_move_group:/home/paul/moveit2_ws/src/install/moveit_planners_ompl:/home/paul/moveit2_ws/src/install/moveit_ros_planning:/home/paul/moveit2_ws/src/install/moveit_ros_occupancy_map_monitor:/home/paul/moveit2_ws/src/install/moveit_resources_prbt_ikfast_manipulator_plugin:/home/paul/moveit2_ws/src/install/moveit_planners_chomp:/home/paul/moveit2_ws/src/install/moveit_kinematics:/home/paul/moveit2_ws/src/install/moveit_chomp_optimizer_adapter:/home/paul/moveit2_ws/src/install/chomp_motion_planner:/home/paul/moveit2_ws/src/install/moveit_core:/home/paul/moveit2_ws/src/install/srdfdom:/home/paul/moveit2_ws/src/install/rviz_marker_tools:/home/paul/moveit2_ws/src/install/rosparam_shortcuts:/home/paul/moveit2_ws/src/install/moveit_task_constructor_msgs:/home/paul/moveit2_ws/src/install/moveit_resources_prbt_support:/home/paul/moveit2_ws/src/install/moveit_resources:/home/paul/moveit2_ws/src/install/moveit_resources_pr2_description:/home/paul/moveit2_ws/src/install/moveit_resources_panda_moveit_config:/home/paul/moveit2_ws/src/install/moveit_resources_panda_description:/home/paul/moveit2_ws/src/install/moveit_resources_fanuc_moveit_config:/home/paul/moveit2_ws/src/install/moveit_resources_fanuc_description:/home/paul/moveit2_ws/src/install/moveit_common:/home/paul/ros2_ws/install/ros2_control_demos:/home/paul/ros2_ws/install/ros2_control_demo_example_9:/home/paul/ros2_ws/install/ros2_control_demo_example_8:/home/paul/ros2_ws/install/ros2_control_demo_example_7:/home/paul/ros2_ws/install/ros2_control_demo_example_6:/home/paul/ros2_ws/install/ros2_control_demo_example_15:/home/paul/ros2_ws/install/ros2_control_demo_example_13:/home/paul/ros2_ws/install/ros2_control_demo_example_5:/home/paul/ros2_ws/install/ros2_control_demo_example_4:/home/paul/ros2_ws/install/ros2_control_demo_example_3:/home/paul/ros2_ws/install/ros2_control_demo_example_2:/home/paul/ros2_ws/install/ros2_control_demo_example_14:/home/paul/ros2_ws/install/ros2_control_demo_example_12:/home/paul/ros2_ws/install/ros2_control_demo_example_11:/home/paul/ros2_ws/install/ros2_control_demo_example_10:/home/paul/ros2_ws/install/ros2_control_demo_example_1:/home/paul/ros2_ws/install/ros2_control_demo_description:/home/paul/ws_livox/install/livox_ros_driver2:/home/paul/resqbot_dev/control_ws/install/lotti_teleop:/home/paul/resqbot_dev/control_ws/install/learning_tf2_py:/home/paul/moveit2_ws/src/install/moveit_configs_utils:/home/paul/moveit2_ws/src/install/launch_param_builder:/opt/ros/humble LD_LIBRARY_PATH=/home/paul/resqbot_dev/control_ws/install/lotti_control/lib:/home/paul/resqbot_dev/control_ws/install/lotti_flipper_controller/lib:/home/paul/moveit2_ws/install/moveit_servo/lib:/home/paul/moveit2_ws/src/install/pilz_industrial_motion_planner_testutils/lib:/home/paul/moveit2_ws/src/install/pilz_industrial_motion_planner/lib:/home/paul/moveit2_ws/src/install/moveit_visual_tools/lib:/home/paul/moveit2_ws/src/install/moveit_task_constructor_visualization/lib:/home/paul/moveit2_ws/src/install/moveit_task_constructor_demo/lib:/home/paul/moveit2_ws/src/install/moveit_task_constructor_capabilities/lib:/home/paul/moveit2_ws/src/install/moveit_task_constructor_core/lib:/home/paul/moveit2_ws/src/install/moveit_ros_control_interface/lib:/home/paul/moveit2_ws/src/install/moveit_simple_controller_manager/lib:/home/paul/moveit2_ws/src/install/moveit_setup_assistant/lib:/home/paul/moveit2_ws/src/install/moveit_setup_srdf_plugins/lib:/home/paul/moveit2_ws/src/install/moveit_setup_core_plugins/lib:/home/paul/moveit2_ws/src/install/moveit_setup_controllers/lib:/home/paul/moveit2_ws/src/install/moveit_setup_app_plugins/lib:/home/paul/moveit2_ws/src/install/moveit_setup_framework/lib:/home/paul/moveit2_ws/src/install/moveit_servo/lib:/home/paul/moveit2_ws/src/install/moveit_ros_visualization/lib:/home/paul/moveit2_ws/src/install/moveit_hybrid_planning/lib:/home/paul/moveit2_ws/src/install/moveit_ros_planning_interface/lib:/home/paul/moveit2_ws/src/install/moveit_ros_benchmarks/lib:/home/paul/moveit2_ws/src/install/moveit_ros_warehouse/lib:/home/paul/moveit2_ws/src/install/moveit_ros_robot_interaction/lib:/home/paul/moveit2_ws/src/install/moveit_ros_perception/lib:/home/paul/moveit2_ws/src/install/moveit_ros_move_group/lib:/home/paul/moveit2_ws/src/install/moveit_planners_ompl/lib:/home/paul/moveit2_ws/src/install/moveit_ros_planning/lib:/home/paul/moveit2_ws/src/install/moveit_ros_occupancy_map_monitor/lib:/home/paul/moveit2_ws/src/install/moveit_resources_prbt_ikfast_manipulator_plugin/lib:/home/paul/moveit2_ws/src/install/moveit_planners_chomp/lib:/home/paul/moveit2_ws/src/install/moveit_kinematics/lib:/home/paul/moveit2_ws/src/install/moveit_chomp_optimizer_adapter/lib:/home/paul/moveit2_ws/src/install/chomp_motion_planner/lib:/home/paul/moveit2_ws/src/install/moveit_core/lib:/home/paul/moveit2_ws/src/install/srdfdom/lib:/home/paul/moveit2_ws/src/install/rviz_marker_tools/lib:/home/paul/moveit2_ws/src/install/rosparam_shortcuts/lib:/home/paul/moveit2_ws/src/install/moveit_task_constructor_msgs/lib:/home/paul/ros2_ws/install/ros2_control_demo_example_9/lib:/home/paul/ros2_ws/install/ros2_control_demo_example_8/lib:/home/paul/ros2_ws/install/ros2_control_demo_example_7/lib:/home/paul/ros2_ws/install/ros2_control_demo_example_6/lib:/home/paul/ros2_ws/install/ros2_control_demo_example_5/lib:/home/paul/ros2_ws/install/ros2_control_demo_example_4/lib:/home/paul/ros2_ws/install/ros2_control_demo_example_3/lib:/home/paul/ros2_ws/install/ros2_control_demo_example_2/lib:/home/paul/ros2_ws/install/ros2_control_demo_example_14/lib:/home/paul/ros2_ws/install/ros2_control_demo_example_12/lib:/home/paul/ros2_ws/install/ros2_control_demo_example_11/lib:/home/paul/ros2_ws/install/ros2_control_demo_example_10/lib:/home/paul/ros2_ws/install/ros2_control_demo_example_1/lib:/home/paul/ws_livox/install/livox_ros_driver2/lib:/usr/lib/x86_64-linux-gnu/gazebo-11/plugins:/opt/ros/humble/opt/rviz_ogre_vendor/lib:/opt/ros/humble/lib/x86_64-linux-gnu:/opt/ros/humble/lib /usr/bin/cmake --build /home/paul/resqbot_dev/control_ws/build/lotti_moveit_config -- -j8 -l8
[1.019s] DEBUG:colcon.colcon_core.event_handler.log_command:Invoking command in '/home/paul/resqbot_dev/control_ws/build/lotti_moveit_config': CMAKE_PREFIX_PATH=/home/paul/resqbot_dev/control_ws/install/lotti_control:/home/paul/resqbot_dev/control_ws/install/lotti_moveit_config:/home/paul/resqbot_dev/control_ws/install/lotti_flipper_controller:/home/paul/moveit2_ws/install/moveit_servo:/home/paul/moveit2_ws/src/install/pilz_industrial_motion_planner_testutils:/home/paul/moveit2_ws/src/install/moveit_runtime:/home/paul/moveit2_ws/src/install/moveit2_tutorials:/home/paul/moveit2_ws/src/install/moveit:/home/paul/moveit2_ws/src/install/moveit_planners:/home/paul/moveit2_ws/src/install/pilz_industrial_motion_planner:/home/paul/moveit2_ws/src/install/moveit_visual_tools:/home/paul/moveit2_ws/src/install/moveit_task_constructor_visualization:/home/paul/moveit2_ws/src/install/moveit_task_constructor_demo:/home/paul/moveit2_ws/src/install/moveit_task_constructor_capabilities:/home/paul/moveit2_ws/src/install/moveit_task_constructor_core:/home/paul/moveit2_ws/src/install/moveit_ros_control_interface:/home/paul/moveit2_ws/src/install/moveit_plugins:/home/paul/moveit2_ws/src/install/moveit_simple_controller_manager:/home/paul/moveit2_ws/src/install/moveit_setup_assistant:/home/paul/moveit2_ws/src/install/moveit_setup_srdf_plugins:/home/paul/moveit2_ws/src/install/moveit_setup_core_plugins:/home/paul/moveit2_ws/src/install/moveit_setup_controllers:/home/paul/moveit2_ws/src/install/moveit_setup_app_plugins:/home/paul/moveit2_ws/src/install/moveit_setup_framework:/home/paul/moveit2_ws/src/install/moveit_servo:/home/paul/moveit2_ws/src/install/moveit_ros:/home/paul/moveit2_ws/src/install/moveit_ros_visualization:/home/paul/moveit2_ws/src/install/moveit_hybrid_planning:/home/paul/moveit2_ws/src/install/moveit_ros_planning_interface:/home/paul/moveit2_ws/src/install/moveit_ros_benchmarks:/home/paul/moveit2_ws/src/install/moveit_ros_warehouse:/home/paul/moveit2_ws/src/install/moveit_ros_robot_interaction:/home/paul/moveit2_ws/src/install/moveit_ros_perception:/home/paul/moveit2_ws/src/install/moveit_resources_prbt_pg70_support:/home/paul/moveit2_ws/src/install/moveit_resources_prbt_moveit_config:/home/paul/moveit2_ws/src/install/moveit_ros_move_group:/home/paul/moveit2_ws/src/install/moveit_planners_ompl:/home/paul/moveit2_ws/src/install/moveit_ros_planning:/home/paul/moveit2_ws/src/install/moveit_ros_occupancy_map_monitor:/home/paul/moveit2_ws/src/install/moveit_resources_prbt_ikfast_manipulator_plugin:/home/paul/moveit2_ws/src/install/moveit_planners_chomp:/home/paul/moveit2_ws/src/install/moveit_kinematics:/home/paul/moveit2_ws/src/install/moveit_chomp_optimizer_adapter:/home/paul/moveit2_ws/src/install/chomp_motion_planner:/home/paul/moveit2_ws/src/install/moveit_core:/home/paul/moveit2_ws/src/install/srdfdom:/home/paul/moveit2_ws/src/install/rviz_marker_tools:/home/paul/moveit2_ws/src/install/rosparam_shortcuts:/home/paul/moveit2_ws/src/install/moveit_task_constructor_msgs:/home/paul/moveit2_ws/src/install/moveit_resources_prbt_support:/home/paul/moveit2_ws/src/install/moveit_resources:/home/paul/moveit2_ws/src/install/moveit_resources_pr2_description:/home/paul/moveit2_ws/src/install/moveit_resources_panda_moveit_config:/home/paul/moveit2_ws/src/install/moveit_resources_panda_description:/home/paul/moveit2_ws/src/install/moveit_resources_fanuc_moveit_config:/home/paul/moveit2_ws/src/install/moveit_resources_fanuc_description:/home/paul/moveit2_ws/src/install/moveit_common:/home/paul/ros2_ws/install/ros2_control_demos:/home/paul/ros2_ws/install/ros2_control_demo_example_9:/home/paul/ros2_ws/install/ros2_control_demo_example_8:/home/paul/ros2_ws/install/ros2_control_demo_example_7:/home/paul/ros2_ws/install/ros2_control_demo_example_6:/home/paul/ros2_ws/install/ros2_control_demo_example_15:/home/paul/ros2_ws/install/ros2_control_demo_example_13:/home/paul/ros2_ws/install/ros2_control_demo_example_5:/home/paul/ros2_ws/install/ros2_control_demo_example_4:/home/paul/ros2_ws/install/ros2_control_demo_example_3:/home/paul/ros2_ws/install/ros2_control_demo_example_2:/home/paul/ros2_ws/install/ros2_control_demo_example_14:/home/paul/ros2_ws/install/ros2_control_demo_example_12:/home/paul/ros2_ws/install/ros2_control_demo_example_11:/home/paul/ros2_ws/install/ros2_control_demo_example_10:/home/paul/ros2_ws/install/ros2_control_demo_example_1:/home/paul/ros2_ws/install/ros2_control_demo_description:/home/paul/ws_livox/install/livox_ros_driver2:/home/paul/resqbot_dev/control_ws/install/lotti_teleop:/home/paul/resqbot_dev/control_ws/install/learning_tf2_py:/home/paul/moveit2_ws/src/install/moveit_configs_utils:/home/paul/moveit2_ws/src/install/launch_param_builder:/opt/ros/humble LD_LIBRARY_PATH=/home/paul/resqbot_dev/control_ws/install/lotti_control/lib:/home/paul/resqbot_dev/control_ws/install/lotti_flipper_controller/lib:/home/paul/moveit2_ws/install/moveit_servo/lib:/home/paul/moveit2_ws/src/install/pilz_industrial_motion_planner_testutils/lib:/home/paul/moveit2_ws/src/install/pilz_industrial_motion_planner/lib:/home/paul/moveit2_ws/src/install/moveit_visual_tools/lib:/home/paul/moveit2_ws/src/install/moveit_task_constructor_visualization/lib:/home/paul/moveit2_ws/src/install/moveit_task_constructor_demo/lib:/home/paul/moveit2_ws/src/install/moveit_task_constructor_capabilities/lib:/home/paul/moveit2_ws/src/install/moveit_task_constructor_core/lib:/home/paul/moveit2_ws/src/install/moveit_ros_control_interface/lib:/home/paul/moveit2_ws/src/install/moveit_simple_controller_manager/lib:/home/paul/moveit2_ws/src/install/moveit_setup_assistant/lib:/home/paul/moveit2_ws/src/install/moveit_setup_srdf_plugins/lib:/home/paul/moveit2_ws/src/install/moveit_setup_core_plugins/lib:/home/paul/moveit2_ws/src/install/moveit_setup_controllers/lib:/home/paul/moveit2_ws/src/install/moveit_setup_app_plugins/lib:/home/paul/moveit2_ws/src/install/moveit_setup_framework/lib:/home/paul/moveit2_ws/src/install/moveit_servo/lib:/home/paul/moveit2_ws/src/install/moveit_ros_visualization/lib:/home/paul/moveit2_ws/src/install/moveit_hybrid_planning/lib:/home/paul/moveit2_ws/src/install/moveit_ros_planning_interface/lib:/home/paul/moveit2_ws/src/install/moveit_ros_benchmarks/lib:/home/paul/moveit2_ws/src/install/moveit_ros_warehouse/lib:/home/paul/moveit2_ws/src/install/moveit_ros_robot_interaction/lib:/home/paul/moveit2_ws/src/install/moveit_ros_perception/lib:/home/paul/moveit2_ws/src/install/moveit_ros_move_group/lib:/home/paul/moveit2_ws/src/install/moveit_planners_ompl/lib:/home/paul/moveit2_ws/src/install/moveit_ros_planning/lib:/home/paul/moveit2_ws/src/install/moveit_ros_occupancy_map_monitor/lib:/home/paul/moveit2_ws/src/install/moveit_resources_prbt_ikfast_manipulator_plugin/lib:/home/paul/moveit2_ws/src/install/moveit_planners_chomp/lib:/home/paul/moveit2_ws/src/install/moveit_kinematics/lib:/home/paul/moveit2_ws/src/install/moveit_chomp_optimizer_adapter/lib:/home/paul/moveit2_ws/src/install/chomp_motion_planner/lib:/home/paul/moveit2_ws/src/install/moveit_core/lib:/home/paul/moveit2_ws/src/install/srdfdom/lib:/home/paul/moveit2_ws/src/install/rviz_marker_tools/lib:/home/paul/moveit2_ws/src/install/rosparam_shortcuts/lib:/home/paul/moveit2_ws/src/install/moveit_task_constructor_msgs/lib:/home/paul/ros2_ws/install/ros2_control_demo_example_9/lib:/home/paul/ros2_ws/install/ros2_control_demo_example_8/lib:/home/paul/ros2_ws/install/ros2_control_demo_example_7/lib:/home/paul/ros2_ws/install/ros2_control_demo_example_6/lib:/home/paul/ros2_ws/install/ros2_control_demo_example_5/lib:/home/paul/ros2_ws/install/ros2_control_demo_example_4/lib:/home/paul/ros2_ws/install/ros2_control_demo_example_3/lib:/home/paul/ros2_ws/install/ros2_control_demo_example_2/lib:/home/paul/ros2_ws/install/ros2_control_demo_example_14/lib:/home/paul/ros2_ws/install/ros2_control_demo_example_12/lib:/home/paul/ros2_ws/install/ros2_control_demo_example_11/lib:/home/paul/ros2_ws/install/ros2_control_demo_example_10/lib:/home/paul/ros2_ws/install/ros2_control_demo_example_1/lib:/home/paul/ws_livox/install/livox_ros_driver2/lib:/usr/lib/x86_64-linux-gnu/gazebo-11/plugins:/opt/ros/humble/opt/rviz_ogre_vendor/lib:/opt/ros/humble/lib/x86_64-linux-gnu:/opt/ros/humble/lib /usr/bin/cmake --install /home/paul/resqbot_dev/control_ws/build/lotti_moveit_config
[1.089s] Level 1:colcon.colcon_core.environment:create_environment_scripts_only(lotti_moveit_config)
[1.089s] DEBUG:colcon.colcon_core.event_handler.log_command:Invoked command in '/home/paul/resqbot_dev/control_ws/build/lotti_moveit_config' returned '0': CMAKE_PREFIX_PATH=/home/paul/resqbot_dev/control_ws/install/lotti_control:/home/paul/resqbot_dev/control_ws/install/lotti_moveit_config:/home/paul/resqbot_dev/control_ws/install/lotti_flipper_controller:/home/paul/moveit2_ws/install/moveit_servo:/home/paul/moveit2_ws/src/install/pilz_industrial_motion_planner_testutils:/home/paul/moveit2_ws/src/install/moveit_runtime:/home/paul/moveit2_ws/src/install/moveit2_tutorials:/home/paul/moveit2_ws/src/install/moveit:/home/paul/moveit2_ws/src/install/moveit_planners:/home/paul/moveit2_ws/src/install/pilz_industrial_motion_planner:/home/paul/moveit2_ws/src/install/moveit_visual_tools:/home/paul/moveit2_ws/src/install/moveit_task_constructor_visualization:/home/paul/moveit2_ws/src/install/moveit_task_constructor_demo:/home/paul/moveit2_ws/src/install/moveit_task_constructor_capabilities:/home/paul/moveit2_ws/src/install/moveit_task_constructor_core:/home/paul/moveit2_ws/src/install/moveit_ros_control_interface:/home/paul/moveit2_ws/src/install/moveit_plugins:/home/paul/moveit2_ws/src/install/moveit_simple_controller_manager:/home/paul/moveit2_ws/src/install/moveit_setup_assistant:/home/paul/moveit2_ws/src/install/moveit_setup_srdf_plugins:/home/paul/moveit2_ws/src/install/moveit_setup_core_plugins:/home/paul/moveit2_ws/src/install/moveit_setup_controllers:/home/paul/moveit2_ws/src/install/moveit_setup_app_plugins:/home/paul/moveit2_ws/src/install/moveit_setup_framework:/home/paul/moveit2_ws/src/install/moveit_servo:/home/paul/moveit2_ws/src/install/moveit_ros:/home/paul/moveit2_ws/src/install/moveit_ros_visualization:/home/paul/moveit2_ws/src/install/moveit_hybrid_planning:/home/paul/moveit2_ws/src/install/moveit_ros_planning_interface:/home/paul/moveit2_ws/src/install/moveit_ros_benchmarks:/home/paul/moveit2_ws/src/install/moveit_ros_warehouse:/home/paul/moveit2_ws/src/install/moveit_ros_robot_interaction:/home/paul/moveit2_ws/src/install/moveit_ros_perception:/home/paul/moveit2_ws/src/install/moveit_resources_prbt_pg70_support:/home/paul/moveit2_ws/src/install/moveit_resources_prbt_moveit_config:/home/paul/moveit2_ws/src/install/moveit_ros_move_group:/home/paul/moveit2_ws/src/install/moveit_planners_ompl:/home/paul/moveit2_ws/src/install/moveit_ros_planning:/home/paul/moveit2_ws/src/install/moveit_ros_occupancy_map_monitor:/home/paul/moveit2_ws/src/install/moveit_resources_prbt_ikfast_manipulator_plugin:/home/paul/moveit2_ws/src/install/moveit_planners_chomp:/home/paul/moveit2_ws/src/install/moveit_kinematics:/home/paul/moveit2_ws/src/install/moveit_chomp_optimizer_adapter:/home/paul/moveit2_ws/src/install/chomp_motion_planner:/home/paul/moveit2_ws/src/install/moveit_core:/home/paul/moveit2_ws/src/install/srdfdom:/home/paul/moveit2_ws/src/install/rviz_marker_tools:/home/paul/moveit2_ws/src/install/rosparam_shortcuts:/home/paul/moveit2_ws/src/install/moveit_task_constructor_msgs:/home/paul/moveit2_ws/src/install/moveit_resources_prbt_support:/home/paul/moveit2_ws/src/install/moveit_resources:/home/paul/moveit2_ws/src/install/moveit_resources_pr2_description:/home/paul/moveit2_ws/src/install/moveit_resources_panda_moveit_config:/home/paul/moveit2_ws/src/install/moveit_resources_panda_description:/home/paul/moveit2_ws/src/install/moveit_resources_fanuc_moveit_config:/home/paul/moveit2_ws/src/install/moveit_resources_fanuc_description:/home/paul/moveit2_ws/src/install/moveit_common:/home/paul/ros2_ws/install/ros2_control_demos:/home/paul/ros2_ws/install/ros2_control_demo_example_9:/home/paul/ros2_ws/install/ros2_control_demo_example_8:/home/paul/ros2_ws/install/ros2_control_demo_example_7:/home/paul/ros2_ws/install/ros2_control_demo_example_6:/home/paul/ros2_ws/install/ros2_control_demo_example_15:/home/paul/ros2_ws/install/ros2_control_demo_example_13:/home/paul/ros2_ws/install/ros2_control_demo_example_5:/home/paul/ros2_ws/install/ros2_control_demo_example_4:/home/paul/ros2_ws/install/ros2_control_demo_example_3:/home/paul/ros2_ws/install/ros2_control_demo_example_2:/home/paul/ros2_ws/install/ros2_control_demo_example_14:/home/paul/ros2_ws/install/ros2_control_demo_example_12:/home/paul/ros2_ws/install/ros2_control_demo_example_11:/home/paul/ros2_ws/install/ros2_control_demo_example_10:/home/paul/ros2_ws/install/ros2_control_demo_example_1:/home/paul/ros2_ws/install/ros2_control_demo_description:/home/paul/ws_livox/install/livox_ros_driver2:/home/paul/resqbot_dev/control_ws/install/lotti_teleop:/home/paul/resqbot_dev/control_ws/install/learning_tf2_py:/home/paul/moveit2_ws/src/install/moveit_configs_utils:/home/paul/moveit2_ws/src/install/launch_param_builder:/opt/ros/humble LD_LIBRARY_PATH=/home/paul/resqbot_dev/control_ws/install/lotti_control/lib:/home/paul/resqbot_dev/control_ws/install/lotti_flipper_controller/lib:/home/paul/moveit2_ws/install/moveit_servo/lib:/home/paul/moveit2_ws/src/install/pilz_industrial_motion_planner_testutils/lib:/home/paul/moveit2_ws/src/install/pilz_industrial_motion_planner/lib:/home/paul/moveit2_ws/src/install/moveit_visual_tools/lib:/home/paul/moveit2_ws/src/install/moveit_task_constructor_visualization/lib:/home/paul/moveit2_ws/src/install/moveit_task_constructor_demo/lib:/home/paul/moveit2_ws/src/install/moveit_task_constructor_capabilities/lib:/home/paul/moveit2_ws/src/install/moveit_task_constructor_core/lib:/home/paul/moveit2_ws/src/install/moveit_ros_control_interface/lib:/home/paul/moveit2_ws/src/install/moveit_simple_controller_manager/lib:/home/paul/moveit2_ws/src/install/moveit_setup_assistant/lib:/home/paul/moveit2_ws/src/install/moveit_setup_srdf_plugins/lib:/home/paul/moveit2_ws/src/install/moveit_setup_core_plugins/lib:/home/paul/moveit2_ws/src/install/moveit_setup_controllers/lib:/home/paul/moveit2_ws/src/install/moveit_setup_app_plugins/lib:/home/paul/moveit2_ws/src/install/moveit_setup_framework/lib:/home/paul/moveit2_ws/src/install/moveit_servo/lib:/home/paul/moveit2_ws/src/install/moveit_ros_visualization/lib:/home/paul/moveit2_ws/src/install/moveit_hybrid_planning/lib:/home/paul/moveit2_ws/src/install/moveit_ros_planning_interface/lib:/home/paul/moveit2_ws/src/install/moveit_ros_benchmarks/lib:/home/paul/moveit2_ws/src/install/moveit_ros_warehouse/lib:/home/paul/moveit2_ws/src/install/moveit_ros_robot_interaction/lib:/home/paul/moveit2_ws/src/install/moveit_ros_perception/lib:/home/paul/moveit2_ws/src/install/moveit_ros_move_group/lib:/home/paul/moveit2_ws/src/install/moveit_planners_ompl/lib:/home/paul/moveit2_ws/src/install/moveit_ros_planning/lib:/home/paul/moveit2_ws/src/install/moveit_ros_occupancy_map_monitor/lib:/home/paul/moveit2_ws/src/install/moveit_resources_prbt_ikfast_manipulator_plugin/lib:/home/paul/moveit2_ws/src/install/moveit_planners_chomp/lib:/home/paul/moveit2_ws/src/install/moveit_kinematics/lib:/home/paul/moveit2_ws/src/install/moveit_chomp_optimizer_adapter/lib:/home/paul/moveit2_ws/src/install/chomp_motion_planner/lib:/home/paul/moveit2_ws/src/install/moveit_core/lib:/home/paul/moveit2_ws/src/install/srdfdom/lib:/home/paul/moveit2_ws/src/install/rviz_marker_tools/lib:/home/paul/moveit2_ws/src/install/rosparam_shortcuts/lib:/home/paul/moveit2_ws/src/install/moveit_task_constructor_msgs/lib:/home/paul/ros2_ws/install/ros2_control_demo_example_9/lib:/home/paul/ros2_ws/install/ros2_control_demo_example_8/lib:/home/paul/ros2_ws/install/ros2_control_demo_example_7/lib:/home/paul/ros2_ws/install/ros2_control_demo_example_6/lib:/home/paul/ros2_ws/install/ros2_control_demo_example_5/lib:/home/paul/ros2_ws/install/ros2_control_demo_example_4/lib:/home/paul/ros2_ws/install/ros2_control_demo_example_3/lib:/home/paul/ros2_ws/install/ros2_control_demo_example_2/lib:/home/paul/ros2_ws/install/ros2_control_demo_example_14/lib:/home/paul/ros2_ws/install/ros2_control_demo_example_12/lib:/home/paul/ros2_ws/install/ros2_control_demo_example_11/lib:/home/paul/ros2_ws/install/ros2_control_demo_example_10/lib:/home/paul/ros2_ws/install/ros2_control_demo_example_1/lib:/home/paul/ws_livox/install/livox_ros_driver2/lib:/usr/lib/x86_64-linux-gnu/gazebo-11/plugins:/opt/ros/humble/opt/rviz_ogre_vendor/lib:/opt/ros/humble/lib/x86_64-linux-gnu:/opt/ros/humble/lib /usr/bin/cmake --install /home/paul/resqbot_dev/control_ws/build/lotti_moveit_config
[1.093s] Level 1:colcon.colcon_core.environment:checking '/home/paul/resqbot_dev/control_ws/install/lotti_moveit_config' for CMake module files
[1.094s] Level 1:colcon.colcon_core.environment:checking '/home/paul/resqbot_dev/control_ws/install/lotti_moveit_config' for CMake config files
[1.095s] Level 1:colcon.colcon_core.shell:create_environment_hook('lotti_moveit_config', 'cmake_prefix_path')
[1.096s] INFO:colcon.colcon_core.shell:Creating environment hook '/home/paul/resqbot_dev/control_ws/install/lotti_moveit_config/share/lotti_moveit_config/hook/cmake_prefix_path.ps1'
[1.097s] INFO:colcon.colcon_core.shell:Creating environment descriptor '/home/paul/resqbot_dev/control_ws/install/lotti_moveit_config/share/lotti_moveit_config/hook/cmake_prefix_path.dsv'
[1.097s] INFO:colcon.colcon_core.shell:Creating environment hook '/home/paul/resqbot_dev/control_ws/install/lotti_moveit_config/share/lotti_moveit_config/hook/cmake_prefix_path.sh'
[1.098s] Level 1:colcon.colcon_core.environment:checking '/home/paul/resqbot_dev/control_ws/install/lotti_moveit_config/bin'
[1.099s] Level 1:colcon.colcon_core.environment:checking '/home/paul/resqbot_dev/control_ws/install/lotti_moveit_config/lib/pkgconfig/lotti_moveit_config.pc'
[1.099s] Level 1:colcon.colcon_core.environment:checking '/home/paul/resqbot_dev/control_ws/install/lotti_moveit_config/lib/python3.10/site-packages'
[1.099s] Level 1:colcon.colcon_core.environment:checking '/home/paul/resqbot_dev/control_ws/install/lotti_moveit_config/bin'
[1.099s] INFO:colcon.colcon_core.shell:Creating package script '/home/paul/resqbot_dev/control_ws/install/lotti_moveit_config/share/lotti_moveit_config/package.ps1'
[1.100s] INFO:colcon.colcon_core.shell:Creating package descriptor '/home/paul/resqbot_dev/control_ws/install/lotti_moveit_config/share/lotti_moveit_config/package.dsv'
[1.101s] INFO:colcon.colcon_core.shell:Creating package script '/home/paul/resqbot_dev/control_ws/install/lotti_moveit_config/share/lotti_moveit_config/package.sh'
[1.101s] INFO:colcon.colcon_core.shell:Creating package script '/home/paul/resqbot_dev/control_ws/install/lotti_moveit_config/share/lotti_moveit_config/package.bash'
[1.102s] INFO:colcon.colcon_core.shell:Creating package script '/home/paul/resqbot_dev/control_ws/install/lotti_moveit_config/share/lotti_moveit_config/package.zsh'
[1.103s] Level 1:colcon.colcon_core.environment:create_file_with_runtime_dependencies(/home/paul/resqbot_dev/control_ws/install/lotti_moveit_config/share/colcon-core/packages/lotti_moveit_config)
[1.103s] Level 1:colcon.colcon_core.environment:create_environment_scripts_only(lotti_moveit_config)
[1.104s] Level 1:colcon.colcon_core.environment:checking '/home/paul/resqbot_dev/control_ws/install/lotti_moveit_config' for CMake module files
[1.104s] Level 1:colcon.colcon_core.environment:checking '/home/paul/resqbot_dev/control_ws/install/lotti_moveit_config' for CMake config files
[1.105s] Level 1:colcon.colcon_core.shell:create_environment_hook('lotti_moveit_config', 'cmake_prefix_path')
[1.105s] INFO:colcon.colcon_core.shell:Creating environment hook '/home/paul/resqbot_dev/control_ws/install/lotti_moveit_config/share/lotti_moveit_config/hook/cmake_prefix_path.ps1'
[1.105s] INFO:colcon.colcon_core.shell:Creating environment descriptor '/home/paul/resqbot_dev/control_ws/install/lotti_moveit_config/share/lotti_moveit_config/hook/cmake_prefix_path.dsv'
[1.106s] INFO:colcon.colcon_core.shell:Creating environment hook '/home/paul/resqbot_dev/control_ws/install/lotti_moveit_config/share/lotti_moveit_config/hook/cmake_prefix_path.sh'
[1.106s] Level 1:colcon.colcon_core.environment:checking '/home/paul/resqbot_dev/control_ws/install/lotti_moveit_config/bin'
[1.106s] Level 1:colcon.colcon_core.environment:checking '/home/paul/resqbot_dev/control_ws/install/lotti_moveit_config/lib/pkgconfig/lotti_moveit_config.pc'
[1.107s] Level 1:colcon.colcon_core.environment:checking '/home/paul/resqbot_dev/control_ws/install/lotti_moveit_config/lib/python3.10/site-packages'
[1.107s] Level 1:colcon.colcon_core.environment:checking '/home/paul/resqbot_dev/control_ws/install/lotti_moveit_config/bin'
[1.107s] INFO:colcon.colcon_core.shell:Creating package script '/home/paul/resqbot_dev/control_ws/install/lotti_moveit_config/share/lotti_moveit_config/package.ps1'
[1.108s] INFO:colcon.colcon_core.shell:Creating package descriptor '/home/paul/resqbot_dev/control_ws/install/lotti_moveit_config/share/lotti_moveit_config/package.dsv'
[1.108s] INFO:colcon.colcon_core.shell:Creating package script '/home/paul/resqbot_dev/control_ws/install/lotti_moveit_config/share/lotti_moveit_config/package.sh'
[1.109s] INFO:colcon.colcon_core.shell:Creating package script '/home/paul/resqbot_dev/control_ws/install/lotti_moveit_config/share/lotti_moveit_config/package.bash'
[1.109s] INFO:colcon.colcon_core.shell:Creating package script '/home/paul/resqbot_dev/control_ws/install/lotti_moveit_config/share/lotti_moveit_config/package.zsh'
[1.109s] Level 1:colcon.colcon_core.environment:create_file_with_runtime_dependencies(/home/paul/resqbot_dev/control_ws/install/lotti_moveit_config/share/colcon-core/packages/lotti_moveit_config)
[1.110s] DEBUG:colcon.colcon_parallel_executor.executor.parallel:closing loop
[1.110s] DEBUG:colcon.colcon_parallel_executor.executor.parallel:loop closed
[1.110s] DEBUG:colcon.colcon_parallel_executor.executor.parallel:run_until_complete finished with '0'
[1.110s] DEBUG:colcon.colcon_core.event_reactor:joining thread
[1.127s] INFO:colcon.colcon_core.plugin_system:Skipping extension 'colcon_notification.desktop_notification.terminal_notifier': Not used on non-Darwin systems
[1.127s] INFO:colcon.colcon_core.plugin_system:Skipping extension 'colcon_notification.desktop_notification.win32': Not used on non-Windows systems
[1.127s] INFO:colcon.colcon_notification.desktop_notification:Sending desktop notification using 'notify2'
[1.152s] DEBUG:colcon.colcon_core.event_reactor:joined thread
[1.153s] INFO:colcon.colcon_core.shell:Creating prefix script '/home/paul/resqbot_dev/control_ws/install/local_setup.ps1'
[1.156s] INFO:colcon.colcon_core.shell:Creating prefix util module '/home/paul/resqbot_dev/control_ws/install/_local_setup_util_ps1.py'
[1.160s] INFO:colcon.colcon_core.shell:Creating prefix chain script '/home/paul/resqbot_dev/control_ws/install/setup.ps1'
[1.175s] INFO:colcon.colcon_core.shell:Creating prefix script '/home/paul/resqbot_dev/control_ws/install/local_setup.sh'
[1.176s] INFO:colcon.colcon_core.shell:Creating prefix util module '/home/paul/resqbot_dev/control_ws/install/_local_setup_util_sh.py'
[1.178s] INFO:colcon.colcon_core.shell:Creating prefix chain script '/home/paul/resqbot_dev/control_ws/install/setup.sh'
[1.190s] INFO:colcon.colcon_core.shell:Creating prefix script '/home/paul/resqbot_dev/control_ws/install/local_setup.bash'
[1.192s] INFO:colcon.colcon_core.shell:Creating prefix chain script '/home/paul/resqbot_dev/control_ws/install/setup.bash'
[1.201s] INFO:colcon.colcon_core.shell:Creating prefix script '/home/paul/resqbot_dev/control_ws/install/local_setup.zsh'
[1.201s] INFO:colcon.colcon_core.shell:Creating prefix chain script '/home/paul/resqbot_dev/control_ws/install/setup.zsh'
