running develop
/usr/lib/python3/dist-packages/setuptools/command/easy_install.py:158: EasyInstallDeprecationWarning: easy_install command is deprecated. Use build and pip and other standards-based tools.
  warnings.warn(
running egg_info
creating tele_op.egg-info
writing tele_op.egg-info/PKG-INFO
writing dependency_links to tele_op.egg-info/dependency_links.txt
writing entry points to tele_op.egg-info/entry_points.txt
writing requirements to tele_op.egg-info/requires.txt
writing top-level names to tele_op.egg-info/top_level.txt
writing manifest file 'tele_op.egg-info/SOURCES.txt'
reading manifest file 'tele_op.egg-info/SOURCES.txt'
writing manifest file 'tele_op.egg-info/SOURCES.txt'
running build_ext
Creating /home/paul/resqbot_dev/ROS2/install/tele_op/lib/python3.10/site-packages/tele-op.egg-link (link to .)
Installing tele_op script to /home/paul/resqbot_dev/ROS2/install/tele_op/lib/tele_op

Installed /home/paul/resqbot_dev/ROS2/build/tele_op
running symlink_data
creating /home/paul/resqbot_dev/ROS2/install/tele_op/share/ament_index
creating /home/paul/resqbot_dev/ROS2/install/tele_op/share/ament_index/resource_index
creating /home/paul/resqbot_dev/ROS2/install/tele_op/share/ament_index/resource_index/packages
symbolically linking /home/paul/resqbot_dev/ROS2/build/tele_op/resource/tele_op -> /home/paul/resqbot_dev/ROS2/install/tele_op/share/ament_index/resource_index/packages
symbolically linking /home/paul/resqbot_dev/ROS2/build/tele_op/package.xml -> /home/paul/resqbot_dev/ROS2/install/tele_op/share/tele_op
creating /home/paul/resqbot_dev/ROS2/install/tele_op/share/tele_op/launch
symbolically linking /home/paul/resqbot_dev/ROS2/build/tele_op/launch/default_launch.py -> /home/paul/resqbot_dev/ROS2/install/tele_op/share/tele_op/launch/
