[0.189s] DEBUG:colcon:Command line arguments: ['/usr/bin/colcon', 'build', '--symlink-install']
[0.189s] DEBUG:colcon:Parsed command line arguments: Namespace(log_base=None, log_level=None, verb_name='build', build_base='build', install_base='install', merge_install=False, symlink_install=True, test_result_base=None, continue_on_error=False, executor='parallel', parallel_workers=8, event_handlers=None, ignore_user_meta=False, metas=['./colcon.meta'], base_paths=['.'], packages_ignore=None, packages_ignore_regex=None, paths=None, packages_up_to=None, packages_up_to_regex=None, packages_above=None, packages_above_and_dependencies=None, packages_above_depth=None, packages_select_by_dep=None, packages_skip_by_dep=None, packages_skip_up_to=None, packages_select_build_failed=False, packages_skip_build_finished=False, packages_select_test_failures=False, packages_skip_test_passed=False, packages_select=None, packages_skip=None, packages_select_regex=None, packages_skip_regex=None, packages_start=None, packages_end=None, allow_overriding=[], cmake_args=None, cmake_target=None, cmake_target_skip_unavailable=False, cmake_clean_cache=False, cmake_clean_first=False, cmake_force_configure=False, ament_cmake_args=None, catkin_cmake_args=None, catkin_skip_building_tests=False, mixin_files=None, mixin=None, verb_parser=<colcon_mixin.mixin.mixin_argument.MixinArgumentDecorator object at 0x7c5aafe58040>, verb_extension=<colcon_core.verb.build.BuildVerb object at 0x7c5aafe1ba00>, main=<bound method BuildVerb.main of <colcon_core.verb.build.BuildVerb object at 0x7c5aafe1ba00>>, mixin_verb=('build',))
[0.473s] Level 1:colcon.colcon_core.package_discovery:discover_packages(colcon_meta) check parameters
[0.473s] Level 1:colcon.colcon_core.package_discovery:discover_packages(recursive) check parameters
[0.473s] Level 1:colcon.colcon_core.package_discovery:discover_packages(ignore) check parameters
[0.473s] Level 1:colcon.colcon_core.package_discovery:discover_packages(path) check parameters
[0.473s] Level 1:colcon.colcon_core.package_discovery:discover_packages(colcon_meta) discover
[0.473s] Level 1:colcon.colcon_core.package_discovery:discover_packages(recursive) discover
[0.473s] INFO:colcon.colcon_core.package_discovery:Crawling recursively for packages in '/home/paul/resqbot_dev/ROS2'
[0.473s] Level 1:colcon.colcon_core.package_identification:_identify(.) by extensions ['ignore', 'ignore_ament_install']
[0.474s] Level 1:colcon.colcon_core.package_identification:_identify(.) by extension 'ignore'
[0.474s] Level 1:colcon.colcon_core.package_identification:_identify(.) by extension 'ignore_ament_install'
[0.474s] Level 1:colcon.colcon_core.package_identification:_identify(.) by extensions ['colcon_pkg']
[0.474s] Level 1:colcon.colcon_core.package_identification:_identify(.) by extension 'colcon_pkg'
[0.474s] Level 1:colcon.colcon_core.package_identification:_identify(.) by extensions ['colcon_meta']
[0.474s] Level 1:colcon.colcon_core.package_identification:_identify(.) by extension 'colcon_meta'
[0.474s] Level 1:colcon.colcon_core.package_identification:_identify(.) by extensions ['ros']
[0.474s] Level 1:colcon.colcon_core.package_identification:_identify(.) by extension 'ros'
[0.494s] Level 1:colcon.colcon_core.package_identification:_identify(.) by extensions ['cmake', 'python']
[0.495s] Level 1:colcon.colcon_core.package_identification:_identify(.) by extension 'cmake'
[0.495s] Level 1:colcon.colcon_core.package_identification:_identify(.) by extension 'python'
[0.495s] Level 1:colcon.colcon_core.package_identification:_identify(.) by extensions ['python_setup_py']
[0.495s] Level 1:colcon.colcon_core.package_identification:_identify(.) by extension 'python_setup_py'
[0.495s] Level 1:colcon.colcon_core.package_identification:_identify(build) by extensions ['ignore', 'ignore_ament_install']
[0.495s] Level 1:colcon.colcon_core.package_identification:_identify(build) by extension 'ignore'
[0.496s] Level 1:colcon.colcon_core.package_identification:_identify(build) ignored
[0.496s] Level 1:colcon.colcon_core.package_identification:_identify(install) by extensions ['ignore', 'ignore_ament_install']
[0.496s] Level 1:colcon.colcon_core.package_identification:_identify(install) by extension 'ignore'
[0.496s] Level 1:colcon.colcon_core.package_identification:_identify(install) ignored
[0.496s] Level 1:colcon.colcon_core.package_identification:_identify(log) by extensions ['ignore', 'ignore_ament_install']
[0.496s] Level 1:colcon.colcon_core.package_identification:_identify(log) by extension 'ignore'
[0.496s] Level 1:colcon.colcon_core.package_identification:_identify(log) ignored
[0.496s] Level 1:colcon.colcon_core.package_identification:_identify(src) by extensions ['ignore', 'ignore_ament_install']
[0.497s] Level 1:colcon.colcon_core.package_identification:_identify(src) by extension 'ignore'
[0.497s] Level 1:colcon.colcon_core.package_identification:_identify(src) by extension 'ignore_ament_install'
[0.497s] Level 1:colcon.colcon_core.package_identification:_identify(src) by extensions ['colcon_pkg']
[0.497s] Level 1:colcon.colcon_core.package_identification:_identify(src) by extension 'colcon_pkg'
[0.497s] Level 1:colcon.colcon_core.package_identification:_identify(src) by extensions ['colcon_meta']
[0.497s] Level 1:colcon.colcon_core.package_identification:_identify(src) by extension 'colcon_meta'
[0.497s] Level 1:colcon.colcon_core.package_identification:_identify(src) by extensions ['ros']
[0.497s] Level 1:colcon.colcon_core.package_identification:_identify(src) by extension 'ros'
[0.497s] Level 1:colcon.colcon_core.package_identification:_identify(src) by extensions ['cmake', 'python']
[0.497s] Level 1:colcon.colcon_core.package_identification:_identify(src) by extension 'cmake'
[0.497s] Level 1:colcon.colcon_core.package_identification:_identify(src) by extension 'python'
[0.498s] Level 1:colcon.colcon_core.package_identification:_identify(src) by extensions ['python_setup_py']
[0.498s] Level 1:colcon.colcon_core.package_identification:_identify(src) by extension 'python_setup_py'
[0.498s] Level 1:colcon.colcon_core.package_identification:_identify(src/bot_camera_arm) by extensions ['ignore', 'ignore_ament_install']
[0.498s] Level 1:colcon.colcon_core.package_identification:_identify(src/bot_camera_arm) by extension 'ignore'
[0.498s] Level 1:colcon.colcon_core.package_identification:_identify(src/bot_camera_arm) by extension 'ignore_ament_install'
[0.498s] Level 1:colcon.colcon_core.package_identification:_identify(src/bot_camera_arm) by extensions ['colcon_pkg']
[0.498s] Level 1:colcon.colcon_core.package_identification:_identify(src/bot_camera_arm) by extension 'colcon_pkg'
[0.498s] Level 1:colcon.colcon_core.package_identification:_identify(src/bot_camera_arm) by extensions ['colcon_meta']
[0.498s] Level 1:colcon.colcon_core.package_identification:_identify(src/bot_camera_arm) by extension 'colcon_meta'
[0.498s] Level 1:colcon.colcon_core.package_identification:_identify(src/bot_camera_arm) by extensions ['ros']
[0.498s] Level 1:colcon.colcon_core.package_identification:_identify(src/bot_camera_arm) by extension 'ros'
[0.503s] DEBUG:colcon.colcon_core.package_identification:Package 'src/bot_camera_arm' with type 'ros.ament_python' and name 'bot_camera_arm'
[0.503s] Level 1:colcon.colcon_core.package_identification:_identify(src/botlaunch) by extensions ['ignore', 'ignore_ament_install']
[0.503s] Level 1:colcon.colcon_core.package_identification:_identify(src/botlaunch) by extension 'ignore'
[0.503s] Level 1:colcon.colcon_core.package_identification:_identify(src/botlaunch) by extension 'ignore_ament_install'
[0.504s] Level 1:colcon.colcon_core.package_identification:_identify(src/botlaunch) by extensions ['colcon_pkg']
[0.504s] Level 1:colcon.colcon_core.package_identification:_identify(src/botlaunch) by extension 'colcon_pkg'
[0.504s] Level 1:colcon.colcon_core.package_identification:_identify(src/botlaunch) by extensions ['colcon_meta']
[0.504s] Level 1:colcon.colcon_core.package_identification:_identify(src/botlaunch) by extension 'colcon_meta'
[0.504s] Level 1:colcon.colcon_core.package_identification:_identify(src/botlaunch) by extensions ['ros']
[0.504s] Level 1:colcon.colcon_core.package_identification:_identify(src/botlaunch) by extension 'ros'
[0.505s] DEBUG:colcon.colcon_core.package_identification:Package 'src/botlaunch' with type 'ros.ament_python' and name 'botlaunch'
[0.505s] Level 1:colcon.colcon_core.package_identification:_identify(src/resqbot_drive_interface) by extensions ['ignore', 'ignore_ament_install']
[0.506s] Level 1:colcon.colcon_core.package_identification:_identify(src/resqbot_drive_interface) by extension 'ignore'
[0.506s] Level 1:colcon.colcon_core.package_identification:_identify(src/resqbot_drive_interface) by extension 'ignore_ament_install'
[0.506s] Level 1:colcon.colcon_core.package_identification:_identify(src/resqbot_drive_interface) by extensions ['colcon_pkg']
[0.506s] Level 1:colcon.colcon_core.package_identification:_identify(src/resqbot_drive_interface) by extension 'colcon_pkg'
[0.506s] Level 1:colcon.colcon_core.package_identification:_identify(src/resqbot_drive_interface) by extensions ['colcon_meta']
[0.506s] Level 1:colcon.colcon_core.package_identification:_identify(src/resqbot_drive_interface) by extension 'colcon_meta'
[0.506s] Level 1:colcon.colcon_core.package_identification:_identify(src/resqbot_drive_interface) by extensions ['ros']
[0.506s] Level 1:colcon.colcon_core.package_identification:_identify(src/resqbot_drive_interface) by extension 'ros'
[0.507s] DEBUG:colcon.colcon_core.package_identification:Package 'src/resqbot_drive_interface' with type 'ros.ament_python' and name 'resqbot_drive_interface'
[0.508s] Level 1:colcon.colcon_core.package_identification:_identify(src/resqbot_flipper_interface) by extensions ['ignore', 'ignore_ament_install']
[0.508s] Level 1:colcon.colcon_core.package_identification:_identify(src/resqbot_flipper_interface) by extension 'ignore'
[0.508s] Level 1:colcon.colcon_core.package_identification:_identify(src/resqbot_flipper_interface) by extension 'ignore_ament_install'
[0.508s] Level 1:colcon.colcon_core.package_identification:_identify(src/resqbot_flipper_interface) by extensions ['colcon_pkg']
[0.508s] Level 1:colcon.colcon_core.package_identification:_identify(src/resqbot_flipper_interface) by extension 'colcon_pkg'
[0.508s] Level 1:colcon.colcon_core.package_identification:_identify(src/resqbot_flipper_interface) by extensions ['colcon_meta']
[0.508s] Level 1:colcon.colcon_core.package_identification:_identify(src/resqbot_flipper_interface) by extension 'colcon_meta'
[0.508s] Level 1:colcon.colcon_core.package_identification:_identify(src/resqbot_flipper_interface) by extensions ['ros']
[0.508s] Level 1:colcon.colcon_core.package_identification:_identify(src/resqbot_flipper_interface) by extension 'ros'
[0.510s] DEBUG:colcon.colcon_core.package_identification:Package 'src/resqbot_flipper_interface' with type 'ros.ament_python' and name 'resqbot_flipper_interface'
[0.510s] Level 1:colcon.colcon_core.package_identification:_identify(src/tele_op) by extensions ['ignore', 'ignore_ament_install']
[0.510s] Level 1:colcon.colcon_core.package_identification:_identify(src/tele_op) by extension 'ignore'
[0.511s] Level 1:colcon.colcon_core.package_identification:_identify(src/tele_op) by extension 'ignore_ament_install'
[0.511s] Level 1:colcon.colcon_core.package_identification:_identify(src/tele_op) by extensions ['colcon_pkg']
[0.511s] Level 1:colcon.colcon_core.package_identification:_identify(src/tele_op) by extension 'colcon_pkg'
[0.511s] Level 1:colcon.colcon_core.package_identification:_identify(src/tele_op) by extensions ['colcon_meta']
[0.511s] Level 1:colcon.colcon_core.package_identification:_identify(src/tele_op) by extension 'colcon_meta'
[0.511s] Level 1:colcon.colcon_core.package_identification:_identify(src/tele_op) by extensions ['ros']
[0.511s] Level 1:colcon.colcon_core.package_identification:_identify(src/tele_op) by extension 'ros'
[0.512s] DEBUG:colcon.colcon_core.package_identification:Package 'src/tele_op' with type 'ros.ament_python' and name 'tele_op'
[0.512s] Level 1:colcon.colcon_core.package_discovery:discover_packages(recursive) using defaults
[0.513s] Level 1:colcon.colcon_core.package_discovery:discover_packages(ignore) discover
[0.513s] Level 1:colcon.colcon_core.package_discovery:discover_packages(ignore) using defaults
[0.513s] Level 1:colcon.colcon_core.package_discovery:discover_packages(path) discover
[0.513s] Level 1:colcon.colcon_core.package_discovery:discover_packages(path) using defaults
[0.579s] Level 1:colcon.colcon_core.package_discovery:discover_packages(prefix_path) check parameters
[0.579s] Level 1:colcon.colcon_core.package_discovery:discover_packages(prefix_path) discover
[0.580s] WARNING:colcon.colcon_core.prefix_path.colcon:The path '/home/paul/ros2_ws/install' in the environment variable COLCON_PREFIX_PATH doesn't exist
[0.580s] WARNING:colcon.colcon_ros.prefix_path.ament:The path '/home/paul/ros2_ws/install/tele_op' in the environment variable AMENT_PREFIX_PATH doesn't exist
[0.581s] WARNING:colcon.colcon_ros.prefix_path.ament:The path '/home/paul/ros2_ws/install/resqbot_flipper_interface' in the environment variable AMENT_PREFIX_PATH doesn't exist
[0.581s] WARNING:colcon.colcon_ros.prefix_path.ament:The path '/home/paul/ros2_ws/install/resqbot_drive_interface' in the environment variable AMENT_PREFIX_PATH doesn't exist
[0.581s] WARNING:colcon.colcon_ros.prefix_path.ament:The path '/home/paul/ros2_ws/install/botlaunch' in the environment variable AMENT_PREFIX_PATH doesn't exist
[0.581s] WARNING:colcon.colcon_ros.prefix_path.ament:The path '/home/paul/ros2_ws/install/bot_camera_arm' in the environment variable AMENT_PREFIX_PATH doesn't exist
[0.584s] DEBUG:colcon.colcon_installed_package_information.package_discovery:Found 270 installed packages in /opt/ros/humble
[0.586s] Level 1:colcon.colcon_core.package_discovery:discover_packages(prefix_path) using defaults
[0.651s] Level 5:colcon.colcon_core.verb:set package 'bot_camera_arm' build argument 'cmake_args' from command line to 'None'
[0.652s] Level 5:colcon.colcon_core.verb:set package 'bot_camera_arm' build argument 'cmake_target' from command line to 'None'
[0.652s] Level 5:colcon.colcon_core.verb:set package 'bot_camera_arm' build argument 'cmake_target_skip_unavailable' from command line to 'False'
[0.652s] Level 5:colcon.colcon_core.verb:set package 'bot_camera_arm' build argument 'cmake_clean_cache' from command line to 'False'
[0.652s] Level 5:colcon.colcon_core.verb:set package 'bot_camera_arm' build argument 'cmake_clean_first' from command line to 'False'
[0.652s] Level 5:colcon.colcon_core.verb:set package 'bot_camera_arm' build argument 'cmake_force_configure' from command line to 'False'
[0.652s] Level 5:colcon.colcon_core.verb:set package 'bot_camera_arm' build argument 'ament_cmake_args' from command line to 'None'
[0.652s] Level 5:colcon.colcon_core.verb:set package 'bot_camera_arm' build argument 'catkin_cmake_args' from command line to 'None'
[0.652s] Level 5:colcon.colcon_core.verb:set package 'bot_camera_arm' build argument 'catkin_skip_building_tests' from command line to 'False'
[0.652s] DEBUG:colcon.colcon_core.verb:Building package 'bot_camera_arm' with the following arguments: {'ament_cmake_args': None, 'build_base': '/home/paul/resqbot_dev/ROS2/build/bot_camera_arm', 'catkin_cmake_args': None, 'catkin_skip_building_tests': False, 'cmake_args': None, 'cmake_clean_cache': False, 'cmake_clean_first': False, 'cmake_force_configure': False, 'cmake_target': None, 'cmake_target_skip_unavailable': False, 'install_base': '/home/paul/resqbot_dev/ROS2/install/bot_camera_arm', 'merge_install': False, 'path': '/home/paul/resqbot_dev/ROS2/src/bot_camera_arm', 'symlink_install': True, 'test_result_base': None}
[0.653s] Level 5:colcon.colcon_core.verb:set package 'botlaunch' build argument 'cmake_args' from command line to 'None'
[0.653s] Level 5:colcon.colcon_core.verb:set package 'botlaunch' build argument 'cmake_target' from command line to 'None'
[0.653s] Level 5:colcon.colcon_core.verb:set package 'botlaunch' build argument 'cmake_target_skip_unavailable' from command line to 'False'
[0.653s] Level 5:colcon.colcon_core.verb:set package 'botlaunch' build argument 'cmake_clean_cache' from command line to 'False'
[0.653s] Level 5:colcon.colcon_core.verb:set package 'botlaunch' build argument 'cmake_clean_first' from command line to 'False'
[0.653s] Level 5:colcon.colcon_core.verb:set package 'botlaunch' build argument 'cmake_force_configure' from command line to 'False'
[0.653s] Level 5:colcon.colcon_core.verb:set package 'botlaunch' build argument 'ament_cmake_args' from command line to 'None'
[0.653s] Level 5:colcon.colcon_core.verb:set package 'botlaunch' build argument 'catkin_cmake_args' from command line to 'None'
[0.653s] Level 5:colcon.colcon_core.verb:set package 'botlaunch' build argument 'catkin_skip_building_tests' from command line to 'False'
[0.653s] DEBUG:colcon.colcon_core.verb:Building package 'botlaunch' with the following arguments: {'ament_cmake_args': None, 'build_base': '/home/paul/resqbot_dev/ROS2/build/botlaunch', 'catkin_cmake_args': None, 'catkin_skip_building_tests': False, 'cmake_args': None, 'cmake_clean_cache': False, 'cmake_clean_first': False, 'cmake_force_configure': False, 'cmake_target': None, 'cmake_target_skip_unavailable': False, 'install_base': '/home/paul/resqbot_dev/ROS2/install/botlaunch', 'merge_install': False, 'path': '/home/paul/resqbot_dev/ROS2/src/botlaunch', 'symlink_install': True, 'test_result_base': None}
[0.654s] Level 5:colcon.colcon_core.verb:set package 'resqbot_drive_interface' build argument 'cmake_args' from command line to 'None'
[0.654s] Level 5:colcon.colcon_core.verb:set package 'resqbot_drive_interface' build argument 'cmake_target' from command line to 'None'
[0.654s] Level 5:colcon.colcon_core.verb:set package 'resqbot_drive_interface' build argument 'cmake_target_skip_unavailable' from command line to 'False'
[0.654s] Level 5:colcon.colcon_core.verb:set package 'resqbot_drive_interface' build argument 'cmake_clean_cache' from command line to 'False'
[0.654s] Level 5:colcon.colcon_core.verb:set package 'resqbot_drive_interface' build argument 'cmake_clean_first' from command line to 'False'
[0.654s] Level 5:colcon.colcon_core.verb:set package 'resqbot_drive_interface' build argument 'cmake_force_configure' from command line to 'False'
[0.654s] Level 5:colcon.colcon_core.verb:set package 'resqbot_drive_interface' build argument 'ament_cmake_args' from command line to 'None'
[0.654s] Level 5:colcon.colcon_core.verb:set package 'resqbot_drive_interface' build argument 'catkin_cmake_args' from command line to 'None'
[0.654s] Level 5:colcon.colcon_core.verb:set package 'resqbot_drive_interface' build argument 'catkin_skip_building_tests' from command line to 'False'
[0.654s] DEBUG:colcon.colcon_core.verb:Building package 'resqbot_drive_interface' with the following arguments: {'ament_cmake_args': None, 'build_base': '/home/paul/resqbot_dev/ROS2/build/resqbot_drive_interface', 'catkin_cmake_args': None, 'catkin_skip_building_tests': False, 'cmake_args': None, 'cmake_clean_cache': False, 'cmake_clean_first': False, 'cmake_force_configure': False, 'cmake_target': None, 'cmake_target_skip_unavailable': False, 'install_base': '/home/paul/resqbot_dev/ROS2/install/resqbot_drive_interface', 'merge_install': False, 'path': '/home/paul/resqbot_dev/ROS2/src/resqbot_drive_interface', 'symlink_install': True, 'test_result_base': None}
[0.655s] Level 5:colcon.colcon_core.verb:set package 'resqbot_flipper_interface' build argument 'cmake_args' from command line to 'None'
[0.655s] Level 5:colcon.colcon_core.verb:set package 'resqbot_flipper_interface' build argument 'cmake_target' from command line to 'None'
[0.655s] Level 5:colcon.colcon_core.verb:set package 'resqbot_flipper_interface' build argument 'cmake_target_skip_unavailable' from command line to 'False'
[0.655s] Level 5:colcon.colcon_core.verb:set package 'resqbot_flipper_interface' build argument 'cmake_clean_cache' from command line to 'False'
[0.655s] Level 5:colcon.colcon_core.verb:set package 'resqbot_flipper_interface' build argument 'cmake_clean_first' from command line to 'False'
[0.655s] Level 5:colcon.colcon_core.verb:set package 'resqbot_flipper_interface' build argument 'cmake_force_configure' from command line to 'False'
[0.655s] Level 5:colcon.colcon_core.verb:set package 'resqbot_flipper_interface' build argument 'ament_cmake_args' from command line to 'None'
[0.655s] Level 5:colcon.colcon_core.verb:set package 'resqbot_flipper_interface' build argument 'catkin_cmake_args' from command line to 'None'
[0.655s] Level 5:colcon.colcon_core.verb:set package 'resqbot_flipper_interface' build argument 'catkin_skip_building_tests' from command line to 'False'
[0.655s] DEBUG:colcon.colcon_core.verb:Building package 'resqbot_flipper_interface' with the following arguments: {'ament_cmake_args': None, 'build_base': '/home/paul/resqbot_dev/ROS2/build/resqbot_flipper_interface', 'catkin_cmake_args': None, 'catkin_skip_building_tests': False, 'cmake_args': None, 'cmake_clean_cache': False, 'cmake_clean_first': False, 'cmake_force_configure': False, 'cmake_target': None, 'cmake_target_skip_unavailable': False, 'install_base': '/home/paul/resqbot_dev/ROS2/install/resqbot_flipper_interface', 'merge_install': False, 'path': '/home/paul/resqbot_dev/ROS2/src/resqbot_flipper_interface', 'symlink_install': True, 'test_result_base': None}
[0.656s] Level 5:colcon.colcon_core.verb:set package 'tele_op' build argument 'cmake_args' from command line to 'None'
[0.656s] Level 5:colcon.colcon_core.verb:set package 'tele_op' build argument 'cmake_target' from command line to 'None'
[0.656s] Level 5:colcon.colcon_core.verb:set package 'tele_op' build argument 'cmake_target_skip_unavailable' from command line to 'False'
[0.656s] Level 5:colcon.colcon_core.verb:set package 'tele_op' build argument 'cmake_clean_cache' from command line to 'False'
[0.656s] Level 5:colcon.colcon_core.verb:set package 'tele_op' build argument 'cmake_clean_first' from command line to 'False'
[0.656s] Level 5:colcon.colcon_core.verb:set package 'tele_op' build argument 'cmake_force_configure' from command line to 'False'
[0.656s] Level 5:colcon.colcon_core.verb:set package 'tele_op' build argument 'ament_cmake_args' from command line to 'None'
[0.656s] Level 5:colcon.colcon_core.verb:set package 'tele_op' build argument 'catkin_cmake_args' from command line to 'None'
[0.656s] Level 5:colcon.colcon_core.verb:set package 'tele_op' build argument 'catkin_skip_building_tests' from command line to 'False'
[0.656s] DEBUG:colcon.colcon_core.verb:Building package 'tele_op' with the following arguments: {'ament_cmake_args': None, 'build_base': '/home/paul/resqbot_dev/ROS2/build/tele_op', 'catkin_cmake_args': None, 'catkin_skip_building_tests': False, 'cmake_args': None, 'cmake_clean_cache': False, 'cmake_clean_first': False, 'cmake_force_configure': False, 'cmake_target': None, 'cmake_target_skip_unavailable': False, 'install_base': '/home/paul/resqbot_dev/ROS2/install/tele_op', 'merge_install': False, 'path': '/home/paul/resqbot_dev/ROS2/src/tele_op', 'symlink_install': True, 'test_result_base': None}
[0.656s] INFO:colcon.colcon_core.executor:Executing jobs using 'parallel' executor
[0.659s] DEBUG:colcon.colcon_parallel_executor.executor.parallel:run_until_complete
[0.659s] INFO:colcon.colcon_ros.task.ament_python.build:Building ROS package in '/home/paul/resqbot_dev/ROS2/src/bot_camera_arm' with build type 'ament_python'
[0.659s] Level 1:colcon.colcon_core.shell:create_environment_hook('bot_camera_arm', 'ament_prefix_path')
[0.663s] INFO:colcon.colcon_core.plugin_system:Skipping extension 'colcon_core.shell.bat': Not used on non-Windows systems
[0.664s] INFO:colcon.colcon_core.shell:Creating environment hook '/home/paul/resqbot_dev/ROS2/install/bot_camera_arm/share/bot_camera_arm/hook/ament_prefix_path.ps1'
[0.665s] INFO:colcon.colcon_core.shell:Creating environment descriptor '/home/paul/resqbot_dev/ROS2/install/bot_camera_arm/share/bot_camera_arm/hook/ament_prefix_path.dsv'
[0.666s] INFO:colcon.colcon_core.shell:Creating environment hook '/home/paul/resqbot_dev/ROS2/install/bot_camera_arm/share/bot_camera_arm/hook/ament_prefix_path.sh'
[0.667s] INFO:colcon.colcon_core.shell:Skip shell extension 'powershell' for command environment: Not usable outside of PowerShell
[0.667s] DEBUG:colcon.colcon_core.shell:Skip shell extension 'dsv' for command environment
[0.672s] INFO:colcon.colcon_ros.task.ament_python.build:Building ROS package in '/home/paul/resqbot_dev/ROS2/src/botlaunch' with build type 'ament_python'
[0.673s] Level 1:colcon.colcon_core.shell:create_environment_hook('botlaunch', 'ament_prefix_path')
[0.673s] INFO:colcon.colcon_core.shell:Creating environment hook '/home/paul/resqbot_dev/ROS2/install/botlaunch/share/botlaunch/hook/ament_prefix_path.ps1'
[0.675s] INFO:colcon.colcon_core.shell:Creating environment descriptor '/home/paul/resqbot_dev/ROS2/install/botlaunch/share/botlaunch/hook/ament_prefix_path.dsv'
[0.676s] INFO:colcon.colcon_core.shell:Creating environment hook '/home/paul/resqbot_dev/ROS2/install/botlaunch/share/botlaunch/hook/ament_prefix_path.sh'
[0.677s] INFO:colcon.colcon_core.shell:Skip shell extension 'powershell' for command environment: Not usable outside of PowerShell
[0.677s] DEBUG:colcon.colcon_core.shell:Skip shell extension 'dsv' for command environment
[0.682s] INFO:colcon.colcon_ros.task.ament_python.build:Building ROS package in '/home/paul/resqbot_dev/ROS2/src/resqbot_drive_interface' with build type 'ament_python'
[0.682s] Level 1:colcon.colcon_core.shell:create_environment_hook('resqbot_drive_interface', 'ament_prefix_path')
[0.683s] INFO:colcon.colcon_core.shell:Creating environment hook '/home/paul/resqbot_dev/ROS2/install/resqbot_drive_interface/share/resqbot_drive_interface/hook/ament_prefix_path.ps1'
[0.684s] INFO:colcon.colcon_core.shell:Creating environment descriptor '/home/paul/resqbot_dev/ROS2/install/resqbot_drive_interface/share/resqbot_drive_interface/hook/ament_prefix_path.dsv'
[0.685s] INFO:colcon.colcon_core.shell:Creating environment hook '/home/paul/resqbot_dev/ROS2/install/resqbot_drive_interface/share/resqbot_drive_interface/hook/ament_prefix_path.sh'
[0.686s] INFO:colcon.colcon_core.shell:Skip shell extension 'powershell' for command environment: Not usable outside of PowerShell
[0.686s] DEBUG:colcon.colcon_core.shell:Skip shell extension 'dsv' for command environment
[0.691s] INFO:colcon.colcon_ros.task.ament_python.build:Building ROS package in '/home/paul/resqbot_dev/ROS2/src/resqbot_flipper_interface' with build type 'ament_python'
[0.692s] Level 1:colcon.colcon_core.shell:create_environment_hook('resqbot_flipper_interface', 'ament_prefix_path')
[0.693s] INFO:colcon.colcon_core.shell:Creating environment hook '/home/paul/resqbot_dev/ROS2/install/resqbot_flipper_interface/share/resqbot_flipper_interface/hook/ament_prefix_path.ps1'
[0.695s] INFO:colcon.colcon_core.shell:Creating environment descriptor '/home/paul/resqbot_dev/ROS2/install/resqbot_flipper_interface/share/resqbot_flipper_interface/hook/ament_prefix_path.dsv'
[0.697s] INFO:colcon.colcon_core.shell:Creating environment hook '/home/paul/resqbot_dev/ROS2/install/resqbot_flipper_interface/share/resqbot_flipper_interface/hook/ament_prefix_path.sh'
[0.699s] INFO:colcon.colcon_core.shell:Skip shell extension 'powershell' for command environment: Not usable outside of PowerShell
[0.699s] DEBUG:colcon.colcon_core.shell:Skip shell extension 'dsv' for command environment
[0.704s] INFO:colcon.colcon_ros.task.ament_python.build:Building ROS package in '/home/paul/resqbot_dev/ROS2/src/tele_op' with build type 'ament_python'
[0.705s] Level 1:colcon.colcon_core.shell:create_environment_hook('tele_op', 'ament_prefix_path')
[0.705s] INFO:colcon.colcon_core.shell:Creating environment hook '/home/paul/resqbot_dev/ROS2/install/tele_op/share/tele_op/hook/ament_prefix_path.ps1'
[0.707s] INFO:colcon.colcon_core.shell:Creating environment descriptor '/home/paul/resqbot_dev/ROS2/install/tele_op/share/tele_op/hook/ament_prefix_path.dsv'
[0.708s] INFO:colcon.colcon_core.shell:Creating environment hook '/home/paul/resqbot_dev/ROS2/install/tele_op/share/tele_op/hook/ament_prefix_path.sh'
[0.709s] INFO:colcon.colcon_core.shell:Skip shell extension 'powershell' for command environment: Not usable outside of PowerShell
[0.710s] DEBUG:colcon.colcon_core.shell:Skip shell extension 'dsv' for command environment
[1.173s] INFO:colcon.colcon_core.task.python.build:Building Python package in '/home/paul/resqbot_dev/ROS2/src/bot_camera_arm'
[1.174s] INFO:colcon.colcon_core.shell:Skip shell extension 'powershell' for command environment: Not usable outside of PowerShell
[1.174s] DEBUG:colcon.colcon_core.shell:Skip shell extension 'dsv' for command environment
[1.657s] INFO:colcon.colcon_core.task.python.build:Building Python package in '/home/paul/resqbot_dev/ROS2/src/botlaunch'
[1.658s] INFO:colcon.colcon_core.shell:Skip shell extension 'powershell' for command environment: Not usable outside of PowerShell
[1.658s] DEBUG:colcon.colcon_core.shell:Skip shell extension 'dsv' for command environment
[2.130s] INFO:colcon.colcon_core.task.python.build:Building Python package in '/home/paul/resqbot_dev/ROS2/src/resqbot_drive_interface'
[2.131s] INFO:colcon.colcon_core.shell:Skip shell extension 'powershell' for command environment: Not usable outside of PowerShell
[2.131s] DEBUG:colcon.colcon_core.shell:Skip shell extension 'dsv' for command environment
[2.652s] INFO:colcon.colcon_core.task.python.build:Building Python package in '/home/paul/resqbot_dev/ROS2/src/resqbot_flipper_interface'
[2.653s] INFO:colcon.colcon_core.shell:Skip shell extension 'powershell' for command environment: Not usable outside of PowerShell
[2.653s] DEBUG:colcon.colcon_core.shell:Skip shell extension 'dsv' for command environment
[3.196s] INFO:colcon.colcon_core.task.python.build:Building Python package in '/home/paul/resqbot_dev/ROS2/src/tele_op'
[3.197s] INFO:colcon.colcon_core.shell:Skip shell extension 'powershell' for command environment: Not usable outside of PowerShell
[3.197s] DEBUG:colcon.colcon_core.shell:Skip shell extension 'dsv' for command environment
[4.058s] DEBUG:colcon.colcon_core.event_handler.log_command:Invoking command in '/home/paul/resqbot_dev/ROS2/build/botlaunch': PYTHONPATH=/home/paul/resqbot_dev/ROS2/build/botlaunch/prefix_override:/usr/lib/python3/dist-packages/colcon_core/task/python/colcon_distutils_commands:/home/paul/resqbot_dev/ROS2/install/botlaunch/lib/python3.10/site-packages:${PYTHONPATH} /usr/bin/python3 -W ignore:setup.py install is deprecated setup.py develop --editable --build-directory /home/paul/resqbot_dev/ROS2/build/botlaunch/build --no-deps symlink_data
[4.067s] DEBUG:colcon.colcon_core.event_handler.log_command:Invoking command in '/home/paul/resqbot_dev/ROS2/build/bot_camera_arm': PYTHONPATH=/home/paul/resqbot_dev/ROS2/build/bot_camera_arm/prefix_override:/usr/lib/python3/dist-packages/colcon_core/task/python/colcon_distutils_commands:/home/paul/resqbot_dev/ROS2/install/bot_camera_arm/lib/python3.10/site-packages:${PYTHONPATH} /usr/bin/python3 -W ignore:setup.py install is deprecated setup.py develop --editable --build-directory /home/paul/resqbot_dev/ROS2/build/bot_camera_arm/build --no-deps symlink_data
[4.120s] DEBUG:colcon.colcon_core.event_handler.log_command:Invoking command in '/home/paul/resqbot_dev/ROS2/build/resqbot_flipper_interface': PYTHONPATH=/home/paul/resqbot_dev/ROS2/build/resqbot_flipper_interface/prefix_override:/usr/lib/python3/dist-packages/colcon_core/task/python/colcon_distutils_commands:/home/paul/resqbot_dev/ROS2/install/resqbot_flipper_interface/lib/python3.10/site-packages:${PYTHONPATH} /usr/bin/python3 -W ignore:setup.py install is deprecated setup.py develop --editable --build-directory /home/paul/resqbot_dev/ROS2/build/resqbot_flipper_interface/build --no-deps symlink_data
[4.397s] DEBUG:colcon.colcon_core.event_handler.log_command:Invoking command in '/home/paul/resqbot_dev/ROS2/build/resqbot_drive_interface': PYTHONPATH=/home/paul/resqbot_dev/ROS2/build/resqbot_drive_interface/prefix_override:/usr/lib/python3/dist-packages/colcon_core/task/python/colcon_distutils_commands:/home/paul/resqbot_dev/ROS2/install/resqbot_drive_interface/lib/python3.10/site-packages:${PYTHONPATH} /usr/bin/python3 -W ignore:setup.py install is deprecated setup.py develop --editable --build-directory /home/paul/resqbot_dev/ROS2/build/resqbot_drive_interface/build --no-deps symlink_data
[4.411s] DEBUG:colcon.colcon_core.event_handler.log_command:Invoking command in '/home/paul/resqbot_dev/ROS2/build/tele_op': PYTHONPATH=/home/paul/resqbot_dev/ROS2/build/tele_op/prefix_override:/usr/lib/python3/dist-packages/colcon_core/task/python/colcon_distutils_commands:/home/paul/resqbot_dev/ROS2/install/tele_op/lib/python3.10/site-packages:${PYTHONPATH} /usr/bin/python3 -W ignore:setup.py install is deprecated setup.py develop --editable --build-directory /home/paul/resqbot_dev/ROS2/build/tele_op/build --no-deps symlink_data
[5.161s] Level 1:colcon.colcon_core.shell:create_environment_hook('bot_camera_arm', 'pythonpath_develop')
[5.162s] DEBUG:colcon.colcon_core.event_handler.log_command:Invoked command in '/home/paul/resqbot_dev/ROS2/build/bot_camera_arm' returned '0': PYTHONPATH=/home/paul/resqbot_dev/ROS2/build/bot_camera_arm/prefix_override:/usr/lib/python3/dist-packages/colcon_core/task/python/colcon_distutils_commands:/home/paul/resqbot_dev/ROS2/install/bot_camera_arm/lib/python3.10/site-packages:${PYTHONPATH} /usr/bin/python3 -W ignore:setup.py install is deprecated setup.py develop --editable --build-directory /home/paul/resqbot_dev/ROS2/build/bot_camera_arm/build --no-deps symlink_data
[5.163s] INFO:colcon.colcon_core.shell:Creating environment hook '/home/paul/resqbot_dev/ROS2/build/bot_camera_arm/share/bot_camera_arm/hook/pythonpath_develop.ps1'
[5.164s] INFO:colcon.colcon_core.shell:Creating environment descriptor '/home/paul/resqbot_dev/ROS2/build/bot_camera_arm/share/bot_camera_arm/hook/pythonpath_develop.dsv'
[5.166s] INFO:colcon.colcon_core.shell:Creating environment hook '/home/paul/resqbot_dev/ROS2/build/bot_camera_arm/share/bot_camera_arm/hook/pythonpath_develop.sh'
[5.172s] Level 1:colcon.colcon_core.environment:checking '/home/paul/resqbot_dev/ROS2/install/bot_camera_arm' for CMake module files
[5.174s] Level 1:colcon.colcon_core.environment:checking '/home/paul/resqbot_dev/ROS2/install/bot_camera_arm' for CMake config files
[5.176s] Level 1:colcon.colcon_core.environment:checking '/home/paul/resqbot_dev/ROS2/install/bot_camera_arm/lib'
[5.177s] Level 1:colcon.colcon_core.environment:checking '/home/paul/resqbot_dev/ROS2/install/bot_camera_arm/bin'
[5.177s] Level 1:colcon.colcon_core.environment:checking '/home/paul/resqbot_dev/ROS2/install/bot_camera_arm/lib/pkgconfig/bot_camera_arm.pc'
[5.178s] Level 1:colcon.colcon_core.environment:checking '/home/paul/resqbot_dev/ROS2/install/bot_camera_arm/lib/python3.10/site-packages'
[5.179s] Level 1:colcon.colcon_core.shell:create_environment_hook('bot_camera_arm', 'pythonpath')
[5.180s] INFO:colcon.colcon_core.shell:Creating environment hook '/home/paul/resqbot_dev/ROS2/install/bot_camera_arm/share/bot_camera_arm/hook/pythonpath.ps1'
[5.181s] INFO:colcon.colcon_core.shell:Creating environment descriptor '/home/paul/resqbot_dev/ROS2/install/bot_camera_arm/share/bot_camera_arm/hook/pythonpath.dsv'
[5.183s] INFO:colcon.colcon_core.shell:Creating environment hook '/home/paul/resqbot_dev/ROS2/install/bot_camera_arm/share/bot_camera_arm/hook/pythonpath.sh'
[5.185s] Level 1:colcon.colcon_core.environment:checking '/home/paul/resqbot_dev/ROS2/install/bot_camera_arm/bin'
[5.186s] Level 1:colcon.colcon_core.environment:create_environment_scripts_only(bot_camera_arm)
[5.187s] INFO:colcon.colcon_core.shell:Creating package script '/home/paul/resqbot_dev/ROS2/install/bot_camera_arm/share/bot_camera_arm/package.ps1'
[5.190s] INFO:colcon.colcon_core.shell:Creating package descriptor '/home/paul/resqbot_dev/ROS2/install/bot_camera_arm/share/bot_camera_arm/package.dsv'
[5.193s] INFO:colcon.colcon_core.shell:Creating package script '/home/paul/resqbot_dev/ROS2/install/bot_camera_arm/share/bot_camera_arm/package.sh'
[5.196s] INFO:colcon.colcon_core.shell:Creating package script '/home/paul/resqbot_dev/ROS2/install/bot_camera_arm/share/bot_camera_arm/package.bash'
[5.198s] INFO:colcon.colcon_core.shell:Creating package script '/home/paul/resqbot_dev/ROS2/install/bot_camera_arm/share/bot_camera_arm/package.zsh'
[5.200s] Level 1:colcon.colcon_core.environment:create_file_with_runtime_dependencies(/home/paul/resqbot_dev/ROS2/install/bot_camera_arm/share/colcon-core/packages/bot_camera_arm)
[5.202s] Level 1:colcon.colcon_core.shell:create_environment_hook('botlaunch', 'pythonpath_develop')
[5.203s] INFO:colcon.colcon_core.shell:Creating environment hook '/home/paul/resqbot_dev/ROS2/build/botlaunch/share/botlaunch/hook/pythonpath_develop.ps1'
[5.207s] DEBUG:colcon.colcon_core.event_handler.log_command:Invoked command in '/home/paul/resqbot_dev/ROS2/build/botlaunch' returned '0': PYTHONPATH=/home/paul/resqbot_dev/ROS2/build/botlaunch/prefix_override:/usr/lib/python3/dist-packages/colcon_core/task/python/colcon_distutils_commands:/home/paul/resqbot_dev/ROS2/install/botlaunch/lib/python3.10/site-packages:${PYTHONPATH} /usr/bin/python3 -W ignore:setup.py install is deprecated setup.py develop --editable --build-directory /home/paul/resqbot_dev/ROS2/build/botlaunch/build --no-deps symlink_data
[5.207s] INFO:colcon.colcon_core.shell:Creating environment descriptor '/home/paul/resqbot_dev/ROS2/build/botlaunch/share/botlaunch/hook/pythonpath_develop.dsv'
[5.208s] INFO:colcon.colcon_core.shell:Creating environment hook '/home/paul/resqbot_dev/ROS2/build/botlaunch/share/botlaunch/hook/pythonpath_develop.sh'
[5.210s] Level 1:colcon.colcon_core.environment:checking '/home/paul/resqbot_dev/ROS2/install/botlaunch' for CMake module files
[5.211s] Level 1:colcon.colcon_core.environment:checking '/home/paul/resqbot_dev/ROS2/install/botlaunch' for CMake config files
[5.212s] Level 1:colcon.colcon_core.environment:checking '/home/paul/resqbot_dev/ROS2/install/botlaunch/lib'
[5.212s] Level 1:colcon.colcon_core.environment:checking '/home/paul/resqbot_dev/ROS2/install/botlaunch/bin'
[5.212s] Level 1:colcon.colcon_core.environment:checking '/home/paul/resqbot_dev/ROS2/install/botlaunch/lib/pkgconfig/botlaunch.pc'
[5.213s] Level 1:colcon.colcon_core.environment:checking '/home/paul/resqbot_dev/ROS2/install/botlaunch/lib/python3.10/site-packages'
[5.213s] Level 1:colcon.colcon_core.shell:create_environment_hook('botlaunch', 'pythonpath')
[5.214s] INFO:colcon.colcon_core.shell:Creating environment hook '/home/paul/resqbot_dev/ROS2/install/botlaunch/share/botlaunch/hook/pythonpath.ps1'
[5.216s] INFO:colcon.colcon_core.shell:Creating environment descriptor '/home/paul/resqbot_dev/ROS2/install/botlaunch/share/botlaunch/hook/pythonpath.dsv'
[5.218s] INFO:colcon.colcon_core.shell:Creating environment hook '/home/paul/resqbot_dev/ROS2/install/botlaunch/share/botlaunch/hook/pythonpath.sh'
[5.220s] Level 1:colcon.colcon_core.environment:checking '/home/paul/resqbot_dev/ROS2/install/botlaunch/bin'
[5.221s] Level 1:colcon.colcon_core.environment:create_environment_scripts_only(botlaunch)
[5.222s] INFO:colcon.colcon_core.shell:Creating package script '/home/paul/resqbot_dev/ROS2/install/botlaunch/share/botlaunch/package.ps1'
[5.226s] INFO:colcon.colcon_core.shell:Creating package descriptor '/home/paul/resqbot_dev/ROS2/install/botlaunch/share/botlaunch/package.dsv'
[5.228s] INFO:colcon.colcon_core.shell:Creating package script '/home/paul/resqbot_dev/ROS2/install/botlaunch/share/botlaunch/package.sh'
[5.229s] INFO:colcon.colcon_core.shell:Creating package script '/home/paul/resqbot_dev/ROS2/install/botlaunch/share/botlaunch/package.bash'
[5.231s] INFO:colcon.colcon_core.shell:Creating package script '/home/paul/resqbot_dev/ROS2/install/botlaunch/share/botlaunch/package.zsh'
[5.232s] Level 1:colcon.colcon_core.environment:create_file_with_runtime_dependencies(/home/paul/resqbot_dev/ROS2/install/botlaunch/share/colcon-core/packages/botlaunch)
[5.256s] Level 1:colcon.colcon_core.shell:create_environment_hook('resqbot_flipper_interface', 'pythonpath_develop')
[5.257s] INFO:colcon.colcon_core.shell:Creating environment hook '/home/paul/resqbot_dev/ROS2/build/resqbot_flipper_interface/share/resqbot_flipper_interface/hook/pythonpath_develop.ps1'
[5.260s] DEBUG:colcon.colcon_core.event_handler.log_command:Invoked command in '/home/paul/resqbot_dev/ROS2/build/resqbot_flipper_interface' returned '0': PYTHONPATH=/home/paul/resqbot_dev/ROS2/build/resqbot_flipper_interface/prefix_override:/usr/lib/python3/dist-packages/colcon_core/task/python/colcon_distutils_commands:/home/paul/resqbot_dev/ROS2/install/resqbot_flipper_interface/lib/python3.10/site-packages:${PYTHONPATH} /usr/bin/python3 -W ignore:setup.py install is deprecated setup.py develop --editable --build-directory /home/paul/resqbot_dev/ROS2/build/resqbot_flipper_interface/build --no-deps symlink_data
[5.261s] INFO:colcon.colcon_core.shell:Creating environment descriptor '/home/paul/resqbot_dev/ROS2/build/resqbot_flipper_interface/share/resqbot_flipper_interface/hook/pythonpath_develop.dsv'
[5.262s] INFO:colcon.colcon_core.shell:Creating environment hook '/home/paul/resqbot_dev/ROS2/build/resqbot_flipper_interface/share/resqbot_flipper_interface/hook/pythonpath_develop.sh'
[5.264s] Level 1:colcon.colcon_core.environment:checking '/home/paul/resqbot_dev/ROS2/install/resqbot_flipper_interface' for CMake module files
[5.265s] Level 1:colcon.colcon_core.environment:checking '/home/paul/resqbot_dev/ROS2/install/resqbot_flipper_interface' for CMake config files
[5.266s] Level 1:colcon.colcon_core.environment:checking '/home/paul/resqbot_dev/ROS2/install/resqbot_flipper_interface/lib'
[5.266s] Level 1:colcon.colcon_core.environment:checking '/home/paul/resqbot_dev/ROS2/install/resqbot_flipper_interface/bin'
[5.266s] Level 1:colcon.colcon_core.environment:checking '/home/paul/resqbot_dev/ROS2/install/resqbot_flipper_interface/lib/pkgconfig/resqbot_flipper_interface.pc'
[5.266s] Level 1:colcon.colcon_core.environment:checking '/home/paul/resqbot_dev/ROS2/install/resqbot_flipper_interface/lib/python3.10/site-packages'
[5.266s] Level 1:colcon.colcon_core.shell:create_environment_hook('resqbot_flipper_interface', 'pythonpath')
[5.267s] INFO:colcon.colcon_core.shell:Creating environment hook '/home/paul/resqbot_dev/ROS2/install/resqbot_flipper_interface/share/resqbot_flipper_interface/hook/pythonpath.ps1'
[5.268s] INFO:colcon.colcon_core.shell:Creating environment descriptor '/home/paul/resqbot_dev/ROS2/install/resqbot_flipper_interface/share/resqbot_flipper_interface/hook/pythonpath.dsv'
[5.269s] INFO:colcon.colcon_core.shell:Creating environment hook '/home/paul/resqbot_dev/ROS2/install/resqbot_flipper_interface/share/resqbot_flipper_interface/hook/pythonpath.sh'
[5.271s] Level 1:colcon.colcon_core.environment:checking '/home/paul/resqbot_dev/ROS2/install/resqbot_flipper_interface/bin'
[5.271s] Level 1:colcon.colcon_core.environment:create_environment_scripts_only(resqbot_flipper_interface)
[5.272s] INFO:colcon.colcon_core.shell:Creating package script '/home/paul/resqbot_dev/ROS2/install/resqbot_flipper_interface/share/resqbot_flipper_interface/package.ps1'
[5.273s] INFO:colcon.colcon_core.shell:Creating package descriptor '/home/paul/resqbot_dev/ROS2/install/resqbot_flipper_interface/share/resqbot_flipper_interface/package.dsv'
[5.274s] INFO:colcon.colcon_core.shell:Creating package script '/home/paul/resqbot_dev/ROS2/install/resqbot_flipper_interface/share/resqbot_flipper_interface/package.sh'
[5.275s] INFO:colcon.colcon_core.shell:Creating package script '/home/paul/resqbot_dev/ROS2/install/resqbot_flipper_interface/share/resqbot_flipper_interface/package.bash'
[5.276s] INFO:colcon.colcon_core.shell:Creating package script '/home/paul/resqbot_dev/ROS2/install/resqbot_flipper_interface/share/resqbot_flipper_interface/package.zsh'
[5.277s] Level 1:colcon.colcon_core.environment:create_file_with_runtime_dependencies(/home/paul/resqbot_dev/ROS2/install/resqbot_flipper_interface/share/colcon-core/packages/resqbot_flipper_interface)
[5.623s] Level 1:colcon.colcon_core.shell:create_environment_hook('resqbot_drive_interface', 'pythonpath_develop')
[5.624s] DEBUG:colcon.colcon_core.event_handler.log_command:Invoked command in '/home/paul/resqbot_dev/ROS2/build/resqbot_drive_interface' returned '0': PYTHONPATH=/home/paul/resqbot_dev/ROS2/build/resqbot_drive_interface/prefix_override:/usr/lib/python3/dist-packages/colcon_core/task/python/colcon_distutils_commands:/home/paul/resqbot_dev/ROS2/install/resqbot_drive_interface/lib/python3.10/site-packages:${PYTHONPATH} /usr/bin/python3 -W ignore:setup.py install is deprecated setup.py develop --editable --build-directory /home/paul/resqbot_dev/ROS2/build/resqbot_drive_interface/build --no-deps symlink_data
[5.625s] INFO:colcon.colcon_core.shell:Creating environment hook '/home/paul/resqbot_dev/ROS2/build/resqbot_drive_interface/share/resqbot_drive_interface/hook/pythonpath_develop.ps1'
[5.628s] INFO:colcon.colcon_core.shell:Creating environment descriptor '/home/paul/resqbot_dev/ROS2/build/resqbot_drive_interface/share/resqbot_drive_interface/hook/pythonpath_develop.dsv'
[5.630s] INFO:colcon.colcon_core.shell:Creating environment hook '/home/paul/resqbot_dev/ROS2/build/resqbot_drive_interface/share/resqbot_drive_interface/hook/pythonpath_develop.sh'
[5.633s] Level 1:colcon.colcon_core.environment:checking '/home/paul/resqbot_dev/ROS2/install/resqbot_drive_interface' for CMake module files
[5.634s] Level 1:colcon.colcon_core.environment:checking '/home/paul/resqbot_dev/ROS2/install/resqbot_drive_interface' for CMake config files
[5.636s] Level 1:colcon.colcon_core.environment:checking '/home/paul/resqbot_dev/ROS2/install/resqbot_drive_interface/lib'
[5.636s] Level 1:colcon.colcon_core.environment:checking '/home/paul/resqbot_dev/ROS2/install/resqbot_drive_interface/bin'
[5.637s] Level 1:colcon.colcon_core.environment:checking '/home/paul/resqbot_dev/ROS2/install/resqbot_drive_interface/lib/pkgconfig/resqbot_drive_interface.pc'
[5.637s] Level 1:colcon.colcon_core.environment:checking '/home/paul/resqbot_dev/ROS2/install/resqbot_drive_interface/lib/python3.10/site-packages'
[5.637s] Level 1:colcon.colcon_core.shell:create_environment_hook('resqbot_drive_interface', 'pythonpath')
[5.638s] INFO:colcon.colcon_core.shell:Creating environment hook '/home/paul/resqbot_dev/ROS2/install/resqbot_drive_interface/share/resqbot_drive_interface/hook/pythonpath.ps1'
[5.640s] INFO:colcon.colcon_core.shell:Creating environment descriptor '/home/paul/resqbot_dev/ROS2/install/resqbot_drive_interface/share/resqbot_drive_interface/hook/pythonpath.dsv'
[5.642s] INFO:colcon.colcon_core.shell:Creating environment hook '/home/paul/resqbot_dev/ROS2/install/resqbot_drive_interface/share/resqbot_drive_interface/hook/pythonpath.sh'
[5.644s] Level 1:colcon.colcon_core.environment:checking '/home/paul/resqbot_dev/ROS2/install/resqbot_drive_interface/bin'
[5.645s] Level 1:colcon.colcon_core.environment:create_environment_scripts_only(resqbot_drive_interface)
[5.646s] INFO:colcon.colcon_core.shell:Creating package script '/home/paul/resqbot_dev/ROS2/install/resqbot_drive_interface/share/resqbot_drive_interface/package.ps1'
[5.648s] INFO:colcon.colcon_core.shell:Creating package descriptor '/home/paul/resqbot_dev/ROS2/install/resqbot_drive_interface/share/resqbot_drive_interface/package.dsv'
[5.650s] INFO:colcon.colcon_core.shell:Creating package script '/home/paul/resqbot_dev/ROS2/install/resqbot_drive_interface/share/resqbot_drive_interface/package.sh'
[5.652s] INFO:colcon.colcon_core.shell:Creating package script '/home/paul/resqbot_dev/ROS2/install/resqbot_drive_interface/share/resqbot_drive_interface/package.bash'
[5.653s] INFO:colcon.colcon_core.shell:Creating package script '/home/paul/resqbot_dev/ROS2/install/resqbot_drive_interface/share/resqbot_drive_interface/package.zsh'
[5.654s] Level 1:colcon.colcon_core.environment:create_file_with_runtime_dependencies(/home/paul/resqbot_dev/ROS2/install/resqbot_drive_interface/share/colcon-core/packages/resqbot_drive_interface)
[5.674s] Level 1:colcon.colcon_core.shell:create_environment_hook('tele_op', 'pythonpath_develop')
[5.675s] INFO:colcon.colcon_core.shell:Creating environment hook '/home/paul/resqbot_dev/ROS2/build/tele_op/share/tele_op/hook/pythonpath_develop.ps1'
[5.676s] DEBUG:colcon.colcon_core.event_handler.log_command:Invoked command in '/home/paul/resqbot_dev/ROS2/build/tele_op' returned '0': PYTHONPATH=/home/paul/resqbot_dev/ROS2/build/tele_op/prefix_override:/usr/lib/python3/dist-packages/colcon_core/task/python/colcon_distutils_commands:/home/paul/resqbot_dev/ROS2/install/tele_op/lib/python3.10/site-packages:${PYTHONPATH} /usr/bin/python3 -W ignore:setup.py install is deprecated setup.py develop --editable --build-directory /home/paul/resqbot_dev/ROS2/build/tele_op/build --no-deps symlink_data
[5.677s] INFO:colcon.colcon_core.shell:Creating environment descriptor '/home/paul/resqbot_dev/ROS2/build/tele_op/share/tele_op/hook/pythonpath_develop.dsv'
[5.678s] INFO:colcon.colcon_core.shell:Creating environment hook '/home/paul/resqbot_dev/ROS2/build/tele_op/share/tele_op/hook/pythonpath_develop.sh'
[5.679s] Level 1:colcon.colcon_core.environment:checking '/home/paul/resqbot_dev/ROS2/install/tele_op' for CMake module files
[5.679s] Level 1:colcon.colcon_core.environment:checking '/home/paul/resqbot_dev/ROS2/install/tele_op' for CMake config files
[5.680s] Level 1:colcon.colcon_core.environment:checking '/home/paul/resqbot_dev/ROS2/install/tele_op/lib'
[5.680s] Level 1:colcon.colcon_core.environment:checking '/home/paul/resqbot_dev/ROS2/install/tele_op/bin'
[5.681s] Level 1:colcon.colcon_core.environment:checking '/home/paul/resqbot_dev/ROS2/install/tele_op/lib/pkgconfig/tele_op.pc'
[5.681s] Level 1:colcon.colcon_core.environment:checking '/home/paul/resqbot_dev/ROS2/install/tele_op/lib/python3.10/site-packages'
[5.681s] Level 1:colcon.colcon_core.shell:create_environment_hook('tele_op', 'pythonpath')
[5.682s] INFO:colcon.colcon_core.shell:Creating environment hook '/home/paul/resqbot_dev/ROS2/install/tele_op/share/tele_op/hook/pythonpath.ps1'
[5.682s] INFO:colcon.colcon_core.shell:Creating environment descriptor '/home/paul/resqbot_dev/ROS2/install/tele_op/share/tele_op/hook/pythonpath.dsv'
[5.683s] INFO:colcon.colcon_core.shell:Creating environment hook '/home/paul/resqbot_dev/ROS2/install/tele_op/share/tele_op/hook/pythonpath.sh'
[5.685s] Level 1:colcon.colcon_core.environment:checking '/home/paul/resqbot_dev/ROS2/install/tele_op/bin'
[5.685s] Level 1:colcon.colcon_core.environment:create_environment_scripts_only(tele_op)
[5.686s] INFO:colcon.colcon_core.shell:Creating package script '/home/paul/resqbot_dev/ROS2/install/tele_op/share/tele_op/package.ps1'
[5.689s] INFO:colcon.colcon_core.shell:Creating package descriptor '/home/paul/resqbot_dev/ROS2/install/tele_op/share/tele_op/package.dsv'
[5.690s] INFO:colcon.colcon_core.shell:Creating package script '/home/paul/resqbot_dev/ROS2/install/tele_op/share/tele_op/package.sh'
[5.691s] INFO:colcon.colcon_core.shell:Creating package script '/home/paul/resqbot_dev/ROS2/install/tele_op/share/tele_op/package.bash'
[5.691s] INFO:colcon.colcon_core.shell:Creating package script '/home/paul/resqbot_dev/ROS2/install/tele_op/share/tele_op/package.zsh'
[5.692s] Level 1:colcon.colcon_core.environment:create_file_with_runtime_dependencies(/home/paul/resqbot_dev/ROS2/install/tele_op/share/colcon-core/packages/tele_op)
[5.692s] DEBUG:colcon.colcon_parallel_executor.executor.parallel:closing loop
[5.693s] DEBUG:colcon.colcon_parallel_executor.executor.parallel:loop closed
[5.693s] DEBUG:colcon.colcon_parallel_executor.executor.parallel:run_until_complete finished with '0'
[5.693s] DEBUG:colcon.colcon_core.event_reactor:joining thread
[5.703s] INFO:colcon.colcon_core.plugin_system:Skipping extension 'colcon_notification.desktop_notification.terminal_notifier': Not used on non-Darwin systems
[5.704s] INFO:colcon.colcon_core.plugin_system:Skipping extension 'colcon_notification.desktop_notification.win32': Not used on non-Windows systems
[5.704s] INFO:colcon.colcon_notification.desktop_notification:Sending desktop notification using 'notify2'
[5.734s] DEBUG:colcon.colcon_core.event_reactor:joined thread
[5.735s] INFO:colcon.colcon_core.shell:Creating prefix script '/home/paul/resqbot_dev/ROS2/install/local_setup.ps1'
[5.738s] INFO:colcon.colcon_core.shell:Creating prefix util module '/home/paul/resqbot_dev/ROS2/install/_local_setup_util_ps1.py'
[5.741s] INFO:colcon.colcon_core.shell:Creating prefix chain script '/home/paul/resqbot_dev/ROS2/install/setup.ps1'
[5.744s] INFO:colcon.colcon_core.shell:Creating prefix script '/home/paul/resqbot_dev/ROS2/install/local_setup.sh'
[5.746s] INFO:colcon.colcon_core.shell:Creating prefix util module '/home/paul/resqbot_dev/ROS2/install/_local_setup_util_sh.py'
[5.748s] INFO:colcon.colcon_core.shell:Creating prefix chain script '/home/paul/resqbot_dev/ROS2/install/setup.sh'
[5.751s] INFO:colcon.colcon_core.shell:Creating prefix script '/home/paul/resqbot_dev/ROS2/install/local_setup.bash'
[5.752s] INFO:colcon.colcon_core.shell:Creating prefix chain script '/home/paul/resqbot_dev/ROS2/install/setup.bash'
[5.754s] INFO:colcon.colcon_core.shell:Creating prefix script '/home/paul/resqbot_dev/ROS2/install/local_setup.zsh'
[5.756s] INFO:colcon.colcon_core.shell:Creating prefix chain script '/home/paul/resqbot_dev/ROS2/install/setup.zsh'
