[0.203s] DEBUG:colcon:Command line arguments: ['/usr/bin/colcon', 'build', '--symlink-install']
[0.203s] DEBUG:colcon:Parsed command line arguments: Namespace(log_base=None, log_level=None, verb_name='build', build_base='build', install_base='install', merge_install=False, symlink_install=True, test_result_base=None, continue_on_error=False, executor='parallel', parallel_workers=8, event_handlers=None, ignore_user_meta=False, metas=['./colcon.meta'], base_paths=['.'], packages_ignore=None, packages_ignore_regex=None, paths=None, packages_up_to=None, packages_up_to_regex=None, packages_above=None, packages_above_and_dependencies=None, packages_above_depth=None, packages_select_by_dep=None, packages_skip_by_dep=None, packages_skip_up_to=None, packages_select_build_failed=False, packages_skip_build_finished=False, packages_select_test_failures=False, packages_skip_test_passed=False, packages_select=None, packages_skip=None, packages_select_regex=None, packages_skip_regex=None, packages_start=None, packages_end=None, allow_overriding=[], cmake_args=None, cmake_target=None, cmake_target_skip_unavailable=False, cmake_clean_cache=False, cmake_clean_first=False, cmake_force_configure=False, ament_cmake_args=None, catkin_cmake_args=None, catkin_skip_building_tests=False, mixin_files=None, mixin=None, verb_parser=<colcon_mixin.mixin.mixin_argument.MixinArgumentDecorator object at 0x706ea40410c0>, verb_extension=<colcon_core.verb.build.BuildVerb object at 0x706ea4040b80>, main=<bound method BuildVerb.main of <colcon_core.verb.build.BuildVerb object at 0x706ea4040b80>>, mixin_verb=('build',))
[0.491s] Level 1:colcon.colcon_core.package_discovery:discover_packages(colcon_meta) check parameters
[0.491s] Level 1:colcon.colcon_core.package_discovery:discover_packages(recursive) check parameters
[0.491s] Level 1:colcon.colcon_core.package_discovery:discover_packages(ignore) check parameters
[0.491s] Level 1:colcon.colcon_core.package_discovery:discover_packages(path) check parameters
[0.491s] Level 1:colcon.colcon_core.package_discovery:discover_packages(colcon_meta) discover
[0.492s] Level 1:colcon.colcon_core.package_discovery:discover_packages(recursive) discover
[0.492s] INFO:colcon.colcon_core.package_discovery:Crawling recursively for packages in '/home/paul/resqbot_dev/control_ws'
[0.492s] Level 1:colcon.colcon_core.package_identification:_identify(.) by extensions ['ignore', 'ignore_ament_install']
[0.492s] Level 1:colcon.colcon_core.package_identification:_identify(.) by extension 'ignore'
[0.492s] Level 1:colcon.colcon_core.package_identification:_identify(.) by extension 'ignore_ament_install'
[0.492s] Level 1:colcon.colcon_core.package_identification:_identify(.) by extensions ['colcon_pkg']
[0.492s] Level 1:colcon.colcon_core.package_identification:_identify(.) by extension 'colcon_pkg'
[0.492s] Level 1:colcon.colcon_core.package_identification:_identify(.) by extensions ['colcon_meta']
[0.492s] Level 1:colcon.colcon_core.package_identification:_identify(.) by extension 'colcon_meta'
[0.492s] Level 1:colcon.colcon_core.package_identification:_identify(.) by extensions ['ros']
[0.492s] Level 1:colcon.colcon_core.package_identification:_identify(.) by extension 'ros'
[0.506s] Level 1:colcon.colcon_core.package_identification:_identify(.) by extensions ['cmake', 'python']
[0.506s] Level 1:colcon.colcon_core.package_identification:_identify(.) by extension 'cmake'
[0.506s] Level 1:colcon.colcon_core.package_identification:_identify(.) by extension 'python'
[0.506s] Level 1:colcon.colcon_core.package_identification:_identify(.) by extensions ['python_setup_py']
[0.506s] Level 1:colcon.colcon_core.package_identification:_identify(.) by extension 'python_setup_py'
[0.506s] Level 1:colcon.colcon_core.package_identification:_identify(build) by extensions ['ignore', 'ignore_ament_install']
[0.507s] Level 1:colcon.colcon_core.package_identification:_identify(build) by extension 'ignore'
[0.507s] Level 1:colcon.colcon_core.package_identification:_identify(build) ignored
[0.507s] Level 1:colcon.colcon_core.package_identification:_identify(install) by extensions ['ignore', 'ignore_ament_install']
[0.507s] Level 1:colcon.colcon_core.package_identification:_identify(install) by extension 'ignore'
[0.507s] Level 1:colcon.colcon_core.package_identification:_identify(install) ignored
[0.507s] Level 1:colcon.colcon_core.package_identification:_identify(log) by extensions ['ignore', 'ignore_ament_install']
[0.507s] Level 1:colcon.colcon_core.package_identification:_identify(log) by extension 'ignore'
[0.507s] Level 1:colcon.colcon_core.package_identification:_identify(log) ignored
[0.507s] Level 1:colcon.colcon_core.package_identification:_identify(src) by extensions ['ignore', 'ignore_ament_install']
[0.507s] Level 1:colcon.colcon_core.package_identification:_identify(src) by extension 'ignore'
[0.507s] Level 1:colcon.colcon_core.package_identification:_identify(src) by extension 'ignore_ament_install'
[0.507s] Level 1:colcon.colcon_core.package_identification:_identify(src) by extensions ['colcon_pkg']
[0.508s] Level 1:colcon.colcon_core.package_identification:_identify(src) by extension 'colcon_pkg'
[0.508s] Level 1:colcon.colcon_core.package_identification:_identify(src) by extensions ['colcon_meta']
[0.508s] Level 1:colcon.colcon_core.package_identification:_identify(src) by extension 'colcon_meta'
[0.508s] Level 1:colcon.colcon_core.package_identification:_identify(src) by extensions ['ros']
[0.508s] Level 1:colcon.colcon_core.package_identification:_identify(src) by extension 'ros'
[0.508s] Level 1:colcon.colcon_core.package_identification:_identify(src) by extensions ['cmake', 'python']
[0.508s] Level 1:colcon.colcon_core.package_identification:_identify(src) by extension 'cmake'
[0.508s] Level 1:colcon.colcon_core.package_identification:_identify(src) by extension 'python'
[0.508s] Level 1:colcon.colcon_core.package_identification:_identify(src) by extensions ['python_setup_py']
[0.508s] Level 1:colcon.colcon_core.package_identification:_identify(src) by extension 'python_setup_py'
[0.508s] Level 1:colcon.colcon_core.package_identification:_identify(src/learning_tf2_py) by extensions ['ignore', 'ignore_ament_install']
[0.508s] Level 1:colcon.colcon_core.package_identification:_identify(src/learning_tf2_py) by extension 'ignore'
[0.508s] Level 1:colcon.colcon_core.package_identification:_identify(src/learning_tf2_py) by extension 'ignore_ament_install'
[0.508s] Level 1:colcon.colcon_core.package_identification:_identify(src/learning_tf2_py) by extensions ['colcon_pkg']
[0.508s] Level 1:colcon.colcon_core.package_identification:_identify(src/learning_tf2_py) by extension 'colcon_pkg'
[0.508s] Level 1:colcon.colcon_core.package_identification:_identify(src/learning_tf2_py) by extensions ['colcon_meta']
[0.508s] Level 1:colcon.colcon_core.package_identification:_identify(src/learning_tf2_py) by extension 'colcon_meta'
[0.508s] Level 1:colcon.colcon_core.package_identification:_identify(src/learning_tf2_py) by extensions ['ros']
[0.509s] Level 1:colcon.colcon_core.package_identification:_identify(src/learning_tf2_py) by extension 'ros'
[0.512s] DEBUG:colcon.colcon_core.package_identification:Package 'src/learning_tf2_py' with type 'ros.ament_python' and name 'learning_tf2_py'
[0.512s] Level 1:colcon.colcon_core.package_identification:_identify(src/lotti_control) by extensions ['ignore', 'ignore_ament_install']
[0.512s] Level 1:colcon.colcon_core.package_identification:_identify(src/lotti_control) by extension 'ignore'
[0.512s] Level 1:colcon.colcon_core.package_identification:_identify(src/lotti_control) by extension 'ignore_ament_install'
[0.512s] Level 1:colcon.colcon_core.package_identification:_identify(src/lotti_control) by extensions ['colcon_pkg']
[0.512s] Level 1:colcon.colcon_core.package_identification:_identify(src/lotti_control) by extension 'colcon_pkg'
[0.513s] Level 1:colcon.colcon_core.package_identification:_identify(src/lotti_control) by extensions ['colcon_meta']
[0.513s] Level 1:colcon.colcon_core.package_identification:_identify(src/lotti_control) by extension 'colcon_meta'
[0.513s] Level 1:colcon.colcon_core.package_identification:_identify(src/lotti_control) by extensions ['ros']
[0.513s] Level 1:colcon.colcon_core.package_identification:_identify(src/lotti_control) by extension 'ros'
[0.516s] DEBUG:colcon.colcon_core.package_identification:Package 'src/lotti_control' with type 'ros.ament_cmake' and name 'lotti_control'
[0.517s] Level 1:colcon.colcon_core.package_identification:_identify(src/lotti_flipper_controller) by extensions ['ignore', 'ignore_ament_install']
[0.517s] Level 1:colcon.colcon_core.package_identification:_identify(src/lotti_flipper_controller) by extension 'ignore'
[0.517s] Level 1:colcon.colcon_core.package_identification:_identify(src/lotti_flipper_controller) by extension 'ignore_ament_install'
[0.517s] Level 1:colcon.colcon_core.package_identification:_identify(src/lotti_flipper_controller) by extensions ['colcon_pkg']
[0.517s] Level 1:colcon.colcon_core.package_identification:_identify(src/lotti_flipper_controller) by extension 'colcon_pkg'
[0.517s] Level 1:colcon.colcon_core.package_identification:_identify(src/lotti_flipper_controller) by extensions ['colcon_meta']
[0.517s] Level 1:colcon.colcon_core.package_identification:_identify(src/lotti_flipper_controller) by extension 'colcon_meta'
[0.517s] Level 1:colcon.colcon_core.package_identification:_identify(src/lotti_flipper_controller) by extensions ['ros']
[0.517s] Level 1:colcon.colcon_core.package_identification:_identify(src/lotti_flipper_controller) by extension 'ros'
[0.519s] DEBUG:colcon.colcon_core.package_identification:Package 'src/lotti_flipper_controller' with type 'ros.ament_cmake' and name 'lotti_flipper_controller'
[0.519s] Level 1:colcon.colcon_core.package_identification:_identify(src/lotti_moveit_config) by extensions ['ignore', 'ignore_ament_install']
[0.519s] Level 1:colcon.colcon_core.package_identification:_identify(src/lotti_moveit_config) by extension 'ignore'
[0.519s] Level 1:colcon.colcon_core.package_identification:_identify(src/lotti_moveit_config) by extension 'ignore_ament_install'
[0.519s] Level 1:colcon.colcon_core.package_identification:_identify(src/lotti_moveit_config) by extensions ['colcon_pkg']
[0.519s] Level 1:colcon.colcon_core.package_identification:_identify(src/lotti_moveit_config) by extension 'colcon_pkg'
[0.519s] Level 1:colcon.colcon_core.package_identification:_identify(src/lotti_moveit_config) by extensions ['colcon_meta']
[0.519s] Level 1:colcon.colcon_core.package_identification:_identify(src/lotti_moveit_config) by extension 'colcon_meta'
[0.519s] Level 1:colcon.colcon_core.package_identification:_identify(src/lotti_moveit_config) by extensions ['ros']
[0.520s] Level 1:colcon.colcon_core.package_identification:_identify(src/lotti_moveit_config) by extension 'ros'
[0.521s] DEBUG:colcon.colcon_core.package_identification:Package 'src/lotti_moveit_config' with type 'ros.ament_cmake' and name 'lotti_moveit_config'
[0.521s] Level 1:colcon.colcon_core.package_identification:_identify(src/lotti_teleop) by extensions ['ignore', 'ignore_ament_install']
[0.521s] Level 1:colcon.colcon_core.package_identification:_identify(src/lotti_teleop) by extension 'ignore'
[0.521s] Level 1:colcon.colcon_core.package_identification:_identify(src/lotti_teleop) by extension 'ignore_ament_install'
[0.521s] Level 1:colcon.colcon_core.package_identification:_identify(src/lotti_teleop) by extensions ['colcon_pkg']
[0.521s] Level 1:colcon.colcon_core.package_identification:_identify(src/lotti_teleop) by extension 'colcon_pkg'
[0.521s] Level 1:colcon.colcon_core.package_identification:_identify(src/lotti_teleop) by extensions ['colcon_meta']
[0.521s] Level 1:colcon.colcon_core.package_identification:_identify(src/lotti_teleop) by extension 'colcon_meta'
[0.521s] Level 1:colcon.colcon_core.package_identification:_identify(src/lotti_teleop) by extensions ['ros']
[0.521s] Level 1:colcon.colcon_core.package_identification:_identify(src/lotti_teleop) by extension 'ros'
[0.536s] DEBUG:colcon.colcon_core.package_identification:Package 'src/lotti_teleop' with type 'ros.ament_python' and name 'lotti_teleop'
[0.536s] Level 1:colcon.colcon_core.package_discovery:discover_packages(recursive) using defaults
[0.536s] Level 1:colcon.colcon_core.package_discovery:discover_packages(ignore) discover
[0.536s] Level 1:colcon.colcon_core.package_discovery:discover_packages(ignore) using defaults
[0.536s] Level 1:colcon.colcon_core.package_discovery:discover_packages(path) discover
[0.537s] Level 1:colcon.colcon_core.package_discovery:discover_packages(path) using defaults
[0.565s] Level 1:colcon.colcon_core.package_discovery:discover_packages(prefix_path) check parameters
[0.565s] Level 1:colcon.colcon_core.package_discovery:discover_packages(prefix_path) discover
[0.602s] DEBUG:colcon.colcon_installed_package_information.package_discovery:Found 1 installed packages in /home/paul/moveit2_ws/install
[0.603s] DEBUG:colcon.colcon_installed_package_information.package_discovery:Found 5 installed packages in /home/paul/resqbot_dev/control_ws/install
[0.605s] DEBUG:colcon.colcon_installed_package_information.package_discovery:Found 55 installed packages in /home/paul/moveit2_ws/src/install
[0.606s] DEBUG:colcon.colcon_installed_package_information.package_discovery:Found 1 installed packages in /home/paul/ws_livox/install
[0.607s] DEBUG:colcon.colcon_installed_package_information.package_discovery:Found 17 installed packages in /home/paul/ros2_ws/install
[0.609s] DEBUG:colcon.colcon_installed_package_information.package_discovery:Found 410 installed packages in /opt/ros/humble
[0.614s] Level 1:colcon.colcon_core.package_discovery:discover_packages(prefix_path) using defaults
[0.731s] Level 5:colcon.colcon_core.verb:set package 'learning_tf2_py' build argument 'cmake_args' from command line to 'None'
[0.732s] Level 5:colcon.colcon_core.verb:set package 'learning_tf2_py' build argument 'cmake_target' from command line to 'None'
[0.732s] Level 5:colcon.colcon_core.verb:set package 'learning_tf2_py' build argument 'cmake_target_skip_unavailable' from command line to 'False'
[0.732s] Level 5:colcon.colcon_core.verb:set package 'learning_tf2_py' build argument 'cmake_clean_cache' from command line to 'False'
[0.732s] Level 5:colcon.colcon_core.verb:set package 'learning_tf2_py' build argument 'cmake_clean_first' from command line to 'False'
[0.732s] Level 5:colcon.colcon_core.verb:set package 'learning_tf2_py' build argument 'cmake_force_configure' from command line to 'False'
[0.732s] Level 5:colcon.colcon_core.verb:set package 'learning_tf2_py' build argument 'ament_cmake_args' from command line to 'None'
[0.732s] Level 5:colcon.colcon_core.verb:set package 'learning_tf2_py' build argument 'catkin_cmake_args' from command line to 'None'
[0.732s] Level 5:colcon.colcon_core.verb:set package 'learning_tf2_py' build argument 'catkin_skip_building_tests' from command line to 'False'
[0.732s] DEBUG:colcon.colcon_core.verb:Building package 'learning_tf2_py' with the following arguments: {'ament_cmake_args': None, 'build_base': '/home/paul/resqbot_dev/control_ws/build/learning_tf2_py', 'catkin_cmake_args': None, 'catkin_skip_building_tests': False, 'cmake_args': None, 'cmake_clean_cache': False, 'cmake_clean_first': False, 'cmake_force_configure': False, 'cmake_target': None, 'cmake_target_skip_unavailable': False, 'install_base': '/home/paul/resqbot_dev/control_ws/install/learning_tf2_py', 'merge_install': False, 'path': '/home/paul/resqbot_dev/control_ws/src/learning_tf2_py', 'symlink_install': True, 'test_result_base': None}
[0.732s] Level 5:colcon.colcon_core.verb:set package 'lotti_control' build argument 'cmake_args' from command line to 'None'
[0.732s] Level 5:colcon.colcon_core.verb:set package 'lotti_control' build argument 'cmake_target' from command line to 'None'
[0.732s] Level 5:colcon.colcon_core.verb:set package 'lotti_control' build argument 'cmake_target_skip_unavailable' from command line to 'False'
[0.732s] Level 5:colcon.colcon_core.verb:set package 'lotti_control' build argument 'cmake_clean_cache' from command line to 'False'
[0.732s] Level 5:colcon.colcon_core.verb:set package 'lotti_control' build argument 'cmake_clean_first' from command line to 'False'
[0.732s] Level 5:colcon.colcon_core.verb:set package 'lotti_control' build argument 'cmake_force_configure' from command line to 'False'
[0.733s] Level 5:colcon.colcon_core.verb:set package 'lotti_control' build argument 'ament_cmake_args' from command line to 'None'
[0.733s] Level 5:colcon.colcon_core.verb:set package 'lotti_control' build argument 'catkin_cmake_args' from command line to 'None'
[0.733s] Level 5:colcon.colcon_core.verb:set package 'lotti_control' build argument 'catkin_skip_building_tests' from command line to 'False'
[0.733s] DEBUG:colcon.colcon_core.verb:Building package 'lotti_control' with the following arguments: {'ament_cmake_args': None, 'build_base': '/home/paul/resqbot_dev/control_ws/build/lotti_control', 'catkin_cmake_args': None, 'catkin_skip_building_tests': False, 'cmake_args': None, 'cmake_clean_cache': False, 'cmake_clean_first': False, 'cmake_force_configure': False, 'cmake_target': None, 'cmake_target_skip_unavailable': False, 'install_base': '/home/paul/resqbot_dev/control_ws/install/lotti_control', 'merge_install': False, 'path': '/home/paul/resqbot_dev/control_ws/src/lotti_control', 'symlink_install': True, 'test_result_base': None}
[0.733s] Level 5:colcon.colcon_core.verb:set package 'lotti_flipper_controller' build argument 'cmake_args' from command line to 'None'
[0.733s] Level 5:colcon.colcon_core.verb:set package 'lotti_flipper_controller' build argument 'cmake_target' from command line to 'None'
[0.733s] Level 5:colcon.colcon_core.verb:set package 'lotti_flipper_controller' build argument 'cmake_target_skip_unavailable' from command line to 'False'
[0.733s] Level 5:colcon.colcon_core.verb:set package 'lotti_flipper_controller' build argument 'cmake_clean_cache' from command line to 'False'
[0.733s] Level 5:colcon.colcon_core.verb:set package 'lotti_flipper_controller' build argument 'cmake_clean_first' from command line to 'False'
[0.733s] Level 5:colcon.colcon_core.verb:set package 'lotti_flipper_controller' build argument 'cmake_force_configure' from command line to 'False'
[0.733s] Level 5:colcon.colcon_core.verb:set package 'lotti_flipper_controller' build argument 'ament_cmake_args' from command line to 'None'
[0.733s] Level 5:colcon.colcon_core.verb:set package 'lotti_flipper_controller' build argument 'catkin_cmake_args' from command line to 'None'
[0.733s] Level 5:colcon.colcon_core.verb:set package 'lotti_flipper_controller' build argument 'catkin_skip_building_tests' from command line to 'False'
[0.733s] DEBUG:colcon.colcon_core.verb:Building package 'lotti_flipper_controller' with the following arguments: {'ament_cmake_args': None, 'build_base': '/home/paul/resqbot_dev/control_ws/build/lotti_flipper_controller', 'catkin_cmake_args': None, 'catkin_skip_building_tests': False, 'cmake_args': None, 'cmake_clean_cache': False, 'cmake_clean_first': False, 'cmake_force_configure': False, 'cmake_target': None, 'cmake_target_skip_unavailable': False, 'install_base': '/home/paul/resqbot_dev/control_ws/install/lotti_flipper_controller', 'merge_install': False, 'path': '/home/paul/resqbot_dev/control_ws/src/lotti_flipper_controller', 'symlink_install': True, 'test_result_base': None}
[0.734s] Level 5:colcon.colcon_core.verb:set package 'lotti_teleop' build argument 'cmake_args' from command line to 'None'
[0.734s] Level 5:colcon.colcon_core.verb:set package 'lotti_teleop' build argument 'cmake_target' from command line to 'None'
[0.734s] Level 5:colcon.colcon_core.verb:set package 'lotti_teleop' build argument 'cmake_target_skip_unavailable' from command line to 'False'
[0.734s] Level 5:colcon.colcon_core.verb:set package 'lotti_teleop' build argument 'cmake_clean_cache' from command line to 'False'
[0.734s] Level 5:colcon.colcon_core.verb:set package 'lotti_teleop' build argument 'cmake_clean_first' from command line to 'False'
[0.734s] Level 5:colcon.colcon_core.verb:set package 'lotti_teleop' build argument 'cmake_force_configure' from command line to 'False'
[0.734s] Level 5:colcon.colcon_core.verb:set package 'lotti_teleop' build argument 'ament_cmake_args' from command line to 'None'
[0.734s] Level 5:colcon.colcon_core.verb:set package 'lotti_teleop' build argument 'catkin_cmake_args' from command line to 'None'
[0.734s] Level 5:colcon.colcon_core.verb:set package 'lotti_teleop' build argument 'catkin_skip_building_tests' from command line to 'False'
[0.734s] DEBUG:colcon.colcon_core.verb:Building package 'lotti_teleop' with the following arguments: {'ament_cmake_args': None, 'build_base': '/home/paul/resqbot_dev/control_ws/build/lotti_teleop', 'catkin_cmake_args': None, 'catkin_skip_building_tests': False, 'cmake_args': None, 'cmake_clean_cache': False, 'cmake_clean_first': False, 'cmake_force_configure': False, 'cmake_target': None, 'cmake_target_skip_unavailable': False, 'install_base': '/home/paul/resqbot_dev/control_ws/install/lotti_teleop', 'merge_install': False, 'path': '/home/paul/resqbot_dev/control_ws/src/lotti_teleop', 'symlink_install': True, 'test_result_base': None}
[0.734s] Level 5:colcon.colcon_core.verb:set package 'lotti_moveit_config' build argument 'cmake_args' from command line to 'None'
[0.734s] Level 5:colcon.colcon_core.verb:set package 'lotti_moveit_config' build argument 'cmake_target' from command line to 'None'
[0.734s] Level 5:colcon.colcon_core.verb:set package 'lotti_moveit_config' build argument 'cmake_target_skip_unavailable' from command line to 'False'
[0.734s] Level 5:colcon.colcon_core.verb:set package 'lotti_moveit_config' build argument 'cmake_clean_cache' from command line to 'False'
[0.734s] Level 5:colcon.colcon_core.verb:set package 'lotti_moveit_config' build argument 'cmake_clean_first' from command line to 'False'
[0.734s] Level 5:colcon.colcon_core.verb:set package 'lotti_moveit_config' build argument 'cmake_force_configure' from command line to 'False'
[0.734s] Level 5:colcon.colcon_core.verb:set package 'lotti_moveit_config' build argument 'ament_cmake_args' from command line to 'None'
[0.734s] Level 5:colcon.colcon_core.verb:set package 'lotti_moveit_config' build argument 'catkin_cmake_args' from command line to 'None'
[0.734s] Level 5:colcon.colcon_core.verb:set package 'lotti_moveit_config' build argument 'catkin_skip_building_tests' from command line to 'False'
[0.735s] DEBUG:colcon.colcon_core.verb:Building package 'lotti_moveit_config' with the following arguments: {'ament_cmake_args': None, 'build_base': '/home/paul/resqbot_dev/control_ws/build/lotti_moveit_config', 'catkin_cmake_args': None, 'catkin_skip_building_tests': False, 'cmake_args': None, 'cmake_clean_cache': False, 'cmake_clean_first': False, 'cmake_force_configure': False, 'cmake_target': None, 'cmake_target_skip_unavailable': False, 'install_base': '/home/paul/resqbot_dev/control_ws/install/lotti_moveit_config', 'merge_install': False, 'path': '/home/paul/resqbot_dev/control_ws/src/lotti_moveit_config', 'symlink_install': True, 'test_result_base': None}
[0.735s] INFO:colcon.colcon_core.executor:Executing jobs using 'parallel' executor
[0.736s] DEBUG:colcon.colcon_parallel_executor.executor.parallel:run_until_complete
[0.736s] INFO:colcon.colcon_ros.task.ament_cmake.build:Building ROS package in '/home/paul/resqbot_dev/control_ws/src/lotti_control' with build type 'ament_cmake'
[0.736s] INFO:colcon.colcon_cmake.task.cmake.build:Building CMake package in '/home/paul/resqbot_dev/control_ws/src/lotti_control'
[0.740s] INFO:colcon.colcon_core.plugin_system:Skipping extension 'colcon_core.shell.bat': Not used on non-Windows systems
[0.741s] INFO:colcon.colcon_core.shell:Skip shell extension 'powershell' for command environment: Not usable outside of PowerShell
[0.741s] DEBUG:colcon.colcon_core.shell:Skip shell extension 'dsv' for command environment
[0.754s] INFO:colcon.colcon_ros.task.ament_python.build:Building ROS package in '/home/paul/resqbot_dev/control_ws/src/learning_tf2_py' with build type 'ament_python'
[0.754s] Level 1:colcon.colcon_core.shell:create_environment_hook('learning_tf2_py', 'ament_prefix_path')
[0.754s] INFO:colcon.colcon_core.shell:Creating environment hook '/home/paul/resqbot_dev/control_ws/install/learning_tf2_py/share/learning_tf2_py/hook/ament_prefix_path.ps1'
[0.756s] INFO:colcon.colcon_core.shell:Creating environment descriptor '/home/paul/resqbot_dev/control_ws/install/learning_tf2_py/share/learning_tf2_py/hook/ament_prefix_path.dsv'
[0.757s] INFO:colcon.colcon_core.shell:Creating environment hook '/home/paul/resqbot_dev/control_ws/install/learning_tf2_py/share/learning_tf2_py/hook/ament_prefix_path.sh'
[0.758s] INFO:colcon.colcon_core.shell:Skip shell extension 'powershell' for command environment: Not usable outside of PowerShell
[0.758s] DEBUG:colcon.colcon_core.shell:Skip shell extension 'dsv' for command environment
[0.771s] INFO:colcon.colcon_ros.task.ament_cmake.build:Building ROS package in '/home/paul/resqbot_dev/control_ws/src/lotti_flipper_controller' with build type 'ament_cmake'
[0.771s] INFO:colcon.colcon_cmake.task.cmake.build:Building CMake package in '/home/paul/resqbot_dev/control_ws/src/lotti_flipper_controller'
[0.771s] INFO:colcon.colcon_core.shell:Skip shell extension 'powershell' for command environment: Not usable outside of PowerShell
[0.771s] DEBUG:colcon.colcon_core.shell:Skip shell extension 'dsv' for command environment
[0.786s] INFO:colcon.colcon_ros.task.ament_python.build:Building ROS package in '/home/paul/resqbot_dev/control_ws/src/lotti_teleop' with build type 'ament_python'
[0.786s] Level 1:colcon.colcon_core.shell:create_environment_hook('lotti_teleop', 'ament_prefix_path')
[0.787s] INFO:colcon.colcon_core.shell:Creating environment hook '/home/paul/resqbot_dev/control_ws/install/lotti_teleop/share/lotti_teleop/hook/ament_prefix_path.ps1'
[0.788s] INFO:colcon.colcon_core.shell:Creating environment descriptor '/home/paul/resqbot_dev/control_ws/install/lotti_teleop/share/lotti_teleop/hook/ament_prefix_path.dsv'
[0.789s] INFO:colcon.colcon_core.shell:Creating environment hook '/home/paul/resqbot_dev/control_ws/install/lotti_teleop/share/lotti_teleop/hook/ament_prefix_path.sh'
[0.789s] INFO:colcon.colcon_core.shell:Skip shell extension 'powershell' for command environment: Not usable outside of PowerShell
[0.789s] DEBUG:colcon.colcon_core.shell:Skip shell extension 'dsv' for command environment
[0.813s] DEBUG:colcon.colcon_core.event_handler.log_command:Invoking command in '/home/paul/resqbot_dev/control_ws/build/lotti_control': CMAKE_PREFIX_PATH=${CMAKE_PREFIX_PATH}:/home/paul/resqbot_dev/control_ws/install/lotti_teleop:/home/paul/resqbot_dev/control_ws/install/learning_tf2_py:/home/paul/moveit2_ws/src/install/moveit_configs_utils:/home/paul/moveit2_ws/src/install/launch_param_builder:/opt/ros/humble /usr/bin/cmake --build /home/paul/resqbot_dev/control_ws/build/lotti_control -- -j8 -l8
[1.180s] INFO:colcon.colcon_core.task.python.build:Building Python package in '/home/paul/resqbot_dev/control_ws/src/learning_tf2_py'
[1.181s] INFO:colcon.colcon_core.shell:Skip shell extension 'powershell' for command environment: Not usable outside of PowerShell
[1.181s] DEBUG:colcon.colcon_core.shell:Skip shell extension 'dsv' for command environment
[1.206s] DEBUG:colcon.colcon_core.event_handler.log_command:Invoking command in '/home/paul/resqbot_dev/control_ws/build/lotti_flipper_controller': CMAKE_PREFIX_PATH=${CMAKE_PREFIX_PATH}:/home/paul/resqbot_dev/control_ws/install/lotti_teleop:/home/paul/resqbot_dev/control_ws/install/learning_tf2_py:/home/paul/moveit2_ws/src/install/moveit_configs_utils:/home/paul/moveit2_ws/src/install/launch_param_builder:/opt/ros/humble /usr/bin/cmake --build /home/paul/resqbot_dev/control_ws/build/lotti_flipper_controller -- -j8 -l8
[1.584s] INFO:colcon.colcon_core.task.python.build:Building Python package in '/home/paul/resqbot_dev/control_ws/src/lotti_teleop'
[1.585s] INFO:colcon.colcon_core.shell:Skip shell extension 'powershell' for command environment: Not usable outside of PowerShell
[1.585s] DEBUG:colcon.colcon_core.shell:Skip shell extension 'dsv' for command environment
[1.621s] DEBUG:colcon.colcon_core.event_handler.log_command:Invoked command in '/home/paul/resqbot_dev/control_ws/build/lotti_flipper_controller' returned '0': CMAKE_PREFIX_PATH=${CMAKE_PREFIX_PATH}:/home/paul/resqbot_dev/control_ws/install/lotti_teleop:/home/paul/resqbot_dev/control_ws/install/learning_tf2_py:/home/paul/moveit2_ws/src/install/moveit_configs_utils:/home/paul/moveit2_ws/src/install/launch_param_builder:/opt/ros/humble /usr/bin/cmake --build /home/paul/resqbot_dev/control_ws/build/lotti_flipper_controller -- -j8 -l8
[1.649s] DEBUG:colcon.colcon_core.event_handler.log_command:Invoking command in '/home/paul/resqbot_dev/control_ws/build/lotti_flipper_controller': CMAKE_PREFIX_PATH=${CMAKE_PREFIX_PATH}:/home/paul/resqbot_dev/control_ws/install/lotti_teleop:/home/paul/resqbot_dev/control_ws/install/learning_tf2_py:/home/paul/moveit2_ws/src/install/moveit_configs_utils:/home/paul/moveit2_ws/src/install/launch_param_builder:/opt/ros/humble /usr/bin/cmake --install /home/paul/resqbot_dev/control_ws/build/lotti_flipper_controller
[1.721s] Level 1:colcon.colcon_core.environment:create_environment_scripts_only(lotti_flipper_controller)
[1.722s] DEBUG:colcon.colcon_core.event_handler.log_command:Invoked command in '/home/paul/resqbot_dev/control_ws/build/lotti_flipper_controller' returned '0': CMAKE_PREFIX_PATH=${CMAKE_PREFIX_PATH}:/home/paul/resqbot_dev/control_ws/install/lotti_teleop:/home/paul/resqbot_dev/control_ws/install/learning_tf2_py:/home/paul/moveit2_ws/src/install/moveit_configs_utils:/home/paul/moveit2_ws/src/install/launch_param_builder:/opt/ros/humble /usr/bin/cmake --install /home/paul/resqbot_dev/control_ws/build/lotti_flipper_controller
[1.728s] Level 1:colcon.colcon_core.environment:checking '/home/paul/resqbot_dev/control_ws/install/lotti_flipper_controller' for CMake module files
[1.729s] Level 1:colcon.colcon_core.environment:checking '/home/paul/resqbot_dev/control_ws/install/lotti_flipper_controller' for CMake config files
[1.730s] Level 1:colcon.colcon_core.shell:create_environment_hook('lotti_flipper_controller', 'cmake_prefix_path')
[1.730s] INFO:colcon.colcon_core.shell:Creating environment hook '/home/paul/resqbot_dev/control_ws/install/lotti_flipper_controller/share/lotti_flipper_controller/hook/cmake_prefix_path.ps1'
[1.731s] INFO:colcon.colcon_core.shell:Creating environment descriptor '/home/paul/resqbot_dev/control_ws/install/lotti_flipper_controller/share/lotti_flipper_controller/hook/cmake_prefix_path.dsv'
[1.732s] INFO:colcon.colcon_core.shell:Creating environment hook '/home/paul/resqbot_dev/control_ws/install/lotti_flipper_controller/share/lotti_flipper_controller/hook/cmake_prefix_path.sh'
[1.733s] Level 1:colcon.colcon_core.environment:checking '/home/paul/resqbot_dev/control_ws/install/lotti_flipper_controller/lib'
[1.734s] Level 1:colcon.colcon_core.shell:create_environment_hook('lotti_flipper_controller', 'ld_library_path_lib')
[1.734s] INFO:colcon.colcon_core.shell:Creating environment hook '/home/paul/resqbot_dev/control_ws/install/lotti_flipper_controller/share/lotti_flipper_controller/hook/ld_library_path_lib.ps1'
[1.735s] INFO:colcon.colcon_core.shell:Creating environment descriptor '/home/paul/resqbot_dev/control_ws/install/lotti_flipper_controller/share/lotti_flipper_controller/hook/ld_library_path_lib.dsv'
[1.735s] INFO:colcon.colcon_core.shell:Creating environment hook '/home/paul/resqbot_dev/control_ws/install/lotti_flipper_controller/share/lotti_flipper_controller/hook/ld_library_path_lib.sh'
[1.736s] Level 1:colcon.colcon_core.environment:checking '/home/paul/resqbot_dev/control_ws/install/lotti_flipper_controller/bin'
[1.736s] Level 1:colcon.colcon_core.environment:checking '/home/paul/resqbot_dev/control_ws/install/lotti_flipper_controller/lib/pkgconfig/lotti_flipper_controller.pc'
[1.736s] Level 1:colcon.colcon_core.environment:checking '/home/paul/resqbot_dev/control_ws/install/lotti_flipper_controller/lib/python3.10/site-packages'
[1.737s] Level 1:colcon.colcon_core.environment:checking '/home/paul/resqbot_dev/control_ws/install/lotti_flipper_controller/bin'
[1.737s] INFO:colcon.colcon_core.shell:Creating package script '/home/paul/resqbot_dev/control_ws/install/lotti_flipper_controller/share/lotti_flipper_controller/package.ps1'
[1.739s] INFO:colcon.colcon_core.shell:Creating package descriptor '/home/paul/resqbot_dev/control_ws/install/lotti_flipper_controller/share/lotti_flipper_controller/package.dsv'
[1.741s] INFO:colcon.colcon_core.shell:Creating package script '/home/paul/resqbot_dev/control_ws/install/lotti_flipper_controller/share/lotti_flipper_controller/package.sh'
[1.743s] INFO:colcon.colcon_core.shell:Creating package script '/home/paul/resqbot_dev/control_ws/install/lotti_flipper_controller/share/lotti_flipper_controller/package.bash'
[1.745s] INFO:colcon.colcon_core.shell:Creating package script '/home/paul/resqbot_dev/control_ws/install/lotti_flipper_controller/share/lotti_flipper_controller/package.zsh'
[1.747s] Level 1:colcon.colcon_core.environment:create_file_with_runtime_dependencies(/home/paul/resqbot_dev/control_ws/install/lotti_flipper_controller/share/colcon-core/packages/lotti_flipper_controller)
[1.749s] Level 1:colcon.colcon_core.environment:create_environment_scripts_only(lotti_flipper_controller)
[1.749s] Level 1:colcon.colcon_core.environment:checking '/home/paul/resqbot_dev/control_ws/install/lotti_flipper_controller' for CMake module files
[1.751s] Level 1:colcon.colcon_core.environment:checking '/home/paul/resqbot_dev/control_ws/install/lotti_flipper_controller' for CMake config files
[1.752s] Level 1:colcon.colcon_core.shell:create_environment_hook('lotti_flipper_controller', 'cmake_prefix_path')
[1.752s] INFO:colcon.colcon_core.shell:Creating environment hook '/home/paul/resqbot_dev/control_ws/install/lotti_flipper_controller/share/lotti_flipper_controller/hook/cmake_prefix_path.ps1'
[1.753s] INFO:colcon.colcon_core.shell:Creating environment descriptor '/home/paul/resqbot_dev/control_ws/install/lotti_flipper_controller/share/lotti_flipper_controller/hook/cmake_prefix_path.dsv'
[1.754s] INFO:colcon.colcon_core.shell:Creating environment hook '/home/paul/resqbot_dev/control_ws/install/lotti_flipper_controller/share/lotti_flipper_controller/hook/cmake_prefix_path.sh'
[1.756s] Level 1:colcon.colcon_core.environment:checking '/home/paul/resqbot_dev/control_ws/install/lotti_flipper_controller/lib'
[1.756s] Level 1:colcon.colcon_core.shell:create_environment_hook('lotti_flipper_controller', 'ld_library_path_lib')
[1.756s] INFO:colcon.colcon_core.shell:Creating environment hook '/home/paul/resqbot_dev/control_ws/install/lotti_flipper_controller/share/lotti_flipper_controller/hook/ld_library_path_lib.ps1'
[1.757s] INFO:colcon.colcon_core.shell:Creating environment descriptor '/home/paul/resqbot_dev/control_ws/install/lotti_flipper_controller/share/lotti_flipper_controller/hook/ld_library_path_lib.dsv'
[1.758s] INFO:colcon.colcon_core.shell:Creating environment hook '/home/paul/resqbot_dev/control_ws/install/lotti_flipper_controller/share/lotti_flipper_controller/hook/ld_library_path_lib.sh'
[1.759s] Level 1:colcon.colcon_core.environment:checking '/home/paul/resqbot_dev/control_ws/install/lotti_flipper_controller/bin'
[1.759s] Level 1:colcon.colcon_core.environment:checking '/home/paul/resqbot_dev/control_ws/install/lotti_flipper_controller/lib/pkgconfig/lotti_flipper_controller.pc'
[1.760s] Level 1:colcon.colcon_core.environment:checking '/home/paul/resqbot_dev/control_ws/install/lotti_flipper_controller/lib/python3.10/site-packages'
[1.760s] Level 1:colcon.colcon_core.environment:checking '/home/paul/resqbot_dev/control_ws/install/lotti_flipper_controller/bin'
[1.761s] INFO:colcon.colcon_core.shell:Creating package script '/home/paul/resqbot_dev/control_ws/install/lotti_flipper_controller/share/lotti_flipper_controller/package.ps1'
[1.762s] INFO:colcon.colcon_core.shell:Creating package descriptor '/home/paul/resqbot_dev/control_ws/install/lotti_flipper_controller/share/lotti_flipper_controller/package.dsv'
[1.764s] INFO:colcon.colcon_core.shell:Creating package script '/home/paul/resqbot_dev/control_ws/install/lotti_flipper_controller/share/lotti_flipper_controller/package.sh'
[1.765s] INFO:colcon.colcon_core.shell:Creating package script '/home/paul/resqbot_dev/control_ws/install/lotti_flipper_controller/share/lotti_flipper_controller/package.bash'
[1.766s] INFO:colcon.colcon_core.shell:Creating package script '/home/paul/resqbot_dev/control_ws/install/lotti_flipper_controller/share/lotti_flipper_controller/package.zsh'
[1.767s] Level 1:colcon.colcon_core.environment:create_file_with_runtime_dependencies(/home/paul/resqbot_dev/control_ws/install/lotti_flipper_controller/share/colcon-core/packages/lotti_flipper_controller)
[2.323s] DEBUG:colcon.colcon_core.event_handler.log_command:Invoking command in '/home/paul/resqbot_dev/control_ws/build/learning_tf2_py': PYTHONPATH=/home/paul/resqbot_dev/control_ws/build/learning_tf2_py/prefix_override:/usr/lib/python3/dist-packages/colcon_core/task/python/colcon_distutils_commands:/home/paul/resqbot_dev/control_ws/install/learning_tf2_py/lib/python3.10/site-packages:${PYTHONPATH} /usr/bin/python3 -W ignore:setup.py install is deprecated -W ignore:easy_install command is deprecated setup.py develop --editable --build-directory /home/paul/resqbot_dev/control_ws/build/learning_tf2_py/build --no-deps symlink_data
[2.326s] DEBUG:colcon.colcon_core.event_handler.log_command:Invoking command in '/home/paul/resqbot_dev/control_ws/build/lotti_teleop': PYTHONPATH=/home/paul/resqbot_dev/control_ws/build/lotti_teleop/prefix_override:/usr/lib/python3/dist-packages/colcon_core/task/python/colcon_distutils_commands:/home/paul/resqbot_dev/control_ws/install/lotti_teleop/lib/python3.10/site-packages:${PYTHONPATH} /usr/bin/python3 -W ignore:setup.py install is deprecated -W ignore:easy_install command is deprecated setup.py develop --editable --build-directory /home/paul/resqbot_dev/control_ws/build/lotti_teleop/build --no-deps symlink_data
[3.046s] Level 1:colcon.colcon_core.shell:create_environment_hook('learning_tf2_py', 'pythonpath_develop')
[3.047s] INFO:colcon.colcon_core.shell:Creating environment hook '/home/paul/resqbot_dev/control_ws/build/learning_tf2_py/share/learning_tf2_py/hook/pythonpath_develop.ps1'
[3.048s] DEBUG:colcon.colcon_core.event_handler.log_command:Invoked command in '/home/paul/resqbot_dev/control_ws/build/learning_tf2_py' returned '0': PYTHONPATH=/home/paul/resqbot_dev/control_ws/build/learning_tf2_py/prefix_override:/usr/lib/python3/dist-packages/colcon_core/task/python/colcon_distutils_commands:/home/paul/resqbot_dev/control_ws/install/learning_tf2_py/lib/python3.10/site-packages:${PYTHONPATH} /usr/bin/python3 -W ignore:setup.py install is deprecated -W ignore:easy_install command is deprecated setup.py develop --editable --build-directory /home/paul/resqbot_dev/control_ws/build/learning_tf2_py/build --no-deps symlink_data
[3.051s] INFO:colcon.colcon_core.shell:Creating environment descriptor '/home/paul/resqbot_dev/control_ws/build/learning_tf2_py/share/learning_tf2_py/hook/pythonpath_develop.dsv'
[3.052s] INFO:colcon.colcon_core.shell:Creating environment hook '/home/paul/resqbot_dev/control_ws/build/learning_tf2_py/share/learning_tf2_py/hook/pythonpath_develop.sh'
[3.055s] Level 1:colcon.colcon_core.environment:checking '/home/paul/resqbot_dev/control_ws/install/learning_tf2_py' for CMake module files
[3.058s] Level 1:colcon.colcon_core.environment:checking '/home/paul/resqbot_dev/control_ws/install/learning_tf2_py' for CMake config files
[3.060s] Level 1:colcon.colcon_core.environment:checking '/home/paul/resqbot_dev/control_ws/install/learning_tf2_py/lib'
[3.060s] Level 1:colcon.colcon_core.environment:checking '/home/paul/resqbot_dev/control_ws/install/learning_tf2_py/bin'
[3.061s] Level 1:colcon.colcon_core.environment:checking '/home/paul/resqbot_dev/control_ws/install/learning_tf2_py/lib/pkgconfig/learning_tf2_py.pc'
[3.062s] Level 1:colcon.colcon_core.environment:checking '/home/paul/resqbot_dev/control_ws/install/learning_tf2_py/lib/python3.10/site-packages'
[3.062s] Level 1:colcon.colcon_core.shell:create_environment_hook('learning_tf2_py', 'pythonpath')
[3.063s] INFO:colcon.colcon_core.shell:Creating environment hook '/home/paul/resqbot_dev/control_ws/install/learning_tf2_py/share/learning_tf2_py/hook/pythonpath.ps1'
[3.065s] INFO:colcon.colcon_core.shell:Creating environment descriptor '/home/paul/resqbot_dev/control_ws/install/learning_tf2_py/share/learning_tf2_py/hook/pythonpath.dsv'
[3.066s] INFO:colcon.colcon_core.shell:Creating environment hook '/home/paul/resqbot_dev/control_ws/install/learning_tf2_py/share/learning_tf2_py/hook/pythonpath.sh'
[3.068s] Level 1:colcon.colcon_core.environment:checking '/home/paul/resqbot_dev/control_ws/install/learning_tf2_py/bin'
[3.068s] Level 1:colcon.colcon_core.environment:create_environment_scripts_only(learning_tf2_py)
[3.069s] INFO:colcon.colcon_core.shell:Creating package script '/home/paul/resqbot_dev/control_ws/install/learning_tf2_py/share/learning_tf2_py/package.ps1'
[3.070s] INFO:colcon.colcon_core.shell:Creating package descriptor '/home/paul/resqbot_dev/control_ws/install/learning_tf2_py/share/learning_tf2_py/package.dsv'
[3.071s] INFO:colcon.colcon_core.shell:Creating package script '/home/paul/resqbot_dev/control_ws/install/learning_tf2_py/share/learning_tf2_py/package.sh'
[3.072s] INFO:colcon.colcon_core.shell:Creating package script '/home/paul/resqbot_dev/control_ws/install/learning_tf2_py/share/learning_tf2_py/package.bash'
[3.074s] INFO:colcon.colcon_core.shell:Creating package script '/home/paul/resqbot_dev/control_ws/install/learning_tf2_py/share/learning_tf2_py/package.zsh'
[3.075s] Level 1:colcon.colcon_core.environment:create_file_with_runtime_dependencies(/home/paul/resqbot_dev/control_ws/install/learning_tf2_py/share/colcon-core/packages/learning_tf2_py)
[3.077s] Level 1:colcon.colcon_core.shell:create_environment_hook('lotti_teleop', 'pythonpath_develop')
[3.078s] INFO:colcon.colcon_core.shell:Creating environment hook '/home/paul/resqbot_dev/control_ws/build/lotti_teleop/share/lotti_teleop/hook/pythonpath_develop.ps1'
[3.080s] DEBUG:colcon.colcon_core.event_handler.log_command:Invoked command in '/home/paul/resqbot_dev/control_ws/build/lotti_teleop' returned '0': PYTHONPATH=/home/paul/resqbot_dev/control_ws/build/lotti_teleop/prefix_override:/usr/lib/python3/dist-packages/colcon_core/task/python/colcon_distutils_commands:/home/paul/resqbot_dev/control_ws/install/lotti_teleop/lib/python3.10/site-packages:${PYTHONPATH} /usr/bin/python3 -W ignore:setup.py install is deprecated -W ignore:easy_install command is deprecated setup.py develop --editable --build-directory /home/paul/resqbot_dev/control_ws/build/lotti_teleop/build --no-deps symlink_data
[3.080s] INFO:colcon.colcon_core.shell:Creating environment descriptor '/home/paul/resqbot_dev/control_ws/build/lotti_teleop/share/lotti_teleop/hook/pythonpath_develop.dsv'
[3.081s] INFO:colcon.colcon_core.shell:Creating environment hook '/home/paul/resqbot_dev/control_ws/build/lotti_teleop/share/lotti_teleop/hook/pythonpath_develop.sh'
[3.083s] Level 1:colcon.colcon_core.environment:checking '/home/paul/resqbot_dev/control_ws/install/lotti_teleop' for CMake module files
[3.084s] Level 1:colcon.colcon_core.environment:checking '/home/paul/resqbot_dev/control_ws/install/lotti_teleop' for CMake config files
[3.085s] Level 1:colcon.colcon_core.environment:checking '/home/paul/resqbot_dev/control_ws/install/lotti_teleop/lib'
[3.086s] Level 1:colcon.colcon_core.environment:checking '/home/paul/resqbot_dev/control_ws/install/lotti_teleop/bin'
[3.086s] Level 1:colcon.colcon_core.environment:checking '/home/paul/resqbot_dev/control_ws/install/lotti_teleop/lib/pkgconfig/lotti_teleop.pc'
[3.086s] Level 1:colcon.colcon_core.environment:checking '/home/paul/resqbot_dev/control_ws/install/lotti_teleop/lib/python3.10/site-packages'
[3.086s] Level 1:colcon.colcon_core.shell:create_environment_hook('lotti_teleop', 'pythonpath')
[3.087s] INFO:colcon.colcon_core.shell:Creating environment hook '/home/paul/resqbot_dev/control_ws/install/lotti_teleop/share/lotti_teleop/hook/pythonpath.ps1'
[3.088s] INFO:colcon.colcon_core.shell:Creating environment descriptor '/home/paul/resqbot_dev/control_ws/install/lotti_teleop/share/lotti_teleop/hook/pythonpath.dsv'
[3.088s] INFO:colcon.colcon_core.shell:Creating environment hook '/home/paul/resqbot_dev/control_ws/install/lotti_teleop/share/lotti_teleop/hook/pythonpath.sh'
[3.089s] Level 1:colcon.colcon_core.environment:checking '/home/paul/resqbot_dev/control_ws/install/lotti_teleop/bin'
[3.089s] Level 1:colcon.colcon_core.environment:create_environment_scripts_only(lotti_teleop)
[3.090s] INFO:colcon.colcon_core.shell:Creating package script '/home/paul/resqbot_dev/control_ws/install/lotti_teleop/share/lotti_teleop/package.ps1'
[3.091s] INFO:colcon.colcon_core.shell:Creating package descriptor '/home/paul/resqbot_dev/control_ws/install/lotti_teleop/share/lotti_teleop/package.dsv'
[3.092s] INFO:colcon.colcon_core.shell:Creating package script '/home/paul/resqbot_dev/control_ws/install/lotti_teleop/share/lotti_teleop/package.sh'
[3.093s] INFO:colcon.colcon_core.shell:Creating package script '/home/paul/resqbot_dev/control_ws/install/lotti_teleop/share/lotti_teleop/package.bash'
[3.093s] INFO:colcon.colcon_core.shell:Creating package script '/home/paul/resqbot_dev/control_ws/install/lotti_teleop/share/lotti_teleop/package.zsh'
[3.094s] Level 1:colcon.colcon_core.environment:create_file_with_runtime_dependencies(/home/paul/resqbot_dev/control_ws/install/lotti_teleop/share/colcon-core/packages/lotti_teleop)
[6.939s] DEBUG:colcon.colcon_core.event_handler.log_command:Invoked command in '/home/paul/resqbot_dev/control_ws/build/lotti_control' returned '0': CMAKE_PREFIX_PATH=${CMAKE_PREFIX_PATH}:/home/paul/resqbot_dev/control_ws/install/lotti_teleop:/home/paul/resqbot_dev/control_ws/install/learning_tf2_py:/home/paul/moveit2_ws/src/install/moveit_configs_utils:/home/paul/moveit2_ws/src/install/launch_param_builder:/opt/ros/humble /usr/bin/cmake --build /home/paul/resqbot_dev/control_ws/build/lotti_control -- -j8 -l8
[6.943s] DEBUG:colcon.colcon_core.event_handler.log_command:Invoking command in '/home/paul/resqbot_dev/control_ws/build/lotti_control': CMAKE_PREFIX_PATH=${CMAKE_PREFIX_PATH}:/home/paul/resqbot_dev/control_ws/install/lotti_teleop:/home/paul/resqbot_dev/control_ws/install/learning_tf2_py:/home/paul/moveit2_ws/src/install/moveit_configs_utils:/home/paul/moveit2_ws/src/install/launch_param_builder:/opt/ros/humble /usr/bin/cmake --install /home/paul/resqbot_dev/control_ws/build/lotti_control
[7.033s] Level 1:colcon.colcon_core.environment:create_environment_scripts_only(lotti_control)
[7.033s] Level 1:colcon.colcon_core.environment:checking '/home/paul/resqbot_dev/control_ws/install/lotti_control' for CMake module files
[7.034s] DEBUG:colcon.colcon_core.event_handler.log_command:Invoked command in '/home/paul/resqbot_dev/control_ws/build/lotti_control' returned '0': CMAKE_PREFIX_PATH=${CMAKE_PREFIX_PATH}:/home/paul/resqbot_dev/control_ws/install/lotti_teleop:/home/paul/resqbot_dev/control_ws/install/learning_tf2_py:/home/paul/moveit2_ws/src/install/moveit_configs_utils:/home/paul/moveit2_ws/src/install/launch_param_builder:/opt/ros/humble /usr/bin/cmake --install /home/paul/resqbot_dev/control_ws/build/lotti_control
[7.035s] Level 1:colcon.colcon_core.environment:checking '/home/paul/resqbot_dev/control_ws/install/lotti_control' for CMake config files
[7.036s] Level 1:colcon.colcon_core.shell:create_environment_hook('lotti_control', 'cmake_prefix_path')
[7.036s] INFO:colcon.colcon_core.shell:Creating environment hook '/home/paul/resqbot_dev/control_ws/install/lotti_control/share/lotti_control/hook/cmake_prefix_path.ps1'
[7.037s] INFO:colcon.colcon_core.shell:Creating environment descriptor '/home/paul/resqbot_dev/control_ws/install/lotti_control/share/lotti_control/hook/cmake_prefix_path.dsv'
[7.037s] INFO:colcon.colcon_core.shell:Creating environment hook '/home/paul/resqbot_dev/control_ws/install/lotti_control/share/lotti_control/hook/cmake_prefix_path.sh'
[7.038s] Level 1:colcon.colcon_core.environment:checking '/home/paul/resqbot_dev/control_ws/install/lotti_control/lib'
[7.038s] Level 1:colcon.colcon_core.shell:create_environment_hook('lotti_control', 'ld_library_path_lib')
[7.038s] INFO:colcon.colcon_core.shell:Creating environment hook '/home/paul/resqbot_dev/control_ws/install/lotti_control/share/lotti_control/hook/ld_library_path_lib.ps1'
[7.039s] INFO:colcon.colcon_core.shell:Creating environment descriptor '/home/paul/resqbot_dev/control_ws/install/lotti_control/share/lotti_control/hook/ld_library_path_lib.dsv'
[7.040s] INFO:colcon.colcon_core.shell:Creating environment hook '/home/paul/resqbot_dev/control_ws/install/lotti_control/share/lotti_control/hook/ld_library_path_lib.sh'
[7.041s] Level 1:colcon.colcon_core.environment:checking '/home/paul/resqbot_dev/control_ws/install/lotti_control/bin'
[7.041s] Level 1:colcon.colcon_core.environment:checking '/home/paul/resqbot_dev/control_ws/install/lotti_control/lib/pkgconfig/lotti_control.pc'
[7.041s] Level 1:colcon.colcon_core.environment:checking '/home/paul/resqbot_dev/control_ws/install/lotti_control/lib/python3.10/site-packages'
[7.041s] Level 1:colcon.colcon_core.environment:checking '/home/paul/resqbot_dev/control_ws/install/lotti_control/bin'
[7.042s] INFO:colcon.colcon_core.shell:Creating package script '/home/paul/resqbot_dev/control_ws/install/lotti_control/share/lotti_control/package.ps1'
[7.043s] INFO:colcon.colcon_core.shell:Creating package descriptor '/home/paul/resqbot_dev/control_ws/install/lotti_control/share/lotti_control/package.dsv'
[7.043s] INFO:colcon.colcon_core.shell:Creating package script '/home/paul/resqbot_dev/control_ws/install/lotti_control/share/lotti_control/package.sh'
[7.044s] INFO:colcon.colcon_core.shell:Creating package script '/home/paul/resqbot_dev/control_ws/install/lotti_control/share/lotti_control/package.bash'
[7.044s] INFO:colcon.colcon_core.shell:Creating package script '/home/paul/resqbot_dev/control_ws/install/lotti_control/share/lotti_control/package.zsh'
[7.045s] Level 1:colcon.colcon_core.environment:create_file_with_runtime_dependencies(/home/paul/resqbot_dev/control_ws/install/lotti_control/share/colcon-core/packages/lotti_control)
[7.046s] Level 1:colcon.colcon_core.environment:create_environment_scripts_only(lotti_control)
[7.046s] Level 1:colcon.colcon_core.environment:checking '/home/paul/resqbot_dev/control_ws/install/lotti_control' for CMake module files
[7.047s] Level 1:colcon.colcon_core.environment:checking '/home/paul/resqbot_dev/control_ws/install/lotti_control' for CMake config files
[7.048s] Level 1:colcon.colcon_core.shell:create_environment_hook('lotti_control', 'cmake_prefix_path')
[7.048s] INFO:colcon.colcon_core.shell:Creating environment hook '/home/paul/resqbot_dev/control_ws/install/lotti_control/share/lotti_control/hook/cmake_prefix_path.ps1'
[7.049s] INFO:colcon.colcon_core.shell:Creating environment descriptor '/home/paul/resqbot_dev/control_ws/install/lotti_control/share/lotti_control/hook/cmake_prefix_path.dsv'
[7.049s] INFO:colcon.colcon_core.shell:Creating environment hook '/home/paul/resqbot_dev/control_ws/install/lotti_control/share/lotti_control/hook/cmake_prefix_path.sh'
[7.050s] Level 1:colcon.colcon_core.environment:checking '/home/paul/resqbot_dev/control_ws/install/lotti_control/lib'
[7.050s] Level 1:colcon.colcon_core.shell:create_environment_hook('lotti_control', 'ld_library_path_lib')
[7.051s] INFO:colcon.colcon_core.shell:Creating environment hook '/home/paul/resqbot_dev/control_ws/install/lotti_control/share/lotti_control/hook/ld_library_path_lib.ps1'
[7.051s] INFO:colcon.colcon_core.shell:Creating environment descriptor '/home/paul/resqbot_dev/control_ws/install/lotti_control/share/lotti_control/hook/ld_library_path_lib.dsv'
[7.051s] INFO:colcon.colcon_core.shell:Creating environment hook '/home/paul/resqbot_dev/control_ws/install/lotti_control/share/lotti_control/hook/ld_library_path_lib.sh'
[7.052s] Level 1:colcon.colcon_core.environment:checking '/home/paul/resqbot_dev/control_ws/install/lotti_control/bin'
[7.052s] Level 1:colcon.colcon_core.environment:checking '/home/paul/resqbot_dev/control_ws/install/lotti_control/lib/pkgconfig/lotti_control.pc'
[7.052s] Level 1:colcon.colcon_core.environment:checking '/home/paul/resqbot_dev/control_ws/install/lotti_control/lib/python3.10/site-packages'
[7.052s] Level 1:colcon.colcon_core.environment:checking '/home/paul/resqbot_dev/control_ws/install/lotti_control/bin'
[7.053s] INFO:colcon.colcon_core.shell:Creating package script '/home/paul/resqbot_dev/control_ws/install/lotti_control/share/lotti_control/package.ps1'
[7.054s] INFO:colcon.colcon_core.shell:Creating package descriptor '/home/paul/resqbot_dev/control_ws/install/lotti_control/share/lotti_control/package.dsv'
[7.054s] INFO:colcon.colcon_core.shell:Creating package script '/home/paul/resqbot_dev/control_ws/install/lotti_control/share/lotti_control/package.sh'
[7.055s] INFO:colcon.colcon_core.shell:Creating package script '/home/paul/resqbot_dev/control_ws/install/lotti_control/share/lotti_control/package.bash'
[7.055s] INFO:colcon.colcon_core.shell:Creating package script '/home/paul/resqbot_dev/control_ws/install/lotti_control/share/lotti_control/package.zsh'
[7.056s] Level 1:colcon.colcon_core.environment:create_file_with_runtime_dependencies(/home/paul/resqbot_dev/control_ws/install/lotti_control/share/colcon-core/packages/lotti_control)
[7.056s] INFO:colcon.colcon_ros.task.ament_cmake.build:Building ROS package in '/home/paul/resqbot_dev/control_ws/src/lotti_moveit_config' with build type 'ament_cmake'
[7.057s] INFO:colcon.colcon_cmake.task.cmake.build:Building CMake package in '/home/paul/resqbot_dev/control_ws/src/lotti_moveit_config'
[7.057s] INFO:colcon.colcon_core.shell:Skip shell extension 'powershell' for command environment: Not usable outside of PowerShell
[7.058s] DEBUG:colcon.colcon_core.shell:Skip shell extension 'dsv' for command environment
[7.114s] DEBUG:colcon.colcon_core.event_handler.log_command:Invoking command in '/home/paul/resqbot_dev/control_ws/build/lotti_moveit_config': CMAKE_PREFIX_PATH=/home/paul/resqbot_dev/control_ws/install/lotti_control:/home/paul/resqbot_dev/control_ws/install/lotti_moveit_config:/home/paul/resqbot_dev/control_ws/install/lotti_flipper_controller:/home/paul/moveit2_ws/install/moveit_servo:/home/paul/moveit2_ws/src/install/pilz_industrial_motion_planner_testutils:/home/paul/moveit2_ws/src/install/moveit_runtime:/home/paul/moveit2_ws/src/install/moveit2_tutorials:/home/paul/moveit2_ws/src/install/moveit:/home/paul/moveit2_ws/src/install/moveit_planners:/home/paul/moveit2_ws/src/install/pilz_industrial_motion_planner:/home/paul/moveit2_ws/src/install/moveit_visual_tools:/home/paul/moveit2_ws/src/install/moveit_task_constructor_visualization:/home/paul/moveit2_ws/src/install/moveit_task_constructor_demo:/home/paul/moveit2_ws/src/install/moveit_task_constructor_capabilities:/home/paul/moveit2_ws/src/install/moveit_task_constructor_core:/home/paul/moveit2_ws/src/install/moveit_ros_control_interface:/home/paul/moveit2_ws/src/install/moveit_plugins:/home/paul/moveit2_ws/src/install/moveit_simple_controller_manager:/home/paul/moveit2_ws/src/install/moveit_setup_assistant:/home/paul/moveit2_ws/src/install/moveit_setup_srdf_plugins:/home/paul/moveit2_ws/src/install/moveit_setup_core_plugins:/home/paul/moveit2_ws/src/install/moveit_setup_controllers:/home/paul/moveit2_ws/src/install/moveit_setup_app_plugins:/home/paul/moveit2_ws/src/install/moveit_setup_framework:/home/paul/moveit2_ws/src/install/moveit_servo:/home/paul/moveit2_ws/src/install/moveit_ros:/home/paul/moveit2_ws/src/install/moveit_ros_visualization:/home/paul/moveit2_ws/src/install/moveit_hybrid_planning:/home/paul/moveit2_ws/src/install/moveit_ros_planning_interface:/home/paul/moveit2_ws/src/install/moveit_ros_benchmarks:/home/paul/moveit2_ws/src/install/moveit_ros_warehouse:/home/paul/moveit2_ws/src/install/moveit_ros_robot_interaction:/home/paul/moveit2_ws/src/install/moveit_ros_perception:/home/paul/moveit2_ws/src/install/moveit_resources_prbt_pg70_support:/home/paul/moveit2_ws/src/install/moveit_resources_prbt_moveit_config:/home/paul/moveit2_ws/src/install/moveit_ros_move_group:/home/paul/moveit2_ws/src/install/moveit_planners_ompl:/home/paul/moveit2_ws/src/install/moveit_ros_planning:/home/paul/moveit2_ws/src/install/moveit_ros_occupancy_map_monitor:/home/paul/moveit2_ws/src/install/moveit_resources_prbt_ikfast_manipulator_plugin:/home/paul/moveit2_ws/src/install/moveit_planners_chomp:/home/paul/moveit2_ws/src/install/moveit_kinematics:/home/paul/moveit2_ws/src/install/moveit_chomp_optimizer_adapter:/home/paul/moveit2_ws/src/install/chomp_motion_planner:/home/paul/moveit2_ws/src/install/moveit_core:/home/paul/moveit2_ws/src/install/srdfdom:/home/paul/moveit2_ws/src/install/rviz_marker_tools:/home/paul/moveit2_ws/src/install/rosparam_shortcuts:/home/paul/moveit2_ws/src/install/moveit_task_constructor_msgs:/home/paul/moveit2_ws/src/install/moveit_resources_prbt_support:/home/paul/moveit2_ws/src/install/moveit_resources:/home/paul/moveit2_ws/src/install/moveit_resources_pr2_description:/home/paul/moveit2_ws/src/install/moveit_resources_panda_moveit_config:/home/paul/moveit2_ws/src/install/moveit_resources_panda_description:/home/paul/moveit2_ws/src/install/moveit_resources_fanuc_moveit_config:/home/paul/moveit2_ws/src/install/moveit_resources_fanuc_description:/home/paul/moveit2_ws/src/install/moveit_common:/home/paul/ros2_ws/install/ros2_control_demos:/home/paul/ros2_ws/install/ros2_control_demo_example_9:/home/paul/ros2_ws/install/ros2_control_demo_example_8:/home/paul/ros2_ws/install/ros2_control_demo_example_7:/home/paul/ros2_ws/install/ros2_control_demo_example_6:/home/paul/ros2_ws/install/ros2_control_demo_example_15:/home/paul/ros2_ws/install/ros2_control_demo_example_13:/home/paul/ros2_ws/install/ros2_control_demo_example_5:/home/paul/ros2_ws/install/ros2_control_demo_example_4:/home/paul/ros2_ws/install/ros2_control_demo_example_3:/home/paul/ros2_ws/install/ros2_control_demo_example_2:/home/paul/ros2_ws/install/ros2_control_demo_example_14:/home/paul/ros2_ws/install/ros2_control_demo_example_12:/home/paul/ros2_ws/install/ros2_control_demo_example_11:/home/paul/ros2_ws/install/ros2_control_demo_example_10:/home/paul/ros2_ws/install/ros2_control_demo_example_1:/home/paul/ros2_ws/install/ros2_control_demo_description:/home/paul/ws_livox/install/livox_ros_driver2:/home/paul/resqbot_dev/control_ws/install/lotti_teleop:/home/paul/resqbot_dev/control_ws/install/learning_tf2_py:/home/paul/moveit2_ws/src/install/moveit_configs_utils:/home/paul/moveit2_ws/src/install/launch_param_builder:/opt/ros/humble LD_LIBRARY_PATH=/home/paul/resqbot_dev/control_ws/install/lotti_control/lib:/home/paul/resqbot_dev/control_ws/install/lotti_flipper_controller/lib:/home/paul/moveit2_ws/install/moveit_servo/lib:/home/paul/moveit2_ws/src/install/pilz_industrial_motion_planner_testutils/lib:/home/paul/moveit2_ws/src/install/pilz_industrial_motion_planner/lib:/home/paul/moveit2_ws/src/install/moveit_visual_tools/lib:/home/paul/moveit2_ws/src/install/moveit_task_constructor_visualization/lib:/home/paul/moveit2_ws/src/install/moveit_task_constructor_demo/lib:/home/paul/moveit2_ws/src/install/moveit_task_constructor_capabilities/lib:/home/paul/moveit2_ws/src/install/moveit_task_constructor_core/lib:/home/paul/moveit2_ws/src/install/moveit_ros_control_interface/lib:/home/paul/moveit2_ws/src/install/moveit_simple_controller_manager/lib:/home/paul/moveit2_ws/src/install/moveit_setup_assistant/lib:/home/paul/moveit2_ws/src/install/moveit_setup_srdf_plugins/lib:/home/paul/moveit2_ws/src/install/moveit_setup_core_plugins/lib:/home/paul/moveit2_ws/src/install/moveit_setup_controllers/lib:/home/paul/moveit2_ws/src/install/moveit_setup_app_plugins/lib:/home/paul/moveit2_ws/src/install/moveit_setup_framework/lib:/home/paul/moveit2_ws/src/install/moveit_servo/lib:/home/paul/moveit2_ws/src/install/moveit_ros_visualization/lib:/home/paul/moveit2_ws/src/install/moveit_hybrid_planning/lib:/home/paul/moveit2_ws/src/install/moveit_ros_planning_interface/lib:/home/paul/moveit2_ws/src/install/moveit_ros_benchmarks/lib:/home/paul/moveit2_ws/src/install/moveit_ros_warehouse/lib:/home/paul/moveit2_ws/src/install/moveit_ros_robot_interaction/lib:/home/paul/moveit2_ws/src/install/moveit_ros_perception/lib:/home/paul/moveit2_ws/src/install/moveit_ros_move_group/lib:/home/paul/moveit2_ws/src/install/moveit_planners_ompl/lib:/home/paul/moveit2_ws/src/install/moveit_ros_planning/lib:/home/paul/moveit2_ws/src/install/moveit_ros_occupancy_map_monitor/lib:/home/paul/moveit2_ws/src/install/moveit_resources_prbt_ikfast_manipulator_plugin/lib:/home/paul/moveit2_ws/src/install/moveit_planners_chomp/lib:/home/paul/moveit2_ws/src/install/moveit_kinematics/lib:/home/paul/moveit2_ws/src/install/moveit_chomp_optimizer_adapter/lib:/home/paul/moveit2_ws/src/install/chomp_motion_planner/lib:/home/paul/moveit2_ws/src/install/moveit_core/lib:/home/paul/moveit2_ws/src/install/srdfdom/lib:/home/paul/moveit2_ws/src/install/rviz_marker_tools/lib:/home/paul/moveit2_ws/src/install/rosparam_shortcuts/lib:/home/paul/moveit2_ws/src/install/moveit_task_constructor_msgs/lib:/home/paul/ros2_ws/install/ros2_control_demo_example_9/lib:/home/paul/ros2_ws/install/ros2_control_demo_example_8/lib:/home/paul/ros2_ws/install/ros2_control_demo_example_7/lib:/home/paul/ros2_ws/install/ros2_control_demo_example_6/lib:/home/paul/ros2_ws/install/ros2_control_demo_example_5/lib:/home/paul/ros2_ws/install/ros2_control_demo_example_4/lib:/home/paul/ros2_ws/install/ros2_control_demo_example_3/lib:/home/paul/ros2_ws/install/ros2_control_demo_example_2/lib:/home/paul/ros2_ws/install/ros2_control_demo_example_14/lib:/home/paul/ros2_ws/install/ros2_control_demo_example_12/lib:/home/paul/ros2_ws/install/ros2_control_demo_example_11/lib:/home/paul/ros2_ws/install/ros2_control_demo_example_10/lib:/home/paul/ros2_ws/install/ros2_control_demo_example_1/lib:/home/paul/ws_livox/install/livox_ros_driver2/lib:/usr/lib/x86_64-linux-gnu/gazebo-11/plugins:/opt/ros/humble/opt/rviz_ogre_vendor/lib:/opt/ros/humble/lib/x86_64-linux-gnu:/opt/ros/humble/lib /usr/bin/cmake --build /home/paul/resqbot_dev/control_ws/build/lotti_moveit_config -- -j8 -l8
[7.229s] DEBUG:colcon.colcon_core.event_handler.log_command:Invoked command in '/home/paul/resqbot_dev/control_ws/build/lotti_moveit_config' returned '0': CMAKE_PREFIX_PATH=/home/paul/resqbot_dev/control_ws/install/lotti_control:/home/paul/resqbot_dev/control_ws/install/lotti_moveit_config:/home/paul/resqbot_dev/control_ws/install/lotti_flipper_controller:/home/paul/moveit2_ws/install/moveit_servo:/home/paul/moveit2_ws/src/install/pilz_industrial_motion_planner_testutils:/home/paul/moveit2_ws/src/install/moveit_runtime:/home/paul/moveit2_ws/src/install/moveit2_tutorials:/home/paul/moveit2_ws/src/install/moveit:/home/paul/moveit2_ws/src/install/moveit_planners:/home/paul/moveit2_ws/src/install/pilz_industrial_motion_planner:/home/paul/moveit2_ws/src/install/moveit_visual_tools:/home/paul/moveit2_ws/src/install/moveit_task_constructor_visualization:/home/paul/moveit2_ws/src/install/moveit_task_constructor_demo:/home/paul/moveit2_ws/src/install/moveit_task_constructor_capabilities:/home/paul/moveit2_ws/src/install/moveit_task_constructor_core:/home/paul/moveit2_ws/src/install/moveit_ros_control_interface:/home/paul/moveit2_ws/src/install/moveit_plugins:/home/paul/moveit2_ws/src/install/moveit_simple_controller_manager:/home/paul/moveit2_ws/src/install/moveit_setup_assistant:/home/paul/moveit2_ws/src/install/moveit_setup_srdf_plugins:/home/paul/moveit2_ws/src/install/moveit_setup_core_plugins:/home/paul/moveit2_ws/src/install/moveit_setup_controllers:/home/paul/moveit2_ws/src/install/moveit_setup_app_plugins:/home/paul/moveit2_ws/src/install/moveit_setup_framework:/home/paul/moveit2_ws/src/install/moveit_servo:/home/paul/moveit2_ws/src/install/moveit_ros:/home/paul/moveit2_ws/src/install/moveit_ros_visualization:/home/paul/moveit2_ws/src/install/moveit_hybrid_planning:/home/paul/moveit2_ws/src/install/moveit_ros_planning_interface:/home/paul/moveit2_ws/src/install/moveit_ros_benchmarks:/home/paul/moveit2_ws/src/install/moveit_ros_warehouse:/home/paul/moveit2_ws/src/install/moveit_ros_robot_interaction:/home/paul/moveit2_ws/src/install/moveit_ros_perception:/home/paul/moveit2_ws/src/install/moveit_resources_prbt_pg70_support:/home/paul/moveit2_ws/src/install/moveit_resources_prbt_moveit_config:/home/paul/moveit2_ws/src/install/moveit_ros_move_group:/home/paul/moveit2_ws/src/install/moveit_planners_ompl:/home/paul/moveit2_ws/src/install/moveit_ros_planning:/home/paul/moveit2_ws/src/install/moveit_ros_occupancy_map_monitor:/home/paul/moveit2_ws/src/install/moveit_resources_prbt_ikfast_manipulator_plugin:/home/paul/moveit2_ws/src/install/moveit_planners_chomp:/home/paul/moveit2_ws/src/install/moveit_kinematics:/home/paul/moveit2_ws/src/install/moveit_chomp_optimizer_adapter:/home/paul/moveit2_ws/src/install/chomp_motion_planner:/home/paul/moveit2_ws/src/install/moveit_core:/home/paul/moveit2_ws/src/install/srdfdom:/home/paul/moveit2_ws/src/install/rviz_marker_tools:/home/paul/moveit2_ws/src/install/rosparam_shortcuts:/home/paul/moveit2_ws/src/install/moveit_task_constructor_msgs:/home/paul/moveit2_ws/src/install/moveit_resources_prbt_support:/home/paul/moveit2_ws/src/install/moveit_resources:/home/paul/moveit2_ws/src/install/moveit_resources_pr2_description:/home/paul/moveit2_ws/src/install/moveit_resources_panda_moveit_config:/home/paul/moveit2_ws/src/install/moveit_resources_panda_description:/home/paul/moveit2_ws/src/install/moveit_resources_fanuc_moveit_config:/home/paul/moveit2_ws/src/install/moveit_resources_fanuc_description:/home/paul/moveit2_ws/src/install/moveit_common:/home/paul/ros2_ws/install/ros2_control_demos:/home/paul/ros2_ws/install/ros2_control_demo_example_9:/home/paul/ros2_ws/install/ros2_control_demo_example_8:/home/paul/ros2_ws/install/ros2_control_demo_example_7:/home/paul/ros2_ws/install/ros2_control_demo_example_6:/home/paul/ros2_ws/install/ros2_control_demo_example_15:/home/paul/ros2_ws/install/ros2_control_demo_example_13:/home/paul/ros2_ws/install/ros2_control_demo_example_5:/home/paul/ros2_ws/install/ros2_control_demo_example_4:/home/paul/ros2_ws/install/ros2_control_demo_example_3:/home/paul/ros2_ws/install/ros2_control_demo_example_2:/home/paul/ros2_ws/install/ros2_control_demo_example_14:/home/paul/ros2_ws/install/ros2_control_demo_example_12:/home/paul/ros2_ws/install/ros2_control_demo_example_11:/home/paul/ros2_ws/install/ros2_control_demo_example_10:/home/paul/ros2_ws/install/ros2_control_demo_example_1:/home/paul/ros2_ws/install/ros2_control_demo_description:/home/paul/ws_livox/install/livox_ros_driver2:/home/paul/resqbot_dev/control_ws/install/lotti_teleop:/home/paul/resqbot_dev/control_ws/install/learning_tf2_py:/home/paul/moveit2_ws/src/install/moveit_configs_utils:/home/paul/moveit2_ws/src/install/launch_param_builder:/opt/ros/humble LD_LIBRARY_PATH=/home/paul/resqbot_dev/control_ws/install/lotti_control/lib:/home/paul/resqbot_dev/control_ws/install/lotti_flipper_controller/lib:/home/paul/moveit2_ws/install/moveit_servo/lib:/home/paul/moveit2_ws/src/install/pilz_industrial_motion_planner_testutils/lib:/home/paul/moveit2_ws/src/install/pilz_industrial_motion_planner/lib:/home/paul/moveit2_ws/src/install/moveit_visual_tools/lib:/home/paul/moveit2_ws/src/install/moveit_task_constructor_visualization/lib:/home/paul/moveit2_ws/src/install/moveit_task_constructor_demo/lib:/home/paul/moveit2_ws/src/install/moveit_task_constructor_capabilities/lib:/home/paul/moveit2_ws/src/install/moveit_task_constructor_core/lib:/home/paul/moveit2_ws/src/install/moveit_ros_control_interface/lib:/home/paul/moveit2_ws/src/install/moveit_simple_controller_manager/lib:/home/paul/moveit2_ws/src/install/moveit_setup_assistant/lib:/home/paul/moveit2_ws/src/install/moveit_setup_srdf_plugins/lib:/home/paul/moveit2_ws/src/install/moveit_setup_core_plugins/lib:/home/paul/moveit2_ws/src/install/moveit_setup_controllers/lib:/home/paul/moveit2_ws/src/install/moveit_setup_app_plugins/lib:/home/paul/moveit2_ws/src/install/moveit_setup_framework/lib:/home/paul/moveit2_ws/src/install/moveit_servo/lib:/home/paul/moveit2_ws/src/install/moveit_ros_visualization/lib:/home/paul/moveit2_ws/src/install/moveit_hybrid_planning/lib:/home/paul/moveit2_ws/src/install/moveit_ros_planning_interface/lib:/home/paul/moveit2_ws/src/install/moveit_ros_benchmarks/lib:/home/paul/moveit2_ws/src/install/moveit_ros_warehouse/lib:/home/paul/moveit2_ws/src/install/moveit_ros_robot_interaction/lib:/home/paul/moveit2_ws/src/install/moveit_ros_perception/lib:/home/paul/moveit2_ws/src/install/moveit_ros_move_group/lib:/home/paul/moveit2_ws/src/install/moveit_planners_ompl/lib:/home/paul/moveit2_ws/src/install/moveit_ros_planning/lib:/home/paul/moveit2_ws/src/install/moveit_ros_occupancy_map_monitor/lib:/home/paul/moveit2_ws/src/install/moveit_resources_prbt_ikfast_manipulator_plugin/lib:/home/paul/moveit2_ws/src/install/moveit_planners_chomp/lib:/home/paul/moveit2_ws/src/install/moveit_kinematics/lib:/home/paul/moveit2_ws/src/install/moveit_chomp_optimizer_adapter/lib:/home/paul/moveit2_ws/src/install/chomp_motion_planner/lib:/home/paul/moveit2_ws/src/install/moveit_core/lib:/home/paul/moveit2_ws/src/install/srdfdom/lib:/home/paul/moveit2_ws/src/install/rviz_marker_tools/lib:/home/paul/moveit2_ws/src/install/rosparam_shortcuts/lib:/home/paul/moveit2_ws/src/install/moveit_task_constructor_msgs/lib:/home/paul/ros2_ws/install/ros2_control_demo_example_9/lib:/home/paul/ros2_ws/install/ros2_control_demo_example_8/lib:/home/paul/ros2_ws/install/ros2_control_demo_example_7/lib:/home/paul/ros2_ws/install/ros2_control_demo_example_6/lib:/home/paul/ros2_ws/install/ros2_control_demo_example_5/lib:/home/paul/ros2_ws/install/ros2_control_demo_example_4/lib:/home/paul/ros2_ws/install/ros2_control_demo_example_3/lib:/home/paul/ros2_ws/install/ros2_control_demo_example_2/lib:/home/paul/ros2_ws/install/ros2_control_demo_example_14/lib:/home/paul/ros2_ws/install/ros2_control_demo_example_12/lib:/home/paul/ros2_ws/install/ros2_control_demo_example_11/lib:/home/paul/ros2_ws/install/ros2_control_demo_example_10/lib:/home/paul/ros2_ws/install/ros2_control_demo_example_1/lib:/home/paul/ws_livox/install/livox_ros_driver2/lib:/usr/lib/x86_64-linux-gnu/gazebo-11/plugins:/opt/ros/humble/opt/rviz_ogre_vendor/lib:/opt/ros/humble/lib/x86_64-linux-gnu:/opt/ros/humble/lib /usr/bin/cmake --build /home/paul/resqbot_dev/control_ws/build/lotti_moveit_config -- -j8 -l8
[7.233s] DEBUG:colcon.colcon_core.event_handler.log_command:Invoking command in '/home/paul/resqbot_dev/control_ws/build/lotti_moveit_config': CMAKE_PREFIX_PATH=/home/paul/resqbot_dev/control_ws/install/lotti_control:/home/paul/resqbot_dev/control_ws/install/lotti_moveit_config:/home/paul/resqbot_dev/control_ws/install/lotti_flipper_controller:/home/paul/moveit2_ws/install/moveit_servo:/home/paul/moveit2_ws/src/install/pilz_industrial_motion_planner_testutils:/home/paul/moveit2_ws/src/install/moveit_runtime:/home/paul/moveit2_ws/src/install/moveit2_tutorials:/home/paul/moveit2_ws/src/install/moveit:/home/paul/moveit2_ws/src/install/moveit_planners:/home/paul/moveit2_ws/src/install/pilz_industrial_motion_planner:/home/paul/moveit2_ws/src/install/moveit_visual_tools:/home/paul/moveit2_ws/src/install/moveit_task_constructor_visualization:/home/paul/moveit2_ws/src/install/moveit_task_constructor_demo:/home/paul/moveit2_ws/src/install/moveit_task_constructor_capabilities:/home/paul/moveit2_ws/src/install/moveit_task_constructor_core:/home/paul/moveit2_ws/src/install/moveit_ros_control_interface:/home/paul/moveit2_ws/src/install/moveit_plugins:/home/paul/moveit2_ws/src/install/moveit_simple_controller_manager:/home/paul/moveit2_ws/src/install/moveit_setup_assistant:/home/paul/moveit2_ws/src/install/moveit_setup_srdf_plugins:/home/paul/moveit2_ws/src/install/moveit_setup_core_plugins:/home/paul/moveit2_ws/src/install/moveit_setup_controllers:/home/paul/moveit2_ws/src/install/moveit_setup_app_plugins:/home/paul/moveit2_ws/src/install/moveit_setup_framework:/home/paul/moveit2_ws/src/install/moveit_servo:/home/paul/moveit2_ws/src/install/moveit_ros:/home/paul/moveit2_ws/src/install/moveit_ros_visualization:/home/paul/moveit2_ws/src/install/moveit_hybrid_planning:/home/paul/moveit2_ws/src/install/moveit_ros_planning_interface:/home/paul/moveit2_ws/src/install/moveit_ros_benchmarks:/home/paul/moveit2_ws/src/install/moveit_ros_warehouse:/home/paul/moveit2_ws/src/install/moveit_ros_robot_interaction:/home/paul/moveit2_ws/src/install/moveit_ros_perception:/home/paul/moveit2_ws/src/install/moveit_resources_prbt_pg70_support:/home/paul/moveit2_ws/src/install/moveit_resources_prbt_moveit_config:/home/paul/moveit2_ws/src/install/moveit_ros_move_group:/home/paul/moveit2_ws/src/install/moveit_planners_ompl:/home/paul/moveit2_ws/src/install/moveit_ros_planning:/home/paul/moveit2_ws/src/install/moveit_ros_occupancy_map_monitor:/home/paul/moveit2_ws/src/install/moveit_resources_prbt_ikfast_manipulator_plugin:/home/paul/moveit2_ws/src/install/moveit_planners_chomp:/home/paul/moveit2_ws/src/install/moveit_kinematics:/home/paul/moveit2_ws/src/install/moveit_chomp_optimizer_adapter:/home/paul/moveit2_ws/src/install/chomp_motion_planner:/home/paul/moveit2_ws/src/install/moveit_core:/home/paul/moveit2_ws/src/install/srdfdom:/home/paul/moveit2_ws/src/install/rviz_marker_tools:/home/paul/moveit2_ws/src/install/rosparam_shortcuts:/home/paul/moveit2_ws/src/install/moveit_task_constructor_msgs:/home/paul/moveit2_ws/src/install/moveit_resources_prbt_support:/home/paul/moveit2_ws/src/install/moveit_resources:/home/paul/moveit2_ws/src/install/moveit_resources_pr2_description:/home/paul/moveit2_ws/src/install/moveit_resources_panda_moveit_config:/home/paul/moveit2_ws/src/install/moveit_resources_panda_description:/home/paul/moveit2_ws/src/install/moveit_resources_fanuc_moveit_config:/home/paul/moveit2_ws/src/install/moveit_resources_fanuc_description:/home/paul/moveit2_ws/src/install/moveit_common:/home/paul/ros2_ws/install/ros2_control_demos:/home/paul/ros2_ws/install/ros2_control_demo_example_9:/home/paul/ros2_ws/install/ros2_control_demo_example_8:/home/paul/ros2_ws/install/ros2_control_demo_example_7:/home/paul/ros2_ws/install/ros2_control_demo_example_6:/home/paul/ros2_ws/install/ros2_control_demo_example_15:/home/paul/ros2_ws/install/ros2_control_demo_example_13:/home/paul/ros2_ws/install/ros2_control_demo_example_5:/home/paul/ros2_ws/install/ros2_control_demo_example_4:/home/paul/ros2_ws/install/ros2_control_demo_example_3:/home/paul/ros2_ws/install/ros2_control_demo_example_2:/home/paul/ros2_ws/install/ros2_control_demo_example_14:/home/paul/ros2_ws/install/ros2_control_demo_example_12:/home/paul/ros2_ws/install/ros2_control_demo_example_11:/home/paul/ros2_ws/install/ros2_control_demo_example_10:/home/paul/ros2_ws/install/ros2_control_demo_example_1:/home/paul/ros2_ws/install/ros2_control_demo_description:/home/paul/ws_livox/install/livox_ros_driver2:/home/paul/resqbot_dev/control_ws/install/lotti_teleop:/home/paul/resqbot_dev/control_ws/install/learning_tf2_py:/home/paul/moveit2_ws/src/install/moveit_configs_utils:/home/paul/moveit2_ws/src/install/launch_param_builder:/opt/ros/humble LD_LIBRARY_PATH=/home/paul/resqbot_dev/control_ws/install/lotti_control/lib:/home/paul/resqbot_dev/control_ws/install/lotti_flipper_controller/lib:/home/paul/moveit2_ws/install/moveit_servo/lib:/home/paul/moveit2_ws/src/install/pilz_industrial_motion_planner_testutils/lib:/home/paul/moveit2_ws/src/install/pilz_industrial_motion_planner/lib:/home/paul/moveit2_ws/src/install/moveit_visual_tools/lib:/home/paul/moveit2_ws/src/install/moveit_task_constructor_visualization/lib:/home/paul/moveit2_ws/src/install/moveit_task_constructor_demo/lib:/home/paul/moveit2_ws/src/install/moveit_task_constructor_capabilities/lib:/home/paul/moveit2_ws/src/install/moveit_task_constructor_core/lib:/home/paul/moveit2_ws/src/install/moveit_ros_control_interface/lib:/home/paul/moveit2_ws/src/install/moveit_simple_controller_manager/lib:/home/paul/moveit2_ws/src/install/moveit_setup_assistant/lib:/home/paul/moveit2_ws/src/install/moveit_setup_srdf_plugins/lib:/home/paul/moveit2_ws/src/install/moveit_setup_core_plugins/lib:/home/paul/moveit2_ws/src/install/moveit_setup_controllers/lib:/home/paul/moveit2_ws/src/install/moveit_setup_app_plugins/lib:/home/paul/moveit2_ws/src/install/moveit_setup_framework/lib:/home/paul/moveit2_ws/src/install/moveit_servo/lib:/home/paul/moveit2_ws/src/install/moveit_ros_visualization/lib:/home/paul/moveit2_ws/src/install/moveit_hybrid_planning/lib:/home/paul/moveit2_ws/src/install/moveit_ros_planning_interface/lib:/home/paul/moveit2_ws/src/install/moveit_ros_benchmarks/lib:/home/paul/moveit2_ws/src/install/moveit_ros_warehouse/lib:/home/paul/moveit2_ws/src/install/moveit_ros_robot_interaction/lib:/home/paul/moveit2_ws/src/install/moveit_ros_perception/lib:/home/paul/moveit2_ws/src/install/moveit_ros_move_group/lib:/home/paul/moveit2_ws/src/install/moveit_planners_ompl/lib:/home/paul/moveit2_ws/src/install/moveit_ros_planning/lib:/home/paul/moveit2_ws/src/install/moveit_ros_occupancy_map_monitor/lib:/home/paul/moveit2_ws/src/install/moveit_resources_prbt_ikfast_manipulator_plugin/lib:/home/paul/moveit2_ws/src/install/moveit_planners_chomp/lib:/home/paul/moveit2_ws/src/install/moveit_kinematics/lib:/home/paul/moveit2_ws/src/install/moveit_chomp_optimizer_adapter/lib:/home/paul/moveit2_ws/src/install/chomp_motion_planner/lib:/home/paul/moveit2_ws/src/install/moveit_core/lib:/home/paul/moveit2_ws/src/install/srdfdom/lib:/home/paul/moveit2_ws/src/install/rviz_marker_tools/lib:/home/paul/moveit2_ws/src/install/rosparam_shortcuts/lib:/home/paul/moveit2_ws/src/install/moveit_task_constructor_msgs/lib:/home/paul/ros2_ws/install/ros2_control_demo_example_9/lib:/home/paul/ros2_ws/install/ros2_control_demo_example_8/lib:/home/paul/ros2_ws/install/ros2_control_demo_example_7/lib:/home/paul/ros2_ws/install/ros2_control_demo_example_6/lib:/home/paul/ros2_ws/install/ros2_control_demo_example_5/lib:/home/paul/ros2_ws/install/ros2_control_demo_example_4/lib:/home/paul/ros2_ws/install/ros2_control_demo_example_3/lib:/home/paul/ros2_ws/install/ros2_control_demo_example_2/lib:/home/paul/ros2_ws/install/ros2_control_demo_example_14/lib:/home/paul/ros2_ws/install/ros2_control_demo_example_12/lib:/home/paul/ros2_ws/install/ros2_control_demo_example_11/lib:/home/paul/ros2_ws/install/ros2_control_demo_example_10/lib:/home/paul/ros2_ws/install/ros2_control_demo_example_1/lib:/home/paul/ws_livox/install/livox_ros_driver2/lib:/usr/lib/x86_64-linux-gnu/gazebo-11/plugins:/opt/ros/humble/opt/rviz_ogre_vendor/lib:/opt/ros/humble/lib/x86_64-linux-gnu:/opt/ros/humble/lib /usr/bin/cmake --install /home/paul/resqbot_dev/control_ws/build/lotti_moveit_config
[7.305s] Level 1:colcon.colcon_core.environment:create_environment_scripts_only(lotti_moveit_config)
[7.306s] Level 1:colcon.colcon_core.environment:checking '/home/paul/resqbot_dev/control_ws/install/lotti_moveit_config' for CMake module files
[7.307s] DEBUG:colcon.colcon_core.event_handler.log_command:Invoked command in '/home/paul/resqbot_dev/control_ws/build/lotti_moveit_config' returned '0': CMAKE_PREFIX_PATH=/home/paul/resqbot_dev/control_ws/install/lotti_control:/home/paul/resqbot_dev/control_ws/install/lotti_moveit_config:/home/paul/resqbot_dev/control_ws/install/lotti_flipper_controller:/home/paul/moveit2_ws/install/moveit_servo:/home/paul/moveit2_ws/src/install/pilz_industrial_motion_planner_testutils:/home/paul/moveit2_ws/src/install/moveit_runtime:/home/paul/moveit2_ws/src/install/moveit2_tutorials:/home/paul/moveit2_ws/src/install/moveit:/home/paul/moveit2_ws/src/install/moveit_planners:/home/paul/moveit2_ws/src/install/pilz_industrial_motion_planner:/home/paul/moveit2_ws/src/install/moveit_visual_tools:/home/paul/moveit2_ws/src/install/moveit_task_constructor_visualization:/home/paul/moveit2_ws/src/install/moveit_task_constructor_demo:/home/paul/moveit2_ws/src/install/moveit_task_constructor_capabilities:/home/paul/moveit2_ws/src/install/moveit_task_constructor_core:/home/paul/moveit2_ws/src/install/moveit_ros_control_interface:/home/paul/moveit2_ws/src/install/moveit_plugins:/home/paul/moveit2_ws/src/install/moveit_simple_controller_manager:/home/paul/moveit2_ws/src/install/moveit_setup_assistant:/home/paul/moveit2_ws/src/install/moveit_setup_srdf_plugins:/home/paul/moveit2_ws/src/install/moveit_setup_core_plugins:/home/paul/moveit2_ws/src/install/moveit_setup_controllers:/home/paul/moveit2_ws/src/install/moveit_setup_app_plugins:/home/paul/moveit2_ws/src/install/moveit_setup_framework:/home/paul/moveit2_ws/src/install/moveit_servo:/home/paul/moveit2_ws/src/install/moveit_ros:/home/paul/moveit2_ws/src/install/moveit_ros_visualization:/home/paul/moveit2_ws/src/install/moveit_hybrid_planning:/home/paul/moveit2_ws/src/install/moveit_ros_planning_interface:/home/paul/moveit2_ws/src/install/moveit_ros_benchmarks:/home/paul/moveit2_ws/src/install/moveit_ros_warehouse:/home/paul/moveit2_ws/src/install/moveit_ros_robot_interaction:/home/paul/moveit2_ws/src/install/moveit_ros_perception:/home/paul/moveit2_ws/src/install/moveit_resources_prbt_pg70_support:/home/paul/moveit2_ws/src/install/moveit_resources_prbt_moveit_config:/home/paul/moveit2_ws/src/install/moveit_ros_move_group:/home/paul/moveit2_ws/src/install/moveit_planners_ompl:/home/paul/moveit2_ws/src/install/moveit_ros_planning:/home/paul/moveit2_ws/src/install/moveit_ros_occupancy_map_monitor:/home/paul/moveit2_ws/src/install/moveit_resources_prbt_ikfast_manipulator_plugin:/home/paul/moveit2_ws/src/install/moveit_planners_chomp:/home/paul/moveit2_ws/src/install/moveit_kinematics:/home/paul/moveit2_ws/src/install/moveit_chomp_optimizer_adapter:/home/paul/moveit2_ws/src/install/chomp_motion_planner:/home/paul/moveit2_ws/src/install/moveit_core:/home/paul/moveit2_ws/src/install/srdfdom:/home/paul/moveit2_ws/src/install/rviz_marker_tools:/home/paul/moveit2_ws/src/install/rosparam_shortcuts:/home/paul/moveit2_ws/src/install/moveit_task_constructor_msgs:/home/paul/moveit2_ws/src/install/moveit_resources_prbt_support:/home/paul/moveit2_ws/src/install/moveit_resources:/home/paul/moveit2_ws/src/install/moveit_resources_pr2_description:/home/paul/moveit2_ws/src/install/moveit_resources_panda_moveit_config:/home/paul/moveit2_ws/src/install/moveit_resources_panda_description:/home/paul/moveit2_ws/src/install/moveit_resources_fanuc_moveit_config:/home/paul/moveit2_ws/src/install/moveit_resources_fanuc_description:/home/paul/moveit2_ws/src/install/moveit_common:/home/paul/ros2_ws/install/ros2_control_demos:/home/paul/ros2_ws/install/ros2_control_demo_example_9:/home/paul/ros2_ws/install/ros2_control_demo_example_8:/home/paul/ros2_ws/install/ros2_control_demo_example_7:/home/paul/ros2_ws/install/ros2_control_demo_example_6:/home/paul/ros2_ws/install/ros2_control_demo_example_15:/home/paul/ros2_ws/install/ros2_control_demo_example_13:/home/paul/ros2_ws/install/ros2_control_demo_example_5:/home/paul/ros2_ws/install/ros2_control_demo_example_4:/home/paul/ros2_ws/install/ros2_control_demo_example_3:/home/paul/ros2_ws/install/ros2_control_demo_example_2:/home/paul/ros2_ws/install/ros2_control_demo_example_14:/home/paul/ros2_ws/install/ros2_control_demo_example_12:/home/paul/ros2_ws/install/ros2_control_demo_example_11:/home/paul/ros2_ws/install/ros2_control_demo_example_10:/home/paul/ros2_ws/install/ros2_control_demo_example_1:/home/paul/ros2_ws/install/ros2_control_demo_description:/home/paul/ws_livox/install/livox_ros_driver2:/home/paul/resqbot_dev/control_ws/install/lotti_teleop:/home/paul/resqbot_dev/control_ws/install/learning_tf2_py:/home/paul/moveit2_ws/src/install/moveit_configs_utils:/home/paul/moveit2_ws/src/install/launch_param_builder:/opt/ros/humble LD_LIBRARY_PATH=/home/paul/resqbot_dev/control_ws/install/lotti_control/lib:/home/paul/resqbot_dev/control_ws/install/lotti_flipper_controller/lib:/home/paul/moveit2_ws/install/moveit_servo/lib:/home/paul/moveit2_ws/src/install/pilz_industrial_motion_planner_testutils/lib:/home/paul/moveit2_ws/src/install/pilz_industrial_motion_planner/lib:/home/paul/moveit2_ws/src/install/moveit_visual_tools/lib:/home/paul/moveit2_ws/src/install/moveit_task_constructor_visualization/lib:/home/paul/moveit2_ws/src/install/moveit_task_constructor_demo/lib:/home/paul/moveit2_ws/src/install/moveit_task_constructor_capabilities/lib:/home/paul/moveit2_ws/src/install/moveit_task_constructor_core/lib:/home/paul/moveit2_ws/src/install/moveit_ros_control_interface/lib:/home/paul/moveit2_ws/src/install/moveit_simple_controller_manager/lib:/home/paul/moveit2_ws/src/install/moveit_setup_assistant/lib:/home/paul/moveit2_ws/src/install/moveit_setup_srdf_plugins/lib:/home/paul/moveit2_ws/src/install/moveit_setup_core_plugins/lib:/home/paul/moveit2_ws/src/install/moveit_setup_controllers/lib:/home/paul/moveit2_ws/src/install/moveit_setup_app_plugins/lib:/home/paul/moveit2_ws/src/install/moveit_setup_framework/lib:/home/paul/moveit2_ws/src/install/moveit_servo/lib:/home/paul/moveit2_ws/src/install/moveit_ros_visualization/lib:/home/paul/moveit2_ws/src/install/moveit_hybrid_planning/lib:/home/paul/moveit2_ws/src/install/moveit_ros_planning_interface/lib:/home/paul/moveit2_ws/src/install/moveit_ros_benchmarks/lib:/home/paul/moveit2_ws/src/install/moveit_ros_warehouse/lib:/home/paul/moveit2_ws/src/install/moveit_ros_robot_interaction/lib:/home/paul/moveit2_ws/src/install/moveit_ros_perception/lib:/home/paul/moveit2_ws/src/install/moveit_ros_move_group/lib:/home/paul/moveit2_ws/src/install/moveit_planners_ompl/lib:/home/paul/moveit2_ws/src/install/moveit_ros_planning/lib:/home/paul/moveit2_ws/src/install/moveit_ros_occupancy_map_monitor/lib:/home/paul/moveit2_ws/src/install/moveit_resources_prbt_ikfast_manipulator_plugin/lib:/home/paul/moveit2_ws/src/install/moveit_planners_chomp/lib:/home/paul/moveit2_ws/src/install/moveit_kinematics/lib:/home/paul/moveit2_ws/src/install/moveit_chomp_optimizer_adapter/lib:/home/paul/moveit2_ws/src/install/chomp_motion_planner/lib:/home/paul/moveit2_ws/src/install/moveit_core/lib:/home/paul/moveit2_ws/src/install/srdfdom/lib:/home/paul/moveit2_ws/src/install/rviz_marker_tools/lib:/home/paul/moveit2_ws/src/install/rosparam_shortcuts/lib:/home/paul/moveit2_ws/src/install/moveit_task_constructor_msgs/lib:/home/paul/ros2_ws/install/ros2_control_demo_example_9/lib:/home/paul/ros2_ws/install/ros2_control_demo_example_8/lib:/home/paul/ros2_ws/install/ros2_control_demo_example_7/lib:/home/paul/ros2_ws/install/ros2_control_demo_example_6/lib:/home/paul/ros2_ws/install/ros2_control_demo_example_5/lib:/home/paul/ros2_ws/install/ros2_control_demo_example_4/lib:/home/paul/ros2_ws/install/ros2_control_demo_example_3/lib:/home/paul/ros2_ws/install/ros2_control_demo_example_2/lib:/home/paul/ros2_ws/install/ros2_control_demo_example_14/lib:/home/paul/ros2_ws/install/ros2_control_demo_example_12/lib:/home/paul/ros2_ws/install/ros2_control_demo_example_11/lib:/home/paul/ros2_ws/install/ros2_control_demo_example_10/lib:/home/paul/ros2_ws/install/ros2_control_demo_example_1/lib:/home/paul/ws_livox/install/livox_ros_driver2/lib:/usr/lib/x86_64-linux-gnu/gazebo-11/plugins:/opt/ros/humble/opt/rviz_ogre_vendor/lib:/opt/ros/humble/lib/x86_64-linux-gnu:/opt/ros/humble/lib /usr/bin/cmake --install /home/paul/resqbot_dev/control_ws/build/lotti_moveit_config
[7.308s] Level 1:colcon.colcon_core.environment:checking '/home/paul/resqbot_dev/control_ws/install/lotti_moveit_config' for CMake config files
[7.310s] Level 1:colcon.colcon_core.shell:create_environment_hook('lotti_moveit_config', 'cmake_prefix_path')
[7.310s] INFO:colcon.colcon_core.shell:Creating environment hook '/home/paul/resqbot_dev/control_ws/install/lotti_moveit_config/share/lotti_moveit_config/hook/cmake_prefix_path.ps1'
[7.312s] INFO:colcon.colcon_core.shell:Creating environment descriptor '/home/paul/resqbot_dev/control_ws/install/lotti_moveit_config/share/lotti_moveit_config/hook/cmake_prefix_path.dsv'
[7.313s] INFO:colcon.colcon_core.shell:Creating environment hook '/home/paul/resqbot_dev/control_ws/install/lotti_moveit_config/share/lotti_moveit_config/hook/cmake_prefix_path.sh'
[7.314s] Level 1:colcon.colcon_core.environment:checking '/home/paul/resqbot_dev/control_ws/install/lotti_moveit_config/bin'
[7.315s] Level 1:colcon.colcon_core.environment:checking '/home/paul/resqbot_dev/control_ws/install/lotti_moveit_config/lib/pkgconfig/lotti_moveit_config.pc'
[7.315s] Level 1:colcon.colcon_core.environment:checking '/home/paul/resqbot_dev/control_ws/install/lotti_moveit_config/lib/python3.10/site-packages'
[7.316s] Level 1:colcon.colcon_core.environment:checking '/home/paul/resqbot_dev/control_ws/install/lotti_moveit_config/bin'
[7.317s] INFO:colcon.colcon_core.shell:Creating package script '/home/paul/resqbot_dev/control_ws/install/lotti_moveit_config/share/lotti_moveit_config/package.ps1'
[7.318s] INFO:colcon.colcon_core.shell:Creating package descriptor '/home/paul/resqbot_dev/control_ws/install/lotti_moveit_config/share/lotti_moveit_config/package.dsv'
[7.320s] INFO:colcon.colcon_core.shell:Creating package script '/home/paul/resqbot_dev/control_ws/install/lotti_moveit_config/share/lotti_moveit_config/package.sh'
[7.321s] INFO:colcon.colcon_core.shell:Creating package script '/home/paul/resqbot_dev/control_ws/install/lotti_moveit_config/share/lotti_moveit_config/package.bash'
[7.322s] INFO:colcon.colcon_core.shell:Creating package script '/home/paul/resqbot_dev/control_ws/install/lotti_moveit_config/share/lotti_moveit_config/package.zsh'
[7.323s] Level 1:colcon.colcon_core.environment:create_file_with_runtime_dependencies(/home/paul/resqbot_dev/control_ws/install/lotti_moveit_config/share/colcon-core/packages/lotti_moveit_config)
[7.325s] Level 1:colcon.colcon_core.environment:create_environment_scripts_only(lotti_moveit_config)
[7.325s] Level 1:colcon.colcon_core.environment:checking '/home/paul/resqbot_dev/control_ws/install/lotti_moveit_config' for CMake module files
[7.327s] Level 1:colcon.colcon_core.environment:checking '/home/paul/resqbot_dev/control_ws/install/lotti_moveit_config' for CMake config files
[7.329s] Level 1:colcon.colcon_core.shell:create_environment_hook('lotti_moveit_config', 'cmake_prefix_path')
[7.329s] INFO:colcon.colcon_core.shell:Creating environment hook '/home/paul/resqbot_dev/control_ws/install/lotti_moveit_config/share/lotti_moveit_config/hook/cmake_prefix_path.ps1'
[7.331s] INFO:colcon.colcon_core.shell:Creating environment descriptor '/home/paul/resqbot_dev/control_ws/install/lotti_moveit_config/share/lotti_moveit_config/hook/cmake_prefix_path.dsv'
[7.331s] INFO:colcon.colcon_core.shell:Creating environment hook '/home/paul/resqbot_dev/control_ws/install/lotti_moveit_config/share/lotti_moveit_config/hook/cmake_prefix_path.sh'
[7.333s] Level 1:colcon.colcon_core.environment:checking '/home/paul/resqbot_dev/control_ws/install/lotti_moveit_config/bin'
[7.333s] Level 1:colcon.colcon_core.environment:checking '/home/paul/resqbot_dev/control_ws/install/lotti_moveit_config/lib/pkgconfig/lotti_moveit_config.pc'
[7.334s] Level 1:colcon.colcon_core.environment:checking '/home/paul/resqbot_dev/control_ws/install/lotti_moveit_config/lib/python3.10/site-packages'
[7.335s] Level 1:colcon.colcon_core.environment:checking '/home/paul/resqbot_dev/control_ws/install/lotti_moveit_config/bin'
[7.335s] INFO:colcon.colcon_core.shell:Creating package script '/home/paul/resqbot_dev/control_ws/install/lotti_moveit_config/share/lotti_moveit_config/package.ps1'
[7.337s] INFO:colcon.colcon_core.shell:Creating package descriptor '/home/paul/resqbot_dev/control_ws/install/lotti_moveit_config/share/lotti_moveit_config/package.dsv'
[7.338s] INFO:colcon.colcon_core.shell:Creating package script '/home/paul/resqbot_dev/control_ws/install/lotti_moveit_config/share/lotti_moveit_config/package.sh'
[7.339s] INFO:colcon.colcon_core.shell:Creating package script '/home/paul/resqbot_dev/control_ws/install/lotti_moveit_config/share/lotti_moveit_config/package.bash'
[7.340s] INFO:colcon.colcon_core.shell:Creating package script '/home/paul/resqbot_dev/control_ws/install/lotti_moveit_config/share/lotti_moveit_config/package.zsh'
[7.342s] Level 1:colcon.colcon_core.environment:create_file_with_runtime_dependencies(/home/paul/resqbot_dev/control_ws/install/lotti_moveit_config/share/colcon-core/packages/lotti_moveit_config)
[7.342s] DEBUG:colcon.colcon_parallel_executor.executor.parallel:closing loop
[7.343s] DEBUG:colcon.colcon_parallel_executor.executor.parallel:loop closed
[7.344s] DEBUG:colcon.colcon_parallel_executor.executor.parallel:run_until_complete finished with '0'
[7.344s] DEBUG:colcon.colcon_core.event_reactor:joining thread
[7.357s] INFO:colcon.colcon_core.plugin_system:Skipping extension 'colcon_notification.desktop_notification.terminal_notifier': Not used on non-Darwin systems
[7.357s] INFO:colcon.colcon_core.plugin_system:Skipping extension 'colcon_notification.desktop_notification.win32': Not used on non-Windows systems
[7.357s] INFO:colcon.colcon_notification.desktop_notification:Sending desktop notification using 'notify2'
[7.417s] DEBUG:colcon.colcon_core.event_reactor:joined thread
[7.418s] INFO:colcon.colcon_core.shell:Creating prefix script '/home/paul/resqbot_dev/control_ws/install/local_setup.ps1'
[7.420s] INFO:colcon.colcon_core.shell:Creating prefix util module '/home/paul/resqbot_dev/control_ws/install/_local_setup_util_ps1.py'
[7.424s] INFO:colcon.colcon_core.shell:Creating prefix chain script '/home/paul/resqbot_dev/control_ws/install/setup.ps1'
[7.433s] INFO:colcon.colcon_core.shell:Creating prefix script '/home/paul/resqbot_dev/control_ws/install/local_setup.sh'
[7.435s] INFO:colcon.colcon_core.shell:Creating prefix util module '/home/paul/resqbot_dev/control_ws/install/_local_setup_util_sh.py'
[7.437s] INFO:colcon.colcon_core.shell:Creating prefix chain script '/home/paul/resqbot_dev/control_ws/install/setup.sh'
[7.445s] INFO:colcon.colcon_core.shell:Creating prefix script '/home/paul/resqbot_dev/control_ws/install/local_setup.bash'
[7.446s] INFO:colcon.colcon_core.shell:Creating prefix chain script '/home/paul/resqbot_dev/control_ws/install/setup.bash'
[7.452s] INFO:colcon.colcon_core.shell:Creating prefix script '/home/paul/resqbot_dev/control_ws/install/local_setup.zsh'
[7.453s] INFO:colcon.colcon_core.shell:Creating prefix chain script '/home/paul/resqbot_dev/control_ws/install/setup.zsh'
