[0.018s] Invoking command in '/home/paul/resqbot_dev/control_ws/src/build/lotti_flipper_controller': CMAKE_PREFIX_PATH=${CMAKE_PREFIX_PATH}:/opt/ros/humble /usr/bin/cmake --build /home/paul/resqbot_dev/control_ws/src/build/lotti_flipper_controller -- -j8 -l8
[0.121s] -- Found ament_cmake: 1.3.11 (/opt/ros/humble/share/ament_cmake/cmake)
[0.280s] -- Override CMake install command with custom implementation using symlinks instead of copying resources
[0.300s] -- Found pluginlib: 5.1.0 (/opt/ros/humble/share/pluginlib/cmake)
[0.359s] -- Found controller_interface: 2.50.0 (/opt/ros/humble/share/controller_interface/cmake)
[0.388s] -- Found rosidl_generator_c: 3.1.6 (/opt/ros/humble/share/rosidl_generator_c/cmake)
[0.392s] -- Found rosidl_adapter: 3.1.6 (/opt/ros/humble/share/rosidl_adapter/cmake)
[0.402s] -- Found rosidl_generator_cpp: 3.1.6 (/opt/ros/humble/share/rosidl_generator_cpp/cmake)
[0.419s] -- Using all available rosidl_typesupport_c: rosidl_typesupport_fastrtps_c;rosidl_typesupport_introspection_c
[0.435s] -- Using all available rosidl_typesupport_cpp: rosidl_typesupport_fastrtps_cpp;rosidl_typesupport_introspection_cpp
[0.646s] -- Found rmw_implementation_cmake: 6.1.2 (/opt/ros/humble/share/rmw_implementation_cmake/cmake)
[0.649s] -- Found rmw_fastrtps_cpp: 6.2.7 (/opt/ros/humble/share/rmw_fastrtps_cpp/cmake)
[0.676s] -- Found TinyXML2 via Config file: TinyXML2_DIR-NOTFOUND
[0.693s] -- Found TinyXML2 via Config file: TinyXML2_DIR-NOTFOUND
[0.718s] -- Found TinyXML2 via Config file: TinyXML2_DIR-NOTFOUND
[0.732s] -- Found TinyXML2 via Config file: TinyXML2_DIR-NOTFOUND
[0.750s] -- Using RMW implementation 'rmw_fastrtps_cpp' as default
[0.814s] -- Found realtime_tools: 2.13.0 (/opt/ros/humble/share/realtime_tools/cmake)
[0.854s] -- Found ament_lint_auto: 0.12.12 (/opt/ros/humble/share/ament_lint_auto/cmake)
[0.957s] -- Added test 'cppcheck' to perform static code analysis on C / C++ code
[0.957s] -- Configured cppcheck include dirs: $<BUILD_INTERFACE:/home/paul/resqbot_dev/control_ws/src/lotti_flipper_controller/src/include>
[0.957s] -- Configured cppcheck exclude dirs and/or files: 
[0.958s] -- Added test 'lint_cmake' to check CMake code style
[0.960s] -- Added test 'uncrustify' to check C / C++ code style
[0.960s] -- Configured uncrustify additional arguments: 
[0.960s] -- Added test 'xmllint' to check XML markup files
[0.964s] -- Configuring done
[1.022s] -- Generating done
[1.034s] -- Build files have been written to: /home/paul/resqbot_dev/control_ws/src/build/lotti_flipper_controller
[1.088s] [35m[1mConsolidate compiler generated dependencies of target lotti_flipper_controller[0m
[1.116s] [ 50%] [32mBuilding CXX object CMakeFiles/flipper_controller.dir/src/lotti_flipper_controller.cpp.o[0m
[1.116s] [ 75%] Built target lotti_flipper_controller
[1.145s] [01m[K/home/paul/resqbot_dev/control_ws/src/lotti_flipper_controller/src/lotti_flipper_controller.cpp:1:10:[m[K [01;31m[Kfatal error: [m[Klotti_flipper_controller/lotti_flipper_controller.hpp: No such file or directory
[1.146s]     1 | #include [01;31m[K"lotti_flipper_controller/lotti_flipper_controller.hpp"[m[K
[1.146s]       |          [01;31m[K^~~~~~~~~~~~~~~~~~~~~~~~~~~~~~~~~~~~~~~~~~~~~~~~~~~~~~~[m[K
[1.146s] compilation terminated.
[1.147s] gmake[2]: *** [CMakeFiles/flipper_controller.dir/build.make:76: CMakeFiles/flipper_controller.dir/src/lotti_flipper_controller.cpp.o] Error 1
[1.148s] gmake[1]: *** [CMakeFiles/Makefile2:165: CMakeFiles/flipper_controller.dir/all] Error 2
[1.148s] gmake: *** [Makefile:146: all] Error 2
[1.152s] Invoked command in '/home/paul/resqbot_dev/control_ws/src/build/lotti_flipper_controller' returned '2': CMAKE_PREFIX_PATH=${CMAKE_PREFIX_PATH}:/opt/ros/humble /usr/bin/cmake --build /home/paul/resqbot_dev/control_ws/src/build/lotti_flipper_controller -- -j8 -l8
