[0.124s] DEBUG:colcon:Command line arguments: ['/usr/bin/colcon', 'build', '--symlink-install', '--packages-select', 'lotti_flipper_controller']
[0.125s] DEBUG:colcon:Parsed command line arguments: Namespace(log_base=None, log_level=None, verb_name='build', build_base='build', install_base='install', merge_install=False, symlink_install=True, test_result_base=None, continue_on_error=False, executor='parallel', parallel_workers=8, event_handlers=None, ignore_user_meta=False, metas=['./colcon.meta'], base_paths=['.'], packages_ignore=None, packages_ignore_regex=None, paths=None, packages_up_to=None, packages_up_to_regex=None, packages_above=None, packages_above_and_dependencies=None, packages_above_depth=None, packages_select_by_dep=None, packages_skip_by_dep=None, packages_skip_up_to=None, packages_select_build_failed=False, packages_skip_build_finished=False, packages_select_test_failures=False, packages_skip_test_passed=False, packages_select=['lotti_flipper_controller'], packages_skip=None, packages_select_regex=None, packages_skip_regex=None, packages_start=None, packages_end=None, allow_overriding=[], cmake_args=None, cmake_target=None, cmake_target_skip_unavailable=False, cmake_clean_cache=False, cmake_clean_first=False, cmake_force_configure=False, ament_cmake_args=None, catkin_cmake_args=None, catkin_skip_building_tests=False, mixin_files=None, mixin=None, verb_parser=<colcon_mixin.mixin.mixin_argument.MixinArgumentDecorator object at 0x758678f1e410>, verb_extension=<colcon_core.verb.build.BuildVerb object at 0x758678f1ded0>, main=<bound method BuildVerb.main of <colcon_core.verb.build.BuildVerb object at 0x758678f1ded0>>, mixin_verb=('build',))
[0.316s] Level 1:colcon.colcon_core.package_discovery:discover_packages(colcon_meta) check parameters
[0.317s] Level 1:colcon.colcon_core.package_discovery:discover_packages(recursive) check parameters
[0.317s] Level 1:colcon.colcon_core.package_discovery:discover_packages(ignore) check parameters
[0.317s] Level 1:colcon.colcon_core.package_discovery:discover_packages(path) check parameters
[0.317s] Level 1:colcon.colcon_core.package_discovery:discover_packages(colcon_meta) discover
[0.317s] Level 1:colcon.colcon_core.package_discovery:discover_packages(recursive) discover
[0.317s] INFO:colcon.colcon_core.package_discovery:Crawling recursively for packages in '/home/paul/resqbot_dev/control_ws/src'
[0.317s] Level 1:colcon.colcon_core.package_identification:_identify(.) by extensions ['ignore', 'ignore_ament_install']
[0.317s] Level 1:colcon.colcon_core.package_identification:_identify(.) by extension 'ignore'
[0.317s] Level 1:colcon.colcon_core.package_identification:_identify(.) by extension 'ignore_ament_install'
[0.317s] Level 1:colcon.colcon_core.package_identification:_identify(.) by extensions ['colcon_pkg']
[0.317s] Level 1:colcon.colcon_core.package_identification:_identify(.) by extension 'colcon_pkg'
[0.317s] Level 1:colcon.colcon_core.package_identification:_identify(.) by extensions ['colcon_meta']
[0.317s] Level 1:colcon.colcon_core.package_identification:_identify(.) by extension 'colcon_meta'
[0.317s] Level 1:colcon.colcon_core.package_identification:_identify(.) by extensions ['ros']
[0.317s] Level 1:colcon.colcon_core.package_identification:_identify(.) by extension 'ros'
[0.329s] Level 1:colcon.colcon_core.package_identification:_identify(.) by extensions ['cmake', 'python']
[0.329s] Level 1:colcon.colcon_core.package_identification:_identify(.) by extension 'cmake'
[0.329s] Level 1:colcon.colcon_core.package_identification:_identify(.) by extension 'python'
[0.329s] Level 1:colcon.colcon_core.package_identification:_identify(.) by extensions ['python_setup_py']
[0.329s] Level 1:colcon.colcon_core.package_identification:_identify(.) by extension 'python_setup_py'
[0.329s] Level 1:colcon.colcon_core.package_identification:_identify(build) by extensions ['ignore', 'ignore_ament_install']
[0.330s] Level 1:colcon.colcon_core.package_identification:_identify(build) by extension 'ignore'
[0.330s] Level 1:colcon.colcon_core.package_identification:_identify(build) ignored
[0.330s] Level 1:colcon.colcon_core.package_identification:_identify(install) by extensions ['ignore', 'ignore_ament_install']
[0.330s] Level 1:colcon.colcon_core.package_identification:_identify(install) by extension 'ignore'
[0.330s] Level 1:colcon.colcon_core.package_identification:_identify(install) ignored
[0.330s] Level 1:colcon.colcon_core.package_identification:_identify(log) by extensions ['ignore', 'ignore_ament_install']
[0.330s] Level 1:colcon.colcon_core.package_identification:_identify(log) by extension 'ignore'
[0.330s] Level 1:colcon.colcon_core.package_identification:_identify(log) ignored
[0.330s] Level 1:colcon.colcon_core.package_identification:_identify(lotti_arm_controller) by extensions ['ignore', 'ignore_ament_install']
[0.330s] Level 1:colcon.colcon_core.package_identification:_identify(lotti_arm_controller) by extension 'ignore'
[0.330s] Level 1:colcon.colcon_core.package_identification:_identify(lotti_arm_controller) by extension 'ignore_ament_install'
[0.330s] Level 1:colcon.colcon_core.package_identification:_identify(lotti_arm_controller) by extensions ['colcon_pkg']
[0.330s] Level 1:colcon.colcon_core.package_identification:_identify(lotti_arm_controller) by extension 'colcon_pkg'
[0.330s] Level 1:colcon.colcon_core.package_identification:_identify(lotti_arm_controller) by extensions ['colcon_meta']
[0.330s] Level 1:colcon.colcon_core.package_identification:_identify(lotti_arm_controller) by extension 'colcon_meta'
[0.330s] Level 1:colcon.colcon_core.package_identification:_identify(lotti_arm_controller) by extensions ['ros']
[0.331s] Level 1:colcon.colcon_core.package_identification:_identify(lotti_arm_controller) by extension 'ros'
[0.333s] DEBUG:colcon.colcon_core.package_identification:Package 'lotti_arm_controller' with type 'ros.ament_cmake' and name 'lotti_arm_controller'
[0.333s] Level 1:colcon.colcon_core.package_identification:_identify(lotti_control) by extensions ['ignore', 'ignore_ament_install']
[0.333s] Level 1:colcon.colcon_core.package_identification:_identify(lotti_control) by extension 'ignore'
[0.333s] Level 1:colcon.colcon_core.package_identification:_identify(lotti_control) by extension 'ignore_ament_install'
[0.333s] Level 1:colcon.colcon_core.package_identification:_identify(lotti_control) by extensions ['colcon_pkg']
[0.333s] Level 1:colcon.colcon_core.package_identification:_identify(lotti_control) by extension 'colcon_pkg'
[0.333s] Level 1:colcon.colcon_core.package_identification:_identify(lotti_control) by extensions ['colcon_meta']
[0.333s] Level 1:colcon.colcon_core.package_identification:_identify(lotti_control) by extension 'colcon_meta'
[0.334s] Level 1:colcon.colcon_core.package_identification:_identify(lotti_control) by extensions ['ros']
[0.334s] Level 1:colcon.colcon_core.package_identification:_identify(lotti_control) by extension 'ros'
[0.336s] DEBUG:colcon.colcon_core.package_identification:Package 'lotti_control' with type 'ros.ament_cmake' and name 'lotti_control'
[0.336s] Level 1:colcon.colcon_core.package_identification:_identify(lotti_flipper_controller) by extensions ['ignore', 'ignore_ament_install']
[0.336s] Level 1:colcon.colcon_core.package_identification:_identify(lotti_flipper_controller) by extension 'ignore'
[0.336s] Level 1:colcon.colcon_core.package_identification:_identify(lotti_flipper_controller) by extension 'ignore_ament_install'
[0.336s] Level 1:colcon.colcon_core.package_identification:_identify(lotti_flipper_controller) by extensions ['colcon_pkg']
[0.336s] Level 1:colcon.colcon_core.package_identification:_identify(lotti_flipper_controller) by extension 'colcon_pkg'
[0.336s] Level 1:colcon.colcon_core.package_identification:_identify(lotti_flipper_controller) by extensions ['colcon_meta']
[0.336s] Level 1:colcon.colcon_core.package_identification:_identify(lotti_flipper_controller) by extension 'colcon_meta'
[0.336s] Level 1:colcon.colcon_core.package_identification:_identify(lotti_flipper_controller) by extensions ['ros']
[0.336s] Level 1:colcon.colcon_core.package_identification:_identify(lotti_flipper_controller) by extension 'ros'
[0.338s] DEBUG:colcon.colcon_core.package_identification:Package 'lotti_flipper_controller' with type 'ros.ament_cmake' and name 'lotti_flipper_controller'
[0.338s] Level 1:colcon.colcon_core.package_identification:_identify(lotti_teleop) by extensions ['ignore', 'ignore_ament_install']
[0.338s] Level 1:colcon.colcon_core.package_identification:_identify(lotti_teleop) by extension 'ignore'
[0.338s] Level 1:colcon.colcon_core.package_identification:_identify(lotti_teleop) by extension 'ignore_ament_install'
[0.338s] Level 1:colcon.colcon_core.package_identification:_identify(lotti_teleop) by extensions ['colcon_pkg']
[0.338s] Level 1:colcon.colcon_core.package_identification:_identify(lotti_teleop) by extension 'colcon_pkg'
[0.338s] Level 1:colcon.colcon_core.package_identification:_identify(lotti_teleop) by extensions ['colcon_meta']
[0.338s] Level 1:colcon.colcon_core.package_identification:_identify(lotti_teleop) by extension 'colcon_meta'
[0.338s] Level 1:colcon.colcon_core.package_identification:_identify(lotti_teleop) by extensions ['ros']
[0.338s] Level 1:colcon.colcon_core.package_identification:_identify(lotti_teleop) by extension 'ros'
[0.339s] DEBUG:colcon.colcon_core.package_identification:Package 'lotti_teleop' with type 'ros.ament_python' and name 'lotti_teleop'
[0.339s] Level 1:colcon.colcon_core.package_discovery:discover_packages(recursive) using defaults
[0.339s] Level 1:colcon.colcon_core.package_discovery:discover_packages(ignore) discover
[0.339s] Level 1:colcon.colcon_core.package_discovery:discover_packages(ignore) using defaults
[0.339s] Level 1:colcon.colcon_core.package_discovery:discover_packages(path) discover
[0.339s] Level 1:colcon.colcon_core.package_discovery:discover_packages(path) using defaults
[0.376s] INFO:colcon.colcon_core.package_selection:Skipping not selected package 'lotti_arm_controller' in 'lotti_arm_controller'
[0.376s] INFO:colcon.colcon_core.package_selection:Skipping not selected package 'lotti_control' in 'lotti_control'
[0.376s] INFO:colcon.colcon_core.package_selection:Skipping not selected package 'lotti_teleop' in 'lotti_teleop'
[0.376s] Level 1:colcon.colcon_core.package_discovery:discover_packages(prefix_path) check parameters
[0.376s] Level 1:colcon.colcon_core.package_discovery:discover_packages(prefix_path) discover
[0.379s] DEBUG:colcon.colcon_installed_package_information.package_discovery:Found 1 installed packages in /home/paul/ws_livox/install
[0.380s] DEBUG:colcon.colcon_installed_package_information.package_discovery:Found 17 installed packages in /home/paul/ros2_ws/install
[0.382s] DEBUG:colcon.colcon_installed_package_information.package_discovery:Found 357 installed packages in /opt/ros/humble
[0.384s] Level 1:colcon.colcon_core.package_discovery:discover_packages(prefix_path) using defaults
[0.437s] Level 5:colcon.colcon_core.verb:set package 'lotti_flipper_controller' build argument 'cmake_args' from command line to 'None'
[0.437s] Level 5:colcon.colcon_core.verb:set package 'lotti_flipper_controller' build argument 'cmake_target' from command line to 'None'
[0.437s] Level 5:colcon.colcon_core.verb:set package 'lotti_flipper_controller' build argument 'cmake_target_skip_unavailable' from command line to 'False'
[0.437s] Level 5:colcon.colcon_core.verb:set package 'lotti_flipper_controller' build argument 'cmake_clean_cache' from command line to 'False'
[0.437s] Level 5:colcon.colcon_core.verb:set package 'lotti_flipper_controller' build argument 'cmake_clean_first' from command line to 'False'
[0.437s] Level 5:colcon.colcon_core.verb:set package 'lotti_flipper_controller' build argument 'cmake_force_configure' from command line to 'False'
[0.437s] Level 5:colcon.colcon_core.verb:set package 'lotti_flipper_controller' build argument 'ament_cmake_args' from command line to 'None'
[0.437s] Level 5:colcon.colcon_core.verb:set package 'lotti_flipper_controller' build argument 'catkin_cmake_args' from command line to 'None'
[0.437s] Level 5:colcon.colcon_core.verb:set package 'lotti_flipper_controller' build argument 'catkin_skip_building_tests' from command line to 'False'
[0.437s] DEBUG:colcon.colcon_core.verb:Building package 'lotti_flipper_controller' with the following arguments: {'ament_cmake_args': None, 'build_base': '/home/paul/resqbot_dev/control_ws/src/build/lotti_flipper_controller', 'catkin_cmake_args': None, 'catkin_skip_building_tests': False, 'cmake_args': None, 'cmake_clean_cache': False, 'cmake_clean_first': False, 'cmake_force_configure': False, 'cmake_target': None, 'cmake_target_skip_unavailable': False, 'install_base': '/home/paul/resqbot_dev/control_ws/src/install/lotti_flipper_controller', 'merge_install': False, 'path': '/home/paul/resqbot_dev/control_ws/src/lotti_flipper_controller', 'symlink_install': True, 'test_result_base': None}
[0.438s] INFO:colcon.colcon_core.executor:Executing jobs using 'parallel' executor
[0.439s] DEBUG:colcon.colcon_parallel_executor.executor.parallel:run_until_complete
[0.439s] INFO:colcon.colcon_ros.task.ament_cmake.build:Building ROS package in '/home/paul/resqbot_dev/control_ws/src/lotti_flipper_controller' with build type 'ament_cmake'
[0.439s] INFO:colcon.colcon_cmake.task.cmake.build:Building CMake package in '/home/paul/resqbot_dev/control_ws/src/lotti_flipper_controller'
[0.442s] INFO:colcon.colcon_core.plugin_system:Skipping extension 'colcon_core.shell.bat': Not used on non-Windows systems
[0.442s] INFO:colcon.colcon_core.shell:Skip shell extension 'powershell' for command environment: Not usable outside of PowerShell
[0.442s] DEBUG:colcon.colcon_core.shell:Skip shell extension 'dsv' for command environment
[0.460s] DEBUG:colcon.colcon_core.event_handler.log_command:Invoking command in '/home/paul/resqbot_dev/control_ws/src/build/lotti_flipper_controller': CMAKE_PREFIX_PATH=${CMAKE_PREFIX_PATH}:/opt/ros/humble /usr/bin/cmake --build /home/paul/resqbot_dev/control_ws/src/build/lotti_flipper_controller -- -j8 -l8
[11.059s] DEBUG:colcon.colcon_core.event_handler.log_command:Invoked command in '/home/paul/resqbot_dev/control_ws/src/build/lotti_flipper_controller' returned '2': CMAKE_PREFIX_PATH=${CMAKE_PREFIX_PATH}:/opt/ros/humble /usr/bin/cmake --build /home/paul/resqbot_dev/control_ws/src/build/lotti_flipper_controller -- -j8 -l8
[11.059s] Level 1:colcon.colcon_core.environment:create_environment_scripts_only(lotti_flipper_controller)
[11.065s] Level 1:colcon.colcon_core.environment:checking '/home/paul/resqbot_dev/control_ws/src/install/lotti_flipper_controller' for CMake module files
[11.067s] Level 1:colcon.colcon_core.environment:checking '/home/paul/resqbot_dev/control_ws/src/install/lotti_flipper_controller' for CMake config files
[11.068s] Level 1:colcon.colcon_core.environment:checking '/home/paul/resqbot_dev/control_ws/src/install/lotti_flipper_controller/bin'
[11.068s] Level 1:colcon.colcon_core.environment:checking '/home/paul/resqbot_dev/control_ws/src/install/lotti_flipper_controller/lib/pkgconfig/lotti_flipper_controller.pc'
[11.069s] Level 1:colcon.colcon_core.environment:checking '/home/paul/resqbot_dev/control_ws/src/install/lotti_flipper_controller/lib/python3.10/site-packages'
[11.069s] Level 1:colcon.colcon_core.environment:checking '/home/paul/resqbot_dev/control_ws/src/install/lotti_flipper_controller/bin'
[11.070s] INFO:colcon.colcon_core.shell:Creating package script '/home/paul/resqbot_dev/control_ws/src/install/lotti_flipper_controller/share/lotti_flipper_controller/package.ps1'
[11.073s] INFO:colcon.colcon_core.shell:Creating package descriptor '/home/paul/resqbot_dev/control_ws/src/install/lotti_flipper_controller/share/lotti_flipper_controller/package.dsv'
[11.075s] INFO:colcon.colcon_core.shell:Creating package script '/home/paul/resqbot_dev/control_ws/src/install/lotti_flipper_controller/share/lotti_flipper_controller/package.sh'
[11.077s] INFO:colcon.colcon_core.shell:Creating package script '/home/paul/resqbot_dev/control_ws/src/install/lotti_flipper_controller/share/lotti_flipper_controller/package.bash'
[11.079s] INFO:colcon.colcon_core.shell:Creating package script '/home/paul/resqbot_dev/control_ws/src/install/lotti_flipper_controller/share/lotti_flipper_controller/package.zsh'
[11.082s] Level 1:colcon.colcon_core.environment:create_file_with_runtime_dependencies(/home/paul/resqbot_dev/control_ws/src/install/lotti_flipper_controller/share/colcon-core/packages/lotti_flipper_controller)
[11.092s] DEBUG:colcon.colcon_parallel_executor.executor.parallel:closing loop
[11.093s] DEBUG:colcon.colcon_parallel_executor.executor.parallel:loop closed
[11.093s] DEBUG:colcon.colcon_parallel_executor.executor.parallel:run_until_complete finished with '2'
[11.093s] DEBUG:colcon.colcon_core.event_reactor:joining thread
[11.108s] INFO:colcon.colcon_core.plugin_system:Skipping extension 'colcon_notification.desktop_notification.terminal_notifier': Not used on non-Darwin systems
[11.109s] INFO:colcon.colcon_core.plugin_system:Skipping extension 'colcon_notification.desktop_notification.win32': Not used on non-Windows systems
[11.109s] INFO:colcon.colcon_notification.desktop_notification:Sending desktop notification using 'notify2'
[11.139s] DEBUG:colcon.colcon_core.event_reactor:joined thread
[11.140s] INFO:colcon.colcon_core.shell:Creating prefix script '/home/paul/resqbot_dev/control_ws/src/install/local_setup.ps1'
[11.143s] INFO:colcon.colcon_core.shell:Creating prefix util module '/home/paul/resqbot_dev/control_ws/src/install/_local_setup_util_ps1.py'
[11.146s] INFO:colcon.colcon_core.shell:Creating prefix chain script '/home/paul/resqbot_dev/control_ws/src/install/setup.ps1'
[11.151s] INFO:colcon.colcon_core.shell:Creating prefix script '/home/paul/resqbot_dev/control_ws/src/install/local_setup.sh'
[11.153s] INFO:colcon.colcon_core.shell:Creating prefix util module '/home/paul/resqbot_dev/control_ws/src/install/_local_setup_util_sh.py'
[11.155s] INFO:colcon.colcon_core.shell:Creating prefix chain script '/home/paul/resqbot_dev/control_ws/src/install/setup.sh'
[11.160s] INFO:colcon.colcon_core.shell:Creating prefix script '/home/paul/resqbot_dev/control_ws/src/install/local_setup.bash'
[11.161s] INFO:colcon.colcon_core.shell:Creating prefix chain script '/home/paul/resqbot_dev/control_ws/src/install/setup.bash'
[11.166s] INFO:colcon.colcon_core.shell:Creating prefix script '/home/paul/resqbot_dev/control_ws/src/install/local_setup.zsh'
[11.168s] INFO:colcon.colcon_core.shell:Creating prefix chain script '/home/paul/resqbot_dev/control_ws/src/install/setup.zsh'
