[0.143s] DEBUG:colcon:Command line arguments: ['/usr/bin/colcon', 'build']
[0.143s] DEBUG:colcon:Parsed command line arguments: Namespace(log_base=None, log_level=None, verb_name='build', build_base='build', install_base='install', merge_install=False, symlink_install=False, test_result_base=None, continue_on_error=False, executor='parallel', parallel_workers=8, event_handlers=None, ignore_user_meta=False, metas=['./colcon.meta'], base_paths=['.'], packages_ignore=None, packages_ignore_regex=None, paths=None, packages_up_to=None, packages_up_to_regex=None, packages_above=None, packages_above_and_dependencies=None, packages_above_depth=None, packages_select_by_dep=None, packages_skip_by_dep=None, packages_skip_up_to=None, packages_select_build_failed=False, packages_skip_build_finished=False, packages_select_test_failures=False, packages_skip_test_passed=False, packages_select=None, packages_skip=None, packages_select_regex=None, packages_skip_regex=None, packages_start=None, packages_end=None, allow_overriding=[], cmake_args=None, cmake_target=None, cmake_target_skip_unavailable=False, cmake_clean_cache=False, cmake_clean_first=False, cmake_force_configure=False, ament_cmake_args=None, catkin_cmake_args=None, catkin_skip_building_tests=False, mixin_files=None, mixin=None, verb_parser=<colcon_mixin.mixin.mixin_argument.MixinArgumentDecorator object at 0x712ff4b76aa0>, verb_extension=<colcon_core.verb.build.BuildVerb object at 0x712ff4c7f910>, main=<bound method BuildVerb.main of <colcon_core.verb.build.BuildVerb object at 0x712ff4c7f910>>, mixin_verb=('build',))
[0.351s] Level 1:colcon.colcon_core.package_discovery:discover_packages(colcon_meta) check parameters
[0.351s] Level 1:colcon.colcon_core.package_discovery:discover_packages(recursive) check parameters
[0.351s] Level 1:colcon.colcon_core.package_discovery:discover_packages(ignore) check parameters
[0.351s] Level 1:colcon.colcon_core.package_discovery:discover_packages(path) check parameters
[0.351s] Level 1:colcon.colcon_core.package_discovery:discover_packages(colcon_meta) discover
[0.351s] Level 1:colcon.colcon_core.package_discovery:discover_packages(recursive) discover
[0.351s] INFO:colcon.colcon_core.package_discovery:Crawling recursively for packages in '/home/resqbots/control_ws'
[0.351s] Level 1:colcon.colcon_core.package_identification:_identify(.) by extensions ['ignore', 'ignore_ament_install']
[0.352s] Level 1:colcon.colcon_core.package_identification:_identify(.) by extension 'ignore'
[0.352s] Level 1:colcon.colcon_core.package_identification:_identify(.) by extension 'ignore_ament_install'
[0.352s] Level 1:colcon.colcon_core.package_identification:_identify(.) by extensions ['colcon_pkg']
[0.352s] Level 1:colcon.colcon_core.package_identification:_identify(.) by extension 'colcon_pkg'
[0.352s] Level 1:colcon.colcon_core.package_identification:_identify(.) by extensions ['colcon_meta']
[0.352s] Level 1:colcon.colcon_core.package_identification:_identify(.) by extension 'colcon_meta'
[0.352s] Level 1:colcon.colcon_core.package_identification:_identify(.) by extensions ['ros']
[0.352s] Level 1:colcon.colcon_core.package_identification:_identify(.) by extension 'ros'
[0.364s] Level 1:colcon.colcon_core.package_identification:_identify(.) by extensions ['cmake', 'python']
[0.364s] Level 1:colcon.colcon_core.package_identification:_identify(.) by extension 'cmake'
[0.364s] Level 1:colcon.colcon_core.package_identification:_identify(.) by extension 'python'
[0.364s] Level 1:colcon.colcon_core.package_identification:_identify(.) by extensions ['python_setup_py']
[0.364s] Level 1:colcon.colcon_core.package_identification:_identify(.) by extension 'python_setup_py'
[0.364s] Level 1:colcon.colcon_core.package_identification:_identify(build) by extensions ['ignore', 'ignore_ament_install']
[0.364s] Level 1:colcon.colcon_core.package_identification:_identify(build) by extension 'ignore'
[0.364s] Level 1:colcon.colcon_core.package_identification:_identify(build) ignored
[0.365s] Level 1:colcon.colcon_core.package_identification:_identify(install) by extensions ['ignore', 'ignore_ament_install']
[0.365s] Level 1:colcon.colcon_core.package_identification:_identify(install) by extension 'ignore'
[0.365s] Level 1:colcon.colcon_core.package_identification:_identify(install) ignored
[0.365s] Level 1:colcon.colcon_core.package_identification:_identify(log) by extensions ['ignore', 'ignore_ament_install']
[0.365s] Level 1:colcon.colcon_core.package_identification:_identify(log) by extension 'ignore'
[0.365s] Level 1:colcon.colcon_core.package_identification:_identify(log) ignored
[0.365s] Level 1:colcon.colcon_core.package_identification:_identify(src) by extensions ['ignore', 'ignore_ament_install']
[0.365s] Level 1:colcon.colcon_core.package_identification:_identify(src) by extension 'ignore'
[0.365s] Level 1:colcon.colcon_core.package_identification:_identify(src) by extension 'ignore_ament_install'
[0.365s] Level 1:colcon.colcon_core.package_identification:_identify(src) by extensions ['colcon_pkg']
[0.365s] Level 1:colcon.colcon_core.package_identification:_identify(src) by extension 'colcon_pkg'
[0.365s] Level 1:colcon.colcon_core.package_identification:_identify(src) by extensions ['colcon_meta']
[0.365s] Level 1:colcon.colcon_core.package_identification:_identify(src) by extension 'colcon_meta'
[0.365s] Level 1:colcon.colcon_core.package_identification:_identify(src) by extensions ['ros']
[0.365s] Level 1:colcon.colcon_core.package_identification:_identify(src) by extension 'ros'
[0.365s] Level 1:colcon.colcon_core.package_identification:_identify(src) by extensions ['cmake', 'python']
[0.365s] Level 1:colcon.colcon_core.package_identification:_identify(src) by extension 'cmake'
[0.366s] Level 1:colcon.colcon_core.package_identification:_identify(src) by extension 'python'
[0.366s] Level 1:colcon.colcon_core.package_identification:_identify(src) by extensions ['python_setup_py']
[0.366s] Level 1:colcon.colcon_core.package_identification:_identify(src) by extension 'python_setup_py'
[0.366s] Level 1:colcon.colcon_core.package_identification:_identify(src/arm_joy_trajectory) by extensions ['ignore', 'ignore_ament_install']
[0.366s] Level 1:colcon.colcon_core.package_identification:_identify(src/arm_joy_trajectory) by extension 'ignore'
[0.366s] Level 1:colcon.colcon_core.package_identification:_identify(src/arm_joy_trajectory) by extension 'ignore_ament_install'
[0.366s] Level 1:colcon.colcon_core.package_identification:_identify(src/arm_joy_trajectory) by extensions ['colcon_pkg']
[0.366s] Level 1:colcon.colcon_core.package_identification:_identify(src/arm_joy_trajectory) by extension 'colcon_pkg'
[0.366s] Level 1:colcon.colcon_core.package_identification:_identify(src/arm_joy_trajectory) by extensions ['colcon_meta']
[0.366s] Level 1:colcon.colcon_core.package_identification:_identify(src/arm_joy_trajectory) by extension 'colcon_meta'
[0.366s] Level 1:colcon.colcon_core.package_identification:_identify(src/arm_joy_trajectory) by extensions ['ros']
[0.366s] Level 1:colcon.colcon_core.package_identification:_identify(src/arm_joy_trajectory) by extension 'ros'
[0.366s] Level 1:colcon.colcon_core.package_identification:_identify(src/arm_joy_trajectory) by extensions ['cmake', 'python']
[0.366s] Level 1:colcon.colcon_core.package_identification:_identify(src/arm_joy_trajectory) by extension 'cmake'
[0.366s] Level 1:colcon.colcon_core.package_identification:_identify(src/arm_joy_trajectory) by extension 'python'
[0.366s] Level 1:colcon.colcon_core.package_identification:_identify(src/arm_joy_trajectory) by extensions ['python_setup_py']
[0.366s] Level 1:colcon.colcon_core.package_identification:_identify(src/arm_joy_trajectory) by extension 'python_setup_py'
[0.366s] Level 1:colcon.colcon_core.package_identification:_identify(src/lotti_arm_controller) by extensions ['ignore', 'ignore_ament_install']
[0.366s] Level 1:colcon.colcon_core.package_identification:_identify(src/lotti_arm_controller) by extension 'ignore'
[0.367s] Level 1:colcon.colcon_core.package_identification:_identify(src/lotti_arm_controller) by extension 'ignore_ament_install'
[0.367s] Level 1:colcon.colcon_core.package_identification:_identify(src/lotti_arm_controller) by extensions ['colcon_pkg']
[0.367s] Level 1:colcon.colcon_core.package_identification:_identify(src/lotti_arm_controller) by extension 'colcon_pkg'
[0.367s] Level 1:colcon.colcon_core.package_identification:_identify(src/lotti_arm_controller) by extensions ['colcon_meta']
[0.367s] Level 1:colcon.colcon_core.package_identification:_identify(src/lotti_arm_controller) by extension 'colcon_meta'
[0.367s] Level 1:colcon.colcon_core.package_identification:_identify(src/lotti_arm_controller) by extensions ['ros']
[0.367s] Level 1:colcon.colcon_core.package_identification:_identify(src/lotti_arm_controller) by extension 'ros'
[0.379s] DEBUG:colcon.colcon_core.package_identification:Package 'src/lotti_arm_controller' with type 'ros.ament_cmake' and name 'lotti_arm_controller'
[0.379s] Level 1:colcon.colcon_core.package_identification:_identify(src/lotti_control) by extensions ['ignore', 'ignore_ament_install']
[0.379s] Level 1:colcon.colcon_core.package_identification:_identify(src/lotti_control) by extension 'ignore'
[0.379s] Level 1:colcon.colcon_core.package_identification:_identify(src/lotti_control) by extension 'ignore_ament_install'
[0.380s] Level 1:colcon.colcon_core.package_identification:_identify(src/lotti_control) by extensions ['colcon_pkg']
[0.380s] Level 1:colcon.colcon_core.package_identification:_identify(src/lotti_control) by extension 'colcon_pkg'
[0.380s] Level 1:colcon.colcon_core.package_identification:_identify(src/lotti_control) by extensions ['colcon_meta']
[0.380s] Level 1:colcon.colcon_core.package_identification:_identify(src/lotti_control) by extension 'colcon_meta'
[0.380s] Level 1:colcon.colcon_core.package_identification:_identify(src/lotti_control) by extensions ['ros']
[0.380s] Level 1:colcon.colcon_core.package_identification:_identify(src/lotti_control) by extension 'ros'
[0.381s] DEBUG:colcon.colcon_core.package_identification:Package 'src/lotti_control' with type 'ros.ament_cmake' and name 'lotti_control'
[0.382s] Level 1:colcon.colcon_core.package_identification:_identify(src/lotti_flipper_controller) by extensions ['ignore', 'ignore_ament_install']
[0.382s] Level 1:colcon.colcon_core.package_identification:_identify(src/lotti_flipper_controller) by extension 'ignore'
[0.382s] Level 1:colcon.colcon_core.package_identification:_identify(src/lotti_flipper_controller) by extension 'ignore_ament_install'
[0.382s] Level 1:colcon.colcon_core.package_identification:_identify(src/lotti_flipper_controller) by extensions ['colcon_pkg']
[0.382s] Level 1:colcon.colcon_core.package_identification:_identify(src/lotti_flipper_controller) by extension 'colcon_pkg'
[0.382s] Level 1:colcon.colcon_core.package_identification:_identify(src/lotti_flipper_controller) by extensions ['colcon_meta']
[0.382s] Level 1:colcon.colcon_core.package_identification:_identify(src/lotti_flipper_controller) by extension 'colcon_meta'
[0.382s] Level 1:colcon.colcon_core.package_identification:_identify(src/lotti_flipper_controller) by extensions ['ros']
[0.382s] Level 1:colcon.colcon_core.package_identification:_identify(src/lotti_flipper_controller) by extension 'ros'
[0.383s] DEBUG:colcon.colcon_core.package_identification:Package 'src/lotti_flipper_controller' with type 'ros.ament_cmake' and name 'lotti_flipper_controller'
[0.383s] Level 1:colcon.colcon_core.package_identification:_identify(src/lotti_teleop) by extensions ['ignore', 'ignore_ament_install']
[0.384s] Level 1:colcon.colcon_core.package_identification:_identify(src/lotti_teleop) by extension 'ignore'
[0.384s] Level 1:colcon.colcon_core.package_identification:_identify(src/lotti_teleop) by extension 'ignore_ament_install'
[0.384s] Level 1:colcon.colcon_core.package_identification:_identify(src/lotti_teleop) by extensions ['colcon_pkg']
[0.384s] Level 1:colcon.colcon_core.package_identification:_identify(src/lotti_teleop) by extension 'colcon_pkg'
[0.384s] Level 1:colcon.colcon_core.package_identification:_identify(src/lotti_teleop) by extensions ['colcon_meta']
[0.384s] Level 1:colcon.colcon_core.package_identification:_identify(src/lotti_teleop) by extension 'colcon_meta'
[0.384s] Level 1:colcon.colcon_core.package_identification:_identify(src/lotti_teleop) by extensions ['ros']
[0.384s] Level 1:colcon.colcon_core.package_identification:_identify(src/lotti_teleop) by extension 'ros'
[0.384s] DEBUG:colcon.colcon_core.package_identification:Package 'src/lotti_teleop' with type 'ros.ament_python' and name 'lotti_teleop'
[0.385s] Level 1:colcon.colcon_core.package_discovery:discover_packages(recursive) using defaults
[0.385s] Level 1:colcon.colcon_core.package_discovery:discover_packages(ignore) discover
[0.385s] Level 1:colcon.colcon_core.package_discovery:discover_packages(ignore) using defaults
[0.385s] Level 1:colcon.colcon_core.package_discovery:discover_packages(path) discover
[0.385s] Level 1:colcon.colcon_core.package_discovery:discover_packages(path) using defaults
[0.409s] Level 1:colcon.colcon_core.package_discovery:discover_packages(prefix_path) check parameters
[0.409s] Level 1:colcon.colcon_core.package_discovery:discover_packages(prefix_path) discover
[0.412s] DEBUG:colcon.colcon_installed_package_information.package_discovery:Found 4 installed packages in /home/resqbots/control_ws/install
[0.413s] DEBUG:colcon.colcon_installed_package_information.package_discovery:Found 20 installed packages in /home/resqbots/dev_ws/install
[0.413s] DEBUG:colcon.colcon_installed_package_information.package_discovery:Found 11 installed packages in /home/resqbots/ros2_ws/install
[0.416s] DEBUG:colcon.colcon_installed_package_information.package_discovery:Found 394 installed packages in /opt/ros/humble
[0.418s] Level 1:colcon.colcon_core.package_discovery:discover_packages(prefix_path) using defaults
[0.475s] Level 5:colcon.colcon_core.verb:set package 'lotti_arm_controller' build argument 'cmake_args' from command line to 'None'
[0.475s] Level 5:colcon.colcon_core.verb:set package 'lotti_arm_controller' build argument 'cmake_target' from command line to 'None'
[0.475s] Level 5:colcon.colcon_core.verb:set package 'lotti_arm_controller' build argument 'cmake_target_skip_unavailable' from command line to 'False'
[0.475s] Level 5:colcon.colcon_core.verb:set package 'lotti_arm_controller' build argument 'cmake_clean_cache' from command line to 'False'
[0.475s] Level 5:colcon.colcon_core.verb:set package 'lotti_arm_controller' build argument 'cmake_clean_first' from command line to 'False'
[0.475s] Level 5:colcon.colcon_core.verb:set package 'lotti_arm_controller' build argument 'cmake_force_configure' from command line to 'False'
[0.475s] Level 5:colcon.colcon_core.verb:set package 'lotti_arm_controller' build argument 'ament_cmake_args' from command line to 'None'
[0.475s] Level 5:colcon.colcon_core.verb:set package 'lotti_arm_controller' build argument 'catkin_cmake_args' from command line to 'None'
[0.475s] Level 5:colcon.colcon_core.verb:set package 'lotti_arm_controller' build argument 'catkin_skip_building_tests' from command line to 'False'
[0.475s] DEBUG:colcon.colcon_core.verb:Building package 'lotti_arm_controller' with the following arguments: {'ament_cmake_args': None, 'build_base': '/home/resqbots/control_ws/build/lotti_arm_controller', 'catkin_cmake_args': None, 'catkin_skip_building_tests': False, 'cmake_args': None, 'cmake_clean_cache': False, 'cmake_clean_first': False, 'cmake_force_configure': False, 'cmake_target': None, 'cmake_target_skip_unavailable': False, 'install_base': '/home/resqbots/control_ws/install/lotti_arm_controller', 'merge_install': False, 'path': '/home/resqbots/control_ws/src/lotti_arm_controller', 'symlink_install': False, 'test_result_base': None}
[0.476s] Level 5:colcon.colcon_core.verb:set package 'lotti_control' build argument 'cmake_args' from command line to 'None'
[0.476s] Level 5:colcon.colcon_core.verb:set package 'lotti_control' build argument 'cmake_target' from command line to 'None'
[0.476s] Level 5:colcon.colcon_core.verb:set package 'lotti_control' build argument 'cmake_target_skip_unavailable' from command line to 'False'
[0.476s] Level 5:colcon.colcon_core.verb:set package 'lotti_control' build argument 'cmake_clean_cache' from command line to 'False'
[0.476s] Level 5:colcon.colcon_core.verb:set package 'lotti_control' build argument 'cmake_clean_first' from command line to 'False'
[0.476s] Level 5:colcon.colcon_core.verb:set package 'lotti_control' build argument 'cmake_force_configure' from command line to 'False'
[0.476s] Level 5:colcon.colcon_core.verb:set package 'lotti_control' build argument 'ament_cmake_args' from command line to 'None'
[0.476s] Level 5:colcon.colcon_core.verb:set package 'lotti_control' build argument 'catkin_cmake_args' from command line to 'None'
[0.476s] Level 5:colcon.colcon_core.verb:set package 'lotti_control' build argument 'catkin_skip_building_tests' from command line to 'False'
[0.476s] DEBUG:colcon.colcon_core.verb:Building package 'lotti_control' with the following arguments: {'ament_cmake_args': None, 'build_base': '/home/resqbots/control_ws/build/lotti_control', 'catkin_cmake_args': None, 'catkin_skip_building_tests': False, 'cmake_args': None, 'cmake_clean_cache': False, 'cmake_clean_first': False, 'cmake_force_configure': False, 'cmake_target': None, 'cmake_target_skip_unavailable': False, 'install_base': '/home/resqbots/control_ws/install/lotti_control', 'merge_install': False, 'path': '/home/resqbots/control_ws/src/lotti_control', 'symlink_install': False, 'test_result_base': None}
[0.476s] Level 5:colcon.colcon_core.verb:set package 'lotti_flipper_controller' build argument 'cmake_args' from command line to 'None'
[0.476s] Level 5:colcon.colcon_core.verb:set package 'lotti_flipper_controller' build argument 'cmake_target' from command line to 'None'
[0.476s] Level 5:colcon.colcon_core.verb:set package 'lotti_flipper_controller' build argument 'cmake_target_skip_unavailable' from command line to 'False'
[0.476s] Level 5:colcon.colcon_core.verb:set package 'lotti_flipper_controller' build argument 'cmake_clean_cache' from command line to 'False'
[0.476s] Level 5:colcon.colcon_core.verb:set package 'lotti_flipper_controller' build argument 'cmake_clean_first' from command line to 'False'
[0.476s] Level 5:colcon.colcon_core.verb:set package 'lotti_flipper_controller' build argument 'cmake_force_configure' from command line to 'False'
[0.476s] Level 5:colcon.colcon_core.verb:set package 'lotti_flipper_controller' build argument 'ament_cmake_args' from command line to 'None'
[0.476s] Level 5:colcon.colcon_core.verb:set package 'lotti_flipper_controller' build argument 'catkin_cmake_args' from command line to 'None'
[0.477s] Level 5:colcon.colcon_core.verb:set package 'lotti_flipper_controller' build argument 'catkin_skip_building_tests' from command line to 'False'
[0.477s] DEBUG:colcon.colcon_core.verb:Building package 'lotti_flipper_controller' with the following arguments: {'ament_cmake_args': None, 'build_base': '/home/resqbots/control_ws/build/lotti_flipper_controller', 'catkin_cmake_args': None, 'catkin_skip_building_tests': False, 'cmake_args': None, 'cmake_clean_cache': False, 'cmake_clean_first': False, 'cmake_force_configure': False, 'cmake_target': None, 'cmake_target_skip_unavailable': False, 'install_base': '/home/resqbots/control_ws/install/lotti_flipper_controller', 'merge_install': False, 'path': '/home/resqbots/control_ws/src/lotti_flipper_controller', 'symlink_install': False, 'test_result_base': None}
[0.477s] Level 5:colcon.colcon_core.verb:set package 'lotti_teleop' build argument 'cmake_args' from command line to 'None'
[0.477s] Level 5:colcon.colcon_core.verb:set package 'lotti_teleop' build argument 'cmake_target' from command line to 'None'
[0.477s] Level 5:colcon.colcon_core.verb:set package 'lotti_teleop' build argument 'cmake_target_skip_unavailable' from command line to 'False'
[0.477s] Level 5:colcon.colcon_core.verb:set package 'lotti_teleop' build argument 'cmake_clean_cache' from command line to 'False'
[0.477s] Level 5:colcon.colcon_core.verb:set package 'lotti_teleop' build argument 'cmake_clean_first' from command line to 'False'
[0.477s] Level 5:colcon.colcon_core.verb:set package 'lotti_teleop' build argument 'cmake_force_configure' from command line to 'False'
[0.477s] Level 5:colcon.colcon_core.verb:set package 'lotti_teleop' build argument 'ament_cmake_args' from command line to 'None'
[0.477s] Level 5:colcon.colcon_core.verb:set package 'lotti_teleop' build argument 'catkin_cmake_args' from command line to 'None'
[0.477s] Level 5:colcon.colcon_core.verb:set package 'lotti_teleop' build argument 'catkin_skip_building_tests' from command line to 'False'
[0.477s] DEBUG:colcon.colcon_core.verb:Building package 'lotti_teleop' with the following arguments: {'ament_cmake_args': None, 'build_base': '/home/resqbots/control_ws/build/lotti_teleop', 'catkin_cmake_args': None, 'catkin_skip_building_tests': False, 'cmake_args': None, 'cmake_clean_cache': False, 'cmake_clean_first': False, 'cmake_force_configure': False, 'cmake_target': None, 'cmake_target_skip_unavailable': False, 'install_base': '/home/resqbots/control_ws/install/lotti_teleop', 'merge_install': False, 'path': '/home/resqbots/control_ws/src/lotti_teleop', 'symlink_install': False, 'test_result_base': None}
[0.477s] INFO:colcon.colcon_core.executor:Executing jobs using 'parallel' executor
[0.478s] DEBUG:colcon.colcon_parallel_executor.executor.parallel:run_until_complete
[0.479s] INFO:colcon.colcon_ros.task.ament_cmake.build:Building ROS package in '/home/resqbots/control_ws/src/lotti_arm_controller' with build type 'ament_cmake'
[0.479s] INFO:colcon.colcon_cmake.task.cmake.build:Building CMake package in '/home/resqbots/control_ws/src/lotti_arm_controller'
[0.481s] INFO:colcon.colcon_core.plugin_system:Skipping extension 'colcon_core.shell.bat': Not used on non-Windows systems
[0.481s] INFO:colcon.colcon_core.shell:Skip shell extension 'powershell' for command environment: Not usable outside of PowerShell
[0.481s] DEBUG:colcon.colcon_core.shell:Skip shell extension 'dsv' for command environment
[0.488s] INFO:colcon.colcon_ros.task.ament_cmake.build:Building ROS package in '/home/resqbots/control_ws/src/lotti_control' with build type 'ament_cmake'
[0.488s] INFO:colcon.colcon_cmake.task.cmake.build:Building CMake package in '/home/resqbots/control_ws/src/lotti_control'
[0.488s] INFO:colcon.colcon_core.shell:Skip shell extension 'powershell' for command environment: Not usable outside of PowerShell
[0.488s] DEBUG:colcon.colcon_core.shell:Skip shell extension 'dsv' for command environment
[0.495s] INFO:colcon.colcon_ros.task.ament_cmake.build:Building ROS package in '/home/resqbots/control_ws/src/lotti_flipper_controller' with build type 'ament_cmake'
[0.495s] INFO:colcon.colcon_cmake.task.cmake.build:Building CMake package in '/home/resqbots/control_ws/src/lotti_flipper_controller'
[0.495s] INFO:colcon.colcon_core.shell:Skip shell extension 'powershell' for command environment: Not usable outside of PowerShell
[0.495s] DEBUG:colcon.colcon_core.shell:Skip shell extension 'dsv' for command environment
[0.503s] INFO:colcon.colcon_ros.task.ament_python.build:Building ROS package in '/home/resqbots/control_ws/src/lotti_teleop' with build type 'ament_python'
[0.503s] Level 1:colcon.colcon_core.shell:create_environment_hook('lotti_teleop', 'ament_prefix_path')
[0.503s] INFO:colcon.colcon_core.shell:Creating environment hook '/home/resqbots/control_ws/install/lotti_teleop/share/lotti_teleop/hook/ament_prefix_path.ps1'
[0.504s] INFO:colcon.colcon_core.shell:Creating environment descriptor '/home/resqbots/control_ws/install/lotti_teleop/share/lotti_teleop/hook/ament_prefix_path.dsv'
[0.504s] INFO:colcon.colcon_core.shell:Creating environment hook '/home/resqbots/control_ws/install/lotti_teleop/share/lotti_teleop/hook/ament_prefix_path.sh'
[0.505s] INFO:colcon.colcon_core.shell:Skip shell extension 'powershell' for command environment: Not usable outside of PowerShell
[0.505s] DEBUG:colcon.colcon_core.shell:Skip shell extension 'dsv' for command environment
[0.516s] DEBUG:colcon.colcon_core.event_handler.log_command:Invoking command in '/home/resqbots/control_ws/build/lotti_arm_controller': CMAKE_PREFIX_PATH=${CMAKE_PREFIX_PATH}:/home/resqbots/control_ws/install/lotti_teleop:/home/resqbots/dev_ws/install/velocityListener:/home/resqbots/dev_ws/install/resqbot_flipper_interface:/home/resqbots/dev_ws/install/resqbot_drive_motor_controller:/home/resqbots/dev_ws/install/resqbot_drive_interface:/home/resqbots/dev_ws/install/resqbot_camera_arm:/home/resqbots/dev_ws/install/flipper_drive:/home/resqbots/dev_ws/install/chain_controller:/home/resqbots/dev_ws/install/camera_arm:/home/resqbots/dev_ws/install/botlaunch:/home/resqbots/dev_ws/install/bot_camera_arm:/home/resqbots/dev_ws/install/angle_publisher:/home/resqbots/ros2_ws/install/tele_op:/home/resqbots/ros2_ws/install/resqbot_flipper_interface:/home/resqbots/ros2_ws/install/resqbot_drive_interface:/home/resqbots/ros2_ws/install/camera_arm:/home/resqbots/ros2_ws/install/botlaunch:/home/resqbots/ros2_ws/install/bot_camera_arm:/opt/ros/humble /usr/bin/cmake --build /home/resqbots/control_ws/build/lotti_arm_controller -- -j8 -l8
[0.521s] DEBUG:colcon.colcon_core.event_handler.log_command:Invoking command in '/home/resqbots/control_ws/build/lotti_control': CMAKE_PREFIX_PATH=${CMAKE_PREFIX_PATH}:/home/resqbots/control_ws/install/lotti_teleop:/home/resqbots/dev_ws/install/velocityListener:/home/resqbots/dev_ws/install/resqbot_flipper_interface:/home/resqbots/dev_ws/install/resqbot_drive_motor_controller:/home/resqbots/dev_ws/install/resqbot_drive_interface:/home/resqbots/dev_ws/install/resqbot_camera_arm:/home/resqbots/dev_ws/install/flipper_drive:/home/resqbots/dev_ws/install/chain_controller:/home/resqbots/dev_ws/install/camera_arm:/home/resqbots/dev_ws/install/botlaunch:/home/resqbots/dev_ws/install/bot_camera_arm:/home/resqbots/dev_ws/install/angle_publisher:/home/resqbots/ros2_ws/install/tele_op:/home/resqbots/ros2_ws/install/resqbot_flipper_interface:/home/resqbots/ros2_ws/install/resqbot_drive_interface:/home/resqbots/ros2_ws/install/camera_arm:/home/resqbots/ros2_ws/install/botlaunch:/home/resqbots/ros2_ws/install/bot_camera_arm:/opt/ros/humble /usr/bin/cmake /home/resqbots/control_ws/src/lotti_control -DCMAKE_INSTALL_PREFIX=/home/resqbots/control_ws/install/lotti_control
[0.525s] DEBUG:colcon.colcon_core.event_handler.log_command:Invoking command in '/home/resqbots/control_ws/build/lotti_flipper_controller': CMAKE_PREFIX_PATH=${CMAKE_PREFIX_PATH}:/home/resqbots/control_ws/install/lotti_teleop:/home/resqbots/dev_ws/install/velocityListener:/home/resqbots/dev_ws/install/resqbot_flipper_interface:/home/resqbots/dev_ws/install/resqbot_drive_motor_controller:/home/resqbots/dev_ws/install/resqbot_drive_interface:/home/resqbots/dev_ws/install/resqbot_camera_arm:/home/resqbots/dev_ws/install/flipper_drive:/home/resqbots/dev_ws/install/chain_controller:/home/resqbots/dev_ws/install/camera_arm:/home/resqbots/dev_ws/install/botlaunch:/home/resqbots/dev_ws/install/bot_camera_arm:/home/resqbots/dev_ws/install/angle_publisher:/home/resqbots/ros2_ws/install/tele_op:/home/resqbots/ros2_ws/install/resqbot_flipper_interface:/home/resqbots/ros2_ws/install/resqbot_drive_interface:/home/resqbots/ros2_ws/install/camera_arm:/home/resqbots/ros2_ws/install/botlaunch:/home/resqbots/ros2_ws/install/bot_camera_arm:/opt/ros/humble /usr/bin/cmake --build /home/resqbots/control_ws/build/lotti_flipper_controller -- -j8 -l8
[0.869s] INFO:colcon.colcon_core.task.python.build:Building Python package in '/home/resqbots/control_ws/src/lotti_teleop'
[0.869s] INFO:colcon.colcon_core.shell:Skip shell extension 'powershell' for command environment: Not usable outside of PowerShell
[0.869s] DEBUG:colcon.colcon_core.shell:Skip shell extension 'dsv' for command environment
[0.877s] DEBUG:colcon.colcon_core.event_handler.log_command:Invoked command in '/home/resqbots/control_ws/build/lotti_arm_controller' returned '0': CMAKE_PREFIX_PATH=${CMAKE_PREFIX_PATH}:/home/resqbots/control_ws/install/lotti_teleop:/home/resqbots/dev_ws/install/velocityListener:/home/resqbots/dev_ws/install/resqbot_flipper_interface:/home/resqbots/dev_ws/install/resqbot_drive_motor_controller:/home/resqbots/dev_ws/install/resqbot_drive_interface:/home/resqbots/dev_ws/install/resqbot_camera_arm:/home/resqbots/dev_ws/install/flipper_drive:/home/resqbots/dev_ws/install/chain_controller:/home/resqbots/dev_ws/install/camera_arm:/home/resqbots/dev_ws/install/botlaunch:/home/resqbots/dev_ws/install/bot_camera_arm:/home/resqbots/dev_ws/install/angle_publisher:/home/resqbots/ros2_ws/install/tele_op:/home/resqbots/ros2_ws/install/resqbot_flipper_interface:/home/resqbots/ros2_ws/install/resqbot_drive_interface:/home/resqbots/ros2_ws/install/camera_arm:/home/resqbots/ros2_ws/install/botlaunch:/home/resqbots/ros2_ws/install/bot_camera_arm:/opt/ros/humble /usr/bin/cmake --build /home/resqbots/control_ws/build/lotti_arm_controller -- -j8 -l8
[0.889s] DEBUG:colcon.colcon_core.event_handler.log_command:Invoking command in '/home/resqbots/control_ws/build/lotti_arm_controller': CMAKE_PREFIX_PATH=${CMAKE_PREFIX_PATH}:/home/resqbots/control_ws/install/lotti_teleop:/home/resqbots/dev_ws/install/velocityListener:/home/resqbots/dev_ws/install/resqbot_flipper_interface:/home/resqbots/dev_ws/install/resqbot_drive_motor_controller:/home/resqbots/dev_ws/install/resqbot_drive_interface:/home/resqbots/dev_ws/install/resqbot_camera_arm:/home/resqbots/dev_ws/install/flipper_drive:/home/resqbots/dev_ws/install/chain_controller:/home/resqbots/dev_ws/install/camera_arm:/home/resqbots/dev_ws/install/botlaunch:/home/resqbots/dev_ws/install/bot_camera_arm:/home/resqbots/dev_ws/install/angle_publisher:/home/resqbots/ros2_ws/install/tele_op:/home/resqbots/ros2_ws/install/resqbot_flipper_interface:/home/resqbots/ros2_ws/install/resqbot_drive_interface:/home/resqbots/ros2_ws/install/camera_arm:/home/resqbots/ros2_ws/install/botlaunch:/home/resqbots/ros2_ws/install/bot_camera_arm:/opt/ros/humble /usr/bin/cmake --install /home/resqbots/control_ws/build/lotti_arm_controller
[0.890s] DEBUG:colcon.colcon_core.event_handler.log_command:Invoked command in '/home/resqbots/control_ws/build/lotti_flipper_controller' returned '0': CMAKE_PREFIX_PATH=${CMAKE_PREFIX_PATH}:/home/resqbots/control_ws/install/lotti_teleop:/home/resqbots/dev_ws/install/velocityListener:/home/resqbots/dev_ws/install/resqbot_flipper_interface:/home/resqbots/dev_ws/install/resqbot_drive_motor_controller:/home/resqbots/dev_ws/install/resqbot_drive_interface:/home/resqbots/dev_ws/install/resqbot_camera_arm:/home/resqbots/dev_ws/install/flipper_drive:/home/resqbots/dev_ws/install/chain_controller:/home/resqbots/dev_ws/install/camera_arm:/home/resqbots/dev_ws/install/botlaunch:/home/resqbots/dev_ws/install/bot_camera_arm:/home/resqbots/dev_ws/install/angle_publisher:/home/resqbots/ros2_ws/install/tele_op:/home/resqbots/ros2_ws/install/resqbot_flipper_interface:/home/resqbots/ros2_ws/install/resqbot_drive_interface:/home/resqbots/ros2_ws/install/camera_arm:/home/resqbots/ros2_ws/install/botlaunch:/home/resqbots/ros2_ws/install/bot_camera_arm:/opt/ros/humble /usr/bin/cmake --build /home/resqbots/control_ws/build/lotti_flipper_controller -- -j8 -l8
[0.892s] DEBUG:colcon.colcon_core.event_handler.log_command:Invoking command in '/home/resqbots/control_ws/build/lotti_flipper_controller': CMAKE_PREFIX_PATH=${CMAKE_PREFIX_PATH}:/home/resqbots/control_ws/install/lotti_teleop:/home/resqbots/dev_ws/install/velocityListener:/home/resqbots/dev_ws/install/resqbot_flipper_interface:/home/resqbots/dev_ws/install/resqbot_drive_motor_controller:/home/resqbots/dev_ws/install/resqbot_drive_interface:/home/resqbots/dev_ws/install/resqbot_camera_arm:/home/resqbots/dev_ws/install/flipper_drive:/home/resqbots/dev_ws/install/chain_controller:/home/resqbots/dev_ws/install/camera_arm:/home/resqbots/dev_ws/install/botlaunch:/home/resqbots/dev_ws/install/bot_camera_arm:/home/resqbots/dev_ws/install/angle_publisher:/home/resqbots/ros2_ws/install/tele_op:/home/resqbots/ros2_ws/install/resqbot_flipper_interface:/home/resqbots/ros2_ws/install/resqbot_drive_interface:/home/resqbots/ros2_ws/install/camera_arm:/home/resqbots/ros2_ws/install/botlaunch:/home/resqbots/ros2_ws/install/bot_camera_arm:/opt/ros/humble /usr/bin/cmake --install /home/resqbots/control_ws/build/lotti_flipper_controller
[0.900s] Level 1:colcon.colcon_core.environment:create_environment_scripts_only(lotti_arm_controller)
[0.901s] DEBUG:colcon.colcon_core.event_handler.log_command:Invoked command in '/home/resqbots/control_ws/build/lotti_arm_controller' returned '0': CMAKE_PREFIX_PATH=${CMAKE_PREFIX_PATH}:/home/resqbots/control_ws/install/lotti_teleop:/home/resqbots/dev_ws/install/velocityListener:/home/resqbots/dev_ws/install/resqbot_flipper_interface:/home/resqbots/dev_ws/install/resqbot_drive_motor_controller:/home/resqbots/dev_ws/install/resqbot_drive_interface:/home/resqbots/dev_ws/install/resqbot_camera_arm:/home/resqbots/dev_ws/install/flipper_drive:/home/resqbots/dev_ws/install/chain_controller:/home/resqbots/dev_ws/install/camera_arm:/home/resqbots/dev_ws/install/botlaunch:/home/resqbots/dev_ws/install/bot_camera_arm:/home/resqbots/dev_ws/install/angle_publisher:/home/resqbots/ros2_ws/install/tele_op:/home/resqbots/ros2_ws/install/resqbot_flipper_interface:/home/resqbots/ros2_ws/install/resqbot_drive_interface:/home/resqbots/ros2_ws/install/camera_arm:/home/resqbots/ros2_ws/install/botlaunch:/home/resqbots/ros2_ws/install/bot_camera_arm:/opt/ros/humble /usr/bin/cmake --install /home/resqbots/control_ws/build/lotti_arm_controller
[0.909s] Level 1:colcon.colcon_core.environment:checking '/home/resqbots/control_ws/install/lotti_arm_controller' for CMake module files
[0.910s] Level 1:colcon.colcon_core.environment:checking '/home/resqbots/control_ws/install/lotti_arm_controller' for CMake config files
[0.910s] Level 1:colcon.colcon_core.shell:create_environment_hook('lotti_arm_controller', 'cmake_prefix_path')
[0.911s] INFO:colcon.colcon_core.shell:Creating environment hook '/home/resqbots/control_ws/install/lotti_arm_controller/share/lotti_arm_controller/hook/cmake_prefix_path.ps1'
[0.911s] INFO:colcon.colcon_core.shell:Creating environment descriptor '/home/resqbots/control_ws/install/lotti_arm_controller/share/lotti_arm_controller/hook/cmake_prefix_path.dsv'
[0.912s] INFO:colcon.colcon_core.shell:Creating environment hook '/home/resqbots/control_ws/install/lotti_arm_controller/share/lotti_arm_controller/hook/cmake_prefix_path.sh'
[0.913s] Level 1:colcon.colcon_core.environment:checking '/home/resqbots/control_ws/install/lotti_arm_controller/bin'
[0.913s] Level 1:colcon.colcon_core.environment:checking '/home/resqbots/control_ws/install/lotti_arm_controller/lib/pkgconfig/lotti_arm_controller.pc'
[0.913s] Level 1:colcon.colcon_core.environment:checking '/home/resqbots/control_ws/install/lotti_arm_controller/lib/python3.10/site-packages'
[0.914s] Level 1:colcon.colcon_core.environment:checking '/home/resqbots/control_ws/install/lotti_arm_controller/bin'
[0.915s] INFO:colcon.colcon_core.shell:Creating package script '/home/resqbots/control_ws/install/lotti_arm_controller/share/lotti_arm_controller/package.ps1'
[0.916s] INFO:colcon.colcon_core.shell:Creating package descriptor '/home/resqbots/control_ws/install/lotti_arm_controller/share/lotti_arm_controller/package.dsv'
[0.917s] INFO:colcon.colcon_core.shell:Creating package script '/home/resqbots/control_ws/install/lotti_arm_controller/share/lotti_arm_controller/package.sh'
[0.918s] INFO:colcon.colcon_core.shell:Creating package script '/home/resqbots/control_ws/install/lotti_arm_controller/share/lotti_arm_controller/package.bash'
[0.920s] INFO:colcon.colcon_core.shell:Creating package script '/home/resqbots/control_ws/install/lotti_arm_controller/share/lotti_arm_controller/package.zsh'
[0.921s] Level 1:colcon.colcon_core.environment:create_file_with_runtime_dependencies(/home/resqbots/control_ws/install/lotti_arm_controller/share/colcon-core/packages/lotti_arm_controller)
[0.922s] Level 1:colcon.colcon_core.environment:create_environment_scripts_only(lotti_arm_controller)
[0.922s] Level 1:colcon.colcon_core.environment:checking '/home/resqbots/control_ws/install/lotti_arm_controller' for CMake module files
[0.923s] Level 1:colcon.colcon_core.environment:checking '/home/resqbots/control_ws/install/lotti_arm_controller' for CMake config files
[0.923s] Level 1:colcon.colcon_core.shell:create_environment_hook('lotti_arm_controller', 'cmake_prefix_path')
[0.924s] INFO:colcon.colcon_core.shell:Creating environment hook '/home/resqbots/control_ws/install/lotti_arm_controller/share/lotti_arm_controller/hook/cmake_prefix_path.ps1'
[0.925s] INFO:colcon.colcon_core.shell:Creating environment descriptor '/home/resqbots/control_ws/install/lotti_arm_controller/share/lotti_arm_controller/hook/cmake_prefix_path.dsv'
[0.925s] INFO:colcon.colcon_core.shell:Creating environment hook '/home/resqbots/control_ws/install/lotti_arm_controller/share/lotti_arm_controller/hook/cmake_prefix_path.sh'
[0.926s] Level 1:colcon.colcon_core.environment:checking '/home/resqbots/control_ws/install/lotti_arm_controller/bin'
[0.926s] Level 1:colcon.colcon_core.environment:checking '/home/resqbots/control_ws/install/lotti_arm_controller/lib/pkgconfig/lotti_arm_controller.pc'
[0.926s] Level 1:colcon.colcon_core.environment:checking '/home/resqbots/control_ws/install/lotti_arm_controller/lib/python3.10/site-packages'
[0.927s] Level 1:colcon.colcon_core.environment:checking '/home/resqbots/control_ws/install/lotti_arm_controller/bin'
[0.927s] INFO:colcon.colcon_core.shell:Creating package script '/home/resqbots/control_ws/install/lotti_arm_controller/share/lotti_arm_controller/package.ps1'
[0.928s] INFO:colcon.colcon_core.shell:Creating package descriptor '/home/resqbots/control_ws/install/lotti_arm_controller/share/lotti_arm_controller/package.dsv'
[0.929s] INFO:colcon.colcon_core.shell:Creating package script '/home/resqbots/control_ws/install/lotti_arm_controller/share/lotti_arm_controller/package.sh'
[0.929s] INFO:colcon.colcon_core.shell:Creating package script '/home/resqbots/control_ws/install/lotti_arm_controller/share/lotti_arm_controller/package.bash'
[0.930s] INFO:colcon.colcon_core.shell:Creating package script '/home/resqbots/control_ws/install/lotti_arm_controller/share/lotti_arm_controller/package.zsh'
[0.931s] Level 1:colcon.colcon_core.environment:create_file_with_runtime_dependencies(/home/resqbots/control_ws/install/lotti_arm_controller/share/colcon-core/packages/lotti_arm_controller)
[0.932s] Level 1:colcon.colcon_core.environment:create_environment_scripts_only(lotti_flipper_controller)
[0.933s] Level 1:colcon.colcon_core.environment:checking '/home/resqbots/control_ws/install/lotti_flipper_controller' for CMake module files
[0.934s] DEBUG:colcon.colcon_core.event_handler.log_command:Invoked command in '/home/resqbots/control_ws/build/lotti_flipper_controller' returned '0': CMAKE_PREFIX_PATH=${CMAKE_PREFIX_PATH}:/home/resqbots/control_ws/install/lotti_teleop:/home/resqbots/dev_ws/install/velocityListener:/home/resqbots/dev_ws/install/resqbot_flipper_interface:/home/resqbots/dev_ws/install/resqbot_drive_motor_controller:/home/resqbots/dev_ws/install/resqbot_drive_interface:/home/resqbots/dev_ws/install/resqbot_camera_arm:/home/resqbots/dev_ws/install/flipper_drive:/home/resqbots/dev_ws/install/chain_controller:/home/resqbots/dev_ws/install/camera_arm:/home/resqbots/dev_ws/install/botlaunch:/home/resqbots/dev_ws/install/bot_camera_arm:/home/resqbots/dev_ws/install/angle_publisher:/home/resqbots/ros2_ws/install/tele_op:/home/resqbots/ros2_ws/install/resqbot_flipper_interface:/home/resqbots/ros2_ws/install/resqbot_drive_interface:/home/resqbots/ros2_ws/install/camera_arm:/home/resqbots/ros2_ws/install/botlaunch:/home/resqbots/ros2_ws/install/bot_camera_arm:/opt/ros/humble /usr/bin/cmake --install /home/resqbots/control_ws/build/lotti_flipper_controller
[0.934s] Level 1:colcon.colcon_core.environment:checking '/home/resqbots/control_ws/install/lotti_flipper_controller' for CMake config files
[0.935s] Level 1:colcon.colcon_core.shell:create_environment_hook('lotti_flipper_controller', 'cmake_prefix_path')
[0.935s] INFO:colcon.colcon_core.shell:Creating environment hook '/home/resqbots/control_ws/install/lotti_flipper_controller/share/lotti_flipper_controller/hook/cmake_prefix_path.ps1'
[0.936s] INFO:colcon.colcon_core.shell:Creating environment descriptor '/home/resqbots/control_ws/install/lotti_flipper_controller/share/lotti_flipper_controller/hook/cmake_prefix_path.dsv'
[0.936s] INFO:colcon.colcon_core.shell:Creating environment hook '/home/resqbots/control_ws/install/lotti_flipper_controller/share/lotti_flipper_controller/hook/cmake_prefix_path.sh'
[0.937s] Level 1:colcon.colcon_core.environment:checking '/home/resqbots/control_ws/install/lotti_flipper_controller/lib'
[0.938s] Level 1:colcon.colcon_core.shell:create_environment_hook('lotti_flipper_controller', 'ld_library_path_lib')
[0.938s] INFO:colcon.colcon_core.shell:Creating environment hook '/home/resqbots/control_ws/install/lotti_flipper_controller/share/lotti_flipper_controller/hook/ld_library_path_lib.ps1'
[0.939s] INFO:colcon.colcon_core.shell:Creating environment descriptor '/home/resqbots/control_ws/install/lotti_flipper_controller/share/lotti_flipper_controller/hook/ld_library_path_lib.dsv'
[0.939s] INFO:colcon.colcon_core.shell:Creating environment hook '/home/resqbots/control_ws/install/lotti_flipper_controller/share/lotti_flipper_controller/hook/ld_library_path_lib.sh'
[0.940s] Level 1:colcon.colcon_core.environment:checking '/home/resqbots/control_ws/install/lotti_flipper_controller/bin'
[0.940s] Level 1:colcon.colcon_core.environment:checking '/home/resqbots/control_ws/install/lotti_flipper_controller/lib/pkgconfig/lotti_flipper_controller.pc'
[0.940s] Level 1:colcon.colcon_core.environment:checking '/home/resqbots/control_ws/install/lotti_flipper_controller/lib/python3.10/site-packages'
[0.941s] Level 1:colcon.colcon_core.environment:checking '/home/resqbots/control_ws/install/lotti_flipper_controller/bin'
[0.941s] INFO:colcon.colcon_core.shell:Creating package script '/home/resqbots/control_ws/install/lotti_flipper_controller/share/lotti_flipper_controller/package.ps1'
[0.942s] INFO:colcon.colcon_core.shell:Creating package descriptor '/home/resqbots/control_ws/install/lotti_flipper_controller/share/lotti_flipper_controller/package.dsv'
[0.943s] INFO:colcon.colcon_core.shell:Creating package script '/home/resqbots/control_ws/install/lotti_flipper_controller/share/lotti_flipper_controller/package.sh'
[0.944s] INFO:colcon.colcon_core.shell:Creating package script '/home/resqbots/control_ws/install/lotti_flipper_controller/share/lotti_flipper_controller/package.bash'
[0.944s] INFO:colcon.colcon_core.shell:Creating package script '/home/resqbots/control_ws/install/lotti_flipper_controller/share/lotti_flipper_controller/package.zsh'
[0.945s] Level 1:colcon.colcon_core.environment:create_file_with_runtime_dependencies(/home/resqbots/control_ws/install/lotti_flipper_controller/share/colcon-core/packages/lotti_flipper_controller)
[0.946s] Level 1:colcon.colcon_core.environment:create_environment_scripts_only(lotti_flipper_controller)
[0.946s] Level 1:colcon.colcon_core.environment:checking '/home/resqbots/control_ws/install/lotti_flipper_controller' for CMake module files
[0.947s] Level 1:colcon.colcon_core.environment:checking '/home/resqbots/control_ws/install/lotti_flipper_controller' for CMake config files
[0.947s] Level 1:colcon.colcon_core.shell:create_environment_hook('lotti_flipper_controller', 'cmake_prefix_path')
[0.948s] INFO:colcon.colcon_core.shell:Creating environment hook '/home/resqbots/control_ws/install/lotti_flipper_controller/share/lotti_flipper_controller/hook/cmake_prefix_path.ps1'
[0.949s] INFO:colcon.colcon_core.shell:Creating environment descriptor '/home/resqbots/control_ws/install/lotti_flipper_controller/share/lotti_flipper_controller/hook/cmake_prefix_path.dsv'
[0.949s] INFO:colcon.colcon_core.shell:Creating environment hook '/home/resqbots/control_ws/install/lotti_flipper_controller/share/lotti_flipper_controller/hook/cmake_prefix_path.sh'
[0.950s] Level 1:colcon.colcon_core.environment:checking '/home/resqbots/control_ws/install/lotti_flipper_controller/lib'
[0.950s] Level 1:colcon.colcon_core.shell:create_environment_hook('lotti_flipper_controller', 'ld_library_path_lib')
[0.951s] INFO:colcon.colcon_core.shell:Creating environment hook '/home/resqbots/control_ws/install/lotti_flipper_controller/share/lotti_flipper_controller/hook/ld_library_path_lib.ps1'
[0.951s] INFO:colcon.colcon_core.shell:Creating environment descriptor '/home/resqbots/control_ws/install/lotti_flipper_controller/share/lotti_flipper_controller/hook/ld_library_path_lib.dsv'
[0.952s] INFO:colcon.colcon_core.shell:Creating environment hook '/home/resqbots/control_ws/install/lotti_flipper_controller/share/lotti_flipper_controller/hook/ld_library_path_lib.sh'
[0.952s] Level 1:colcon.colcon_core.environment:checking '/home/resqbots/control_ws/install/lotti_flipper_controller/bin'
[0.952s] Level 1:colcon.colcon_core.environment:checking '/home/resqbots/control_ws/install/lotti_flipper_controller/lib/pkgconfig/lotti_flipper_controller.pc'
[0.953s] Level 1:colcon.colcon_core.environment:checking '/home/resqbots/control_ws/install/lotti_flipper_controller/lib/python3.10/site-packages'
[0.953s] Level 1:colcon.colcon_core.environment:checking '/home/resqbots/control_ws/install/lotti_flipper_controller/bin'
[0.954s] INFO:colcon.colcon_core.shell:Creating package script '/home/resqbots/control_ws/install/lotti_flipper_controller/share/lotti_flipper_controller/package.ps1'
[0.955s] INFO:colcon.colcon_core.shell:Creating package descriptor '/home/resqbots/control_ws/install/lotti_flipper_controller/share/lotti_flipper_controller/package.dsv'
[0.955s] INFO:colcon.colcon_core.shell:Creating package script '/home/resqbots/control_ws/install/lotti_flipper_controller/share/lotti_flipper_controller/package.sh'
[0.956s] INFO:colcon.colcon_core.shell:Creating package script '/home/resqbots/control_ws/install/lotti_flipper_controller/share/lotti_flipper_controller/package.bash'
[0.957s] INFO:colcon.colcon_core.shell:Creating package script '/home/resqbots/control_ws/install/lotti_flipper_controller/share/lotti_flipper_controller/package.zsh'
[0.957s] Level 1:colcon.colcon_core.environment:create_file_with_runtime_dependencies(/home/resqbots/control_ws/install/lotti_flipper_controller/share/colcon-core/packages/lotti_flipper_controller)
[1.356s] DEBUG:colcon.colcon_core.event_handler.log_command:Invoking command in '/home/resqbots/control_ws/src/lotti_teleop': PYTHONPATH=/home/resqbots/control_ws/build/lotti_teleop/prefix_override:/usr/lib/python3/dist-packages/colcon_core/task/python/colcon_distutils_commands:/home/resqbots/control_ws/install/lotti_teleop/lib/python3.10/site-packages:${PYTHONPATH} /usr/bin/python3 -W ignore:setup.py install is deprecated -W ignore:easy_install command is deprecated setup.py egg_info --egg-base ../../build/lotti_teleop build --build-base /home/resqbots/control_ws/build/lotti_teleop/build install --record /home/resqbots/control_ws/build/lotti_teleop/install.log --single-version-externally-managed install_data
[1.726s] Level 1:colcon.colcon_core.environment:checking '/home/resqbots/control_ws/install/lotti_teleop' for CMake module files
[1.726s] DEBUG:colcon.colcon_core.event_handler.log_command:Invoked command in '/home/resqbots/control_ws/src/lotti_teleop' returned '0': PYTHONPATH=/home/resqbots/control_ws/build/lotti_teleop/prefix_override:/usr/lib/python3/dist-packages/colcon_core/task/python/colcon_distutils_commands:/home/resqbots/control_ws/install/lotti_teleop/lib/python3.10/site-packages:${PYTHONPATH} /usr/bin/python3 -W ignore:setup.py install is deprecated -W ignore:easy_install command is deprecated setup.py egg_info --egg-base ../../build/lotti_teleop build --build-base /home/resqbots/control_ws/build/lotti_teleop/build install --record /home/resqbots/control_ws/build/lotti_teleop/install.log --single-version-externally-managed install_data
[1.727s] Level 1:colcon.colcon_core.environment:checking '/home/resqbots/control_ws/install/lotti_teleop' for CMake config files
[1.727s] Level 1:colcon.colcon_core.environment:checking '/home/resqbots/control_ws/install/lotti_teleop/lib'
[1.728s] Level 1:colcon.colcon_core.environment:checking '/home/resqbots/control_ws/install/lotti_teleop/bin'
[1.728s] Level 1:colcon.colcon_core.environment:checking '/home/resqbots/control_ws/install/lotti_teleop/lib/pkgconfig/lotti_teleop.pc'
[1.728s] Level 1:colcon.colcon_core.environment:checking '/home/resqbots/control_ws/install/lotti_teleop/lib/python3.10/site-packages'
[1.728s] Level 1:colcon.colcon_core.shell:create_environment_hook('lotti_teleop', 'pythonpath')
[1.729s] INFO:colcon.colcon_core.shell:Creating environment hook '/home/resqbots/control_ws/install/lotti_teleop/share/lotti_teleop/hook/pythonpath.ps1'
[1.729s] INFO:colcon.colcon_core.shell:Creating environment descriptor '/home/resqbots/control_ws/install/lotti_teleop/share/lotti_teleop/hook/pythonpath.dsv'
[1.730s] INFO:colcon.colcon_core.shell:Creating environment hook '/home/resqbots/control_ws/install/lotti_teleop/share/lotti_teleop/hook/pythonpath.sh'
[1.731s] Level 1:colcon.colcon_core.environment:checking '/home/resqbots/control_ws/install/lotti_teleop/bin'
[1.731s] Level 1:colcon.colcon_core.environment:create_environment_scripts_only(lotti_teleop)
[1.731s] INFO:colcon.colcon_core.shell:Creating package script '/home/resqbots/control_ws/install/lotti_teleop/share/lotti_teleop/package.ps1'
[1.732s] INFO:colcon.colcon_core.shell:Creating package descriptor '/home/resqbots/control_ws/install/lotti_teleop/share/lotti_teleop/package.dsv'
[1.733s] INFO:colcon.colcon_core.shell:Creating package script '/home/resqbots/control_ws/install/lotti_teleop/share/lotti_teleop/package.sh'
[1.733s] INFO:colcon.colcon_core.shell:Creating package script '/home/resqbots/control_ws/install/lotti_teleop/share/lotti_teleop/package.bash'
[1.734s] INFO:colcon.colcon_core.shell:Creating package script '/home/resqbots/control_ws/install/lotti_teleop/share/lotti_teleop/package.zsh'
[1.735s] Level 1:colcon.colcon_core.environment:create_file_with_runtime_dependencies(/home/resqbots/control_ws/install/lotti_teleop/share/colcon-core/packages/lotti_teleop)
[2.389s] DEBUG:colcon.colcon_core.event_handler.log_command:Invoked command in '/home/resqbots/control_ws/build/lotti_control' returned '0': CMAKE_PREFIX_PATH=${CMAKE_PREFIX_PATH}:/home/resqbots/control_ws/install/lotti_teleop:/home/resqbots/dev_ws/install/velocityListener:/home/resqbots/dev_ws/install/resqbot_flipper_interface:/home/resqbots/dev_ws/install/resqbot_drive_motor_controller:/home/resqbots/dev_ws/install/resqbot_drive_interface:/home/resqbots/dev_ws/install/resqbot_camera_arm:/home/resqbots/dev_ws/install/flipper_drive:/home/resqbots/dev_ws/install/chain_controller:/home/resqbots/dev_ws/install/camera_arm:/home/resqbots/dev_ws/install/botlaunch:/home/resqbots/dev_ws/install/bot_camera_arm:/home/resqbots/dev_ws/install/angle_publisher:/home/resqbots/ros2_ws/install/tele_op:/home/resqbots/ros2_ws/install/resqbot_flipper_interface:/home/resqbots/ros2_ws/install/resqbot_drive_interface:/home/resqbots/ros2_ws/install/camera_arm:/home/resqbots/ros2_ws/install/botlaunch:/home/resqbots/ros2_ws/install/bot_camera_arm:/opt/ros/humble /usr/bin/cmake /home/resqbots/control_ws/src/lotti_control -DCMAKE_INSTALL_PREFIX=/home/resqbots/control_ws/install/lotti_control
[2.391s] DEBUG:colcon.colcon_core.event_handler.log_command:Invoking command in '/home/resqbots/control_ws/build/lotti_control': CMAKE_PREFIX_PATH=${CMAKE_PREFIX_PATH}:/home/resqbots/control_ws/install/lotti_teleop:/home/resqbots/dev_ws/install/velocityListener:/home/resqbots/dev_ws/install/resqbot_flipper_interface:/home/resqbots/dev_ws/install/resqbot_drive_motor_controller:/home/resqbots/dev_ws/install/resqbot_drive_interface:/home/resqbots/dev_ws/install/resqbot_camera_arm:/home/resqbots/dev_ws/install/flipper_drive:/home/resqbots/dev_ws/install/chain_controller:/home/resqbots/dev_ws/install/camera_arm:/home/resqbots/dev_ws/install/botlaunch:/home/resqbots/dev_ws/install/bot_camera_arm:/home/resqbots/dev_ws/install/angle_publisher:/home/resqbots/ros2_ws/install/tele_op:/home/resqbots/ros2_ws/install/resqbot_flipper_interface:/home/resqbots/ros2_ws/install/resqbot_drive_interface:/home/resqbots/ros2_ws/install/camera_arm:/home/resqbots/ros2_ws/install/botlaunch:/home/resqbots/ros2_ws/install/bot_camera_arm:/opt/ros/humble /usr/bin/cmake --build /home/resqbots/control_ws/build/lotti_control -- -j8 -l8
[2.476s] DEBUG:colcon.colcon_core.event_handler.log_command:Invoked command in '/home/resqbots/control_ws/build/lotti_control' returned '0': CMAKE_PREFIX_PATH=${CMAKE_PREFIX_PATH}:/home/resqbots/control_ws/install/lotti_teleop:/home/resqbots/dev_ws/install/velocityListener:/home/resqbots/dev_ws/install/resqbot_flipper_interface:/home/resqbots/dev_ws/install/resqbot_drive_motor_controller:/home/resqbots/dev_ws/install/resqbot_drive_interface:/home/resqbots/dev_ws/install/resqbot_camera_arm:/home/resqbots/dev_ws/install/flipper_drive:/home/resqbots/dev_ws/install/chain_controller:/home/resqbots/dev_ws/install/camera_arm:/home/resqbots/dev_ws/install/botlaunch:/home/resqbots/dev_ws/install/bot_camera_arm:/home/resqbots/dev_ws/install/angle_publisher:/home/resqbots/ros2_ws/install/tele_op:/home/resqbots/ros2_ws/install/resqbot_flipper_interface:/home/resqbots/ros2_ws/install/resqbot_drive_interface:/home/resqbots/ros2_ws/install/camera_arm:/home/resqbots/ros2_ws/install/botlaunch:/home/resqbots/ros2_ws/install/bot_camera_arm:/opt/ros/humble /usr/bin/cmake --build /home/resqbots/control_ws/build/lotti_control -- -j8 -l8
[2.478s] DEBUG:colcon.colcon_core.event_handler.log_command:Invoking command in '/home/resqbots/control_ws/build/lotti_control': CMAKE_PREFIX_PATH=${CMAKE_PREFIX_PATH}:/home/resqbots/control_ws/install/lotti_teleop:/home/resqbots/dev_ws/install/velocityListener:/home/resqbots/dev_ws/install/resqbot_flipper_interface:/home/resqbots/dev_ws/install/resqbot_drive_motor_controller:/home/resqbots/dev_ws/install/resqbot_drive_interface:/home/resqbots/dev_ws/install/resqbot_camera_arm:/home/resqbots/dev_ws/install/flipper_drive:/home/resqbots/dev_ws/install/chain_controller:/home/resqbots/dev_ws/install/camera_arm:/home/resqbots/dev_ws/install/botlaunch:/home/resqbots/dev_ws/install/bot_camera_arm:/home/resqbots/dev_ws/install/angle_publisher:/home/resqbots/ros2_ws/install/tele_op:/home/resqbots/ros2_ws/install/resqbot_flipper_interface:/home/resqbots/ros2_ws/install/resqbot_drive_interface:/home/resqbots/ros2_ws/install/camera_arm:/home/resqbots/ros2_ws/install/botlaunch:/home/resqbots/ros2_ws/install/bot_camera_arm:/opt/ros/humble /usr/bin/cmake --install /home/resqbots/control_ws/build/lotti_control
[2.505s] Level 1:colcon.colcon_core.environment:create_environment_scripts_only(lotti_control)
[2.505s] Level 1:colcon.colcon_core.environment:checking '/home/resqbots/control_ws/install/lotti_control' for CMake module files
[2.506s] DEBUG:colcon.colcon_core.event_handler.log_command:Invoked command in '/home/resqbots/control_ws/build/lotti_control' returned '0': CMAKE_PREFIX_PATH=${CMAKE_PREFIX_PATH}:/home/resqbots/control_ws/install/lotti_teleop:/home/resqbots/dev_ws/install/velocityListener:/home/resqbots/dev_ws/install/resqbot_flipper_interface:/home/resqbots/dev_ws/install/resqbot_drive_motor_controller:/home/resqbots/dev_ws/install/resqbot_drive_interface:/home/resqbots/dev_ws/install/resqbot_camera_arm:/home/resqbots/dev_ws/install/flipper_drive:/home/resqbots/dev_ws/install/chain_controller:/home/resqbots/dev_ws/install/camera_arm:/home/resqbots/dev_ws/install/botlaunch:/home/resqbots/dev_ws/install/bot_camera_arm:/home/resqbots/dev_ws/install/angle_publisher:/home/resqbots/ros2_ws/install/tele_op:/home/resqbots/ros2_ws/install/resqbot_flipper_interface:/home/resqbots/ros2_ws/install/resqbot_drive_interface:/home/resqbots/ros2_ws/install/camera_arm:/home/resqbots/ros2_ws/install/botlaunch:/home/resqbots/ros2_ws/install/bot_camera_arm:/opt/ros/humble /usr/bin/cmake --install /home/resqbots/control_ws/build/lotti_control
[2.506s] Level 1:colcon.colcon_core.environment:checking '/home/resqbots/control_ws/install/lotti_control' for CMake config files
[2.506s] Level 1:colcon.colcon_core.shell:create_environment_hook('lotti_control', 'cmake_prefix_path')
[2.507s] INFO:colcon.colcon_core.shell:Creating environment hook '/home/resqbots/control_ws/install/lotti_control/share/lotti_control/hook/cmake_prefix_path.ps1'
[2.507s] INFO:colcon.colcon_core.shell:Creating environment descriptor '/home/resqbots/control_ws/install/lotti_control/share/lotti_control/hook/cmake_prefix_path.dsv'
[2.508s] INFO:colcon.colcon_core.shell:Creating environment hook '/home/resqbots/control_ws/install/lotti_control/share/lotti_control/hook/cmake_prefix_path.sh'
[2.508s] Level 1:colcon.colcon_core.environment:checking '/home/resqbots/control_ws/install/lotti_control/lib'
[2.508s] Level 1:colcon.colcon_core.shell:create_environment_hook('lotti_control', 'ld_library_path_lib')
[2.509s] INFO:colcon.colcon_core.shell:Creating environment hook '/home/resqbots/control_ws/install/lotti_control/share/lotti_control/hook/ld_library_path_lib.ps1'
[2.509s] INFO:colcon.colcon_core.shell:Creating environment descriptor '/home/resqbots/control_ws/install/lotti_control/share/lotti_control/hook/ld_library_path_lib.dsv'
[2.509s] INFO:colcon.colcon_core.shell:Creating environment hook '/home/resqbots/control_ws/install/lotti_control/share/lotti_control/hook/ld_library_path_lib.sh'
[2.510s] Level 1:colcon.colcon_core.environment:checking '/home/resqbots/control_ws/install/lotti_control/bin'
[2.510s] Level 1:colcon.colcon_core.environment:checking '/home/resqbots/control_ws/install/lotti_control/lib/pkgconfig/lotti_control.pc'
[2.510s] Level 1:colcon.colcon_core.environment:checking '/home/resqbots/control_ws/install/lotti_control/lib/python3.10/site-packages'
[2.510s] Level 1:colcon.colcon_core.environment:checking '/home/resqbots/control_ws/install/lotti_control/bin'
[2.511s] INFO:colcon.colcon_core.shell:Creating package script '/home/resqbots/control_ws/install/lotti_control/share/lotti_control/package.ps1'
[2.511s] INFO:colcon.colcon_core.shell:Creating package descriptor '/home/resqbots/control_ws/install/lotti_control/share/lotti_control/package.dsv'
[2.512s] INFO:colcon.colcon_core.shell:Creating package script '/home/resqbots/control_ws/install/lotti_control/share/lotti_control/package.sh'
[2.512s] INFO:colcon.colcon_core.shell:Creating package script '/home/resqbots/control_ws/install/lotti_control/share/lotti_control/package.bash'
[2.512s] INFO:colcon.colcon_core.shell:Creating package script '/home/resqbots/control_ws/install/lotti_control/share/lotti_control/package.zsh'
[2.513s] Level 1:colcon.colcon_core.environment:create_file_with_runtime_dependencies(/home/resqbots/control_ws/install/lotti_control/share/colcon-core/packages/lotti_control)
[2.514s] Level 1:colcon.colcon_core.environment:create_environment_scripts_only(lotti_control)
[2.514s] Level 1:colcon.colcon_core.environment:checking '/home/resqbots/control_ws/install/lotti_control' for CMake module files
[2.514s] Level 1:colcon.colcon_core.environment:checking '/home/resqbots/control_ws/install/lotti_control' for CMake config files
[2.515s] Level 1:colcon.colcon_core.shell:create_environment_hook('lotti_control', 'cmake_prefix_path')
[2.515s] INFO:colcon.colcon_core.shell:Creating environment hook '/home/resqbots/control_ws/install/lotti_control/share/lotti_control/hook/cmake_prefix_path.ps1'
[2.516s] INFO:colcon.colcon_core.shell:Creating environment descriptor '/home/resqbots/control_ws/install/lotti_control/share/lotti_control/hook/cmake_prefix_path.dsv'
[2.516s] INFO:colcon.colcon_core.shell:Creating environment hook '/home/resqbots/control_ws/install/lotti_control/share/lotti_control/hook/cmake_prefix_path.sh'
[2.517s] Level 1:colcon.colcon_core.environment:checking '/home/resqbots/control_ws/install/lotti_control/lib'
[2.517s] Level 1:colcon.colcon_core.shell:create_environment_hook('lotti_control', 'ld_library_path_lib')
[2.517s] INFO:colcon.colcon_core.shell:Creating environment hook '/home/resqbots/control_ws/install/lotti_control/share/lotti_control/hook/ld_library_path_lib.ps1'
[2.517s] INFO:colcon.colcon_core.shell:Creating environment descriptor '/home/resqbots/control_ws/install/lotti_control/share/lotti_control/hook/ld_library_path_lib.dsv'
[2.518s] INFO:colcon.colcon_core.shell:Creating environment hook '/home/resqbots/control_ws/install/lotti_control/share/lotti_control/hook/ld_library_path_lib.sh'
[2.518s] Level 1:colcon.colcon_core.environment:checking '/home/resqbots/control_ws/install/lotti_control/bin'
[2.518s] Level 1:colcon.colcon_core.environment:checking '/home/resqbots/control_ws/install/lotti_control/lib/pkgconfig/lotti_control.pc'
[2.519s] Level 1:colcon.colcon_core.environment:checking '/home/resqbots/control_ws/install/lotti_control/lib/python3.10/site-packages'
[2.519s] Level 1:colcon.colcon_core.environment:checking '/home/resqbots/control_ws/install/lotti_control/bin'
[2.519s] INFO:colcon.colcon_core.shell:Creating package script '/home/resqbots/control_ws/install/lotti_control/share/lotti_control/package.ps1'
[2.520s] INFO:colcon.colcon_core.shell:Creating package descriptor '/home/resqbots/control_ws/install/lotti_control/share/lotti_control/package.dsv'
[2.520s] INFO:colcon.colcon_core.shell:Creating package script '/home/resqbots/control_ws/install/lotti_control/share/lotti_control/package.sh'
[2.521s] INFO:colcon.colcon_core.shell:Creating package script '/home/resqbots/control_ws/install/lotti_control/share/lotti_control/package.bash'
[2.521s] INFO:colcon.colcon_core.shell:Creating package script '/home/resqbots/control_ws/install/lotti_control/share/lotti_control/package.zsh'
[2.521s] Level 1:colcon.colcon_core.environment:create_file_with_runtime_dependencies(/home/resqbots/control_ws/install/lotti_control/share/colcon-core/packages/lotti_control)
[2.522s] DEBUG:colcon.colcon_parallel_executor.executor.parallel:closing loop
[2.522s] DEBUG:colcon.colcon_parallel_executor.executor.parallel:loop closed
[2.522s] DEBUG:colcon.colcon_parallel_executor.executor.parallel:run_until_complete finished with '0'
[2.522s] DEBUG:colcon.colcon_core.event_reactor:joining thread
[2.528s] INFO:colcon.colcon_core.plugin_system:Skipping extension 'colcon_notification.desktop_notification.terminal_notifier': Not used on non-Darwin systems
[2.528s] INFO:colcon.colcon_core.plugin_system:Skipping extension 'colcon_notification.desktop_notification.win32': Not used on non-Windows systems
[2.528s] INFO:colcon.colcon_notification.desktop_notification:Sending desktop notification using 'notify2'
[2.545s] DEBUG:colcon.colcon_core.event_reactor:joined thread
[2.545s] INFO:colcon.colcon_core.shell:Creating prefix script '/home/resqbots/control_ws/install/local_setup.ps1'
[2.546s] INFO:colcon.colcon_core.shell:Creating prefix util module '/home/resqbots/control_ws/install/_local_setup_util_ps1.py'
[2.548s] INFO:colcon.colcon_core.shell:Creating prefix chain script '/home/resqbots/control_ws/install/setup.ps1'
[2.553s] INFO:colcon.colcon_core.shell:Creating prefix script '/home/resqbots/control_ws/install/local_setup.sh'
[2.553s] INFO:colcon.colcon_core.shell:Creating prefix util module '/home/resqbots/control_ws/install/_local_setup_util_sh.py'
[2.554s] INFO:colcon.colcon_core.shell:Creating prefix chain script '/home/resqbots/control_ws/install/setup.sh'
[2.556s] INFO:colcon.colcon_core.shell:Creating prefix script '/home/resqbots/control_ws/install/local_setup.bash'
[2.557s] INFO:colcon.colcon_core.shell:Creating prefix chain script '/home/resqbots/control_ws/install/setup.bash'
[2.559s] INFO:colcon.colcon_core.shell:Creating prefix script '/home/resqbots/control_ws/install/local_setup.zsh'
[2.560s] INFO:colcon.colcon_core.shell:Creating prefix chain script '/home/resqbots/control_ws/install/setup.zsh'
