-- The CXX compiler identification is GNU 11.4.0
-- Detecting CXX compiler ABI info
-- Detecting CXX compiler ABI info - done
-- Check for working CXX compiler: /usr/bin/c++ - skipped
-- Detecting CXX compile features
-- Detecting CXX compile features - done
-- Found ament_cmake: 1.3.11 (/opt/ros/humble/share/ament_cmake/cmake)
-- Found Python3: /usr/bin/python3 (found version "3.10.12") found components: Interpreter 
-- Found pluginlib: 5.1.0 (/opt/ros/humble/share/pluginlib/cmake)
-- Found hardware_interface: 2.50.0 (/opt/ros/humble/share/hardware_interface/cmake)
-- Found rosidl_generator_c: 3.1.6 (/opt/ros/humble/share/rosidl_generator_c/cmake)
-- Found rosidl_adapter: 3.1.6 (/opt/ros/humble/share/rosidl_adapter/cmake)
-- Found rosidl_generator_cpp: 3.1.6 (/opt/ros/humble/share/rosidl_generator_cpp/cmake)
-- Using all available rosidl_typesupport_c: rosidl_typesupport_fastrtps_c;rosidl_typesupport_introspection_c
-- Using all available rosidl_typesupport_cpp: rosidl_typesupport_fastrtps_cpp;rosidl_typesupport_introspection_cpp
-- Found rmw_implementation_cmake: 6.1.2 (/opt/ros/humble/share/rmw_implementation_cmake/cmake)
-- Found rmw_fastrtps_cpp: 6.2.7 (/opt/ros/humble/share/rmw_fastrtps_cpp/cmake)
-- Found TinyXML2 via Config file: TinyXML2_DIR-NOTFOUND
-- Found OpenSSL: /usr/lib/x86_64-linux-gnu/libcrypto.so (found version "3.0.2")  
-- Found TinyXML2 via Config file: TinyXML2_DIR-NOTFOUND
-- Found FastRTPS: /opt/ros/humble/include  
-- Found TinyXML2 via Config file: TinyXML2_DIR-NOTFOUND
-- Found TinyXML2 via Config file: TinyXML2_DIR-NOTFOUND
-- Using RMW implementation 'rmw_fastrtps_cpp' as default
-- Looking for C++ include pthread.h
-- Looking for C++ include pthread.h - found
-- Performing Test CMAKE_HAVE_LIBC_PTHREAD
-- Performing Test CMAKE_HAVE_LIBC_PTHREAD - Success
-- Found Threads: TRUE  
-- Found ament_cmake_pytest: 1.3.11 (/opt/ros/humble/share/ament_cmake_pytest/cmake)
-- Configuring done
-- Generating done
-- Build files have been written to: /home/resqbots/control_ws/build/lotti_control
[ 75%] [32mBuilding CXX object CMakeFiles/lotti_control.dir/hardware/arm_interface.cpp.o[0m
[ 75%] [32mBuilding CXX object CMakeFiles/lotti_control.dir/hardware/diffbot_system.cpp.o[0m
[ 75%] [32mBuilding CXX object CMakeFiles/lotti_control.dir/hardware/flipper_interface.cpp.o[0m
[100%] [32m[1mLinking CXX shared library liblotti_control.so[0m
[100%] Built target lotti_control
-- Install configuration: ""
-- Installing: /home/resqbots/control_ws/install/lotti_control/share/lotti_control/lotti_control.xml
-- Installing: /home/resqbots/control_ws/install/lotti_control/include/lotti_control
-- Installing: /home/resqbots/control_ws/install/lotti_control/include/lotti_control/lotti_control
-- Installing: /home/resqbots/control_ws/install/lotti_control/include/lotti_control/lotti_control/arm_interface.hpp
-- Installing: /home/resqbots/control_ws/install/lotti_control/include/lotti_control/lotti_control/flipper_interface.hpp
-- Installing: /home/resqbots/control_ws/install/lotti_control/include/lotti_control/lotti_control/diffbot_system.hpp
-- Installing: /home/resqbots/control_ws/install/lotti_control/include/lotti_control/lotti_control/RS485_comms.bak
-- Installing: /home/resqbots/control_ws/install/lotti_control/include/lotti_control/lotti_control/visibility_control.h
-- Installing: /home/resqbots/control_ws/install/lotti_control/include/lotti_control/lotti_control/wheel.hpp
-- Installing: /home/resqbots/control_ws/install/lotti_control/include/lotti_control/lotti_control/flipper_comms.hpp
-- Installing: /home/resqbots/control_ws/install/lotti_control/share/lotti_control/launch
-- Installing: /home/resqbots/control_ws/install/lotti_control/share/lotti_control/launch/view_lotti.launch.py
-- Installing: /home/resqbots/control_ws/install/lotti_control/share/lotti_control/ros2_control
-- Installing: /home/resqbots/control_ws/install/lotti_control/share/lotti_control/ros2_control/Lotti.ros_control.xacro
-- Installing: /home/resqbots/control_ws/install/lotti_control/share/lotti_control/urdf
-- Installing: /home/resqbots/control_ws/install/lotti_control/share/lotti_control/urdf/Lotti_gazebo_control.xacro
-- Installing: /home/resqbots/control_ws/install/lotti_control/share/lotti_control/urdf/Lotti_arm.xacro
-- Installing: /home/resqbots/control_ws/install/lotti_control/share/lotti_control/urdf/urdf_inertial_shapes.xacro
-- Installing: /home/resqbots/control_ws/install/lotti_control/share/lotti_control/urdf/urdf_materials.xacro
-- Installing: /home/resqbots/control_ws/install/lotti_control/share/lotti_control/urdf/Lotti_main.urdf.xacro
-- Installing: /home/resqbots/control_ws/install/lotti_control/share/lotti_control/urdf/Lotti_body.xacro
-- Up-to-date: /home/resqbots/control_ws/install/lotti_control/share/lotti_control/launch
-- Installing: /home/resqbots/control_ws/install/lotti_control/share/lotti_control/launch/lotti_controller.launch.py
-- Installing: /home/resqbots/control_ws/install/lotti_control/share/lotti_control/config
-- Installing: /home/resqbots/control_ws/install/lotti_control/share/lotti_control/config/view_lotti.rviz
-- Installing: /home/resqbots/control_ws/install/lotti_control/share/lotti_control/config/lotti_controller.yaml
-- Installing: /home/resqbots/control_ws/install/lotti_control/lib/liblotti_control.so
-- Set runtime path of "/home/resqbots/control_ws/install/lotti_control/lib/liblotti_control.so" to ""
-- Installing: /home/resqbots/control_ws/install/lotti_control/share/lotti_control/environment/library_path.sh
-- Installing: /home/resqbots/control_ws/install/lotti_control/share/lotti_control/environment/library_path.dsv
-- Installing: /home/resqbots/control_ws/install/lotti_control/share/ament_index/resource_index/package_run_dependencies/lotti_control
-- Installing: /home/resqbots/control_ws/install/lotti_control/share/ament_index/resource_index/parent_prefix_path/lotti_control
-- Installing: /home/resqbots/control_ws/install/lotti_control/share/lotti_control/environment/ament_prefix_path.sh
-- Installing: /home/resqbots/control_ws/install/lotti_control/share/lotti_control/environment/ament_prefix_path.dsv
-- Installing: /home/resqbots/control_ws/install/lotti_control/share/lotti_control/environment/path.sh
-- Installing: /home/resqbots/control_ws/install/lotti_control/share/lotti_control/environment/path.dsv
-- Installing: /home/resqbots/control_ws/install/lotti_control/share/lotti_control/local_setup.bash
-- Installing: /home/resqbots/control_ws/install/lotti_control/share/lotti_control/local_setup.sh
-- Installing: /home/resqbots/control_ws/install/lotti_control/share/lotti_control/local_setup.zsh
-- Installing: /home/resqbots/control_ws/install/lotti_control/share/lotti_control/local_setup.dsv
-- Installing: /home/resqbots/control_ws/install/lotti_control/share/lotti_control/package.dsv
-- Installing: /home/resqbots/control_ws/install/lotti_control/share/ament_index/resource_index/packages/lotti_control
-- Installing: /home/resqbots/control_ws/install/lotti_control/share/ament_index/resource_index/hardware_interface__pluginlib__plugin/lotti_control
-- Installing: /home/resqbots/control_ws/install/lotti_control/share/lotti_control/cmake/export_lotti_controlExport.cmake
-- Installing: /home/resqbots/control_ws/install/lotti_control/share/lotti_control/cmake/export_lotti_controlExport-noconfig.cmake
-- Installing: /home/resqbots/control_ws/install/lotti_control/share/lotti_control/cmake/ament_cmake_export_targets-extras.cmake
-- Installing: /home/resqbots/control_ws/install/lotti_control/share/lotti_control/cmake/ament_cmake_export_dependencies-extras.cmake
-- Installing: /home/resqbots/control_ws/install/lotti_control/share/lotti_control/cmake/lotti_controlConfig.cmake
-- Installing: /home/resqbots/control_ws/install/lotti_control/share/lotti_control/cmake/lotti_controlConfig-version.cmake
-- Installing: /home/resqbots/control_ws/install/lotti_control/share/lotti_control/package.xml
