[35m[1mConsolidate compiler generated dependencies of target lotti_control[0m
[ 25%] [32mBuilding CXX object CMakeFiles/lotti_control.dir/hardware/arm_interface.cpp.o[0m
[ 50%] [32m[1mLinking CXX shared library liblotti_control.so[0m
[100%] Built target lotti_control
-- Install configuration: ""
-- Execute custom install script
-- Up-to-date symlink: /home/paul/resqbot_dev/control_ws/install/lotti_control/share/lotti_control//lotti_control.xml
-- Up-to-date symlink: /home/paul/resqbot_dev/control_ws/install/lotti_control/include/lotti_control/lotti_control/arm_interface.hpp
-- Up-to-date symlink: /home/paul/resqbot_dev/control_ws/install/lotti_control/include/lotti_control/lotti_control/diffbot_system.hpp
-- Up-to-date symlink: /home/paul/resqbot_dev/control_ws/install/lotti_control/include/lotti_control/lotti_control/flipper_interface.hpp
-- Up-to-date symlink: /home/paul/resqbot_dev/control_ws/install/lotti_control/include/lotti_control/lotti_control/serial_comms.hpp
-- Up-to-date symlink: /home/paul/resqbot_dev/control_ws/install/lotti_control/include/lotti_control/lotti_control/visibility_control.h
-- Up-to-date symlink: /home/paul/resqbot_dev/control_ws/install/lotti_control/include/lotti_control/lotti_control/wheel.hpp
-- Up-to-date symlink: /home/paul/resqbot_dev/control_ws/install/lotti_control/share/lotti_control/description/launch/view_lotti.launch.py
-- Up-to-date symlink: /home/paul/resqbot_dev/control_ws/install/lotti_control/share/lotti_control/description/urdf/Lotti.urdf.xacro
-- Up-to-date symlink: /home/paul/resqbot_dev/control_ws/install/lotti_control/share/lotti_control/description/urdf/Lotti_arm.xacro
-- Up-to-date symlink: /home/paul/resqbot_dev/control_ws/install/lotti_control/share/lotti_control/description/urdf/Lotti_body.xacro
-- Up-to-date symlink: /home/paul/resqbot_dev/control_ws/install/lotti_control/share/lotti_control/description/urdf/Lotti_lidar.xacro
-- Up-to-date symlink: /home/paul/resqbot_dev/control_ws/install/lotti_control/share/lotti_control/description/urdf/urdf_inertial_shapes.xacro
-- Up-to-date symlink: /home/paul/resqbot_dev/control_ws/install/lotti_control/share/lotti_control/description/urdf/urdf_materials.xacro
-- Up-to-date symlink: /home/paul/resqbot_dev/control_ws/install/lotti_control/share/lotti_control/description/srdf/Lotti.srdf.xacro
-- Up-to-date symlink: /home/paul/resqbot_dev/control_ws/install/lotti_control/share/lotti_control/description/srdf/lotti_arm_group.xacro
-- Up-to-date symlink: /home/paul/resqbot_dev/control_ws/install/lotti_control/share/lotti_control/description/srdf/lotti_body_group.xacro
-- Up-to-date symlink: /home/paul/resqbot_dev/control_ws/install/lotti_control/share/lotti_control/description/meshes/arm_base_link.STL
-- Up-to-date symlink: /home/paul/resqbot_dev/control_ws/install/lotti_control/share/lotti_control/description/meshes/arm_link1_link.STL
-- Up-to-date symlink: /home/paul/resqbot_dev/control_ws/install/lotti_control/share/lotti_control/description/meshes/arm_link2_link.STL
-- Up-to-date symlink: /home/paul/resqbot_dev/control_ws/install/lotti_control/share/lotti_control/description/meshes/arm_link3_link.STL
-- Up-to-date symlink: /home/paul/resqbot_dev/control_ws/install/lotti_control/share/lotti_control/description/meshes/arm_link4_link.STL
-- Up-to-date symlink: /home/paul/resqbot_dev/control_ws/install/lotti_control/share/lotti_control/description/meshes/arm_link5_link.STL
-- Up-to-date symlink: /home/paul/resqbot_dev/control_ws/install/lotti_control/share/lotti_control/description/meshes/arm_link6_link.STL
-- Up-to-date symlink: /home/paul/resqbot_dev/control_ws/install/lotti_control/share/lotti_control/ros2_control/Lotti.ros_control.xacro
-- Up-to-date symlink: /home/paul/resqbot_dev/control_ws/install/lotti_control/share/lotti_control/launch/full.launch.py
-- Up-to-date symlink: /home/paul/resqbot_dev/control_ws/install/lotti_control/share/lotti_control/launch/operator.launch.py
-- Up-to-date symlink: /home/paul/resqbot_dev/control_ws/install/lotti_control/share/lotti_control/launch/robot.launch.py
-- Up-to-date symlink: /home/paul/resqbot_dev/control_ws/install/lotti_control/share/lotti_control/config/Lotti_controllers.yaml
-- Up-to-date symlink: /home/paul/resqbot_dev/control_ws/install/lotti_control/share/lotti_control/config/lotti_servo_config.yaml
-- Up-to-date symlink: /home/paul/resqbot_dev/control_ws/install/lotti_control/share/lotti_control/config/view_lotti.rviz
-- Up-to-date symlink: /home/paul/resqbot_dev/control_ws/install/lotti_control/share/lotti_control/environment/library_path.sh
-- Up-to-date symlink: /home/paul/resqbot_dev/control_ws/install/lotti_control/share/lotti_control/environment/library_path.dsv
-- Up-to-date symlink: /home/paul/resqbot_dev/control_ws/install/lotti_control/share/ament_index/resource_index/package_run_dependencies/lotti_control
-- Up-to-date symlink: /home/paul/resqbot_dev/control_ws/install/lotti_control/share/ament_index/resource_index/parent_prefix_path/lotti_control
-- Up-to-date symlink: /home/paul/resqbot_dev/control_ws/install/lotti_control/share/lotti_control/environment/ament_prefix_path.sh
-- Up-to-date symlink: /home/paul/resqbot_dev/control_ws/install/lotti_control/share/lotti_control/environment/ament_prefix_path.dsv
-- Up-to-date symlink: /home/paul/resqbot_dev/control_ws/install/lotti_control/share/lotti_control/environment/path.sh
-- Up-to-date symlink: /home/paul/resqbot_dev/control_ws/install/lotti_control/share/lotti_control/environment/path.dsv
-- Up-to-date symlink: /home/paul/resqbot_dev/control_ws/install/lotti_control/share/lotti_control/local_setup.bash
-- Up-to-date symlink: /home/paul/resqbot_dev/control_ws/install/lotti_control/share/lotti_control/local_setup.sh
-- Up-to-date symlink: /home/paul/resqbot_dev/control_ws/install/lotti_control/share/lotti_control/local_setup.zsh
-- Up-to-date symlink: /home/paul/resqbot_dev/control_ws/install/lotti_control/share/lotti_control/local_setup.dsv
-- Symlinking: /home/paul/resqbot_dev/control_ws/install/lotti_control/share/lotti_control/package.dsv
-- Up-to-date symlink: /home/paul/resqbot_dev/control_ws/install/lotti_control/share/ament_index/resource_index/packages/lotti_control
-- Up-to-date symlink: /home/paul/resqbot_dev/control_ws/install/lotti_control/share/ament_index/resource_index/hardware_interface__pluginlib__plugin/lotti_control
-- Up-to-date symlink: /home/paul/resqbot_dev/control_ws/install/lotti_control/share/lotti_control/cmake/ament_cmake_export_targets-extras.cmake
-- Up-to-date symlink: /home/paul/resqbot_dev/control_ws/install/lotti_control/share/lotti_control/cmake/ament_cmake_export_dependencies-extras.cmake
-- Up-to-date symlink: /home/paul/resqbot_dev/control_ws/install/lotti_control/share/lotti_control/cmake/lotti_controlConfig.cmake
-- Up-to-date symlink: /home/paul/resqbot_dev/control_ws/install/lotti_control/share/lotti_control/cmake/lotti_controlConfig-version.cmake
-- Up-to-date symlink: /home/paul/resqbot_dev/control_ws/install/lotti_control/share/lotti_control/package.xml
-- Installing: /home/paul/resqbot_dev/control_ws/install/lotti_control/lib/liblotti_control.so
-- Set runtime path of "/home/paul/resqbot_dev/control_ws/install/lotti_control/lib/liblotti_control.so" to ""
-- Up-to-date: /home/paul/resqbot_dev/control_ws/install/lotti_control/share/lotti_control/cmake/export_lotti_controlExport.cmake
-- Up-to-date: /home/paul/resqbot_dev/control_ws/install/lotti_control/share/lotti_control/cmake/export_lotti_controlExport-noconfig.cmake
