[0.119s] DEBUG:colcon:Command line arguments: ['/usr/bin/colcon', 'build', '--symlink-install', '--packages-select', 'lotti_flipper_controller']
[0.119s] DEBUG:colcon:Parsed command line arguments: Namespace(log_base=None, log_level=None, verb_name='build', build_base='build', install_base='install', merge_install=False, symlink_install=True, test_result_base=None, continue_on_error=False, executor='parallel', parallel_workers=8, event_handlers=None, ignore_user_meta=False, metas=['./colcon.meta'], base_paths=['.'], packages_ignore=None, packages_ignore_regex=None, paths=None, packages_up_to=None, packages_up_to_regex=None, packages_above=None, packages_above_and_dependencies=None, packages_above_depth=None, packages_select_by_dep=None, packages_skip_by_dep=None, packages_skip_up_to=None, packages_select_build_failed=False, packages_skip_build_finished=False, packages_select_test_failures=False, packages_skip_test_passed=False, packages_select=['lotti_flipper_controller'], packages_skip=None, packages_select_regex=None, packages_skip_regex=None, packages_start=None, packages_end=None, allow_overriding=[], cmake_args=None, cmake_target=None, cmake_target_skip_unavailable=False, cmake_clean_cache=False, cmake_clean_first=False, cmake_force_configure=False, ament_cmake_args=None, catkin_cmake_args=None, catkin_skip_building_tests=False, mixin_files=None, mixin=None, verb_parser=<colcon_mixin.mixin.mixin_argument.MixinArgumentDecorator object at 0x76d9d0012410>, verb_extension=<colcon_core.verb.build.BuildVerb object at 0x76d9d0011ed0>, main=<bound method BuildVerb.main of <colcon_core.verb.build.BuildVerb object at 0x76d9d0011ed0>>, mixin_verb=('build',))
[0.313s] Level 1:colcon.colcon_core.package_discovery:discover_packages(colcon_meta) check parameters
[0.313s] Level 1:colcon.colcon_core.package_discovery:discover_packages(recursive) check parameters
[0.313s] Level 1:colcon.colcon_core.package_discovery:discover_packages(ignore) check parameters
[0.313s] Level 1:colcon.colcon_core.package_discovery:discover_packages(path) check parameters
[0.314s] Level 1:colcon.colcon_core.package_discovery:discover_packages(colcon_meta) discover
[0.314s] Level 1:colcon.colcon_core.package_discovery:discover_packages(recursive) discover
[0.314s] INFO:colcon.colcon_core.package_discovery:Crawling recursively for packages in '/home/paul/resqbot_dev/control_ws/src'
[0.314s] Level 1:colcon.colcon_core.package_identification:_identify(.) by extensions ['ignore', 'ignore_ament_install']
[0.314s] Level 1:colcon.colcon_core.package_identification:_identify(.) by extension 'ignore'
[0.314s] Level 1:colcon.colcon_core.package_identification:_identify(.) by extension 'ignore_ament_install'
[0.314s] Level 1:colcon.colcon_core.package_identification:_identify(.) by extensions ['colcon_pkg']
[0.314s] Level 1:colcon.colcon_core.package_identification:_identify(.) by extension 'colcon_pkg'
[0.314s] Level 1:colcon.colcon_core.package_identification:_identify(.) by extensions ['colcon_meta']
[0.314s] Level 1:colcon.colcon_core.package_identification:_identify(.) by extension 'colcon_meta'
[0.314s] Level 1:colcon.colcon_core.package_identification:_identify(.) by extensions ['ros']
[0.314s] Level 1:colcon.colcon_core.package_identification:_identify(.) by extension 'ros'
[0.326s] Level 1:colcon.colcon_core.package_identification:_identify(.) by extensions ['cmake', 'python']
[0.326s] Level 1:colcon.colcon_core.package_identification:_identify(.) by extension 'cmake'
[0.326s] Level 1:colcon.colcon_core.package_identification:_identify(.) by extension 'python'
[0.326s] Level 1:colcon.colcon_core.package_identification:_identify(.) by extensions ['python_setup_py']
[0.326s] Level 1:colcon.colcon_core.package_identification:_identify(.) by extension 'python_setup_py'
[0.326s] Level 1:colcon.colcon_core.package_identification:_identify(build) by extensions ['ignore', 'ignore_ament_install']
[0.326s] Level 1:colcon.colcon_core.package_identification:_identify(build) by extension 'ignore'
[0.326s] Level 1:colcon.colcon_core.package_identification:_identify(build) ignored
[0.327s] Level 1:colcon.colcon_core.package_identification:_identify(install) by extensions ['ignore', 'ignore_ament_install']
[0.327s] Level 1:colcon.colcon_core.package_identification:_identify(install) by extension 'ignore'
[0.327s] Level 1:colcon.colcon_core.package_identification:_identify(install) ignored
[0.327s] Level 1:colcon.colcon_core.package_identification:_identify(log) by extensions ['ignore', 'ignore_ament_install']
[0.327s] Level 1:colcon.colcon_core.package_identification:_identify(log) by extension 'ignore'
[0.327s] Level 1:colcon.colcon_core.package_identification:_identify(log) ignored
[0.327s] Level 1:colcon.colcon_core.package_identification:_identify(lotti_arm_controller) by extensions ['ignore', 'ignore_ament_install']
[0.327s] Level 1:colcon.colcon_core.package_identification:_identify(lotti_arm_controller) by extension 'ignore'
[0.327s] Level 1:colcon.colcon_core.package_identification:_identify(lotti_arm_controller) by extension 'ignore_ament_install'
[0.327s] Level 1:colcon.colcon_core.package_identification:_identify(lotti_arm_controller) by extensions ['colcon_pkg']
[0.327s] Level 1:colcon.colcon_core.package_identification:_identify(lotti_arm_controller) by extension 'colcon_pkg'
[0.327s] Level 1:colcon.colcon_core.package_identification:_identify(lotti_arm_controller) by extensions ['colcon_meta']
[0.327s] Level 1:colcon.colcon_core.package_identification:_identify(lotti_arm_controller) by extension 'colcon_meta'
[0.327s] Level 1:colcon.colcon_core.package_identification:_identify(lotti_arm_controller) by extensions ['ros']
[0.327s] Level 1:colcon.colcon_core.package_identification:_identify(lotti_arm_controller) by extension 'ros'
[0.330s] DEBUG:colcon.colcon_core.package_identification:Package 'lotti_arm_controller' with type 'ros.ament_cmake' and name 'lotti_arm_controller'
[0.330s] Level 1:colcon.colcon_core.package_identification:_identify(lotti_control) by extensions ['ignore', 'ignore_ament_install']
[0.330s] Level 1:colcon.colcon_core.package_identification:_identify(lotti_control) by extension 'ignore'
[0.330s] Level 1:colcon.colcon_core.package_identification:_identify(lotti_control) by extension 'ignore_ament_install'
[0.330s] Level 1:colcon.colcon_core.package_identification:_identify(lotti_control) by extensions ['colcon_pkg']
[0.330s] Level 1:colcon.colcon_core.package_identification:_identify(lotti_control) by extension 'colcon_pkg'
[0.330s] Level 1:colcon.colcon_core.package_identification:_identify(lotti_control) by extensions ['colcon_meta']
[0.330s] Level 1:colcon.colcon_core.package_identification:_identify(lotti_control) by extension 'colcon_meta'
[0.330s] Level 1:colcon.colcon_core.package_identification:_identify(lotti_control) by extensions ['ros']
[0.331s] Level 1:colcon.colcon_core.package_identification:_identify(lotti_control) by extension 'ros'
[0.333s] DEBUG:colcon.colcon_core.package_identification:Package 'lotti_control' with type 'ros.ament_cmake' and name 'lotti_control'
[0.333s] Level 1:colcon.colcon_core.package_identification:_identify(lotti_flipper_controller) by extensions ['ignore', 'ignore_ament_install']
[0.333s] Level 1:colcon.colcon_core.package_identification:_identify(lotti_flipper_controller) by extension 'ignore'
[0.333s] Level 1:colcon.colcon_core.package_identification:_identify(lotti_flipper_controller) by extension 'ignore_ament_install'
[0.333s] Level 1:colcon.colcon_core.package_identification:_identify(lotti_flipper_controller) by extensions ['colcon_pkg']
[0.333s] Level 1:colcon.colcon_core.package_identification:_identify(lotti_flipper_controller) by extension 'colcon_pkg'
[0.333s] Level 1:colcon.colcon_core.package_identification:_identify(lotti_flipper_controller) by extensions ['colcon_meta']
[0.333s] Level 1:colcon.colcon_core.package_identification:_identify(lotti_flipper_controller) by extension 'colcon_meta'
[0.333s] Level 1:colcon.colcon_core.package_identification:_identify(lotti_flipper_controller) by extensions ['ros']
[0.333s] Level 1:colcon.colcon_core.package_identification:_identify(lotti_flipper_controller) by extension 'ros'
[0.335s] DEBUG:colcon.colcon_core.package_identification:Package 'lotti_flipper_controller' with type 'ros.ament_cmake' and name 'lotti_flipper_controller'
[0.335s] Level 1:colcon.colcon_core.package_identification:_identify(lotti_teleop) by extensions ['ignore', 'ignore_ament_install']
[0.335s] Level 1:colcon.colcon_core.package_identification:_identify(lotti_teleop) by extension 'ignore'
[0.335s] Level 1:colcon.colcon_core.package_identification:_identify(lotti_teleop) by extension 'ignore_ament_install'
[0.335s] Level 1:colcon.colcon_core.package_identification:_identify(lotti_teleop) by extensions ['colcon_pkg']
[0.335s] Level 1:colcon.colcon_core.package_identification:_identify(lotti_teleop) by extension 'colcon_pkg'
[0.335s] Level 1:colcon.colcon_core.package_identification:_identify(lotti_teleop) by extensions ['colcon_meta']
[0.335s] Level 1:colcon.colcon_core.package_identification:_identify(lotti_teleop) by extension 'colcon_meta'
[0.335s] Level 1:colcon.colcon_core.package_identification:_identify(lotti_teleop) by extensions ['ros']
[0.335s] Level 1:colcon.colcon_core.package_identification:_identify(lotti_teleop) by extension 'ros'
[0.336s] DEBUG:colcon.colcon_core.package_identification:Package 'lotti_teleop' with type 'ros.ament_python' and name 'lotti_teleop'
[0.336s] Level 1:colcon.colcon_core.package_discovery:discover_packages(recursive) using defaults
[0.336s] Level 1:colcon.colcon_core.package_discovery:discover_packages(ignore) discover
[0.336s] Level 1:colcon.colcon_core.package_discovery:discover_packages(ignore) using defaults
[0.336s] Level 1:colcon.colcon_core.package_discovery:discover_packages(path) discover
[0.336s] Level 1:colcon.colcon_core.package_discovery:discover_packages(path) using defaults
[0.373s] INFO:colcon.colcon_core.package_selection:Skipping not selected package 'lotti_arm_controller' in 'lotti_arm_controller'
[0.374s] INFO:colcon.colcon_core.package_selection:Skipping not selected package 'lotti_control' in 'lotti_control'
[0.374s] INFO:colcon.colcon_core.package_selection:Skipping not selected package 'lotti_teleop' in 'lotti_teleop'
[0.374s] Level 1:colcon.colcon_core.package_discovery:discover_packages(prefix_path) check parameters
[0.374s] Level 1:colcon.colcon_core.package_discovery:discover_packages(prefix_path) discover
[0.376s] DEBUG:colcon.colcon_installed_package_information.package_discovery:Found 1 installed packages in /home/paul/ws_livox/install
[0.377s] DEBUG:colcon.colcon_installed_package_information.package_discovery:Found 17 installed packages in /home/paul/ros2_ws/install
[0.379s] DEBUG:colcon.colcon_installed_package_information.package_discovery:Found 357 installed packages in /opt/ros/humble
[0.382s] Level 1:colcon.colcon_core.package_discovery:discover_packages(prefix_path) using defaults
[0.434s] Level 5:colcon.colcon_core.verb:set package 'lotti_flipper_controller' build argument 'cmake_args' from command line to 'None'
[0.434s] Level 5:colcon.colcon_core.verb:set package 'lotti_flipper_controller' build argument 'cmake_target' from command line to 'None'
[0.434s] Level 5:colcon.colcon_core.verb:set package 'lotti_flipper_controller' build argument 'cmake_target_skip_unavailable' from command line to 'False'
[0.434s] Level 5:colcon.colcon_core.verb:set package 'lotti_flipper_controller' build argument 'cmake_clean_cache' from command line to 'False'
[0.434s] Level 5:colcon.colcon_core.verb:set package 'lotti_flipper_controller' build argument 'cmake_clean_first' from command line to 'False'
[0.434s] Level 5:colcon.colcon_core.verb:set package 'lotti_flipper_controller' build argument 'cmake_force_configure' from command line to 'False'
[0.434s] Level 5:colcon.colcon_core.verb:set package 'lotti_flipper_controller' build argument 'ament_cmake_args' from command line to 'None'
[0.434s] Level 5:colcon.colcon_core.verb:set package 'lotti_flipper_controller' build argument 'catkin_cmake_args' from command line to 'None'
[0.434s] Level 5:colcon.colcon_core.verb:set package 'lotti_flipper_controller' build argument 'catkin_skip_building_tests' from command line to 'False'
[0.434s] DEBUG:colcon.colcon_core.verb:Building package 'lotti_flipper_controller' with the following arguments: {'ament_cmake_args': None, 'build_base': '/home/paul/resqbot_dev/control_ws/src/build/lotti_flipper_controller', 'catkin_cmake_args': None, 'catkin_skip_building_tests': False, 'cmake_args': None, 'cmake_clean_cache': False, 'cmake_clean_first': False, 'cmake_force_configure': False, 'cmake_target': None, 'cmake_target_skip_unavailable': False, 'install_base': '/home/paul/resqbot_dev/control_ws/src/install/lotti_flipper_controller', 'merge_install': False, 'path': '/home/paul/resqbot_dev/control_ws/src/lotti_flipper_controller', 'symlink_install': True, 'test_result_base': None}
[0.435s] INFO:colcon.colcon_core.executor:Executing jobs using 'parallel' executor
[0.436s] DEBUG:colcon.colcon_parallel_executor.executor.parallel:run_until_complete
[0.436s] INFO:colcon.colcon_ros.task.ament_cmake.build:Building ROS package in '/home/paul/resqbot_dev/control_ws/src/lotti_flipper_controller' with build type 'ament_cmake'
[0.436s] INFO:colcon.colcon_cmake.task.cmake.build:Building CMake package in '/home/paul/resqbot_dev/control_ws/src/lotti_flipper_controller'
[0.439s] INFO:colcon.colcon_core.plugin_system:Skipping extension 'colcon_core.shell.bat': Not used on non-Windows systems
[0.439s] INFO:colcon.colcon_core.shell:Skip shell extension 'powershell' for command environment: Not usable outside of PowerShell
[0.439s] DEBUG:colcon.colcon_core.shell:Skip shell extension 'dsv' for command environment
[0.458s] DEBUG:colcon.colcon_core.event_handler.log_command:Invoking command in '/home/paul/resqbot_dev/control_ws/src/build/lotti_flipper_controller': CMAKE_PREFIX_PATH=${CMAKE_PREFIX_PATH}:/opt/ros/humble /usr/bin/cmake /home/paul/resqbot_dev/control_ws/src/lotti_flipper_controller -DAMENT_CMAKE_SYMLINK_INSTALL=1 -DCMAKE_INSTALL_PREFIX=/home/paul/resqbot_dev/control_ws/src/install/lotti_flipper_controller
[1.322s] DEBUG:colcon.colcon_core.event_handler.log_command:Invoked command in '/home/paul/resqbot_dev/control_ws/src/build/lotti_flipper_controller' returned '1': CMAKE_PREFIX_PATH=${CMAKE_PREFIX_PATH}:/opt/ros/humble /usr/bin/cmake /home/paul/resqbot_dev/control_ws/src/lotti_flipper_controller -DAMENT_CMAKE_SYMLINK_INSTALL=1 -DCMAKE_INSTALL_PREFIX=/home/paul/resqbot_dev/control_ws/src/install/lotti_flipper_controller
[1.355s] Level 1:colcon.colcon_core.environment:create_environment_scripts_only(lotti_flipper_controller)
[1.361s] Level 1:colcon.colcon_core.environment:checking '/home/paul/resqbot_dev/control_ws/src/install/lotti_flipper_controller' for CMake module files
[1.362s] Level 1:colcon.colcon_core.environment:checking '/home/paul/resqbot_dev/control_ws/src/install/lotti_flipper_controller' for CMake config files
[1.363s] Level 1:colcon.colcon_core.environment:checking '/home/paul/resqbot_dev/control_ws/src/install/lotti_flipper_controller/bin'
[1.364s] Level 1:colcon.colcon_core.environment:checking '/home/paul/resqbot_dev/control_ws/src/install/lotti_flipper_controller/lib/pkgconfig/lotti_flipper_controller.pc'
[1.364s] Level 1:colcon.colcon_core.environment:checking '/home/paul/resqbot_dev/control_ws/src/install/lotti_flipper_controller/lib/python3.10/site-packages'
[1.365s] Level 1:colcon.colcon_core.environment:checking '/home/paul/resqbot_dev/control_ws/src/install/lotti_flipper_controller/bin'
[1.366s] INFO:colcon.colcon_core.shell:Creating package script '/home/paul/resqbot_dev/control_ws/src/install/lotti_flipper_controller/share/lotti_flipper_controller/package.ps1'
[1.368s] INFO:colcon.colcon_core.shell:Creating package descriptor '/home/paul/resqbot_dev/control_ws/src/install/lotti_flipper_controller/share/lotti_flipper_controller/package.dsv'
[1.370s] INFO:colcon.colcon_core.shell:Creating package script '/home/paul/resqbot_dev/control_ws/src/install/lotti_flipper_controller/share/lotti_flipper_controller/package.sh'
[1.372s] INFO:colcon.colcon_core.shell:Creating package script '/home/paul/resqbot_dev/control_ws/src/install/lotti_flipper_controller/share/lotti_flipper_controller/package.bash'
[1.374s] INFO:colcon.colcon_core.shell:Creating package script '/home/paul/resqbot_dev/control_ws/src/install/lotti_flipper_controller/share/lotti_flipper_controller/package.zsh'
[1.376s] Level 1:colcon.colcon_core.environment:create_file_with_runtime_dependencies(/home/paul/resqbot_dev/control_ws/src/install/lotti_flipper_controller/share/colcon-core/packages/lotti_flipper_controller)
[1.387s] DEBUG:colcon.colcon_parallel_executor.executor.parallel:closing loop
[1.387s] DEBUG:colcon.colcon_parallel_executor.executor.parallel:loop closed
[1.387s] DEBUG:colcon.colcon_parallel_executor.executor.parallel:run_until_complete finished with '1'
[1.387s] DEBUG:colcon.colcon_core.event_reactor:joining thread
[1.402s] INFO:colcon.colcon_core.plugin_system:Skipping extension 'colcon_notification.desktop_notification.terminal_notifier': Not used on non-Darwin systems
[1.402s] INFO:colcon.colcon_core.plugin_system:Skipping extension 'colcon_notification.desktop_notification.win32': Not used on non-Windows systems
[1.402s] INFO:colcon.colcon_notification.desktop_notification:Sending desktop notification using 'notify2'
[1.423s] DEBUG:colcon.colcon_core.event_reactor:joined thread
[1.423s] INFO:colcon.colcon_core.shell:Creating prefix script '/home/paul/resqbot_dev/control_ws/src/install/local_setup.ps1'
[1.427s] INFO:colcon.colcon_core.shell:Creating prefix util module '/home/paul/resqbot_dev/control_ws/src/install/_local_setup_util_ps1.py'
[1.433s] INFO:colcon.colcon_core.shell:Creating prefix chain script '/home/paul/resqbot_dev/control_ws/src/install/setup.ps1'
[1.440s] INFO:colcon.colcon_core.shell:Creating prefix script '/home/paul/resqbot_dev/control_ws/src/install/local_setup.sh'
[1.441s] INFO:colcon.colcon_core.shell:Creating prefix util module '/home/paul/resqbot_dev/control_ws/src/install/_local_setup_util_sh.py'
[1.443s] INFO:colcon.colcon_core.shell:Creating prefix chain script '/home/paul/resqbot_dev/control_ws/src/install/setup.sh'
[1.448s] INFO:colcon.colcon_core.shell:Creating prefix script '/home/paul/resqbot_dev/control_ws/src/install/local_setup.bash'
[1.449s] INFO:colcon.colcon_core.shell:Creating prefix chain script '/home/paul/resqbot_dev/control_ws/src/install/setup.bash'
[1.456s] INFO:colcon.colcon_core.shell:Creating prefix script '/home/paul/resqbot_dev/control_ws/src/install/local_setup.zsh'
[1.458s] INFO:colcon.colcon_core.shell:Creating prefix chain script '/home/paul/resqbot_dev/control_ws/src/install/setup.zsh'
