-- The C compiler identification is GNU 11.4.0
-- The CXX compiler identification is GNU 11.4.0
-- Detecting C compiler ABI info
-- Detecting C compiler ABI info - done
-- Check for working C compiler: /usr/bin/cc - skipped
-- Detecting C compile features
-- Detecting C compile features - done
-- Detecting CXX compiler ABI info
-- Detecting CXX compiler ABI info - done
-- Check for working CXX compiler: /usr/bin/c++ - skipped
-- Detecting CXX compile features
-- Detecting CXX compile features - done
-- Found ament_cmake: 1.3.11 (/opt/ros/humble/share/ament_cmake/cmake)
-- Found Python3: /usr/bin/python3 (found version "3.10.12") found components: Interpreter 
-- Found pluginlib: 5.1.0 (/opt/ros/humble/share/pluginlib/cmake)
-- Found controller_interface: 2.50.0 (/opt/ros/humble/share/controller_interface/cmake)
-- Found rosidl_generator_c: 3.1.6 (/opt/ros/humble/share/rosidl_generator_c/cmake)
-- Found rosidl_adapter: 3.1.6 (/opt/ros/humble/share/rosidl_adapter/cmake)
-- Found rosidl_generator_cpp: 3.1.6 (/opt/ros/humble/share/rosidl_generator_cpp/cmake)
-- Using all available rosidl_typesupport_c: rosidl_typesupport_fastrtps_c;rosidl_typesupport_introspection_c
-- Using all available rosidl_typesupport_cpp: rosidl_typesupport_fastrtps_cpp;rosidl_typesupport_introspection_cpp
-- Found rmw_implementation_cmake: 6.1.2 (/opt/ros/humble/share/rmw_implementation_cmake/cmake)
-- Found rmw_fastrtps_cpp: 6.2.7 (/opt/ros/humble/share/rmw_fastrtps_cpp/cmake)
-- Found TinyXML2 via Config file: TinyXML2_DIR-NOTFOUND
-- Found OpenSSL: /usr/lib/x86_64-linux-gnu/libcrypto.so (found version "3.0.2")  
-- Found TinyXML2 via Config file: TinyXML2_DIR-NOTFOUND
-- Found FastRTPS: /opt/ros/humble/include  
-- Found TinyXML2 via Config file: TinyXML2_DIR-NOTFOUND
-- Found TinyXML2 via Config file: TinyXML2_DIR-NOTFOUND
-- Using RMW implementation 'rmw_fastrtps_cpp' as default
-- Looking for pthread.h
-- Looking for pthread.h - found
-- Performing Test CMAKE_HAVE_LIBC_PTHREAD
-- Performing Test CMAKE_HAVE_LIBC_PTHREAD - Success
-- Found Threads: TRUE  
-- Found realtime_tools: 2.13.0 (/opt/ros/humble/share/realtime_tools/cmake)
-- Found ament_lint_auto: 0.12.12 (/opt/ros/humble/share/ament_lint_auto/cmake)
-- Added test 'cppcheck' to perform static code analysis on C / C++ code
-- Configured cppcheck include dirs: $<BUILD_INTERFACE:/home/resqbots/control_ws/src/lotti_flipper_controller/lotti_flipper_controller/include/>
-- Configured cppcheck exclude dirs and/or files: 
-- Added test 'lint_cmake' to check CMake code style
-- Added test 'uncrustify' to check C / C++ code style
-- Configured uncrustify additional arguments: 
-- Added test 'xmllint' to check XML markup files
-- Configuring done
-- Generating done
-- Build files have been written to: /home/resqbots/control_ws/build/lotti_flipper_controller
[ 50%] [32mBuilding CXX object CMakeFiles/lotti_flipper_controller.dir/lotti_flipper_controller/flipper_controller.cpp.o[0m
[01m[K/home/resqbots/control_ws/src/lotti_flipper_controller/lotti_flipper_controller/flipper_controller.cpp:[m[K In member function ‘[01m[Kvirtual controller_interface::return_type flipper_controller::FlipperController::update(const rclcpp::Time&, const rclcpp::Duration&)[m[K’:
[01m[K/home/resqbots/control_ws/src/lotti_flipper_controller/lotti_flipper_controller/flipper_controller.cpp:118:26:[m[K [01;35m[Kwarning: [m[Kunused parameter ‘[01m[Ktime[m[K’ [[01;35m[K]8;;https://gcc.gnu.org/onlinedocs/gcc/Warning-Options.html#index-Wunused-parameter-Wunused-parameter]8;;[m[K]
  118 |     [01;35m[Kconst rclcpp::Time & time[m[K, const rclcpp::Duration & /*period*/){
      |     [01;35m[K~~~~~~~~~~~~~~~~~~~~~^~~~[m[K
[100%] [32m[1mLinking CXX shared library liblotti_flipper_controller.so[0m
[100%] Built target lotti_flipper_controller
-- Install configuration: ""
-- Installing: /home/resqbots/control_ws/install/lotti_flipper_controller/share/lotti_flipper_controller/lotti_flipper_controller.xml
-- Installing: /home/resqbots/control_ws/install/lotti_flipper_controller/include/lotti_flipper_controller
-- Installing: /home/resqbots/control_ws/install/lotti_flipper_controller/include/lotti_flipper_controller/lotti_flipper_controller
-- Installing: /home/resqbots/control_ws/install/lotti_flipper_controller/include/lotti_flipper_controller/lotti_flipper_controller/flipper_controller.hpp
-- Installing: /home/resqbots/control_ws/install/lotti_flipper_controller/lib/liblotti_flipper_controller.so
-- Set runtime path of "/home/resqbots/control_ws/install/lotti_flipper_controller/lib/liblotti_flipper_controller.so" to ""
-- Installing: /home/resqbots/control_ws/install/lotti_flipper_controller/share/lotti_flipper_controller/environment/library_path.sh
-- Installing: /home/resqbots/control_ws/install/lotti_flipper_controller/share/lotti_flipper_controller/environment/library_path.dsv
-- Installing: /home/resqbots/control_ws/install/lotti_flipper_controller/share/ament_index/resource_index/package_run_dependencies/lotti_flipper_controller
-- Installing: /home/resqbots/control_ws/install/lotti_flipper_controller/share/ament_index/resource_index/parent_prefix_path/lotti_flipper_controller
-- Installing: /home/resqbots/control_ws/install/lotti_flipper_controller/share/lotti_flipper_controller/environment/ament_prefix_path.sh
-- Installing: /home/resqbots/control_ws/install/lotti_flipper_controller/share/lotti_flipper_controller/environment/ament_prefix_path.dsv
-- Installing: /home/resqbots/control_ws/install/lotti_flipper_controller/share/lotti_flipper_controller/environment/path.sh
-- Installing: /home/resqbots/control_ws/install/lotti_flipper_controller/share/lotti_flipper_controller/environment/path.dsv
-- Installing: /home/resqbots/control_ws/install/lotti_flipper_controller/share/lotti_flipper_controller/local_setup.bash
-- Installing: /home/resqbots/control_ws/install/lotti_flipper_controller/share/lotti_flipper_controller/local_setup.sh
-- Installing: /home/resqbots/control_ws/install/lotti_flipper_controller/share/lotti_flipper_controller/local_setup.zsh
-- Installing: /home/resqbots/control_ws/install/lotti_flipper_controller/share/lotti_flipper_controller/local_setup.dsv
-- Installing: /home/resqbots/control_ws/install/lotti_flipper_controller/share/lotti_flipper_controller/package.dsv
-- Installing: /home/resqbots/control_ws/install/lotti_flipper_controller/share/ament_index/resource_index/packages/lotti_flipper_controller
-- Installing: /home/resqbots/control_ws/install/lotti_flipper_controller/share/ament_index/resource_index/controller_interface__pluginlib__plugin/lotti_flipper_controller
-- Installing: /home/resqbots/control_ws/install/lotti_flipper_controller/share/lotti_flipper_controller/cmake/export_lotti_flipper_controllerExport.cmake
-- Installing: /home/resqbots/control_ws/install/lotti_flipper_controller/share/lotti_flipper_controller/cmake/export_lotti_flipper_controllerExport-noconfig.cmake
-- Installing: /home/resqbots/control_ws/install/lotti_flipper_controller/share/lotti_flipper_controller/cmake/ament_cmake_export_targets-extras.cmake
-- Installing: /home/resqbots/control_ws/install/lotti_flipper_controller/share/lotti_flipper_controller/cmake/ament_cmake_export_dependencies-extras.cmake
-- Installing: /home/resqbots/control_ws/install/lotti_flipper_controller/share/lotti_flipper_controller/cmake/lotti_flipper_controllerConfig.cmake
-- Installing: /home/resqbots/control_ws/install/lotti_flipper_controller/share/lotti_flipper_controller/cmake/lotti_flipper_controllerConfig-version.cmake
-- Installing: /home/resqbots/control_ws/install/lotti_flipper_controller/share/lotti_flipper_controller/package.xml
