[0.027s] Invoking command in '/home/resqbots/control_ws/build/lotti_flipper_controller': CMAKE_PREFIX_PATH=${CMAKE_PREFIX_PATH}:/home/resqbots/control_ws/install/lotti_teleop:/home/resqbots/dev_ws/install/velocityListener:/home/resqbots/dev_ws/install/resqbot_flipper_interface:/home/resqbots/dev_ws/install/resqbot_drive_motor_controller:/home/resqbots/dev_ws/install/resqbot_drive_interface:/home/resqbots/dev_ws/install/resqbot_camera_arm:/home/resqbots/dev_ws/install/flipper_drive:/home/resqbots/dev_ws/install/chain_controller:/home/resqbots/dev_ws/install/camera_arm:/home/resqbots/dev_ws/install/botlaunch:/home/resqbots/dev_ws/install/bot_camera_arm:/home/resqbots/dev_ws/install/angle_publisher:/home/resqbots/ros2_ws/install/tele_op:/home/resqbots/ros2_ws/install/resqbot_flipper_interface:/home/resqbots/ros2_ws/install/resqbot_drive_interface:/home/resqbots/ros2_ws/install/camera_arm:/home/resqbots/ros2_ws/install/botlaunch:/home/resqbots/ros2_ws/install/bot_camera_arm:/opt/ros/humble /usr/bin/cmake /home/resqbots/control_ws/src/lotti_flipper_controller -DCMAKE_INSTALL_PREFIX=/home/resqbots/control_ws/install/lotti_flipper_controller
[0.096s] -- The C compiler identification is GNU 11.4.0
[0.167s] -- The CXX compiler identification is GNU 11.4.0
[0.175s] -- Detecting C compiler ABI info
[0.257s] -- Detecting C compiler ABI info - done
[0.265s] -- Check for working C compiler: /usr/bin/cc - skipped
[0.266s] -- Detecting C compile features
[0.266s] -- Detecting C compile features - done
[0.270s] -- Detecting CXX compiler ABI info
[0.365s] -- Detecting CXX compiler ABI info - done
[0.373s] -- Check for working CXX compiler: /usr/bin/c++ - skipped
[0.374s] -- Detecting CXX compile features
[0.374s] -- Detecting CXX compile features - done
[0.391s] -- Found ament_cmake: 1.3.11 (/opt/ros/humble/share/ament_cmake/cmake)
[0.644s] -- Found Python3: /usr/bin/python3 (found version "3.10.12") found components: Interpreter 
[0.826s] -- Found pluginlib: 5.1.0 (/opt/ros/humble/share/pluginlib/cmake)
[0.910s] -- Found controller_interface: 2.50.0 (/opt/ros/humble/share/controller_interface/cmake)
[0.991s] -- Found rosidl_generator_c: 3.1.6 (/opt/ros/humble/share/rosidl_generator_c/cmake)
[1.005s] -- Found rosidl_adapter: 3.1.6 (/opt/ros/humble/share/rosidl_adapter/cmake)
[1.023s] -- Found rosidl_generator_cpp: 3.1.6 (/opt/ros/humble/share/rosidl_generator_cpp/cmake)
[1.046s] -- Using all available rosidl_typesupport_c: rosidl_typesupport_fastrtps_c;rosidl_typesupport_introspection_c
[1.069s] -- Using all available rosidl_typesupport_cpp: rosidl_typesupport_fastrtps_cpp;rosidl_typesupport_introspection_cpp
[1.361s] -- Found rmw_implementation_cmake: 6.1.2 (/opt/ros/humble/share/rmw_implementation_cmake/cmake)
[1.369s] -- Found rmw_fastrtps_cpp: 6.2.7 (/opt/ros/humble/share/rmw_fastrtps_cpp/cmake)
[1.418s] -- Found TinyXML2 via Config file: TinyXML2_DIR-NOTFOUND
[1.496s] -- Found OpenSSL: /usr/lib/x86_64-linux-gnu/libcrypto.so (found version "3.0.2")  
[1.502s] -- Found TinyXML2 via Config file: TinyXML2_DIR-NOTFOUND
[1.527s] -- Found FastRTPS: /opt/ros/humble/include  
[1.531s] -- Found TinyXML2 via Config file: TinyXML2_DIR-NOTFOUND
[1.541s] -- Found TinyXML2 via Config file: TinyXML2_DIR-NOTFOUND
[1.555s] -- Using RMW implementation 'rmw_fastrtps_cpp' as default
[1.577s] -- Looking for pthread.h
[1.695s] -- Looking for pthread.h - found
[1.695s] -- Performing Test CMAKE_HAVE_LIBC_PTHREAD
[1.815s] -- Performing Test CMAKE_HAVE_LIBC_PTHREAD - Success
[1.817s] -- Found Threads: TRUE  
[1.909s] -- Found realtime_tools: 2.13.0 (/opt/ros/humble/share/realtime_tools/cmake)
[1.961s] -- Found ament_lint_auto: 0.12.12 (/opt/ros/humble/share/ament_lint_auto/cmake)
[2.175s] -- Added test 'cppcheck' to perform static code analysis on C / C++ code
[2.176s] -- Configured cppcheck include dirs: $<BUILD_INTERFACE:/home/resqbots/control_ws/src/lotti_flipper_controller/lotti_flipper_controller/include/>
[2.176s] -- Configured cppcheck exclude dirs and/or files: 
[2.177s] -- Added test 'lint_cmake' to check CMake code style
[2.180s] -- Added test 'uncrustify' to check C / C++ code style
[2.180s] -- Configured uncrustify additional arguments: 
[2.181s] -- Added test 'xmllint' to check XML markup files
[2.187s] -- Configuring done
[2.235s] -- Generating done
[2.241s] -- Build files have been written to: /home/resqbots/control_ws/build/lotti_flipper_controller
[2.254s] Invoked command in '/home/resqbots/control_ws/build/lotti_flipper_controller' returned '0': CMAKE_PREFIX_PATH=${CMAKE_PREFIX_PATH}:/home/resqbots/control_ws/install/lotti_teleop:/home/resqbots/dev_ws/install/velocityListener:/home/resqbots/dev_ws/install/resqbot_flipper_interface:/home/resqbots/dev_ws/install/resqbot_drive_motor_controller:/home/resqbots/dev_ws/install/resqbot_drive_interface:/home/resqbots/dev_ws/install/resqbot_camera_arm:/home/resqbots/dev_ws/install/flipper_drive:/home/resqbots/dev_ws/install/chain_controller:/home/resqbots/dev_ws/install/camera_arm:/home/resqbots/dev_ws/install/botlaunch:/home/resqbots/dev_ws/install/bot_camera_arm:/home/resqbots/dev_ws/install/angle_publisher:/home/resqbots/ros2_ws/install/tele_op:/home/resqbots/ros2_ws/install/resqbot_flipper_interface:/home/resqbots/ros2_ws/install/resqbot_drive_interface:/home/resqbots/ros2_ws/install/camera_arm:/home/resqbots/ros2_ws/install/botlaunch:/home/resqbots/ros2_ws/install/bot_camera_arm:/opt/ros/humble /usr/bin/cmake /home/resqbots/control_ws/src/lotti_flipper_controller -DCMAKE_INSTALL_PREFIX=/home/resqbots/control_ws/install/lotti_flipper_controller
[2.256s] Invoking command in '/home/resqbots/control_ws/build/lotti_flipper_controller': CMAKE_PREFIX_PATH=${CMAKE_PREFIX_PATH}:/home/resqbots/control_ws/install/lotti_teleop:/home/resqbots/dev_ws/install/velocityListener:/home/resqbots/dev_ws/install/resqbot_flipper_interface:/home/resqbots/dev_ws/install/resqbot_drive_motor_controller:/home/resqbots/dev_ws/install/resqbot_drive_interface:/home/resqbots/dev_ws/install/resqbot_camera_arm:/home/resqbots/dev_ws/install/flipper_drive:/home/resqbots/dev_ws/install/chain_controller:/home/resqbots/dev_ws/install/camera_arm:/home/resqbots/dev_ws/install/botlaunch:/home/resqbots/dev_ws/install/bot_camera_arm:/home/resqbots/dev_ws/install/angle_publisher:/home/resqbots/ros2_ws/install/tele_op:/home/resqbots/ros2_ws/install/resqbot_flipper_interface:/home/resqbots/ros2_ws/install/resqbot_drive_interface:/home/resqbots/ros2_ws/install/camera_arm:/home/resqbots/ros2_ws/install/botlaunch:/home/resqbots/ros2_ws/install/bot_camera_arm:/opt/ros/humble /usr/bin/cmake --build /home/resqbots/control_ws/build/lotti_flipper_controller -- -j8 -l8
[2.316s] [ 50%] [32mBuilding CXX object CMakeFiles/lotti_flipper_controller.dir/lotti_flipper_controller/flipper_controller.cpp.o[0m
[5.150s] [01m[K/home/resqbots/control_ws/src/lotti_flipper_controller/lotti_flipper_controller/flipper_controller.cpp:[m[K In member function ‘[01m[Kvirtual controller_interface::return_type flipper_controller::FlipperController::update(const rclcpp::Time&, const rclcpp::Duration&)[m[K’:
[5.150s] [01m[K/home/resqbots/control_ws/src/lotti_flipper_controller/lotti_flipper_controller/flipper_controller.cpp:118:26:[m[K [01;35m[Kwarning: [m[Kunused parameter ‘[01m[Ktime[m[K’ [[01;35m[K]8;;https://gcc.gnu.org/onlinedocs/gcc/Warning-Options.html#index-Wunused-parameter-Wunused-parameter]8;;[m[K]
[5.150s]   118 |     [01;35m[Kconst rclcpp::Time & time[m[K, const rclcpp::Duration & /*period*/){
[5.150s]       |     [01;35m[K~~~~~~~~~~~~~~~~~~~~~^~~~[m[K
[11.979s] [100%] [32m[1mLinking CXX shared library liblotti_flipper_controller.so[0m
[12.529s] [100%] Built target lotti_flipper_controller
[12.541s] Invoked command in '/home/resqbots/control_ws/build/lotti_flipper_controller' returned '0': CMAKE_PREFIX_PATH=${CMAKE_PREFIX_PATH}:/home/resqbots/control_ws/install/lotti_teleop:/home/resqbots/dev_ws/install/velocityListener:/home/resqbots/dev_ws/install/resqbot_flipper_interface:/home/resqbots/dev_ws/install/resqbot_drive_motor_controller:/home/resqbots/dev_ws/install/resqbot_drive_interface:/home/resqbots/dev_ws/install/resqbot_camera_arm:/home/resqbots/dev_ws/install/flipper_drive:/home/resqbots/dev_ws/install/chain_controller:/home/resqbots/dev_ws/install/camera_arm:/home/resqbots/dev_ws/install/botlaunch:/home/resqbots/dev_ws/install/bot_camera_arm:/home/resqbots/dev_ws/install/angle_publisher:/home/resqbots/ros2_ws/install/tele_op:/home/resqbots/ros2_ws/install/resqbot_flipper_interface:/home/resqbots/ros2_ws/install/resqbot_drive_interface:/home/resqbots/ros2_ws/install/camera_arm:/home/resqbots/ros2_ws/install/botlaunch:/home/resqbots/ros2_ws/install/bot_camera_arm:/opt/ros/humble /usr/bin/cmake --build /home/resqbots/control_ws/build/lotti_flipper_controller -- -j8 -l8
[12.543s] Invoking command in '/home/resqbots/control_ws/build/lotti_flipper_controller': CMAKE_PREFIX_PATH=${CMAKE_PREFIX_PATH}:/home/resqbots/control_ws/install/lotti_teleop:/home/resqbots/dev_ws/install/velocityListener:/home/resqbots/dev_ws/install/resqbot_flipper_interface:/home/resqbots/dev_ws/install/resqbot_drive_motor_controller:/home/resqbots/dev_ws/install/resqbot_drive_interface:/home/resqbots/dev_ws/install/resqbot_camera_arm:/home/resqbots/dev_ws/install/flipper_drive:/home/resqbots/dev_ws/install/chain_controller:/home/resqbots/dev_ws/install/camera_arm:/home/resqbots/dev_ws/install/botlaunch:/home/resqbots/dev_ws/install/bot_camera_arm:/home/resqbots/dev_ws/install/angle_publisher:/home/resqbots/ros2_ws/install/tele_op:/home/resqbots/ros2_ws/install/resqbot_flipper_interface:/home/resqbots/ros2_ws/install/resqbot_drive_interface:/home/resqbots/ros2_ws/install/camera_arm:/home/resqbots/ros2_ws/install/botlaunch:/home/resqbots/ros2_ws/install/bot_camera_arm:/opt/ros/humble /usr/bin/cmake --install /home/resqbots/control_ws/build/lotti_flipper_controller
[12.552s] -- Install configuration: ""
[12.552s] -- Installing: /home/resqbots/control_ws/install/lotti_flipper_controller/share/lotti_flipper_controller/lotti_flipper_controller.xml
[12.552s] -- Installing: /home/resqbots/control_ws/install/lotti_flipper_controller/include/lotti_flipper_controller
[12.552s] -- Installing: /home/resqbots/control_ws/install/lotti_flipper_controller/include/lotti_flipper_controller/lotti_flipper_controller
[12.552s] -- Installing: /home/resqbots/control_ws/install/lotti_flipper_controller/include/lotti_flipper_controller/lotti_flipper_controller/flipper_controller.hpp
[12.552s] -- Installing: /home/resqbots/control_ws/install/lotti_flipper_controller/lib/liblotti_flipper_controller.so
[12.559s] -- Set runtime path of "/home/resqbots/control_ws/install/lotti_flipper_controller/lib/liblotti_flipper_controller.so" to ""
[12.559s] -- Installing: /home/resqbots/control_ws/install/lotti_flipper_controller/share/lotti_flipper_controller/environment/library_path.sh
[12.559s] -- Installing: /home/resqbots/control_ws/install/lotti_flipper_controller/share/lotti_flipper_controller/environment/library_path.dsv
[12.559s] -- Installing: /home/resqbots/control_ws/install/lotti_flipper_controller/share/ament_index/resource_index/package_run_dependencies/lotti_flipper_controller
[12.559s] -- Installing: /home/resqbots/control_ws/install/lotti_flipper_controller/share/ament_index/resource_index/parent_prefix_path/lotti_flipper_controller
[12.559s] -- Installing: /home/resqbots/control_ws/install/lotti_flipper_controller/share/lotti_flipper_controller/environment/ament_prefix_path.sh
[12.560s] -- Installing: /home/resqbots/control_ws/install/lotti_flipper_controller/share/lotti_flipper_controller/environment/ament_prefix_path.dsv
[12.560s] -- Installing: /home/resqbots/control_ws/install/lotti_flipper_controller/share/lotti_flipper_controller/environment/path.sh
[12.560s] -- Installing: /home/resqbots/control_ws/install/lotti_flipper_controller/share/lotti_flipper_controller/environment/path.dsv
[12.560s] -- Installing: /home/resqbots/control_ws/install/lotti_flipper_controller/share/lotti_flipper_controller/local_setup.bash
[12.560s] -- Installing: /home/resqbots/control_ws/install/lotti_flipper_controller/share/lotti_flipper_controller/local_setup.sh
[12.560s] -- Installing: /home/resqbots/control_ws/install/lotti_flipper_controller/share/lotti_flipper_controller/local_setup.zsh
[12.560s] -- Installing: /home/resqbots/control_ws/install/lotti_flipper_controller/share/lotti_flipper_controller/local_setup.dsv
[12.560s] -- Installing: /home/resqbots/control_ws/install/lotti_flipper_controller/share/lotti_flipper_controller/package.dsv
[12.560s] -- Installing: /home/resqbots/control_ws/install/lotti_flipper_controller/share/ament_index/resource_index/packages/lotti_flipper_controller
[12.561s] -- Installing: /home/resqbots/control_ws/install/lotti_flipper_controller/share/ament_index/resource_index/controller_interface__pluginlib__plugin/lotti_flipper_controller
[12.561s] -- Installing: /home/resqbots/control_ws/install/lotti_flipper_controller/share/lotti_flipper_controller/cmake/export_lotti_flipper_controllerExport.cmake
[12.561s] -- Installing: /home/resqbots/control_ws/install/lotti_flipper_controller/share/lotti_flipper_controller/cmake/export_lotti_flipper_controllerExport-noconfig.cmake
[12.561s] -- Installing: /home/resqbots/control_ws/install/lotti_flipper_controller/share/lotti_flipper_controller/cmake/ament_cmake_export_targets-extras.cmake
[12.561s] -- Installing: /home/resqbots/control_ws/install/lotti_flipper_controller/share/lotti_flipper_controller/cmake/ament_cmake_export_dependencies-extras.cmake
[12.562s] -- Installing: /home/resqbots/control_ws/install/lotti_flipper_controller/share/lotti_flipper_controller/cmake/lotti_flipper_controllerConfig.cmake
[12.562s] -- Installing: /home/resqbots/control_ws/install/lotti_flipper_controller/share/lotti_flipper_controller/cmake/lotti_flipper_controllerConfig-version.cmake
[12.562s] -- Installing: /home/resqbots/control_ws/install/lotti_flipper_controller/share/lotti_flipper_controller/package.xml
[12.564s] Invoked command in '/home/resqbots/control_ws/build/lotti_flipper_controller' returned '0': CMAKE_PREFIX_PATH=${CMAKE_PREFIX_PATH}:/home/resqbots/control_ws/install/lotti_teleop:/home/resqbots/dev_ws/install/velocityListener:/home/resqbots/dev_ws/install/resqbot_flipper_interface:/home/resqbots/dev_ws/install/resqbot_drive_motor_controller:/home/resqbots/dev_ws/install/resqbot_drive_interface:/home/resqbots/dev_ws/install/resqbot_camera_arm:/home/resqbots/dev_ws/install/flipper_drive:/home/resqbots/dev_ws/install/chain_controller:/home/resqbots/dev_ws/install/camera_arm:/home/resqbots/dev_ws/install/botlaunch:/home/resqbots/dev_ws/install/bot_camera_arm:/home/resqbots/dev_ws/install/angle_publisher:/home/resqbots/ros2_ws/install/tele_op:/home/resqbots/ros2_ws/install/resqbot_flipper_interface:/home/resqbots/ros2_ws/install/resqbot_drive_interface:/home/resqbots/ros2_ws/install/camera_arm:/home/resqbots/ros2_ws/install/botlaunch:/home/resqbots/ros2_ws/install/bot_camera_arm:/opt/ros/humble /usr/bin/cmake --install /home/resqbots/control_ws/build/lotti_flipper_controller
