<html>
<body>
<pre>
<h1>µVision Build Log</h1>
<h2>Tool Versions:</h2>
IDE-Version: ÂµVision V5.41.0.0
Copyright (C) 2024 ARM Ltd and ARM Germany GmbH. All rights reserved.
License Information: Beatrix Dietl, FH Campus Wien, LIC=----
 
Tool Versions:
Toolchain:       MDK-Lite  Version: 5.41.0.0
Toolchain Path:  C:\Users\dietl\AppData\Local\Keil_v5\ARM\ARMCLANGv5\Bin
C Compiler:      Armcc.exe V5.06 update 7 (build 960)
Assembler:       Armasm.exe V5.06 update 7 (build 960)
Linker/Locator:  ArmLink.exe V5.06 update 7 (build 960)
Library Manager: ArmAr.exe V5.06 update 7 (build 960)
Hex Converter:   FromElf.exe V5.06 update 7 (build 960)
CPU DLL:         SARMCM3.DLL V5.41.0.0
Dialog DLL:      DCM.DLL V1.17.5.0
Target DLL:      Segger\JL2CM3.dll V2.99.45.0
Dialog DLL:      TCM.DLL V1.56.4.0
 
<h2>Project:</h2>
C:\Users\dietl\Desktop\WFP2_Trixi\infineon-bldc-shield-software-v1_00_EN\03_shield_software\uVision_project_files\HALL\BldcBcHall.uvprojx
Project File Date:  02/12/2025

<h2>Output:</h2>
*** Using Compiler 'V5.06 update 7 (build 960)', folder: 'C:\Users\dietl\AppData\Local\Keil_v5\ARM\ARMCLANGv5\Bin'
Rebuild target 'TLE9879 EvalKit'
Validate Run Time Environment: errors/warnings detected:
'Infineon::Device:Startup@1.2.0': warning #515: Additional software components required
 require Device:SDK:LIN: Select component from list
    'Infineon::Device:SDK:LIN'
 require Device:SDK:PMU: Select component from list
    'Infineon::Device:SDK:PMU'
'Infineon::Device:SDK:ADC1@0.3.0': warning #515: Additional software components required
 require Device:SDK:ADC2: Select component from list
    'Infineon::Device:SDK:ADC2'
compiling common.c...
compiling Main.c...
compiling globvas_HALL.c...
compiling Emo.c...
compiling commonMC.c...
compiling commands.c...
compiling auto_address.c...
compiling ccu6.c...
compiling gpt12e.c...
compiling EmoCcu.c...
compiling EmoCcu_Cfg.c...
compiling bdrv.c...
compiling adc1.c...
compiling bootrom.c...
assembling startup_tle987x.S...
compiling int.c...
compiling port.c...
compiling ssc.c...
compiling scu.c...
compiling system_tle987x.c...
compiling isr.c...
compiling tle_device.c...
compiling wdt1.c...
linking...
Program Size: Code=8460 RO-data=8780 RW-data=116 ZI-data=756  
FromELF: creating hex file...
".\Objects\BldcBcHall.axf" - 0 Error(s), 0 Warning(s).

<h2>Software Packages used:</h2>

Package Vendor: ARM
                http://www.keil.com/pack/ARM.CMSIS.5.9.0.pack
                ARM::CMSIS@5.9.0
                CMSIS (Common Microcontroller Software Interface Standard)
   * Component: CORE Version: 5.6.0

Package Vendor: Infineon
                https://itools.infineon.com/cmsis_packs/TLE987x/Infineon.TLE987x_DFP.1.6.0.pack
                Infineon::TLE987x_DFP@1.6.0
                Infineon TLE987x Series Device Support
   * Component: ADC1 Version: 0.3.0
   * Component: BDRV Version: 0.6.1
   * Component: BOOTROM Version: 0.3.3
   * Component: CCU6 Version: 0.4.1
   * Component: GPT12E Version: 0.2.2
   * Component: INT Version: 0.2.3
   * Component: ISR Version: 0.2.9
   * Component: PORT Version: 0.6.0
   * Component: SCU Version: 0.5.7
   * Component: SSC Version: 0.1.8
   * Component: WDT1 Version: 0.3.3
   * Component: Startup Version: 1.2.0

<h2>Collection of Component include folders:</h2>
  ./RTE/Device/TLE9879QXA40
  ./RTE/_TLE9879_EvalKit
  C:/Users/dietl/AppData/Local/Arm/Packs/ARM/CMSIS/5.9.0/CMSIS/Core/Include

<h2>Collection of Component Files used:</h2>

   * Component: ARM::CMSIS:CORE@5.6.0

   * Component: Infineon::Device:SDK:ADC1@0.3.0
      Include file:  Device/SDK/inc/adc1.h
      Source file:   Device/SDK/src/adc1.c

   * Component: Infineon::Device:SDK:BDRV@0.6.1
      Include file:  Device/SDK/inc/bdrv.h
      Source file:   Device/SDK/src/bdrv.c

   * Component: Infineon::Device:SDK:BOOTROM@0.3.3
      Source file:   Device/SDK/src/bootrom.c
      Include file:  Device/SDK/inc/bootrom.h

   * Component: Infineon::Device:SDK:CCU6@0.4.1
      Include file:  Device/SDK/inc/ccu6.h
      Source file:   Device/SDK/src/ccu6.c

   * Component: Infineon::Device:SDK:GPT12E@0.2.2
      Include file:  Device/SDK/inc/gpt12e.h
      Source file:   Device/SDK/src/gpt12e.c

   * Component: Infineon::Device:SDK:INT@0.2.3
      Include file:  Device/SDK/inc/int.h
      Source file:   Device/SDK/src/int.c

   * Component: Infineon::Device:SDK:ISR@0.2.9
      Source file:   Device/SDK/src/isr.c
      Include file:  Device/SDK/inc/isr.h

   * Component: Infineon::Device:SDK:PORT@0.6.0
      Source file:   Device/SDK/src/port.c
      Include file:  Device/SDK/inc/port.h

   * Component: Infineon::Device:SDK:SCU@0.5.7
      Include file:  Device/SDK/inc/scu.h
      Source file:   Device/SDK/src/scu.c

   * Component: Infineon::Device:SDK:SSC@0.1.8
      Include file:  Device/SDK/inc/ssc.h
      Source file:   Device/SDK/src/ssc.c

   * Component: Infineon::Device:SDK:WDT1@0.3.3
      Include file:  Device/SDK/inc/wdt1.h
      Source file:   Device/SDK/src/wdt1.c

   * Component: Infineon::Device:Startup@1.2.0
      Source file:   Device/Source/ARM/startup_tle987x.S
      Source file:   Device/Include/sfr_access.h
      Include file:  Device/Include/tle_variants.h
      Include file:  Device/Include/system_tle987x.h
      Include file:  Device/Include/eval_board.h
      Source file:   Device/Source/tle_device.c
      Source file:   Device/Source/system_tle987x.c
      Include file:  Device/Include/tle987x.h
      Source file:   Device/SDK/app/main.c
      Include file:  Device/Include/types.h
      Include file:  Device/Include/tle_device.h
      Include file:  Device/Include/cmsis_misra.h
Build Time Elapsed:  00:00:02
</pre>
</body>
</html>
