running egg_info
writing ../../build/lotti_teleop/lotti_teleop.egg-info/PKG-INFO
writing dependency_links to ../../build/lotti_teleop/lotti_teleop.egg-info/dependency_links.txt
writing entry points to ../../build/lotti_teleop/lotti_teleop.egg-info/entry_points.txt
writing requirements to ../../build/lotti_teleop/lotti_teleop.egg-info/requires.txt
writing top-level names to ../../build/lotti_teleop/lotti_teleop.egg-info/top_level.txt
reading manifest file '../../build/lotti_teleop/lotti_teleop.egg-info/SOURCES.txt'
adding license file 'LICENSE'
writing manifest file '../../build/lotti_teleop/lotti_teleop.egg-info/SOURCES.txt'
running build
running build_py
running install
running install_lib
running install_data
running install_egg_info
removing '/home/resqbots/control_ws/install/lotti_teleop/lib/python3.10/site-packages/lotti_teleop-0.0.0-py3.10.egg-info' (and everything under it)
Copying ../../build/lotti_teleop/lotti_teleop.egg-info to /home/resqbots/control_ws/install/lotti_teleop/lib/python3.10/site-packages/lotti_teleop-0.0.0-py3.10.egg-info
running install_scripts
Installing teleop script to /home/resqbots/control_ws/install/lotti_teleop/lib/lotti_teleop
writing list of installed files to '/home/resqbots/control_ws/build/lotti_teleop/install.log'
