running develop
running egg_info
creating resqbot_flipper_interface.egg-info
writing resqbot_flipper_interface.egg-info/PKG-INFO
writing dependency_links to resqbot_flipper_interface.egg-info/dependency_links.txt
writing entry points to resqbot_flipper_interface.egg-info/entry_points.txt
writing requirements to resqbot_flipper_interface.egg-info/requires.txt
writing top-level names to resqbot_flipper_interface.egg-info/top_level.txt
writing manifest file 'resqbot_flipper_interface.egg-info/SOURCES.txt'
reading manifest file 'resqbot_flipper_interface.egg-info/SOURCES.txt'
writing manifest file 'resqbot_flipper_interface.egg-info/SOURCES.txt'
running build_ext
Creating /home/paul/resqbot_dev/ROS2/install/resqbot_flipper_interface/lib/python3.10/site-packages/resqbot-flipper-interface.egg-link (link to .)
Installing flipper_interface script to /home/paul/resqbot_dev/ROS2/install/resqbot_flipper_interface/lib/resqbot_flipper_interface

Installed /home/paul/resqbot_dev/ROS2/build/resqbot_flipper_interface
running symlink_data
creating /home/paul/resqbot_dev/ROS2/install/resqbot_flipper_interface/share/ament_index
creating /home/paul/resqbot_dev/ROS2/install/resqbot_flipper_interface/share/ament_index/resource_index
creating /home/paul/resqbot_dev/ROS2/install/resqbot_flipper_interface/share/ament_index/resource_index/packages
symbolically linking /home/paul/resqbot_dev/ROS2/build/resqbot_flipper_interface/resource/resqbot_flipper_interface -> /home/paul/resqbot_dev/ROS2/install/resqbot_flipper_interface/share/ament_index/resource_index/packages
symbolically linking /home/paul/resqbot_dev/ROS2/build/resqbot_flipper_interface/package.xml -> /home/paul/resqbot_dev/ROS2/install/resqbot_flipper_interface/share/resqbot_flipper_interface
creating /home/paul/resqbot_dev/ROS2/install/resqbot_flipper_interface/share/resqbot_flipper_interface/launch
symbolically linking /home/paul/resqbot_dev/ROS2/build/resqbot_flipper_interface/launch/default_launch.py -> /home/paul/resqbot_dev/ROS2/install/resqbot_flipper_interface/share/resqbot_flipper_interface/launch/
