running egg_info
creating ../../build/lotti_teleop/lotti_teleop.egg-info
writing ../../build/lotti_teleop/lotti_teleop.egg-info/PKG-INFO
writing dependency_links to ../../build/lotti_teleop/lotti_teleop.egg-info/dependency_links.txt
writing entry points to ../../build/lotti_teleop/lotti_teleop.egg-info/entry_points.txt
writing requirements to ../../build/lotti_teleop/lotti_teleop.egg-info/requires.txt
writing top-level names to ../../build/lotti_teleop/lotti_teleop.egg-info/top_level.txt
writing manifest file '../../build/lotti_teleop/lotti_teleop.egg-info/SOURCES.txt'
reading manifest file '../../build/lotti_teleop/lotti_teleop.egg-info/SOURCES.txt'
adding license file 'LICENSE'
writing manifest file '../../build/lotti_teleop/lotti_teleop.egg-info/SOURCES.txt'
running build
running build_py
creating /home/resqbots/control_ws/build/lotti_teleop/build
creating /home/resqbots/control_ws/build/lotti_teleop/build/lib
creating /home/resqbots/control_ws/build/lotti_teleop/build/lib/lotti_teleop
copying lotti_teleop/__init__.py -> /home/resqbots/control_ws/build/lotti_teleop/build/lib/lotti_teleop
copying lotti_teleop/lotti_teleop.py -> /home/resqbots/control_ws/build/lotti_teleop/build/lib/lotti_teleop
running install
running install_lib
creating /home/resqbots/control_ws/install/lotti_teleop/lib/python3.10/site-packages/lotti_teleop
copying /home/resqbots/control_ws/build/lotti_teleop/build/lib/lotti_teleop/__init__.py -> /home/resqbots/control_ws/install/lotti_teleop/lib/python3.10/site-packages/lotti_teleop
copying /home/resqbots/control_ws/build/lotti_teleop/build/lib/lotti_teleop/lotti_teleop.py -> /home/resqbots/control_ws/install/lotti_teleop/lib/python3.10/site-packages/lotti_teleop
byte-compiling /home/resqbots/control_ws/install/lotti_teleop/lib/python3.10/site-packages/lotti_teleop/__init__.py to __init__.cpython-310.pyc
byte-compiling /home/resqbots/control_ws/install/lotti_teleop/lib/python3.10/site-packages/lotti_teleop/lotti_teleop.py to lotti_teleop.cpython-310.pyc
running install_data
creating /home/resqbots/control_ws/install/lotti_teleop/share/ament_index
creating /home/resqbots/control_ws/install/lotti_teleop/share/ament_index/resource_index
creating /home/resqbots/control_ws/install/lotti_teleop/share/ament_index/resource_index/packages
copying resource/lotti_teleop -> /home/resqbots/control_ws/install/lotti_teleop/share/ament_index/resource_index/packages
copying package.xml -> /home/resqbots/control_ws/install/lotti_teleop/share/lotti_teleop
running install_egg_info
Copying ../../build/lotti_teleop/lotti_teleop.egg-info to /home/resqbots/control_ws/install/lotti_teleop/lib/python3.10/site-packages/lotti_teleop-0.0.0-py3.10.egg-info
running install_scripts
Installing teleop script to /home/resqbots/control_ws/install/lotti_teleop/lib/lotti_teleop
writing list of installed files to '/home/resqbots/control_ws/build/lotti_teleop/install.log'
