[0.433s] Invoking command in '/home/paul/resqbot_dev/control_ws/build/lotti_flipper_controller': CMAKE_PREFIX_PATH=${CMAKE_PREFIX_PATH}:/home/paul/resqbot_dev/control_ws/install/lotti_teleop:/home/paul/resqbot_dev/control_ws/install/learning_tf2_py:/home/paul/moveit2_ws/src/install/moveit_configs_utils:/home/paul/moveit2_ws/src/install/launch_param_builder:/opt/ros/humble /usr/bin/cmake --build /home/paul/resqbot_dev/control_ws/build/lotti_flipper_controller -- -j8 -l8
[0.569s] [35m[1mConsolidate compiler generated dependencies of target lotti_flipper_controller[0m
[0.614s] [100%] Built target lotti_flipper_controller
[0.849s] Invoked command in '/home/paul/resqbot_dev/control_ws/build/lotti_flipper_controller' returned '0': CMAKE_PREFIX_PATH=${CMAKE_PREFIX_PATH}:/home/paul/resqbot_dev/control_ws/install/lotti_teleop:/home/paul/resqbot_dev/control_ws/install/learning_tf2_py:/home/paul/moveit2_ws/src/install/moveit_configs_utils:/home/paul/moveit2_ws/src/install/launch_param_builder:/opt/ros/humble /usr/bin/cmake --build /home/paul/resqbot_dev/control_ws/build/lotti_flipper_controller -- -j8 -l8
[0.877s] Invoking command in '/home/paul/resqbot_dev/control_ws/build/lotti_flipper_controller': CMAKE_PREFIX_PATH=${CMAKE_PREFIX_PATH}:/home/paul/resqbot_dev/control_ws/install/lotti_teleop:/home/paul/resqbot_dev/control_ws/install/learning_tf2_py:/home/paul/moveit2_ws/src/install/moveit_configs_utils:/home/paul/moveit2_ws/src/install/launch_param_builder:/opt/ros/humble /usr/bin/cmake --install /home/paul/resqbot_dev/control_ws/build/lotti_flipper_controller
[0.903s] -- Install configuration: ""
[0.905s] -- Execute custom install script
[0.906s] -- Up-to-date symlink: /home/paul/resqbot_dev/control_ws/install/lotti_flipper_controller/share/lotti_flipper_controller//lotti_flipper_controller.xml
[0.908s] -- Up-to-date symlink: /home/paul/resqbot_dev/control_ws/install/lotti_flipper_controller/include/lotti_flipper_controller/lotti_flipper_controller/flipper_controller.hpp
[0.908s] -- Up-to-date symlink: /home/paul/resqbot_dev/control_ws/install/lotti_flipper_controller/share/lotti_flipper_controller/environment/library_path.sh
[0.909s] -- Up-to-date symlink: /home/paul/resqbot_dev/control_ws/install/lotti_flipper_controller/share/lotti_flipper_controller/environment/library_path.dsv
[0.909s] -- Up-to-date symlink: /home/paul/resqbot_dev/control_ws/install/lotti_flipper_controller/share/ament_index/resource_index/package_run_dependencies/lotti_flipper_controller
[0.910s] -- Up-to-date symlink: /home/paul/resqbot_dev/control_ws/install/lotti_flipper_controller/share/ament_index/resource_index/parent_prefix_path/lotti_flipper_controller
[0.910s] -- Up-to-date symlink: /home/paul/resqbot_dev/control_ws/install/lotti_flipper_controller/share/lotti_flipper_controller/environment/ament_prefix_path.sh
[0.911s] -- Up-to-date symlink: /home/paul/resqbot_dev/control_ws/install/lotti_flipper_controller/share/lotti_flipper_controller/environment/ament_prefix_path.dsv
[0.911s] -- Up-to-date symlink: /home/paul/resqbot_dev/control_ws/install/lotti_flipper_controller/share/lotti_flipper_controller/environment/path.sh
[0.912s] -- Up-to-date symlink: /home/paul/resqbot_dev/control_ws/install/lotti_flipper_controller/share/lotti_flipper_controller/environment/path.dsv
[0.912s] -- Up-to-date symlink: /home/paul/resqbot_dev/control_ws/install/lotti_flipper_controller/share/lotti_flipper_controller/local_setup.bash
[0.913s] -- Up-to-date symlink: /home/paul/resqbot_dev/control_ws/install/lotti_flipper_controller/share/lotti_flipper_controller/local_setup.sh
[0.913s] -- Up-to-date symlink: /home/paul/resqbot_dev/control_ws/install/lotti_flipper_controller/share/lotti_flipper_controller/local_setup.zsh
[0.914s] -- Up-to-date symlink: /home/paul/resqbot_dev/control_ws/install/lotti_flipper_controller/share/lotti_flipper_controller/local_setup.dsv
[0.914s] -- Symlinking: /home/paul/resqbot_dev/control_ws/install/lotti_flipper_controller/share/lotti_flipper_controller/package.dsv
[0.939s] -- Up-to-date symlink: /home/paul/resqbot_dev/control_ws/install/lotti_flipper_controller/share/ament_index/resource_index/packages/lotti_flipper_controller
[0.940s] -- Up-to-date symlink: /home/paul/resqbot_dev/control_ws/install/lotti_flipper_controller/share/ament_index/resource_index/controller_interface__pluginlib__plugin/lotti_flipper_controller
[0.941s] -- Up-to-date symlink: /home/paul/resqbot_dev/control_ws/install/lotti_flipper_controller/share/lotti_flipper_controller/cmake/ament_cmake_export_targets-extras.cmake
[0.941s] -- Up-to-date symlink: /home/paul/resqbot_dev/control_ws/install/lotti_flipper_controller/share/lotti_flipper_controller/cmake/ament_cmake_export_dependencies-extras.cmake
[0.942s] -- Up-to-date symlink: /home/paul/resqbot_dev/control_ws/install/lotti_flipper_controller/share/lotti_flipper_controller/cmake/lotti_flipper_controllerConfig.cmake
[0.942s] -- Up-to-date symlink: /home/paul/resqbot_dev/control_ws/install/lotti_flipper_controller/share/lotti_flipper_controller/cmake/lotti_flipper_controllerConfig-version.cmake
[0.943s] -- Up-to-date symlink: /home/paul/resqbot_dev/control_ws/install/lotti_flipper_controller/share/lotti_flipper_controller/package.xml
[0.944s] -- Up-to-date: /home/paul/resqbot_dev/control_ws/install/lotti_flipper_controller/lib/liblotti_flipper_controller.so
[0.946s] -- Up-to-date: /home/paul/resqbot_dev/control_ws/install/lotti_flipper_controller/share/lotti_flipper_controller/cmake/export_lotti_flipper_controllerExport.cmake
[0.946s] -- Up-to-date: /home/paul/resqbot_dev/control_ws/install/lotti_flipper_controller/share/lotti_flipper_controller/cmake/export_lotti_flipper_controllerExport-noconfig.cmake
[0.950s] Invoked command in '/home/paul/resqbot_dev/control_ws/build/lotti_flipper_controller' returned '0': CMAKE_PREFIX_PATH=${CMAKE_PREFIX_PATH}:/home/paul/resqbot_dev/control_ws/install/lotti_teleop:/home/paul/resqbot_dev/control_ws/install/learning_tf2_py:/home/paul/moveit2_ws/src/install/moveit_configs_utils:/home/paul/moveit2_ws/src/install/launch_param_builder:/opt/ros/humble /usr/bin/cmake --install /home/paul/resqbot_dev/control_ws/build/lotti_flipper_controller
