[0.021s] Invoking command in '/home/paul/resqbot_dev/control_ws/src/build/lotti_flipper_controller': CMAKE_PREFIX_PATH=${CMAKE_PREFIX_PATH}:/opt/ros/humble /usr/bin/cmake --build /home/paul/resqbot_dev/control_ws/src/build/lotti_flipper_controller -- -j8 -l8
[0.077s] -- Found ament_cmake: 1.3.11 (/opt/ros/humble/share/ament_cmake/cmake)
[0.228s] -- Override CMake install command with custom implementation using symlinks instead of copying resources
[0.252s] -- Found pluginlib: 5.1.0 (/opt/ros/humble/share/pluginlib/cmake)
[0.303s] -- Found controller_interface: 2.50.0 (/opt/ros/humble/share/controller_interface/cmake)
[0.322s] -- Found rosidl_generator_c: 3.1.6 (/opt/ros/humble/share/rosidl_generator_c/cmake)
[0.324s] -- Found rosidl_adapter: 3.1.6 (/opt/ros/humble/share/rosidl_adapter/cmake)
[0.333s] -- Found rosidl_generator_cpp: 3.1.6 (/opt/ros/humble/share/rosidl_generator_cpp/cmake)
[0.345s] -- Using all available rosidl_typesupport_c: rosidl_typesupport_fastrtps_c;rosidl_typesupport_introspection_c
[0.359s] -- Using all available rosidl_typesupport_cpp: rosidl_typesupport_fastrtps_cpp;rosidl_typesupport_introspection_cpp
[0.525s] -- Found rmw_implementation_cmake: 6.1.2 (/opt/ros/humble/share/rmw_implementation_cmake/cmake)
[0.528s] -- Found rmw_fastrtps_cpp: 6.2.7 (/opt/ros/humble/share/rmw_fastrtps_cpp/cmake)
[0.552s] -- Found TinyXML2 via Config file: TinyXML2_DIR-NOTFOUND
[0.567s] -- Found TinyXML2 via Config file: TinyXML2_DIR-NOTFOUND
[0.590s] -- Found TinyXML2 via Config file: TinyXML2_DIR-NOTFOUND
[0.604s] -- Found TinyXML2 via Config file: TinyXML2_DIR-NOTFOUND
[0.621s] -- Using RMW implementation 'rmw_fastrtps_cpp' as default
[0.678s] -- Found realtime_tools: 2.13.0 (/opt/ros/humble/share/realtime_tools/cmake)
[0.715s] -- Found ament_lint_auto: 0.12.12 (/opt/ros/humble/share/ament_lint_auto/cmake)
[0.874s] -- Added test 'cppcheck' to perform static code analysis on C / C++ code
[0.874s] -- Configured cppcheck include dirs: $<BUILD_INTERFACE:/home/paul/resqbot_dev/control_ws/src/lotti_flipper_controller/src/include/>
[0.874s] -- Configured cppcheck exclude dirs and/or files: 
[0.875s] -- Added test 'lint_cmake' to check CMake code style
[0.876s] -- Added test 'uncrustify' to check C / C++ code style
[0.876s] -- Configured uncrustify additional arguments: 
[0.876s] -- Added test 'xmllint' to check XML markup files
[0.879s] -- Configuring done
[0.936s] -- Generating done
[0.947s] -- Build files have been written to: /home/paul/resqbot_dev/control_ws/src/build/lotti_flipper_controller
[1.025s] [ 25%] [32mBuilding CXX object CMakeFiles/lotti_flipper_controller.dir/src/flipper_controller.cpp.o[0m
[1.038s] [ 50%] [32mBuilding CXX object CMakeFiles/flipper_controller.dir/src/flipper_controller.cpp.o[0m
[1.062s] [01m[K/home/paul/resqbot_dev/control_ws/src/lotti_flipper_controller/src/flipper_controller.cpp:1:10:[m[K [01;31m[Kfatal error: [m[Klotti_flipper_controller/flipper_controller.hpp: No such file or directory
[1.062s]     1 | #include [01;31m[K"lotti_flipper_controller/flipper_controller.hpp"[m[K
[1.062s]       |          [01;31m[K^~~~~~~~~~~~~~~~~~~~~~~~~~~~~~~~~~~~~~~~~~~~~~~~~[m[K
[1.063s] compilation terminated.
[1.064s] gmake[2]: *** [CMakeFiles/flipper_controller.dir/build.make:76: CMakeFiles/flipper_controller.dir/src/flipper_controller.cpp.o] Error 1
[1.064s] gmake[1]: *** [CMakeFiles/Makefile2:165: CMakeFiles/flipper_controller.dir/all] Error 2
[1.064s] gmake[1]: *** Waiting for unfinished jobs....
[4.060s] [01m[K/home/paul/resqbot_dev/control_ws/src/lotti_flipper_controller/src/flipper_controller.cpp:[m[K In member function ‘[01m[Kvirtual controller_interface::return_type flipper_controller::FlipperController::update(const rclcpp::Time&, const rclcpp::Duration&)[m[K’:
[4.061s] [01m[K/home/paul/resqbot_dev/control_ws/src/lotti_flipper_controller/src/flipper_controller.cpp:118:26:[m[K [01;35m[Kwarning: [m[Kunused parameter ‘[01m[Ktime[m[K’ [[01;35m[K]8;;https://gcc.gnu.org/onlinedocs/gcc/Warning-Options.html#index-Wunused-parameter-Wunused-parameter]8;;[m[K]
[4.061s]   118 |     [01;35m[Kconst rclcpp::Time & time[m[K, const rclcpp::Duration & /*period*/){
[4.061s]       |     [01;35m[K~~~~~~~~~~~~~~~~~~~~~^~~~[m[K
[11.512s] [ 75%] [32m[1mLinking CXX shared library liblotti_flipper_controller.so[0m
[12.324s] [ 75%] Built target lotti_flipper_controller
[12.326s] gmake: *** [Makefile:146: all] Error 2
[12.331s] Invoked command in '/home/paul/resqbot_dev/control_ws/src/build/lotti_flipper_controller' returned '2': CMAKE_PREFIX_PATH=${CMAKE_PREFIX_PATH}:/opt/ros/humble /usr/bin/cmake --build /home/paul/resqbot_dev/control_ws/src/build/lotti_flipper_controller -- -j8 -l8
