[3.406s] Invoking command in '/home/paul/resqbot_dev/ROS2/build/bot_camera_arm': PYTHONPATH=/home/paul/resqbot_dev/ROS2/build/bot_camera_arm/prefix_override:/usr/lib/python3/dist-packages/colcon_core/task/python/colcon_distutils_commands:/home/paul/resqbot_dev/ROS2/install/bot_camera_arm/lib/python3.10/site-packages:${PYTHONPATH} /usr/bin/python3 -W ignore:setup.py install is deprecated setup.py develop --editable --build-directory /home/paul/resqbot_dev/ROS2/build/bot_camera_arm/build --no-deps symlink_data
[3.999s] running develop
[3.999s] /usr/lib/python3/dist-packages/setuptools/command/easy_install.py:158: EasyInstallDeprecationWarning: easy_install command is deprecated. Use build and pip and other standards-based tools.
[4.000s]   warnings.warn(
[4.332s] running egg_info
[4.332s] creating bot_camera_arm.egg-info
[4.333s] writing bot_camera_arm.egg-info/PKG-INFO
[4.333s] writing dependency_links to bot_camera_arm.egg-info/dependency_links.txt
[4.334s] writing entry points to bot_camera_arm.egg-info/entry_points.txt
[4.334s] writing requirements to bot_camera_arm.egg-info/requires.txt
[4.334s] writing top-level names to bot_camera_arm.egg-info/top_level.txt
[4.335s] writing manifest file 'bot_camera_arm.egg-info/SOURCES.txt'
[4.340s] reading manifest file 'bot_camera_arm.egg-info/SOURCES.txt'
[4.341s] writing manifest file 'bot_camera_arm.egg-info/SOURCES.txt'
[4.345s] running build_ext
[4.345s] Creating /home/paul/resqbot_dev/ROS2/install/bot_camera_arm/lib/python3.10/site-packages/bot-camera-arm.egg-link (link to .)
[4.347s] Installing arm_interface script to /home/paul/resqbot_dev/ROS2/install/bot_camera_arm/lib/bot_camera_arm
[4.348s] 
[4.348s] Installed /home/paul/resqbot_dev/ROS2/build/bot_camera_arm
[4.349s] running symlink_data
[4.349s] creating /home/paul/resqbot_dev/ROS2/install/bot_camera_arm/share/ament_index
[4.349s] creating /home/paul/resqbot_dev/ROS2/install/bot_camera_arm/share/ament_index/resource_index
[4.350s] creating /home/paul/resqbot_dev/ROS2/install/bot_camera_arm/share/ament_index/resource_index/packages
[4.350s] symbolically linking /home/paul/resqbot_dev/ROS2/build/bot_camera_arm/resource/bot_camera_arm -> /home/paul/resqbot_dev/ROS2/install/bot_camera_arm/share/ament_index/resource_index/packages
[4.350s] symbolically linking /home/paul/resqbot_dev/ROS2/build/bot_camera_arm/package.xml -> /home/paul/resqbot_dev/ROS2/install/bot_camera_arm/share/bot_camera_arm
[4.501s] Invoked command in '/home/paul/resqbot_dev/ROS2/build/bot_camera_arm' returned '0': PYTHONPATH=/home/paul/resqbot_dev/ROS2/build/bot_camera_arm/prefix_override:/usr/lib/python3/dist-packages/colcon_core/task/python/colcon_distutils_commands:/home/paul/resqbot_dev/ROS2/install/bot_camera_arm/lib/python3.10/site-packages:${PYTHONPATH} /usr/bin/python3 -W ignore:setup.py install is deprecated setup.py develop --editable --build-directory /home/paul/resqbot_dev/ROS2/build/bot_camera_arm/build --no-deps symlink_data
