[0.021s] Invoking command in '/home/paul/resqbot_dev/control_ws/src/build/lotti_flipper_controller': CMAKE_PREFIX_PATH=${CMAKE_PREFIX_PATH}:/opt/ros/humble /usr/bin/cmake --build /home/paul/resqbot_dev/control_ws/src/build/lotti_flipper_controller -- -j8 -l8
[0.073s] -- Found ament_cmake: 1.3.11 (/opt/ros/humble/share/ament_cmake/cmake)
[0.226s] -- Override CMake install command with custom implementation using symlinks instead of copying resources
[0.249s] -- Found pluginlib: 5.1.0 (/opt/ros/humble/share/pluginlib/cmake)
[0.303s] -- Found controller_interface: 2.50.0 (/opt/ros/humble/share/controller_interface/cmake)
[0.322s] -- Found rosidl_generator_c: 3.1.6 (/opt/ros/humble/share/rosidl_generator_c/cmake)
[0.325s] -- Found rosidl_adapter: 3.1.6 (/opt/ros/humble/share/rosidl_adapter/cmake)
[0.333s] -- Found rosidl_generator_cpp: 3.1.6 (/opt/ros/humble/share/rosidl_generator_cpp/cmake)
[0.346s] -- Using all available rosidl_typesupport_c: rosidl_typesupport_fastrtps_c;rosidl_typesupport_introspection_c
[0.359s] -- Using all available rosidl_typesupport_cpp: rosidl_typesupport_fastrtps_cpp;rosidl_typesupport_introspection_cpp
[0.524s] -- Found rmw_implementation_cmake: 6.1.2 (/opt/ros/humble/share/rmw_implementation_cmake/cmake)
[0.526s] -- Found rmw_fastrtps_cpp: 6.2.7 (/opt/ros/humble/share/rmw_fastrtps_cpp/cmake)
[0.549s] -- Found TinyXML2 via Config file: TinyXML2_DIR-NOTFOUND
[0.564s] -- Found TinyXML2 via Config file: TinyXML2_DIR-NOTFOUND
[0.588s] -- Found TinyXML2 via Config file: TinyXML2_DIR-NOTFOUND
[0.602s] -- Found TinyXML2 via Config file: TinyXML2_DIR-NOTFOUND
[0.619s] -- Using RMW implementation 'rmw_fastrtps_cpp' as default
[0.675s] -- Found realtime_tools: 2.13.0 (/opt/ros/humble/share/realtime_tools/cmake)
[0.699s] -- Found ament_lint_auto: 0.12.12 (/opt/ros/humble/share/ament_lint_auto/cmake)
[0.861s] -- Added test 'cppcheck' to perform static code analysis on C / C++ code
[0.861s] -- Configured cppcheck include dirs: $<BUILD_INTERFACE:/home/paul/resqbot_dev/control_ws/src/lotti_flipper_controller/src/include/>
[0.861s] -- Configured cppcheck exclude dirs and/or files: 
[0.862s] -- Added test 'lint_cmake' to check CMake code style
[0.863s] -- Added test 'uncrustify' to check C / C++ code style
[0.863s] -- Configured uncrustify additional arguments: 
[0.864s] -- Added test 'xmllint' to check XML markup files
[0.866s] -- Configuring done
[0.900s] -- Generating done
[0.906s] -- Build files have been written to: /home/paul/resqbot_dev/control_ws/src/build/lotti_flipper_controller
[0.966s] [35m[1mConsolidate compiler generated dependencies of target lotti_flipper_controller[0m
[0.994s] [100%] Built target lotti_flipper_controller
[1.021s] Invoked command in '/home/paul/resqbot_dev/control_ws/src/build/lotti_flipper_controller' returned '0': CMAKE_PREFIX_PATH=${CMAKE_PREFIX_PATH}:/opt/ros/humble /usr/bin/cmake --build /home/paul/resqbot_dev/control_ws/src/build/lotti_flipper_controller -- -j8 -l8
[1.045s] Invoking command in '/home/paul/resqbot_dev/control_ws/src/build/lotti_flipper_controller': CMAKE_PREFIX_PATH=${CMAKE_PREFIX_PATH}:/opt/ros/humble /usr/bin/cmake --install /home/paul/resqbot_dev/control_ws/src/build/lotti_flipper_controller
[1.057s] -- Install configuration: ""
[1.058s] -- Execute custom install script
[1.058s] -- Symlinking: /home/paul/resqbot_dev/control_ws/src/install/lotti_flipper_controller/share/lotti_flipper_controller//lotti_flipper_controller.xml
[1.079s] -- Symlinking: /home/paul/resqbot_dev/control_ws/src/install/lotti_flipper_controller/include/lotti_flipper_controller/lotti_flipper_controller/flipper_controller.hpp
[1.093s] -- Symlinking: /home/paul/resqbot_dev/control_ws/src/install/lotti_flipper_controller/share/lotti_flipper_controller/environment/library_path.sh
[1.107s] -- Symlinking: /home/paul/resqbot_dev/control_ws/src/install/lotti_flipper_controller/share/lotti_flipper_controller/environment/library_path.dsv
[1.121s] -- Symlinking: /home/paul/resqbot_dev/control_ws/src/install/lotti_flipper_controller/share/ament_index/resource_index/package_run_dependencies/lotti_flipper_controller
[1.141s] -- Symlinking: /home/paul/resqbot_dev/control_ws/src/install/lotti_flipper_controller/share/ament_index/resource_index/parent_prefix_path/lotti_flipper_controller
[1.158s] -- Symlinking: /home/paul/resqbot_dev/control_ws/src/install/lotti_flipper_controller/share/lotti_flipper_controller/environment/ament_prefix_path.sh
[1.174s] -- Symlinking: /home/paul/resqbot_dev/control_ws/src/install/lotti_flipper_controller/share/lotti_flipper_controller/environment/ament_prefix_path.dsv
[1.188s] -- Symlinking: /home/paul/resqbot_dev/control_ws/src/install/lotti_flipper_controller/share/lotti_flipper_controller/environment/path.sh
[1.203s] -- Symlinking: /home/paul/resqbot_dev/control_ws/src/install/lotti_flipper_controller/share/lotti_flipper_controller/environment/path.dsv
[1.218s] -- Symlinking: /home/paul/resqbot_dev/control_ws/src/install/lotti_flipper_controller/share/lotti_flipper_controller/local_setup.bash
[1.235s] -- Symlinking: /home/paul/resqbot_dev/control_ws/src/install/lotti_flipper_controller/share/lotti_flipper_controller/local_setup.sh
[1.253s] -- Symlinking: /home/paul/resqbot_dev/control_ws/src/install/lotti_flipper_controller/share/lotti_flipper_controller/local_setup.zsh
[1.268s] -- Symlinking: /home/paul/resqbot_dev/control_ws/src/install/lotti_flipper_controller/share/lotti_flipper_controller/local_setup.dsv
[1.282s] -- Symlinking: /home/paul/resqbot_dev/control_ws/src/install/lotti_flipper_controller/share/lotti_flipper_controller/package.dsv
[1.296s] -- Symlinking: /home/paul/resqbot_dev/control_ws/src/install/lotti_flipper_controller/share/ament_index/resource_index/packages/lotti_flipper_controller
[1.311s] -- Symlinking: /home/paul/resqbot_dev/control_ws/src/install/lotti_flipper_controller/share/ament_index/resource_index/controller_interface__pluginlib__plugin/lotti_flipper_controller
[1.326s] -- Symlinking: /home/paul/resqbot_dev/control_ws/src/install/lotti_flipper_controller/share/lotti_flipper_controller/cmake/ament_cmake_export_targets-extras.cmake
[1.345s] -- Symlinking: /home/paul/resqbot_dev/control_ws/src/install/lotti_flipper_controller/share/lotti_flipper_controller/cmake/ament_cmake_export_dependencies-extras.cmake
[1.360s] -- Symlinking: /home/paul/resqbot_dev/control_ws/src/install/lotti_flipper_controller/share/lotti_flipper_controller/cmake/lotti_flipper_controllerConfig.cmake
[1.374s] -- Symlinking: /home/paul/resqbot_dev/control_ws/src/install/lotti_flipper_controller/share/lotti_flipper_controller/cmake/lotti_flipper_controllerConfig-version.cmake
[1.388s] -- Symlinking: /home/paul/resqbot_dev/control_ws/src/install/lotti_flipper_controller/share/lotti_flipper_controller/package.xml
[1.403s] -- Installing: /home/paul/resqbot_dev/control_ws/src/install/lotti_flipper_controller/lib/liblotti_flipper_controller.so
[1.415s] -- Set runtime path of "/home/paul/resqbot_dev/control_ws/src/install/lotti_flipper_controller/lib/liblotti_flipper_controller.so" to ""
[1.415s] -- Installing: /home/paul/resqbot_dev/control_ws/src/install/lotti_flipper_controller/share/lotti_flipper_controller/cmake/export_lotti_flipper_controllerExport.cmake
[1.415s] -- Installing: /home/paul/resqbot_dev/control_ws/src/install/lotti_flipper_controller/share/lotti_flipper_controller/cmake/export_lotti_flipper_controllerExport-noconfig.cmake
[1.418s] Invoked command in '/home/paul/resqbot_dev/control_ws/src/build/lotti_flipper_controller' returned '0': CMAKE_PREFIX_PATH=${CMAKE_PREFIX_PATH}:/opt/ros/humble /usr/bin/cmake --install /home/paul/resqbot_dev/control_ws/src/build/lotti_flipper_controller
