[0.037s] Invoking command in '/home/paul/resqbot_dev/control_ws/build/lotti_control': CMAKE_PREFIX_PATH=${CMAKE_PREFIX_PATH}:/home/paul/resqbot_dev/control_ws/install/lotti_teleop:/home/paul/resqbot_dev/control_ws/install/learning_tf2_py:/home/paul/moveit2_ws/src/install/moveit_configs_utils:/home/paul/moveit2_ws/src/install/launch_param_builder:/opt/ros/humble /usr/bin/cmake --build /home/paul/resqbot_dev/control_ws/build/lotti_control -- -j8 -l8
[0.179s] [35m[1mConsolidate compiler generated dependencies of target lotti_control[0m
[0.237s] [100%] Built target lotti_control
[0.264s] Invoked command in '/home/paul/resqbot_dev/control_ws/build/lotti_control' returned '0': CMAKE_PREFIX_PATH=${CMAKE_PREFIX_PATH}:/home/paul/resqbot_dev/control_ws/install/lotti_teleop:/home/paul/resqbot_dev/control_ws/install/learning_tf2_py:/home/paul/moveit2_ws/src/install/moveit_configs_utils:/home/paul/moveit2_ws/src/install/launch_param_builder:/opt/ros/humble /usr/bin/cmake --build /home/paul/resqbot_dev/control_ws/build/lotti_control -- -j8 -l8
[0.292s] Invoking command in '/home/paul/resqbot_dev/control_ws/build/lotti_control': CMAKE_PREFIX_PATH=${CMAKE_PREFIX_PATH}:/home/paul/resqbot_dev/control_ws/install/lotti_teleop:/home/paul/resqbot_dev/control_ws/install/learning_tf2_py:/home/paul/moveit2_ws/src/install/moveit_configs_utils:/home/paul/moveit2_ws/src/install/launch_param_builder:/opt/ros/humble /usr/bin/cmake --install /home/paul/resqbot_dev/control_ws/build/lotti_control
[0.309s] -- Install configuration: ""
[0.310s] -- Execute custom install script
[0.310s] -- Up-to-date symlink: /home/paul/resqbot_dev/control_ws/install/lotti_control/share/lotti_control//lotti_control.xml
[0.311s] -- Up-to-date symlink: /home/paul/resqbot_dev/control_ws/install/lotti_control/include/lotti_control/lotti_control/arm_interface.hpp
[0.311s] -- Up-to-date symlink: /home/paul/resqbot_dev/control_ws/install/lotti_control/include/lotti_control/lotti_control/diffbot_system.hpp
[0.311s] -- Up-to-date symlink: /home/paul/resqbot_dev/control_ws/install/lotti_control/include/lotti_control/lotti_control/flipper_interface.hpp
[0.312s] -- Up-to-date symlink: /home/paul/resqbot_dev/control_ws/install/lotti_control/include/lotti_control/lotti_control/serial_comms.hpp
[0.312s] -- Up-to-date symlink: /home/paul/resqbot_dev/control_ws/install/lotti_control/include/lotti_control/lotti_control/visibility_control.h
[0.312s] -- Up-to-date symlink: /home/paul/resqbot_dev/control_ws/install/lotti_control/include/lotti_control/lotti_control/wheel.hpp
[0.312s] -- Up-to-date symlink: /home/paul/resqbot_dev/control_ws/install/lotti_control/share/lotti_control/description/launch/view_lotti.launch.py
[0.313s] -- Up-to-date symlink: /home/paul/resqbot_dev/control_ws/install/lotti_control/share/lotti_control/description/urdf/Lotti.urdf.xacro
[0.313s] -- Up-to-date symlink: /home/paul/resqbot_dev/control_ws/install/lotti_control/share/lotti_control/description/urdf/Lotti_arm.xacro
[0.313s] -- Up-to-date symlink: /home/paul/resqbot_dev/control_ws/install/lotti_control/share/lotti_control/description/urdf/Lotti_body.xacro
[0.313s] -- Up-to-date symlink: /home/paul/resqbot_dev/control_ws/install/lotti_control/share/lotti_control/description/urdf/Lotti_lidar.xacro
[0.314s] -- Up-to-date symlink: /home/paul/resqbot_dev/control_ws/install/lotti_control/share/lotti_control/description/urdf/urdf_inertial_shapes.xacro
[0.314s] -- Up-to-date symlink: /home/paul/resqbot_dev/control_ws/install/lotti_control/share/lotti_control/description/urdf/urdf_materials.xacro
[0.314s] -- Up-to-date symlink: /home/paul/resqbot_dev/control_ws/install/lotti_control/share/lotti_control/description/srdf/Lotti.srdf.xacro
[0.315s] -- Up-to-date symlink: /home/paul/resqbot_dev/control_ws/install/lotti_control/share/lotti_control/description/srdf/lotti_arm_group.xacro
[0.315s] -- Up-to-date symlink: /home/paul/resqbot_dev/control_ws/install/lotti_control/share/lotti_control/description/srdf/lotti_body_group.xacro
[0.315s] -- Up-to-date symlink: /home/paul/resqbot_dev/control_ws/install/lotti_control/share/lotti_control/description/meshes/arm_base_link.STL
[0.315s] -- Up-to-date symlink: /home/paul/resqbot_dev/control_ws/install/lotti_control/share/lotti_control/description/meshes/arm_link1_link.STL
[0.316s] -- Up-to-date symlink: /home/paul/resqbot_dev/control_ws/install/lotti_control/share/lotti_control/description/meshes/arm_link2_link.STL
[0.316s] -- Up-to-date symlink: /home/paul/resqbot_dev/control_ws/install/lotti_control/share/lotti_control/description/meshes/arm_link3_link.STL
[0.316s] -- Up-to-date symlink: /home/paul/resqbot_dev/control_ws/install/lotti_control/share/lotti_control/description/meshes/arm_link4_link.STL
[0.317s] -- Up-to-date symlink: /home/paul/resqbot_dev/control_ws/install/lotti_control/share/lotti_control/description/meshes/arm_link5_link.STL
[0.317s] -- Up-to-date symlink: /home/paul/resqbot_dev/control_ws/install/lotti_control/share/lotti_control/description/meshes/arm_link6_link.STL
[0.317s] -- Up-to-date symlink: /home/paul/resqbot_dev/control_ws/install/lotti_control/share/lotti_control/ros2_control/Lotti.ros_control.xacro
[0.317s] -- Up-to-date symlink: /home/paul/resqbot_dev/control_ws/install/lotti_control/share/lotti_control/launch/full.launch.py
[0.318s] -- Up-to-date symlink: /home/paul/resqbot_dev/control_ws/install/lotti_control/share/lotti_control/launch/operator.launch.py
[0.318s] -- Up-to-date symlink: /home/paul/resqbot_dev/control_ws/install/lotti_control/share/lotti_control/launch/robot.launch.py
[0.318s] -- Up-to-date symlink: /home/paul/resqbot_dev/control_ws/install/lotti_control/share/lotti_control/config/Lotti_controllers.yaml
[0.319s] -- Up-to-date symlink: /home/paul/resqbot_dev/control_ws/install/lotti_control/share/lotti_control/config/lotti_servo_config.yaml
[0.319s] -- Up-to-date symlink: /home/paul/resqbot_dev/control_ws/install/lotti_control/share/lotti_control/config/view_lotti.rviz
[0.319s] -- Up-to-date symlink: /home/paul/resqbot_dev/control_ws/install/lotti_control/share/lotti_control/environment/library_path.sh
[0.319s] -- Up-to-date symlink: /home/paul/resqbot_dev/control_ws/install/lotti_control/share/lotti_control/environment/library_path.dsv
[0.320s] -- Up-to-date symlink: /home/paul/resqbot_dev/control_ws/install/lotti_control/share/ament_index/resource_index/package_run_dependencies/lotti_control
[0.320s] -- Up-to-date symlink: /home/paul/resqbot_dev/control_ws/install/lotti_control/share/ament_index/resource_index/parent_prefix_path/lotti_control
[0.320s] -- Up-to-date symlink: /home/paul/resqbot_dev/control_ws/install/lotti_control/share/lotti_control/environment/ament_prefix_path.sh
[0.320s] -- Up-to-date symlink: /home/paul/resqbot_dev/control_ws/install/lotti_control/share/lotti_control/environment/ament_prefix_path.dsv
[0.320s] -- Up-to-date symlink: /home/paul/resqbot_dev/control_ws/install/lotti_control/share/lotti_control/environment/path.sh
[0.321s] -- Up-to-date symlink: /home/paul/resqbot_dev/control_ws/install/lotti_control/share/lotti_control/environment/path.dsv
[0.321s] -- Up-to-date symlink: /home/paul/resqbot_dev/control_ws/install/lotti_control/share/lotti_control/local_setup.bash
[0.321s] -- Up-to-date symlink: /home/paul/resqbot_dev/control_ws/install/lotti_control/share/lotti_control/local_setup.sh
[0.321s] -- Up-to-date symlink: /home/paul/resqbot_dev/control_ws/install/lotti_control/share/lotti_control/local_setup.zsh
[0.322s] -- Up-to-date symlink: /home/paul/resqbot_dev/control_ws/install/lotti_control/share/lotti_control/local_setup.dsv
[0.322s] -- Symlinking: /home/paul/resqbot_dev/control_ws/install/lotti_control/share/lotti_control/package.dsv
[0.347s] -- Up-to-date symlink: /home/paul/resqbot_dev/control_ws/install/lotti_control/share/ament_index/resource_index/packages/lotti_control
[0.347s] -- Up-to-date symlink: /home/paul/resqbot_dev/control_ws/install/lotti_control/share/ament_index/resource_index/hardware_interface__pluginlib__plugin/lotti_control
[0.347s] -- Up-to-date symlink: /home/paul/resqbot_dev/control_ws/install/lotti_control/share/lotti_control/cmake/ament_cmake_export_targets-extras.cmake
[0.348s] -- Up-to-date symlink: /home/paul/resqbot_dev/control_ws/install/lotti_control/share/lotti_control/cmake/ament_cmake_export_dependencies-extras.cmake
[0.348s] -- Up-to-date symlink: /home/paul/resqbot_dev/control_ws/install/lotti_control/share/lotti_control/cmake/lotti_controlConfig.cmake
[0.348s] -- Up-to-date symlink: /home/paul/resqbot_dev/control_ws/install/lotti_control/share/lotti_control/cmake/lotti_controlConfig-version.cmake
[0.349s] -- Up-to-date symlink: /home/paul/resqbot_dev/control_ws/install/lotti_control/share/lotti_control/package.xml
[0.349s] -- Up-to-date: /home/paul/resqbot_dev/control_ws/install/lotti_control/lib/liblotti_control.so
[0.350s] -- Up-to-date: /home/paul/resqbot_dev/control_ws/install/lotti_control/share/lotti_control/cmake/export_lotti_controlExport.cmake
[0.350s] -- Up-to-date: /home/paul/resqbot_dev/control_ws/install/lotti_control/share/lotti_control/cmake/export_lotti_controlExport-noconfig.cmake
[0.354s] Invoked command in '/home/paul/resqbot_dev/control_ws/build/lotti_control' returned '0': CMAKE_PREFIX_PATH=${CMAKE_PREFIX_PATH}:/home/paul/resqbot_dev/control_ws/install/lotti_teleop:/home/paul/resqbot_dev/control_ws/install/learning_tf2_py:/home/paul/moveit2_ws/src/install/moveit_configs_utils:/home/paul/moveit2_ws/src/install/launch_param_builder:/opt/ros/humble /usr/bin/cmake --install /home/paul/resqbot_dev/control_ws/build/lotti_control
