[0.020s] Invoking command in '/home/paul/resqbot_dev/control_ws/src/build/lotti_flipper_controller': CMAKE_PREFIX_PATH=${CMAKE_PREFIX_PATH}:/opt/ros/humble /usr/bin/cmake --build /home/paul/resqbot_dev/control_ws/src/build/lotti_flipper_controller -- -j8 -l8
[0.073s] -- Found ament_cmake: 1.3.11 (/opt/ros/humble/share/ament_cmake/cmake)
[0.218s] -- Override CMake install command with custom implementation using symlinks instead of copying resources
[0.240s] -- Found pluginlib: 5.1.0 (/opt/ros/humble/share/pluginlib/cmake)
[0.292s] -- Found controller_interface: 2.50.0 (/opt/ros/humble/share/controller_interface/cmake)
[0.310s] -- Found rosidl_generator_c: 3.1.6 (/opt/ros/humble/share/rosidl_generator_c/cmake)
[0.313s] -- Found rosidl_adapter: 3.1.6 (/opt/ros/humble/share/rosidl_adapter/cmake)
[0.320s] -- Found rosidl_generator_cpp: 3.1.6 (/opt/ros/humble/share/rosidl_generator_cpp/cmake)
[0.332s] -- Using all available rosidl_typesupport_c: rosidl_typesupport_fastrtps_c;rosidl_typesupport_introspection_c
[0.344s] -- Using all available rosidl_typesupport_cpp: rosidl_typesupport_fastrtps_cpp;rosidl_typesupport_introspection_cpp
[0.507s] -- Found rmw_implementation_cmake: 6.1.2 (/opt/ros/humble/share/rmw_implementation_cmake/cmake)
[0.509s] -- Found rmw_fastrtps_cpp: 6.2.7 (/opt/ros/humble/share/rmw_fastrtps_cpp/cmake)
[0.530s] -- Found TinyXML2 via Config file: TinyXML2_DIR-NOTFOUND
[0.544s] -- Found TinyXML2 via Config file: TinyXML2_DIR-NOTFOUND
[0.568s] -- Found TinyXML2 via Config file: TinyXML2_DIR-NOTFOUND
[0.581s] -- Found TinyXML2 via Config file: TinyXML2_DIR-NOTFOUND
[0.598s] -- Using RMW implementation 'rmw_fastrtps_cpp' as default
[0.651s] -- Found realtime_tools: 2.13.0 (/opt/ros/humble/share/realtime_tools/cmake)
[0.686s] -- Found ament_lint_auto: 0.12.12 (/opt/ros/humble/share/ament_lint_auto/cmake)
[0.784s] -- Added test 'cppcheck' to perform static code analysis on C / C++ code
[0.784s] -- Configured cppcheck include dirs: $<BUILD_INTERFACE:/home/paul/resqbot_dev/control_ws/src/lotti_flipper_controller/src/include>
[0.784s] -- Configured cppcheck exclude dirs and/or files: 
[0.785s] -- Added test 'lint_cmake' to check CMake code style
[0.786s] -- Added test 'uncrustify' to check C / C++ code style
[0.786s] -- Configured uncrustify additional arguments: 
[0.786s] -- Added test 'xmllint' to check XML markup files
[0.789s] -- Configuring done
[0.843s] -- Generating done
[0.852s] -- Build files have been written to: /home/paul/resqbot_dev/control_ws/src/build/lotti_flipper_controller
[0.901s] [35m[1mConsolidate compiler generated dependencies of target lotti_flipper_controller[0m
[0.920s] [ 25%] [32mBuilding CXX object CMakeFiles/flipper_controller.dir/src/lotti_flipper_controller.cpp.o[0m
[0.931s] [ 50%] [32mBuilding CXX object CMakeFiles/lotti_flipper_controller.dir/src/lotti_flipper_controller.cpp.o[0m
[0.943s] [01m[K/home/paul/resqbot_dev/control_ws/src/lotti_flipper_controller/src/lotti_flipper_controller.cpp:1:10:[m[K [01;31m[Kfatal error: [m[Klotti_flipper_controller/lotti_flipper_controller.hpp: No such file or directory
[0.943s]     1 | #include [01;31m[K"lotti_flipper_controller/lotti_flipper_controller.hpp"[m[K
[0.943s]       |          [01;31m[K^~~~~~~~~~~~~~~~~~~~~~~~~~~~~~~~~~~~~~~~~~~~~~~~~~~~~~~[m[K
[0.943s] compilation terminated.
[0.944s] gmake[2]: *** [CMakeFiles/flipper_controller.dir/build.make:76: CMakeFiles/flipper_controller.dir/src/lotti_flipper_controller.cpp.o] Error 1
[0.944s] gmake[1]: *** [CMakeFiles/Makefile2:165: CMakeFiles/flipper_controller.dir/all] Error 2
[0.945s] gmake[1]: *** Waiting for unfinished jobs....
[3.689s] [01m[K/home/paul/resqbot_dev/control_ws/src/lotti_flipper_controller/src/lotti_flipper_controller.cpp:[m[K In member function ‘[01m[Kvirtual controller_interface::return_type lotti_flipper_controller::FlipperController::update(const rclcpp::Time&, const rclcpp::Duration&)[m[K’:
[3.689s] [01m[K/home/paul/resqbot_dev/control_ws/src/lotti_flipper_controller/src/lotti_flipper_controller.cpp:118:26:[m[K [01;35m[Kwarning: [m[Kunused parameter ‘[01m[Ktime[m[K’ [[01;35m[K]8;;https://gcc.gnu.org/onlinedocs/gcc/Warning-Options.html#index-Wunused-parameter-Wunused-parameter]8;;[m[K]
[3.690s]   118 |     [01;35m[Kconst rclcpp::Time & time[m[K, const rclcpp::Duration & /*period*/){
[3.690s]       |     [01;35m[K~~~~~~~~~~~~~~~~~~~~~^~~~[m[K
[10.591s] [ 75%] [32m[1mLinking CXX shared library liblotti_flipper_controller.so[0m
[11.430s] [ 75%] Built target lotti_flipper_controller
[11.436s] gmake: *** [Makefile:146: all] Error 2
[11.439s] Invoked command in '/home/paul/resqbot_dev/control_ws/src/build/lotti_flipper_controller' returned '2': CMAKE_PREFIX_PATH=${CMAKE_PREFIX_PATH}:/opt/ros/humble /usr/bin/cmake --build /home/paul/resqbot_dev/control_ws/src/build/lotti_flipper_controller -- -j8 -l8
