[4.396s] Invoking command in '/home/paul/resqbot_dev/ROS2/build/bot_camera_arm': PYTHONPATH=/home/paul/resqbot_dev/ROS2/build/bot_camera_arm/prefix_override:/usr/lib/python3/dist-packages/colcon_core/task/python/colcon_distutils_commands:/home/paul/resqbot_dev/ROS2/install/bot_camera_arm/lib/python3.10/site-packages:${PYTHONPATH} /usr/bin/python3 -W ignore:setup.py install is deprecated setup.py develop --editable --build-directory /home/paul/resqbot_dev/ROS2/build/bot_camera_arm/build --no-deps symlink_data
[5.140s] running develop
[5.143s] /usr/lib/python3/dist-packages/setuptools/command/easy_install.py:158: EasyInstallDeprecationWarning: easy_install command is deprecated. Use build and pip and other standards-based tools.
[5.144s]   warnings.warn(
[5.590s] running egg_info
[5.591s] writing bot_camera_arm.egg-info/PKG-INFO
[5.592s] writing dependency_links to bot_camera_arm.egg-info/dependency_links.txt
[5.592s] writing entry points to bot_camera_arm.egg-info/entry_points.txt
[5.593s] writing requirements to bot_camera_arm.egg-info/requires.txt
[5.594s] writing top-level names to bot_camera_arm.egg-info/top_level.txt
[5.598s] reading manifest file 'bot_camera_arm.egg-info/SOURCES.txt'
[5.600s] writing manifest file 'bot_camera_arm.egg-info/SOURCES.txt'
[5.605s] running build_ext
[5.605s] Creating /home/paul/resqbot_dev/ROS2/install/bot_camera_arm/lib/python3.10/site-packages/bot-camera-arm.egg-link (link to .)
[5.607s] Installing arm_interface script to /home/paul/resqbot_dev/ROS2/install/bot_camera_arm/lib/bot_camera_arm
[5.608s] 
[5.608s] Installed /home/paul/resqbot_dev/ROS2/build/bot_camera_arm
[5.608s] running symlink_data
[5.609s] creating /home/paul/resqbot_dev/ROS2/install/bot_camera_arm/share/bot_camera_arm/launch
[5.609s] symbolically linking /home/paul/resqbot_dev/ROS2/build/bot_camera_arm/launch/default_launch.py -> /home/paul/resqbot_dev/ROS2/install/bot_camera_arm/share/bot_camera_arm/launch/
[5.770s] Invoked command in '/home/paul/resqbot_dev/ROS2/build/bot_camera_arm' returned '0': PYTHONPATH=/home/paul/resqbot_dev/ROS2/build/bot_camera_arm/prefix_override:/usr/lib/python3/dist-packages/colcon_core/task/python/colcon_distutils_commands:/home/paul/resqbot_dev/ROS2/install/bot_camera_arm/lib/python3.10/site-packages:${PYTHONPATH} /usr/bin/python3 -W ignore:setup.py install is deprecated setup.py develop --editable --build-directory /home/paul/resqbot_dev/ROS2/build/bot_camera_arm/build --no-deps symlink_data
