running develop
running egg_info
creating botlaunch.egg-info
writing botlaunch.egg-info/PKG-INFO
writing dependency_links to botlaunch.egg-info/dependency_links.txt
writing entry points to botlaunch.egg-info/entry_points.txt
writing requirements to botlaunch.egg-info/requires.txt
writing top-level names to botlaunch.egg-info/top_level.txt
writing manifest file 'botlaunch.egg-info/SOURCES.txt'
reading manifest file 'botlaunch.egg-info/SOURCES.txt'
writing manifest file 'botlaunch.egg-info/SOURCES.txt'
running build_ext
Creating /home/paul/resqbot_dev/ROS2/install/botlaunch/lib/python3.10/site-packages/botlaunch.egg-link (link to .)

Installed /home/paul/resqbot_dev/ROS2/build/botlaunch
running symlink_data
creating /home/paul/resqbot_dev/ROS2/install/botlaunch/share/ament_index
creating /home/paul/resqbot_dev/ROS2/install/botlaunch/share/ament_index/resource_index
creating /home/paul/resqbot_dev/ROS2/install/botlaunch/share/ament_index/resource_index/packages
symbolically linking /home/paul/resqbot_dev/ROS2/build/botlaunch/resource/botlaunch -> /home/paul/resqbot_dev/ROS2/install/botlaunch/share/ament_index/resource_index/packages
symbolically linking /home/paul/resqbot_dev/ROS2/build/botlaunch/package.xml -> /home/paul/resqbot_dev/ROS2/install/botlaunch/share/botlaunch
creating /home/paul/resqbot_dev/ROS2/install/botlaunch/share/botlaunch/launch
symbolically linking /home/paul/resqbot_dev/ROS2/build/botlaunch/launch/bot_auto.launch.py -> /home/paul/resqbot_dev/ROS2/install/botlaunch/share/botlaunch/launch/
symbolically linking /home/paul/resqbot_dev/ROS2/build/botlaunch/launch/robot.launch.py -> /home/paul/resqbot_dev/ROS2/install/botlaunch/share/botlaunch/launch/
symbolically linking /home/paul/resqbot_dev/ROS2/build/botlaunch/launch/operator.launch.py -> /home/paul/resqbot_dev/ROS2/install/botlaunch/share/botlaunch/launch/
