-- Found ament_cmake: 1.3.11 (/opt/ros/humble/share/ament_cmake/cmake)
-- Override CMake install command with custom implementation using symlinks instead of copying resources
-- Found pluginlib: 5.1.0 (/opt/ros/humble/share/pluginlib/cmake)
-- Found controller_interface: 2.50.0 (/opt/ros/humble/share/controller_interface/cmake)
-- Found rosidl_generator_c: 3.1.6 (/opt/ros/humble/share/rosidl_generator_c/cmake)
-- Found rosidl_adapter: 3.1.6 (/opt/ros/humble/share/rosidl_adapter/cmake)
-- Found rosidl_generator_cpp: 3.1.6 (/opt/ros/humble/share/rosidl_generator_cpp/cmake)
-- Using all available rosidl_typesupport_c: rosidl_typesupport_fastrtps_c;rosidl_typesupport_introspection_c
-- Using all available rosidl_typesupport_cpp: rosidl_typesupport_fastrtps_cpp;rosidl_typesupport_introspection_cpp
-- Found rmw_implementation_cmake: 6.1.2 (/opt/ros/humble/share/rmw_implementation_cmake/cmake)
-- Found rmw_fastrtps_cpp: 6.2.7 (/opt/ros/humble/share/rmw_fastrtps_cpp/cmake)
-- Found TinyXML2 via Config file: TinyXML2_DIR-NOTFOUND
-- Found TinyXML2 via Config file: TinyXML2_DIR-NOTFOUND
-- Found TinyXML2 via Config file: TinyXML2_DIR-NOTFOUND
-- Found TinyXML2 via Config file: TinyXML2_DIR-NOTFOUND
-- Using RMW implementation 'rmw_fastrtps_cpp' as default
-- Found realtime_tools: 2.13.0 (/opt/ros/humble/share/realtime_tools/cmake)
-- Found ament_lint_auto: 0.12.12 (/opt/ros/humble/share/ament_lint_auto/cmake)
-- Added test 'cppcheck' to perform static code analysis on C / C++ code
-- Configured cppcheck include dirs: $<BUILD_INTERFACE:/home/paul/resqbot_dev/control_ws/src/lotti_flipper_controller/src/include>
-- Configured cppcheck exclude dirs and/or files: 
-- Added test 'lint_cmake' to check CMake code style
-- Added test 'uncrustify' to check C / C++ code style
-- Configured uncrustify additional arguments: 
-- Added test 'xmllint' to check XML markup files
-- Configuring done
-- Generating done
-- Build files have been written to: /home/paul/resqbot_dev/control_ws/src/build/lotti_flipper_controller
[ 50%] [32mBuilding CXX object CMakeFiles/lotti_flipper_controller.dir/src/lotti_flipper_controller.cpp.o[0m
[ 50%] [32mBuilding CXX object CMakeFiles/flipper_controller.dir/src/lotti_flipper_controller.cpp.o[0m
[01m[K/home/paul/resqbot_dev/control_ws/src/lotti_flipper_controller/src/lotti_flipper_controller.cpp:1:10:[m[K [01;31m[Kfatal error: [m[Klotti_flipper_controller/lotti_flipper_controller.hpp: No such file or directory
    1 | #include [01;31m[K"lotti_flipper_controller/lotti_flipper_controller.hpp"[m[K
      |          [01;31m[K^~~~~~~~~~~~~~~~~~~~~~~~~~~~~~~~~~~~~~~~~~~~~~~~~~~~~~~[m[K
compilation terminated.
gmake[2]: *** [CMakeFiles/flipper_controller.dir/build.make:76: CMakeFiles/flipper_controller.dir/src/lotti_flipper_controller.cpp.o] Error 1
gmake[1]: *** [CMakeFiles/Makefile2:165: CMakeFiles/flipper_controller.dir/all] Error 2
gmake[1]: *** Waiting for unfinished jobs....
[01m[K/home/paul/resqbot_dev/control_ws/src/lotti_flipper_controller/src/lotti_flipper_controller.cpp:[m[K In member function ‘[01m[Kvirtual controller_interface::return_type lotti_flipper_controller::FlipperController::update(const rclcpp::Time&, const rclcpp::Duration&)[m[K’:
[01m[K/home/paul/resqbot_dev/control_ws/src/lotti_flipper_controller/src/lotti_flipper_controller.cpp:118:26:[m[K [01;35m[Kwarning: [m[Kunused parameter ‘[01m[Ktime[m[K’ [[01;35m[K]8;;https://gcc.gnu.org/onlinedocs/gcc/Warning-Options.html#index-Wunused-parameter-Wunused-parameter]8;;[m[K]
  118 |     [01;35m[Kconst rclcpp::Time & time[m[K, const rclcpp::Duration & /*period*/){
      |     [01;35m[K~~~~~~~~~~~~~~~~~~~~~^~~~[m[K
[ 75%] [32m[1mLinking CXX shared library liblotti_flipper_controller.so[0m
[ 75%] Built target lotti_flipper_controller
gmake: *** [Makefile:146: all] Error 2
