[0.019s] Invoking command in '/home/paul/resqbot_dev/control_ws/src/build/lotti_flipper_controller': CMAKE_PREFIX_PATH=${CMAKE_PREFIX_PATH}:/opt/ros/humble /usr/bin/cmake /home/paul/resqbot_dev/control_ws/src/lotti_flipper_controller -DAMENT_CMAKE_SYMLINK_INSTALL=1 -DCMAKE_INSTALL_PREFIX=/home/paul/resqbot_dev/control_ws/src/install/lotti_flipper_controller
[0.047s] -- Found ament_cmake: 1.3.11 (/opt/ros/humble/share/ament_cmake/cmake)
[0.191s] -- Override CMake install command with custom implementation using symlinks instead of copying resources
[0.212s] -- Found pluginlib: 5.1.0 (/opt/ros/humble/share/pluginlib/cmake)
[0.267s] -- Found controller_interface: 2.50.0 (/opt/ros/humble/share/controller_interface/cmake)
[0.285s] -- Found rosidl_generator_c: 3.1.6 (/opt/ros/humble/share/rosidl_generator_c/cmake)
[0.288s] -- Found rosidl_adapter: 3.1.6 (/opt/ros/humble/share/rosidl_adapter/cmake)
[0.294s] -- Found rosidl_generator_cpp: 3.1.6 (/opt/ros/humble/share/rosidl_generator_cpp/cmake)
[0.306s] -- Using all available rosidl_typesupport_c: rosidl_typesupport_fastrtps_c;rosidl_typesupport_introspection_c
[0.317s] -- Using all available rosidl_typesupport_cpp: rosidl_typesupport_fastrtps_cpp;rosidl_typesupport_introspection_cpp
[0.481s] -- Found rmw_implementation_cmake: 6.1.2 (/opt/ros/humble/share/rmw_implementation_cmake/cmake)
[0.483s] -- Found rmw_fastrtps_cpp: 6.2.7 (/opt/ros/humble/share/rmw_fastrtps_cpp/cmake)
[0.503s] -- Found TinyXML2 via Config file: TinyXML2_DIR-NOTFOUND
[0.518s] -- Found TinyXML2 via Config file: TinyXML2_DIR-NOTFOUND
[0.543s] -- Found TinyXML2 via Config file: TinyXML2_DIR-NOTFOUND
[0.554s] -- Found TinyXML2 via Config file: TinyXML2_DIR-NOTFOUND
[0.572s] -- Using RMW implementation 'rmw_fastrtps_cpp' as default
[0.625s] -- Found realtime_tools: 2.13.0 (/opt/ros/humble/share/realtime_tools/cmake)
[0.662s] -- Found ament_lint_auto: 0.12.12 (/opt/ros/humble/share/ament_lint_auto/cmake)
[0.760s] -- Added test 'cppcheck' to perform static code analysis on C / C++ code
[0.760s] -- Configured cppcheck include dirs: $<BUILD_INTERFACE:/home/paul/resqbot_dev/control_ws/src/lotti_flipper_controller/src/include>
[0.760s] -- Configured cppcheck exclude dirs and/or files: 
[0.761s] -- Added test 'lint_cmake' to check CMake code style
[0.762s] -- Added test 'uncrustify' to check C / C++ code style
[0.762s] -- Configured uncrustify additional arguments: 
[0.763s] -- Added test 'xmllint' to check XML markup files
[0.765s] -- Configuring done
[0.820s] -- Generating done
[0.831s] -- Build files have been written to: /home/paul/resqbot_dev/control_ws/src/build/lotti_flipper_controller
[0.842s] Invoked command in '/home/paul/resqbot_dev/control_ws/src/build/lotti_flipper_controller' returned '0': CMAKE_PREFIX_PATH=${CMAKE_PREFIX_PATH}:/opt/ros/humble /usr/bin/cmake /home/paul/resqbot_dev/control_ws/src/lotti_flipper_controller -DAMENT_CMAKE_SYMLINK_INSTALL=1 -DCMAKE_INSTALL_PREFIX=/home/paul/resqbot_dev/control_ws/src/install/lotti_flipper_controller
[0.846s] Invoking command in '/home/paul/resqbot_dev/control_ws/src/build/lotti_flipper_controller': CMAKE_PREFIX_PATH=${CMAKE_PREFIX_PATH}:/opt/ros/humble /usr/bin/cmake --build /home/paul/resqbot_dev/control_ws/src/build/lotti_flipper_controller -- -j8 -l8
[0.943s] [ 50%] [32mBuilding CXX object CMakeFiles/lotti_flipper_controller.dir/src/lotti_flipper_controller.cpp.o[0m
[0.944s] [ 50%] [32mBuilding CXX object CMakeFiles/flipper_controller.dir/src/lotti_flipper_controller.cpp.o[0m
[0.960s] [01m[K/home/paul/resqbot_dev/control_ws/src/lotti_flipper_controller/src/lotti_flipper_controller.cpp:1:10:[m[K [01;31m[Kfatal error: [m[Klotti_flipper_controller/lotti_flipper_controller.hpp: No such file or directory
[0.960s]     1 | #include [01;31m[K"lotti_flipper_controller/lotti_flipper_controller.hpp"[m[K
[0.961s]       |          [01;31m[K^~~~~~~~~~~~~~~~~~~~~~~~~~~~~~~~~~~~~~~~~~~~~~~~~~~~~~~[m[K
[0.961s] compilation terminated.
[0.962s] gmake[2]: *** [CMakeFiles/flipper_controller.dir/build.make:76: CMakeFiles/flipper_controller.dir/src/lotti_flipper_controller.cpp.o] Error 1
[0.963s] gmake[1]: *** [CMakeFiles/Makefile2:165: CMakeFiles/flipper_controller.dir/all] Error 2
[0.963s] gmake[1]: *** Waiting for unfinished jobs....
[3.709s] [01m[K/home/paul/resqbot_dev/control_ws/src/lotti_flipper_controller/src/lotti_flipper_controller.cpp:[m[K In member function ‘[01m[Kvirtual controller_interface::return_type lotti_flipper_controller::FlipperController::update(const rclcpp::Time&, const rclcpp::Duration&)[m[K’:
[3.709s] [01m[K/home/paul/resqbot_dev/control_ws/src/lotti_flipper_controller/src/lotti_flipper_controller.cpp:118:26:[m[K [01;35m[Kwarning: [m[Kunused parameter ‘[01m[Ktime[m[K’ [[01;35m[K]8;;https://gcc.gnu.org/onlinedocs/gcc/Warning-Options.html#index-Wunused-parameter-Wunused-parameter]8;;[m[K]
[3.709s]   118 |     [01;35m[Kconst rclcpp::Time & time[m[K, const rclcpp::Duration & /*period*/){
[3.709s]       |     [01;35m[K~~~~~~~~~~~~~~~~~~~~~^~~~[m[K
[10.620s] [ 75%] [32m[1mLinking CXX shared library liblotti_flipper_controller.so[0m
[11.390s] [ 75%] Built target lotti_flipper_controller
[11.393s] gmake: *** [Makefile:146: all] Error 2
[11.397s] Invoked command in '/home/paul/resqbot_dev/control_ws/src/build/lotti_flipper_controller' returned '2': CMAKE_PREFIX_PATH=${CMAKE_PREFIX_PATH}:/opt/ros/humble /usr/bin/cmake --build /home/paul/resqbot_dev/control_ws/src/build/lotti_flipper_controller -- -j8 -l8
