[0.143s] DEBUG:colcon:Command line arguments: ['/usr/bin/colcon', 'build', '--symlink-install', '--packages-select', 'lotti_control']
[0.143s] DEBUG:colcon:Parsed command line arguments: Namespace(log_base=None, log_level=None, verb_name='build', build_base='build', install_base='install', merge_install=False, symlink_install=True, test_result_base=None, continue_on_error=False, executor='parallel', parallel_workers=8, event_handlers=None, ignore_user_meta=False, metas=['./colcon.meta'], base_paths=['.'], packages_ignore=None, packages_ignore_regex=None, paths=None, packages_up_to=None, packages_up_to_regex=None, packages_above=None, packages_above_and_dependencies=None, packages_above_depth=None, packages_select_by_dep=None, packages_skip_by_dep=None, packages_skip_up_to=None, packages_select_build_failed=False, packages_skip_build_finished=False, packages_select_test_failures=False, packages_skip_test_passed=False, packages_select=['lotti_control'], packages_skip=None, packages_select_regex=None, packages_skip_regex=None, packages_start=None, packages_end=None, allow_overriding=[], cmake_args=None, cmake_target=None, cmake_target_skip_unavailable=False, cmake_clean_cache=False, cmake_clean_first=False, cmake_force_configure=False, ament_cmake_args=None, catkin_cmake_args=None, catkin_skip_building_tests=False, mixin_files=None, mixin=None, verb_parser=<colcon_mixin.mixin.mixin_argument.MixinArgumentDecorator object at 0x74789fc12b00>, verb_extension=<colcon_core.verb.build.BuildVerb object at 0x74789fd77970>, main=<bound method BuildVerb.main of <colcon_core.verb.build.BuildVerb object at 0x74789fd77970>>, mixin_verb=('build',))
[0.347s] Level 1:colcon.colcon_core.package_discovery:discover_packages(colcon_meta) check parameters
[0.347s] Level 1:colcon.colcon_core.package_discovery:discover_packages(recursive) check parameters
[0.347s] Level 1:colcon.colcon_core.package_discovery:discover_packages(ignore) check parameters
[0.347s] Level 1:colcon.colcon_core.package_discovery:discover_packages(path) check parameters
[0.347s] Level 1:colcon.colcon_core.package_discovery:discover_packages(colcon_meta) discover
[0.347s] Level 1:colcon.colcon_core.package_discovery:discover_packages(recursive) discover
[0.347s] INFO:colcon.colcon_core.package_discovery:Crawling recursively for packages in '/home/resqbots/control_ws'
[0.347s] Level 1:colcon.colcon_core.package_identification:_identify(.) by extensions ['ignore', 'ignore_ament_install']
[0.348s] Level 1:colcon.colcon_core.package_identification:_identify(.) by extension 'ignore'
[0.348s] Level 1:colcon.colcon_core.package_identification:_identify(.) by extension 'ignore_ament_install'
[0.348s] Level 1:colcon.colcon_core.package_identification:_identify(.) by extensions ['colcon_pkg']
[0.348s] Level 1:colcon.colcon_core.package_identification:_identify(.) by extension 'colcon_pkg'
[0.348s] Level 1:colcon.colcon_core.package_identification:_identify(.) by extensions ['colcon_meta']
[0.348s] Level 1:colcon.colcon_core.package_identification:_identify(.) by extension 'colcon_meta'
[0.348s] Level 1:colcon.colcon_core.package_identification:_identify(.) by extensions ['ros']
[0.348s] Level 1:colcon.colcon_core.package_identification:_identify(.) by extension 'ros'
[0.360s] Level 1:colcon.colcon_core.package_identification:_identify(.) by extensions ['cmake', 'python']
[0.360s] Level 1:colcon.colcon_core.package_identification:_identify(.) by extension 'cmake'
[0.360s] Level 1:colcon.colcon_core.package_identification:_identify(.) by extension 'python'
[0.360s] Level 1:colcon.colcon_core.package_identification:_identify(.) by extensions ['python_setup_py']
[0.360s] Level 1:colcon.colcon_core.package_identification:_identify(.) by extension 'python_setup_py'
[0.360s] Level 1:colcon.colcon_core.package_identification:_identify(build) by extensions ['ignore', 'ignore_ament_install']
[0.361s] Level 1:colcon.colcon_core.package_identification:_identify(build) by extension 'ignore'
[0.361s] Level 1:colcon.colcon_core.package_identification:_identify(build) ignored
[0.361s] Level 1:colcon.colcon_core.package_identification:_identify(install) by extensions ['ignore', 'ignore_ament_install']
[0.361s] Level 1:colcon.colcon_core.package_identification:_identify(install) by extension 'ignore'
[0.361s] Level 1:colcon.colcon_core.package_identification:_identify(install) ignored
[0.361s] Level 1:colcon.colcon_core.package_identification:_identify(log) by extensions ['ignore', 'ignore_ament_install']
[0.361s] Level 1:colcon.colcon_core.package_identification:_identify(log) by extension 'ignore'
[0.361s] Level 1:colcon.colcon_core.package_identification:_identify(log) ignored
[0.361s] Level 1:colcon.colcon_core.package_identification:_identify(src) by extensions ['ignore', 'ignore_ament_install']
[0.361s] Level 1:colcon.colcon_core.package_identification:_identify(src) by extension 'ignore'
[0.361s] Level 1:colcon.colcon_core.package_identification:_identify(src) by extension 'ignore_ament_install'
[0.361s] Level 1:colcon.colcon_core.package_identification:_identify(src) by extensions ['colcon_pkg']
[0.361s] Level 1:colcon.colcon_core.package_identification:_identify(src) by extension 'colcon_pkg'
[0.361s] Level 1:colcon.colcon_core.package_identification:_identify(src) by extensions ['colcon_meta']
[0.361s] Level 1:colcon.colcon_core.package_identification:_identify(src) by extension 'colcon_meta'
[0.362s] Level 1:colcon.colcon_core.package_identification:_identify(src) by extensions ['ros']
[0.362s] Level 1:colcon.colcon_core.package_identification:_identify(src) by extension 'ros'
[0.362s] Level 1:colcon.colcon_core.package_identification:_identify(src) by extensions ['cmake', 'python']
[0.362s] Level 1:colcon.colcon_core.package_identification:_identify(src) by extension 'cmake'
[0.362s] Level 1:colcon.colcon_core.package_identification:_identify(src) by extension 'python'
[0.362s] Level 1:colcon.colcon_core.package_identification:_identify(src) by extensions ['python_setup_py']
[0.362s] Level 1:colcon.colcon_core.package_identification:_identify(src) by extension 'python_setup_py'
[0.362s] Level 1:colcon.colcon_core.package_identification:_identify(src/arm_joy_trajectory) by extensions ['ignore', 'ignore_ament_install']
[0.362s] Level 1:colcon.colcon_core.package_identification:_identify(src/arm_joy_trajectory) by extension 'ignore'
[0.362s] Level 1:colcon.colcon_core.package_identification:_identify(src/arm_joy_trajectory) by extension 'ignore_ament_install'
[0.362s] Level 1:colcon.colcon_core.package_identification:_identify(src/arm_joy_trajectory) by extensions ['colcon_pkg']
[0.362s] Level 1:colcon.colcon_core.package_identification:_identify(src/arm_joy_trajectory) by extension 'colcon_pkg'
[0.362s] Level 1:colcon.colcon_core.package_identification:_identify(src/arm_joy_trajectory) by extensions ['colcon_meta']
[0.362s] Level 1:colcon.colcon_core.package_identification:_identify(src/arm_joy_trajectory) by extension 'colcon_meta'
[0.362s] Level 1:colcon.colcon_core.package_identification:_identify(src/arm_joy_trajectory) by extensions ['ros']
[0.362s] Level 1:colcon.colcon_core.package_identification:_identify(src/arm_joy_trajectory) by extension 'ros'
[0.362s] Level 1:colcon.colcon_core.package_identification:_identify(src/arm_joy_trajectory) by extensions ['cmake', 'python']
[0.362s] Level 1:colcon.colcon_core.package_identification:_identify(src/arm_joy_trajectory) by extension 'cmake'
[0.362s] Level 1:colcon.colcon_core.package_identification:_identify(src/arm_joy_trajectory) by extension 'python'
[0.362s] Level 1:colcon.colcon_core.package_identification:_identify(src/arm_joy_trajectory) by extensions ['python_setup_py']
[0.362s] Level 1:colcon.colcon_core.package_identification:_identify(src/arm_joy_trajectory) by extension 'python_setup_py'
[0.363s] Level 1:colcon.colcon_core.package_identification:_identify(src/lotti_arm_controller) by extensions ['ignore', 'ignore_ament_install']
[0.363s] Level 1:colcon.colcon_core.package_identification:_identify(src/lotti_arm_controller) by extension 'ignore'
[0.363s] Level 1:colcon.colcon_core.package_identification:_identify(src/lotti_arm_controller) by extension 'ignore_ament_install'
[0.363s] Level 1:colcon.colcon_core.package_identification:_identify(src/lotti_arm_controller) by extensions ['colcon_pkg']
[0.363s] Level 1:colcon.colcon_core.package_identification:_identify(src/lotti_arm_controller) by extension 'colcon_pkg'
[0.363s] Level 1:colcon.colcon_core.package_identification:_identify(src/lotti_arm_controller) by extensions ['colcon_meta']
[0.363s] Level 1:colcon.colcon_core.package_identification:_identify(src/lotti_arm_controller) by extension 'colcon_meta'
[0.363s] Level 1:colcon.colcon_core.package_identification:_identify(src/lotti_arm_controller) by extensions ['ros']
[0.363s] Level 1:colcon.colcon_core.package_identification:_identify(src/lotti_arm_controller) by extension 'ros'
[0.375s] DEBUG:colcon.colcon_core.package_identification:Package 'src/lotti_arm_controller' with type 'ros.ament_cmake' and name 'lotti_arm_controller'
[0.376s] Level 1:colcon.colcon_core.package_identification:_identify(src/lotti_control) by extensions ['ignore', 'ignore_ament_install']
[0.376s] Level 1:colcon.colcon_core.package_identification:_identify(src/lotti_control) by extension 'ignore'
[0.376s] Level 1:colcon.colcon_core.package_identification:_identify(src/lotti_control) by extension 'ignore_ament_install'
[0.376s] Level 1:colcon.colcon_core.package_identification:_identify(src/lotti_control) by extensions ['colcon_pkg']
[0.376s] Level 1:colcon.colcon_core.package_identification:_identify(src/lotti_control) by extension 'colcon_pkg'
[0.376s] Level 1:colcon.colcon_core.package_identification:_identify(src/lotti_control) by extensions ['colcon_meta']
[0.376s] Level 1:colcon.colcon_core.package_identification:_identify(src/lotti_control) by extension 'colcon_meta'
[0.376s] Level 1:colcon.colcon_core.package_identification:_identify(src/lotti_control) by extensions ['ros']
[0.376s] Level 1:colcon.colcon_core.package_identification:_identify(src/lotti_control) by extension 'ros'
[0.378s] DEBUG:colcon.colcon_core.package_identification:Package 'src/lotti_control' with type 'ros.ament_cmake' and name 'lotti_control'
[0.378s] Level 1:colcon.colcon_core.package_identification:_identify(src/lotti_flipper_controller) by extensions ['ignore', 'ignore_ament_install']
[0.378s] Level 1:colcon.colcon_core.package_identification:_identify(src/lotti_flipper_controller) by extension 'ignore'
[0.378s] Level 1:colcon.colcon_core.package_identification:_identify(src/lotti_flipper_controller) by extension 'ignore_ament_install'
[0.378s] Level 1:colcon.colcon_core.package_identification:_identify(src/lotti_flipper_controller) by extensions ['colcon_pkg']
[0.378s] Level 1:colcon.colcon_core.package_identification:_identify(src/lotti_flipper_controller) by extension 'colcon_pkg'
[0.378s] Level 1:colcon.colcon_core.package_identification:_identify(src/lotti_flipper_controller) by extensions ['colcon_meta']
[0.378s] Level 1:colcon.colcon_core.package_identification:_identify(src/lotti_flipper_controller) by extension 'colcon_meta'
[0.378s] Level 1:colcon.colcon_core.package_identification:_identify(src/lotti_flipper_controller) by extensions ['ros']
[0.378s] Level 1:colcon.colcon_core.package_identification:_identify(src/lotti_flipper_controller) by extension 'ros'
[0.380s] DEBUG:colcon.colcon_core.package_identification:Package 'src/lotti_flipper_controller' with type 'ros.ament_cmake' and name 'lotti_flipper_controller'
[0.380s] Level 1:colcon.colcon_core.package_identification:_identify(src/lotti_teleop) by extensions ['ignore', 'ignore_ament_install']
[0.380s] Level 1:colcon.colcon_core.package_identification:_identify(src/lotti_teleop) by extension 'ignore'
[0.380s] Level 1:colcon.colcon_core.package_identification:_identify(src/lotti_teleop) by extension 'ignore_ament_install'
[0.380s] Level 1:colcon.colcon_core.package_identification:_identify(src/lotti_teleop) by extensions ['colcon_pkg']
[0.380s] Level 1:colcon.colcon_core.package_identification:_identify(src/lotti_teleop) by extension 'colcon_pkg'
[0.380s] Level 1:colcon.colcon_core.package_identification:_identify(src/lotti_teleop) by extensions ['colcon_meta']
[0.380s] Level 1:colcon.colcon_core.package_identification:_identify(src/lotti_teleop) by extension 'colcon_meta'
[0.380s] Level 1:colcon.colcon_core.package_identification:_identify(src/lotti_teleop) by extensions ['ros']
[0.380s] Level 1:colcon.colcon_core.package_identification:_identify(src/lotti_teleop) by extension 'ros'
[0.381s] DEBUG:colcon.colcon_core.package_identification:Package 'src/lotti_teleop' with type 'ros.ament_python' and name 'lotti_teleop'
[0.381s] Level 1:colcon.colcon_core.package_discovery:discover_packages(recursive) using defaults
[0.381s] Level 1:colcon.colcon_core.package_discovery:discover_packages(ignore) discover
[0.381s] Level 1:colcon.colcon_core.package_discovery:discover_packages(ignore) using defaults
[0.381s] Level 1:colcon.colcon_core.package_discovery:discover_packages(path) discover
[0.381s] Level 1:colcon.colcon_core.package_discovery:discover_packages(path) using defaults
[0.404s] INFO:colcon.colcon_core.package_selection:Skipping not selected package 'lotti_arm_controller' in 'src/lotti_arm_controller'
[0.404s] INFO:colcon.colcon_core.package_selection:Skipping not selected package 'lotti_flipper_controller' in 'src/lotti_flipper_controller'
[0.404s] INFO:colcon.colcon_core.package_selection:Skipping not selected package 'lotti_teleop' in 'src/lotti_teleop'
[0.405s] Level 1:colcon.colcon_core.package_discovery:discover_packages(prefix_path) check parameters
[0.405s] Level 1:colcon.colcon_core.package_discovery:discover_packages(prefix_path) discover
[0.408s] DEBUG:colcon.colcon_installed_package_information.package_discovery:Found 4 installed packages in /home/resqbots/control_ws/install
[0.409s] DEBUG:colcon.colcon_installed_package_information.package_discovery:Found 20 installed packages in /home/resqbots/dev_ws/install
[0.410s] DEBUG:colcon.colcon_installed_package_information.package_discovery:Found 11 installed packages in /home/resqbots/ros2_ws/install
[0.412s] DEBUG:colcon.colcon_installed_package_information.package_discovery:Found 394 installed packages in /opt/ros/humble
[0.414s] Level 1:colcon.colcon_core.package_discovery:discover_packages(prefix_path) using defaults
[0.471s] Level 5:colcon.colcon_core.verb:set package 'lotti_control' build argument 'cmake_args' from command line to 'None'
[0.471s] Level 5:colcon.colcon_core.verb:set package 'lotti_control' build argument 'cmake_target' from command line to 'None'
[0.471s] Level 5:colcon.colcon_core.verb:set package 'lotti_control' build argument 'cmake_target_skip_unavailable' from command line to 'False'
[0.471s] Level 5:colcon.colcon_core.verb:set package 'lotti_control' build argument 'cmake_clean_cache' from command line to 'False'
[0.471s] Level 5:colcon.colcon_core.verb:set package 'lotti_control' build argument 'cmake_clean_first' from command line to 'False'
[0.471s] Level 5:colcon.colcon_core.verb:set package 'lotti_control' build argument 'cmake_force_configure' from command line to 'False'
[0.471s] Level 5:colcon.colcon_core.verb:set package 'lotti_control' build argument 'ament_cmake_args' from command line to 'None'
[0.471s] Level 5:colcon.colcon_core.verb:set package 'lotti_control' build argument 'catkin_cmake_args' from command line to 'None'
[0.471s] Level 5:colcon.colcon_core.verb:set package 'lotti_control' build argument 'catkin_skip_building_tests' from command line to 'False'
[0.471s] DEBUG:colcon.colcon_core.verb:Building package 'lotti_control' with the following arguments: {'ament_cmake_args': None, 'build_base': '/home/resqbots/control_ws/build/lotti_control', 'catkin_cmake_args': None, 'catkin_skip_building_tests': False, 'cmake_args': None, 'cmake_clean_cache': False, 'cmake_clean_first': False, 'cmake_force_configure': False, 'cmake_target': None, 'cmake_target_skip_unavailable': False, 'install_base': '/home/resqbots/control_ws/install/lotti_control', 'merge_install': False, 'path': '/home/resqbots/control_ws/src/lotti_control', 'symlink_install': True, 'test_result_base': None}
[0.471s] INFO:colcon.colcon_core.executor:Executing jobs using 'parallel' executor
[0.472s] DEBUG:colcon.colcon_parallel_executor.executor.parallel:run_until_complete
[0.472s] INFO:colcon.colcon_ros.task.ament_cmake.build:Building ROS package in '/home/resqbots/control_ws/src/lotti_control' with build type 'ament_cmake'
[0.472s] INFO:colcon.colcon_cmake.task.cmake.build:Building CMake package in '/home/resqbots/control_ws/src/lotti_control'
[0.475s] INFO:colcon.colcon_core.plugin_system:Skipping extension 'colcon_core.shell.bat': Not used on non-Windows systems
[0.475s] INFO:colcon.colcon_core.shell:Skip shell extension 'powershell' for command environment: Not usable outside of PowerShell
[0.475s] DEBUG:colcon.colcon_core.shell:Skip shell extension 'dsv' for command environment
[0.487s] DEBUG:colcon.colcon_core.event_handler.log_command:Invoking command in '/home/resqbots/control_ws/build/lotti_control': CMAKE_PREFIX_PATH=${CMAKE_PREFIX_PATH}:/home/resqbots/control_ws/install/lotti_teleop:/home/resqbots/dev_ws/install/velocityListener:/home/resqbots/dev_ws/install/resqbot_flipper_interface:/home/resqbots/dev_ws/install/resqbot_drive_motor_controller:/home/resqbots/dev_ws/install/resqbot_drive_interface:/home/resqbots/dev_ws/install/resqbot_camera_arm:/home/resqbots/dev_ws/install/flipper_drive:/home/resqbots/dev_ws/install/chain_controller:/home/resqbots/dev_ws/install/camera_arm:/home/resqbots/dev_ws/install/botlaunch:/home/resqbots/dev_ws/install/bot_camera_arm:/home/resqbots/dev_ws/install/angle_publisher:/home/resqbots/ros2_ws/install/tele_op:/home/resqbots/ros2_ws/install/resqbot_flipper_interface:/home/resqbots/ros2_ws/install/resqbot_drive_interface:/home/resqbots/ros2_ws/install/camera_arm:/home/resqbots/ros2_ws/install/botlaunch:/home/resqbots/ros2_ws/install/bot_camera_arm:/opt/ros/humble /usr/bin/cmake --build /home/resqbots/control_ws/build/lotti_control -- -j8 -l8
[0.569s] DEBUG:colcon.colcon_core.event_handler.log_command:Invoked command in '/home/resqbots/control_ws/build/lotti_control' returned '0': CMAKE_PREFIX_PATH=${CMAKE_PREFIX_PATH}:/home/resqbots/control_ws/install/lotti_teleop:/home/resqbots/dev_ws/install/velocityListener:/home/resqbots/dev_ws/install/resqbot_flipper_interface:/home/resqbots/dev_ws/install/resqbot_drive_motor_controller:/home/resqbots/dev_ws/install/resqbot_drive_interface:/home/resqbots/dev_ws/install/resqbot_camera_arm:/home/resqbots/dev_ws/install/flipper_drive:/home/resqbots/dev_ws/install/chain_controller:/home/resqbots/dev_ws/install/camera_arm:/home/resqbots/dev_ws/install/botlaunch:/home/resqbots/dev_ws/install/bot_camera_arm:/home/resqbots/dev_ws/install/angle_publisher:/home/resqbots/ros2_ws/install/tele_op:/home/resqbots/ros2_ws/install/resqbot_flipper_interface:/home/resqbots/ros2_ws/install/resqbot_drive_interface:/home/resqbots/ros2_ws/install/camera_arm:/home/resqbots/ros2_ws/install/botlaunch:/home/resqbots/ros2_ws/install/bot_camera_arm:/opt/ros/humble /usr/bin/cmake --build /home/resqbots/control_ws/build/lotti_control -- -j8 -l8
[0.580s] DEBUG:colcon.colcon_core.event_handler.log_command:Invoking command in '/home/resqbots/control_ws/build/lotti_control': CMAKE_PREFIX_PATH=${CMAKE_PREFIX_PATH}:/home/resqbots/control_ws/install/lotti_teleop:/home/resqbots/dev_ws/install/velocityListener:/home/resqbots/dev_ws/install/resqbot_flipper_interface:/home/resqbots/dev_ws/install/resqbot_drive_motor_controller:/home/resqbots/dev_ws/install/resqbot_drive_interface:/home/resqbots/dev_ws/install/resqbot_camera_arm:/home/resqbots/dev_ws/install/flipper_drive:/home/resqbots/dev_ws/install/chain_controller:/home/resqbots/dev_ws/install/camera_arm:/home/resqbots/dev_ws/install/botlaunch:/home/resqbots/dev_ws/install/bot_camera_arm:/home/resqbots/dev_ws/install/angle_publisher:/home/resqbots/ros2_ws/install/tele_op:/home/resqbots/ros2_ws/install/resqbot_flipper_interface:/home/resqbots/ros2_ws/install/resqbot_drive_interface:/home/resqbots/ros2_ws/install/camera_arm:/home/resqbots/ros2_ws/install/botlaunch:/home/resqbots/ros2_ws/install/bot_camera_arm:/opt/ros/humble /usr/bin/cmake --install /home/resqbots/control_ws/build/lotti_control
[0.610s] Level 1:colcon.colcon_core.environment:create_environment_scripts_only(lotti_control)
[0.611s] DEBUG:colcon.colcon_core.event_handler.log_command:Invoked command in '/home/resqbots/control_ws/build/lotti_control' returned '0': CMAKE_PREFIX_PATH=${CMAKE_PREFIX_PATH}:/home/resqbots/control_ws/install/lotti_teleop:/home/resqbots/dev_ws/install/velocityListener:/home/resqbots/dev_ws/install/resqbot_flipper_interface:/home/resqbots/dev_ws/install/resqbot_drive_motor_controller:/home/resqbots/dev_ws/install/resqbot_drive_interface:/home/resqbots/dev_ws/install/resqbot_camera_arm:/home/resqbots/dev_ws/install/flipper_drive:/home/resqbots/dev_ws/install/chain_controller:/home/resqbots/dev_ws/install/camera_arm:/home/resqbots/dev_ws/install/botlaunch:/home/resqbots/dev_ws/install/bot_camera_arm:/home/resqbots/dev_ws/install/angle_publisher:/home/resqbots/ros2_ws/install/tele_op:/home/resqbots/ros2_ws/install/resqbot_flipper_interface:/home/resqbots/ros2_ws/install/resqbot_drive_interface:/home/resqbots/ros2_ws/install/camera_arm:/home/resqbots/ros2_ws/install/botlaunch:/home/resqbots/ros2_ws/install/bot_camera_arm:/opt/ros/humble /usr/bin/cmake --install /home/resqbots/control_ws/build/lotti_control
[0.614s] Level 1:colcon.colcon_core.environment:checking '/home/resqbots/control_ws/install/lotti_control' for CMake module files
[0.615s] Level 1:colcon.colcon_core.environment:checking '/home/resqbots/control_ws/install/lotti_control' for CMake config files
[0.615s] Level 1:colcon.colcon_core.shell:create_environment_hook('lotti_control', 'cmake_prefix_path')
[0.615s] INFO:colcon.colcon_core.shell:Creating environment hook '/home/resqbots/control_ws/install/lotti_control/share/lotti_control/hook/cmake_prefix_path.ps1'
[0.616s] INFO:colcon.colcon_core.shell:Creating environment descriptor '/home/resqbots/control_ws/install/lotti_control/share/lotti_control/hook/cmake_prefix_path.dsv'
[0.617s] INFO:colcon.colcon_core.shell:Creating environment hook '/home/resqbots/control_ws/install/lotti_control/share/lotti_control/hook/cmake_prefix_path.sh'
[0.618s] Level 1:colcon.colcon_core.environment:checking '/home/resqbots/control_ws/install/lotti_control/lib'
[0.618s] Level 1:colcon.colcon_core.shell:create_environment_hook('lotti_control', 'ld_library_path_lib')
[0.619s] INFO:colcon.colcon_core.shell:Creating environment hook '/home/resqbots/control_ws/install/lotti_control/share/lotti_control/hook/ld_library_path_lib.ps1'
[0.619s] INFO:colcon.colcon_core.shell:Creating environment descriptor '/home/resqbots/control_ws/install/lotti_control/share/lotti_control/hook/ld_library_path_lib.dsv'
[0.619s] INFO:colcon.colcon_core.shell:Creating environment hook '/home/resqbots/control_ws/install/lotti_control/share/lotti_control/hook/ld_library_path_lib.sh'
[0.620s] Level 1:colcon.colcon_core.environment:checking '/home/resqbots/control_ws/install/lotti_control/bin'
[0.620s] Level 1:colcon.colcon_core.environment:checking '/home/resqbots/control_ws/install/lotti_control/lib/pkgconfig/lotti_control.pc'
[0.620s] Level 1:colcon.colcon_core.environment:checking '/home/resqbots/control_ws/install/lotti_control/lib/python3.10/site-packages'
[0.620s] Level 1:colcon.colcon_core.environment:checking '/home/resqbots/control_ws/install/lotti_control/bin'
[0.621s] INFO:colcon.colcon_core.shell:Creating package script '/home/resqbots/control_ws/install/lotti_control/share/lotti_control/package.ps1'
[0.621s] INFO:colcon.colcon_core.shell:Creating package descriptor '/home/resqbots/control_ws/install/lotti_control/share/lotti_control/package.dsv'
[0.622s] INFO:colcon.colcon_core.shell:Creating package script '/home/resqbots/control_ws/install/lotti_control/share/lotti_control/package.sh'
[0.623s] INFO:colcon.colcon_core.shell:Creating package script '/home/resqbots/control_ws/install/lotti_control/share/lotti_control/package.bash'
[0.623s] INFO:colcon.colcon_core.shell:Creating package script '/home/resqbots/control_ws/install/lotti_control/share/lotti_control/package.zsh'
[0.624s] Level 1:colcon.colcon_core.environment:create_file_with_runtime_dependencies(/home/resqbots/control_ws/install/lotti_control/share/colcon-core/packages/lotti_control)
[0.625s] Level 1:colcon.colcon_core.environment:create_environment_scripts_only(lotti_control)
[0.625s] Level 1:colcon.colcon_core.environment:checking '/home/resqbots/control_ws/install/lotti_control' for CMake module files
[0.625s] Level 1:colcon.colcon_core.environment:checking '/home/resqbots/control_ws/install/lotti_control' for CMake config files
[0.626s] Level 1:colcon.colcon_core.shell:create_environment_hook('lotti_control', 'cmake_prefix_path')
[0.626s] INFO:colcon.colcon_core.shell:Creating environment hook '/home/resqbots/control_ws/install/lotti_control/share/lotti_control/hook/cmake_prefix_path.ps1'
[0.626s] INFO:colcon.colcon_core.shell:Creating environment descriptor '/home/resqbots/control_ws/install/lotti_control/share/lotti_control/hook/cmake_prefix_path.dsv'
[0.627s] INFO:colcon.colcon_core.shell:Creating environment hook '/home/resqbots/control_ws/install/lotti_control/share/lotti_control/hook/cmake_prefix_path.sh'
[0.627s] Level 1:colcon.colcon_core.environment:checking '/home/resqbots/control_ws/install/lotti_control/lib'
[0.627s] Level 1:colcon.colcon_core.shell:create_environment_hook('lotti_control', 'ld_library_path_lib')
[0.627s] INFO:colcon.colcon_core.shell:Creating environment hook '/home/resqbots/control_ws/install/lotti_control/share/lotti_control/hook/ld_library_path_lib.ps1'
[0.628s] INFO:colcon.colcon_core.shell:Creating environment descriptor '/home/resqbots/control_ws/install/lotti_control/share/lotti_control/hook/ld_library_path_lib.dsv'
[0.628s] INFO:colcon.colcon_core.shell:Creating environment hook '/home/resqbots/control_ws/install/lotti_control/share/lotti_control/hook/ld_library_path_lib.sh'
[0.629s] Level 1:colcon.colcon_core.environment:checking '/home/resqbots/control_ws/install/lotti_control/bin'
[0.629s] Level 1:colcon.colcon_core.environment:checking '/home/resqbots/control_ws/install/lotti_control/lib/pkgconfig/lotti_control.pc'
[0.629s] Level 1:colcon.colcon_core.environment:checking '/home/resqbots/control_ws/install/lotti_control/lib/python3.10/site-packages'
[0.629s] Level 1:colcon.colcon_core.environment:checking '/home/resqbots/control_ws/install/lotti_control/bin'
[0.629s] INFO:colcon.colcon_core.shell:Creating package script '/home/resqbots/control_ws/install/lotti_control/share/lotti_control/package.ps1'
[0.630s] INFO:colcon.colcon_core.shell:Creating package descriptor '/home/resqbots/control_ws/install/lotti_control/share/lotti_control/package.dsv'
[0.630s] INFO:colcon.colcon_core.shell:Creating package script '/home/resqbots/control_ws/install/lotti_control/share/lotti_control/package.sh'
[0.631s] INFO:colcon.colcon_core.shell:Creating package script '/home/resqbots/control_ws/install/lotti_control/share/lotti_control/package.bash'
[0.631s] INFO:colcon.colcon_core.shell:Creating package script '/home/resqbots/control_ws/install/lotti_control/share/lotti_control/package.zsh'
[0.632s] Level 1:colcon.colcon_core.environment:create_file_with_runtime_dependencies(/home/resqbots/control_ws/install/lotti_control/share/colcon-core/packages/lotti_control)
[0.632s] DEBUG:colcon.colcon_parallel_executor.executor.parallel:closing loop
[0.632s] DEBUG:colcon.colcon_parallel_executor.executor.parallel:loop closed
[0.632s] DEBUG:colcon.colcon_parallel_executor.executor.parallel:run_until_complete finished with '0'
[0.632s] DEBUG:colcon.colcon_core.event_reactor:joining thread
[0.639s] INFO:colcon.colcon_core.plugin_system:Skipping extension 'colcon_notification.desktop_notification.terminal_notifier': Not used on non-Darwin systems
[0.640s] INFO:colcon.colcon_core.plugin_system:Skipping extension 'colcon_notification.desktop_notification.win32': Not used on non-Windows systems
[0.640s] INFO:colcon.colcon_notification.desktop_notification:Sending desktop notification using 'notify2'
[0.650s] DEBUG:colcon.colcon_core.event_reactor:joined thread
[0.650s] INFO:colcon.colcon_core.shell:Creating prefix script '/home/resqbots/control_ws/install/local_setup.ps1'
[0.652s] INFO:colcon.colcon_core.shell:Creating prefix util module '/home/resqbots/control_ws/install/_local_setup_util_ps1.py'
[0.653s] INFO:colcon.colcon_core.shell:Creating prefix chain script '/home/resqbots/control_ws/install/setup.ps1'
[0.656s] INFO:colcon.colcon_core.shell:Creating prefix script '/home/resqbots/control_ws/install/local_setup.sh'
[0.656s] INFO:colcon.colcon_core.shell:Creating prefix util module '/home/resqbots/control_ws/install/_local_setup_util_sh.py'
[0.657s] INFO:colcon.colcon_core.shell:Creating prefix chain script '/home/resqbots/control_ws/install/setup.sh'
[0.659s] INFO:colcon.colcon_core.shell:Creating prefix script '/home/resqbots/control_ws/install/local_setup.bash'
[0.660s] INFO:colcon.colcon_core.shell:Creating prefix chain script '/home/resqbots/control_ws/install/setup.bash'
[0.662s] INFO:colcon.colcon_core.shell:Creating prefix script '/home/resqbots/control_ws/install/local_setup.zsh'
[0.663s] INFO:colcon.colcon_core.shell:Creating prefix chain script '/home/resqbots/control_ws/install/setup.zsh'
