[100%] Built target lotti_flipper_controller
-- Install configuration: ""
-- Execute custom install script
-- Up-to-date symlink: /home/paul/resqbot_dev/control_ws/install/lotti_flipper_controller/share/lotti_flipper_controller//lotti_flipper_controller.xml
-- Up-to-date symlink: /home/paul/resqbot_dev/control_ws/install/lotti_flipper_controller/include/lotti_flipper_controller/lotti_flipper_controller/flipper_controller.hpp
-- Up-to-date symlink: /home/paul/resqbot_dev/control_ws/install/lotti_flipper_controller/share/lotti_flipper_controller/environment/library_path.sh
-- Up-to-date symlink: /home/paul/resqbot_dev/control_ws/install/lotti_flipper_controller/share/lotti_flipper_controller/environment/library_path.dsv
-- Up-to-date symlink: /home/paul/resqbot_dev/control_ws/install/lotti_flipper_controller/share/ament_index/resource_index/package_run_dependencies/lotti_flipper_controller
-- Up-to-date symlink: /home/paul/resqbot_dev/control_ws/install/lotti_flipper_controller/share/ament_index/resource_index/parent_prefix_path/lotti_flipper_controller
-- Up-to-date symlink: /home/paul/resqbot_dev/control_ws/install/lotti_flipper_controller/share/lotti_flipper_controller/environment/ament_prefix_path.sh
-- Up-to-date symlink: /home/paul/resqbot_dev/control_ws/install/lotti_flipper_controller/share/lotti_flipper_controller/environment/ament_prefix_path.dsv
-- Up-to-date symlink: /home/paul/resqbot_dev/control_ws/install/lotti_flipper_controller/share/lotti_flipper_controller/environment/path.sh
-- Up-to-date symlink: /home/paul/resqbot_dev/control_ws/install/lotti_flipper_controller/share/lotti_flipper_controller/environment/path.dsv
-- Up-to-date symlink: /home/paul/resqbot_dev/control_ws/install/lotti_flipper_controller/share/lotti_flipper_controller/local_setup.bash
-- Up-to-date symlink: /home/paul/resqbot_dev/control_ws/install/lotti_flipper_controller/share/lotti_flipper_controller/local_setup.sh
-- Up-to-date symlink: /home/paul/resqbot_dev/control_ws/install/lotti_flipper_controller/share/lotti_flipper_controller/local_setup.zsh
-- Up-to-date symlink: /home/paul/resqbot_dev/control_ws/install/lotti_flipper_controller/share/lotti_flipper_controller/local_setup.dsv
-- Symlinking: /home/paul/resqbot_dev/control_ws/install/lotti_flipper_controller/share/lotti_flipper_controller/package.dsv
-- Up-to-date symlink: /home/paul/resqbot_dev/control_ws/install/lotti_flipper_controller/share/ament_index/resource_index/packages/lotti_flipper_controller
-- Up-to-date symlink: /home/paul/resqbot_dev/control_ws/install/lotti_flipper_controller/share/ament_index/resource_index/controller_interface__pluginlib__plugin/lotti_flipper_controller
-- Up-to-date symlink: /home/paul/resqbot_dev/control_ws/install/lotti_flipper_controller/share/lotti_flipper_controller/cmake/ament_cmake_export_targets-extras.cmake
-- Up-to-date symlink: /home/paul/resqbot_dev/control_ws/install/lotti_flipper_controller/share/lotti_flipper_controller/cmake/ament_cmake_export_dependencies-extras.cmake
-- Up-to-date symlink: /home/paul/resqbot_dev/control_ws/install/lotti_flipper_controller/share/lotti_flipper_controller/cmake/lotti_flipper_controllerConfig.cmake
-- Up-to-date symlink: /home/paul/resqbot_dev/control_ws/install/lotti_flipper_controller/share/lotti_flipper_controller/cmake/lotti_flipper_controllerConfig-version.cmake
-- Up-to-date symlink: /home/paul/resqbot_dev/control_ws/install/lotti_flipper_controller/share/lotti_flipper_controller/package.xml
-- Up-to-date: /home/paul/resqbot_dev/control_ws/install/lotti_flipper_controller/lib/liblotti_flipper_controller.so
-- Up-to-date: /home/paul/resqbot_dev/control_ws/install/lotti_flipper_controller/share/lotti_flipper_controller/cmake/export_lotti_flipper_controllerExport.cmake
-- Up-to-date: /home/paul/resqbot_dev/control_ws/install/lotti_flipper_controller/share/lotti_flipper_controller/cmake/export_lotti_flipper_controllerExport-noconfig.cmake
