[0.030s] Invoking command in '/home/resqbots/control_ws/build/lotti_flipper_controller': CMAKE_PREFIX_PATH=${CMAKE_PREFIX_PATH}:/home/resqbots/control_ws/install/lotti_teleop:/home/resqbots/dev_ws/install/velocityListener:/home/resqbots/dev_ws/install/resqbot_flipper_interface:/home/resqbots/dev_ws/install/resqbot_drive_motor_controller:/home/resqbots/dev_ws/install/resqbot_drive_interface:/home/resqbots/dev_ws/install/resqbot_camera_arm:/home/resqbots/dev_ws/install/flipper_drive:/home/resqbots/dev_ws/install/chain_controller:/home/resqbots/dev_ws/install/camera_arm:/home/resqbots/dev_ws/install/botlaunch:/home/resqbots/dev_ws/install/bot_camera_arm:/home/resqbots/dev_ws/install/angle_publisher:/home/resqbots/ros2_ws/install/tele_op:/home/resqbots/ros2_ws/install/resqbot_flipper_interface:/home/resqbots/ros2_ws/install/resqbot_drive_interface:/home/resqbots/ros2_ws/install/camera_arm:/home/resqbots/ros2_ws/install/botlaunch:/home/resqbots/ros2_ws/install/bot_camera_arm:/opt/ros/humble /usr/bin/cmake --build /home/resqbots/control_ws/build/lotti_flipper_controller -- -j8 -l8
[0.079s] [35m[1mConsolidate compiler generated dependencies of target lotti_flipper_controller[0m
[0.100s] [100%] Built target lotti_flipper_controller
[0.394s] Invoked command in '/home/resqbots/control_ws/build/lotti_flipper_controller' returned '0': CMAKE_PREFIX_PATH=${CMAKE_PREFIX_PATH}:/home/resqbots/control_ws/install/lotti_teleop:/home/resqbots/dev_ws/install/velocityListener:/home/resqbots/dev_ws/install/resqbot_flipper_interface:/home/resqbots/dev_ws/install/resqbot_drive_motor_controller:/home/resqbots/dev_ws/install/resqbot_drive_interface:/home/resqbots/dev_ws/install/resqbot_camera_arm:/home/resqbots/dev_ws/install/flipper_drive:/home/resqbots/dev_ws/install/chain_controller:/home/resqbots/dev_ws/install/camera_arm:/home/resqbots/dev_ws/install/botlaunch:/home/resqbots/dev_ws/install/bot_camera_arm:/home/resqbots/dev_ws/install/angle_publisher:/home/resqbots/ros2_ws/install/tele_op:/home/resqbots/ros2_ws/install/resqbot_flipper_interface:/home/resqbots/ros2_ws/install/resqbot_drive_interface:/home/resqbots/ros2_ws/install/camera_arm:/home/resqbots/ros2_ws/install/botlaunch:/home/resqbots/ros2_ws/install/bot_camera_arm:/opt/ros/humble /usr/bin/cmake --build /home/resqbots/control_ws/build/lotti_flipper_controller -- -j8 -l8
[0.396s] Invoking command in '/home/resqbots/control_ws/build/lotti_flipper_controller': CMAKE_PREFIX_PATH=${CMAKE_PREFIX_PATH}:/home/resqbots/control_ws/install/lotti_teleop:/home/resqbots/dev_ws/install/velocityListener:/home/resqbots/dev_ws/install/resqbot_flipper_interface:/home/resqbots/dev_ws/install/resqbot_drive_motor_controller:/home/resqbots/dev_ws/install/resqbot_drive_interface:/home/resqbots/dev_ws/install/resqbot_camera_arm:/home/resqbots/dev_ws/install/flipper_drive:/home/resqbots/dev_ws/install/chain_controller:/home/resqbots/dev_ws/install/camera_arm:/home/resqbots/dev_ws/install/botlaunch:/home/resqbots/dev_ws/install/bot_camera_arm:/home/resqbots/dev_ws/install/angle_publisher:/home/resqbots/ros2_ws/install/tele_op:/home/resqbots/ros2_ws/install/resqbot_flipper_interface:/home/resqbots/ros2_ws/install/resqbot_drive_interface:/home/resqbots/ros2_ws/install/camera_arm:/home/resqbots/ros2_ws/install/botlaunch:/home/resqbots/ros2_ws/install/bot_camera_arm:/opt/ros/humble /usr/bin/cmake --install /home/resqbots/control_ws/build/lotti_flipper_controller
[0.406s] -- Install configuration: ""
[0.406s] -- Up-to-date: /home/resqbots/control_ws/install/lotti_flipper_controller/share/lotti_flipper_controller/lotti_flipper_controller.xml
[0.406s] -- Up-to-date: /home/resqbots/control_ws/install/lotti_flipper_controller/include/lotti_flipper_controller
[0.406s] -- Up-to-date: /home/resqbots/control_ws/install/lotti_flipper_controller/include/lotti_flipper_controller/lotti_flipper_controller
[0.406s] -- Up-to-date: /home/resqbots/control_ws/install/lotti_flipper_controller/include/lotti_flipper_controller/lotti_flipper_controller/flipper_controller.hpp
[0.407s] -- Up-to-date: /home/resqbots/control_ws/install/lotti_flipper_controller/lib/liblotti_flipper_controller.so
[0.407s] -- Up-to-date: /home/resqbots/control_ws/install/lotti_flipper_controller/share/lotti_flipper_controller/environment/library_path.sh
[0.408s] -- Up-to-date: /home/resqbots/control_ws/install/lotti_flipper_controller/share/lotti_flipper_controller/environment/library_path.dsv
[0.408s] -- Up-to-date: /home/resqbots/control_ws/install/lotti_flipper_controller/share/ament_index/resource_index/package_run_dependencies/lotti_flipper_controller
[0.408s] -- Up-to-date: /home/resqbots/control_ws/install/lotti_flipper_controller/share/ament_index/resource_index/parent_prefix_path/lotti_flipper_controller
[0.408s] -- Up-to-date: /home/resqbots/control_ws/install/lotti_flipper_controller/share/lotti_flipper_controller/environment/ament_prefix_path.sh
[0.408s] -- Up-to-date: /home/resqbots/control_ws/install/lotti_flipper_controller/share/lotti_flipper_controller/environment/ament_prefix_path.dsv
[0.408s] -- Up-to-date: /home/resqbots/control_ws/install/lotti_flipper_controller/share/lotti_flipper_controller/environment/path.sh
[0.408s] -- Up-to-date: /home/resqbots/control_ws/install/lotti_flipper_controller/share/lotti_flipper_controller/environment/path.dsv
[0.409s] -- Up-to-date: /home/resqbots/control_ws/install/lotti_flipper_controller/share/lotti_flipper_controller/local_setup.bash
[0.409s] -- Up-to-date: /home/resqbots/control_ws/install/lotti_flipper_controller/share/lotti_flipper_controller/local_setup.sh
[0.409s] -- Up-to-date: /home/resqbots/control_ws/install/lotti_flipper_controller/share/lotti_flipper_controller/local_setup.zsh
[0.409s] -- Up-to-date: /home/resqbots/control_ws/install/lotti_flipper_controller/share/lotti_flipper_controller/local_setup.dsv
[0.410s] -- Installing: /home/resqbots/control_ws/install/lotti_flipper_controller/share/lotti_flipper_controller/package.dsv
[0.410s] -- Up-to-date: /home/resqbots/control_ws/install/lotti_flipper_controller/share/ament_index/resource_index/packages/lotti_flipper_controller
[0.410s] -- Up-to-date: /home/resqbots/control_ws/install/lotti_flipper_controller/share/ament_index/resource_index/controller_interface__pluginlib__plugin/lotti_flipper_controller
[0.411s] -- Up-to-date: /home/resqbots/control_ws/install/lotti_flipper_controller/share/lotti_flipper_controller/cmake/export_lotti_flipper_controllerExport.cmake
[0.411s] -- Up-to-date: /home/resqbots/control_ws/install/lotti_flipper_controller/share/lotti_flipper_controller/cmake/export_lotti_flipper_controllerExport-noconfig.cmake
[0.411s] -- Up-to-date: /home/resqbots/control_ws/install/lotti_flipper_controller/share/lotti_flipper_controller/cmake/ament_cmake_export_targets-extras.cmake
[0.411s] -- Up-to-date: /home/resqbots/control_ws/install/lotti_flipper_controller/share/lotti_flipper_controller/cmake/ament_cmake_export_dependencies-extras.cmake
[0.411s] -- Up-to-date: /home/resqbots/control_ws/install/lotti_flipper_controller/share/lotti_flipper_controller/cmake/lotti_flipper_controllerConfig.cmake
[0.411s] -- Up-to-date: /home/resqbots/control_ws/install/lotti_flipper_controller/share/lotti_flipper_controller/cmake/lotti_flipper_controllerConfig-version.cmake
[0.411s] -- Up-to-date: /home/resqbots/control_ws/install/lotti_flipper_controller/share/lotti_flipper_controller/package.xml
[0.438s] Invoked command in '/home/resqbots/control_ws/build/lotti_flipper_controller' returned '0': CMAKE_PREFIX_PATH=${CMAKE_PREFIX_PATH}:/home/resqbots/control_ws/install/lotti_teleop:/home/resqbots/dev_ws/install/velocityListener:/home/resqbots/dev_ws/install/resqbot_flipper_interface:/home/resqbots/dev_ws/install/resqbot_drive_motor_controller:/home/resqbots/dev_ws/install/resqbot_drive_interface:/home/resqbots/dev_ws/install/resqbot_camera_arm:/home/resqbots/dev_ws/install/flipper_drive:/home/resqbots/dev_ws/install/chain_controller:/home/resqbots/dev_ws/install/camera_arm:/home/resqbots/dev_ws/install/botlaunch:/home/resqbots/dev_ws/install/bot_camera_arm:/home/resqbots/dev_ws/install/angle_publisher:/home/resqbots/ros2_ws/install/tele_op:/home/resqbots/ros2_ws/install/resqbot_flipper_interface:/home/resqbots/ros2_ws/install/resqbot_drive_interface:/home/resqbots/ros2_ws/install/camera_arm:/home/resqbots/ros2_ws/install/botlaunch:/home/resqbots/ros2_ws/install/bot_camera_arm:/opt/ros/humble /usr/bin/cmake --install /home/resqbots/control_ws/build/lotti_flipper_controller
