running develop
running egg_info
creating lotti_teleop.egg-info
writing lotti_teleop.egg-info/PKG-INFO
writing dependency_links to lotti_teleop.egg-info/dependency_links.txt
writing entry points to lotti_teleop.egg-info/entry_points.txt
writing requirements to lotti_teleop.egg-info/requires.txt
writing top-level names to lotti_teleop.egg-info/top_level.txt
writing manifest file 'lotti_teleop.egg-info/SOURCES.txt'
reading manifest file 'lotti_teleop.egg-info/SOURCES.txt'
writing manifest file 'lotti_teleop.egg-info/SOURCES.txt'
running build_ext
Creating /home/paul/resqbot_dev/control_ws/install/lotti_teleop/lib/python3.10/site-packages/lotti-teleop.egg-link (link to .)
Installing teleop script to /home/paul/resqbot_dev/control_ws/install/lotti_teleop/lib/lotti_teleop

Installed /home/paul/resqbot_dev/control_ws/build/lotti_teleop
running symlink_data
creating /home/paul/resqbot_dev/control_ws/install/lotti_teleop/share/ament_index
creating /home/paul/resqbot_dev/control_ws/install/lotti_teleop/share/ament_index/resource_index
creating /home/paul/resqbot_dev/control_ws/install/lotti_teleop/share/ament_index/resource_index/packages
symbolically linking /home/paul/resqbot_dev/control_ws/build/lotti_teleop/resource/lotti_teleop -> /home/paul/resqbot_dev/control_ws/install/lotti_teleop/share/ament_index/resource_index/packages
symbolically linking /home/paul/resqbot_dev/control_ws/build/lotti_teleop/package.xml -> /home/paul/resqbot_dev/control_ws/install/lotti_teleop/share/lotti_teleop
creating /home/paul/resqbot_dev/control_ws/install/lotti_teleop/share/lotti_teleop/launch
symbolically linking /home/paul/resqbot_dev/control_ws/build/lotti_teleop/launch/teleop_launch.py -> /home/paul/resqbot_dev/control_ws/install/lotti_teleop/share/lotti_teleop/launch/
