[0.658s] Invoking command in '/home/paul/resqbot_dev/control_ws/build/lotti_flipper_controller': CMAKE_PREFIX_PATH=${CMAKE_PREFIX_PATH}:/home/paul/resqbot_dev/control_ws/install/lotti_teleop:/home/paul/resqbot_dev/control_ws/install/learning_tf2_py:/home/paul/moveit2_ws/src/install/moveit_configs_utils:/home/paul/moveit2_ws/src/install/launch_param_builder:/opt/ros/humble /usr/bin/cmake /home/paul/resqbot_dev/control_ws/src/lotti_flipper_controller -DAMENT_CMAKE_SYMLINK_INSTALL=1 -DCMAKE_INSTALL_PREFIX=/home/paul/resqbot_dev/control_ws/install/lotti_flipper_controller
[0.860s] -- The C compiler identification is GNU 11.4.0
[1.045s] -- The CXX compiler identification is GNU 11.4.0
[1.076s] -- Detecting C compiler ABI info
[1.352s] -- Detecting C compiler ABI info - done
[1.368s] -- Check for working C compiler: /usr/bin/cc - skipped
[1.369s] -- Detecting C compile features
[1.369s] -- Detecting C compile features - done
[1.376s] -- Detecting CXX compiler ABI info
[1.663s] -- Detecting CXX compiler ABI info - done
[1.688s] -- Check for working CXX compiler: /usr/bin/c++ - skipped
[1.690s] -- Detecting CXX compile features
[1.691s] -- Detecting CXX compile features - done
[1.737s] -- Found ament_cmake: 1.3.11 (/opt/ros/humble/share/ament_cmake/cmake)
[2.195s] -- Found Python3: /usr/bin/python3 (found version "3.10.12") found components: Interpreter 
[2.381s] -- Override CMake install command with custom implementation using symlinks instead of copying resources
[2.714s] -- Found pluginlib: 5.1.0 (/opt/ros/humble/share/pluginlib/cmake)
[2.952s] -- Found controller_interface: 2.50.0 (/opt/ros/humble/share/controller_interface/cmake)
[3.212s] -- Found rosidl_generator_c: 3.1.6 (/opt/ros/humble/share/rosidl_generator_c/cmake)
[3.258s] -- Found rosidl_adapter: 3.1.6 (/opt/ros/humble/share/rosidl_adapter/cmake)
[3.312s] -- Found rosidl_generator_cpp: 3.1.6 (/opt/ros/humble/share/rosidl_generator_cpp/cmake)
[3.382s] -- Using all available rosidl_typesupport_c: rosidl_typesupport_fastrtps_c;rosidl_typesupport_introspection_c
[3.449s] -- Using all available rosidl_typesupport_cpp: rosidl_typesupport_fastrtps_cpp;rosidl_typesupport_introspection_cpp
[4.159s] -- Found rmw_implementation_cmake: 6.1.2 (/opt/ros/humble/share/rmw_implementation_cmake/cmake)
[4.187s] -- Found rmw_fastrtps_cpp: 6.2.7 (/opt/ros/humble/share/rmw_fastrtps_cpp/cmake)
[4.320s] -- Found TinyXML2 via Config file: TinyXML2_DIR-NOTFOUND
[4.604s] -- Found OpenSSL: /usr/lib/x86_64-linux-gnu/libcrypto.so (found version "3.0.2")  
[4.612s] -- Found TinyXML2 via Config file: TinyXML2_DIR-NOTFOUND
[4.669s] -- Found FastRTPS: /opt/ros/humble/include  
[4.674s] -- Found TinyXML2 via Config file: TinyXML2_DIR-NOTFOUND
[4.701s] -- Found TinyXML2 via Config file: TinyXML2_DIR-NOTFOUND
[4.739s] -- Using RMW implementation 'rmw_fastrtps_cpp' as default
[4.815s] -- Looking for pthread.h
[5.151s] -- Looking for pthread.h - found
[5.151s] -- Performing Test CMAKE_HAVE_LIBC_PTHREAD
[5.499s] -- Performing Test CMAKE_HAVE_LIBC_PTHREAD - Success
[5.501s] -- Found Threads: TRUE  
[5.709s] -- Found realtime_tools: 2.13.0 (/opt/ros/humble/share/realtime_tools/cmake)
[5.863s] -- Found ament_lint_auto: 0.12.12 (/opt/ros/humble/share/ament_lint_auto/cmake)
[6.383s] -- Added test 'cppcheck' to perform static code analysis on C / C++ code
[6.383s] -- Configured cppcheck include dirs: $<BUILD_INTERFACE:/home/paul/resqbot_dev/control_ws/src/lotti_flipper_controller/lotti_flipper_controller/include/>
[6.383s] -- Configured cppcheck exclude dirs and/or files: 
[6.387s] -- Added test 'lint_cmake' to check CMake code style
[6.392s] -- Added test 'uncrustify' to check C / C++ code style
[6.392s] -- Configured uncrustify additional arguments: 
[6.396s] -- Added test 'xmllint' to check XML markup files
[6.407s] -- Configuring done
[6.465s] -- Generating done
[6.475s] -- Build files have been written to: /home/paul/resqbot_dev/control_ws/build/lotti_flipper_controller
[6.500s] Invoked command in '/home/paul/resqbot_dev/control_ws/build/lotti_flipper_controller' returned '0': CMAKE_PREFIX_PATH=${CMAKE_PREFIX_PATH}:/home/paul/resqbot_dev/control_ws/install/lotti_teleop:/home/paul/resqbot_dev/control_ws/install/learning_tf2_py:/home/paul/moveit2_ws/src/install/moveit_configs_utils:/home/paul/moveit2_ws/src/install/launch_param_builder:/opt/ros/humble /usr/bin/cmake /home/paul/resqbot_dev/control_ws/src/lotti_flipper_controller -DAMENT_CMAKE_SYMLINK_INSTALL=1 -DCMAKE_INSTALL_PREFIX=/home/paul/resqbot_dev/control_ws/install/lotti_flipper_controller
[6.505s] Invoking command in '/home/paul/resqbot_dev/control_ws/build/lotti_flipper_controller': CMAKE_PREFIX_PATH=${CMAKE_PREFIX_PATH}:/home/paul/resqbot_dev/control_ws/install/lotti_teleop:/home/paul/resqbot_dev/control_ws/install/learning_tf2_py:/home/paul/moveit2_ws/src/install/moveit_configs_utils:/home/paul/moveit2_ws/src/install/launch_param_builder:/opt/ros/humble /usr/bin/cmake --build /home/paul/resqbot_dev/control_ws/build/lotti_flipper_controller -- -j8 -l8
[6.738s] [ 50%] [32mBuilding CXX object CMakeFiles/lotti_flipper_controller.dir/lotti_flipper_controller/flipper_controller.cpp.o[0m
[11.522s] [01m[K/home/paul/resqbot_dev/control_ws/src/lotti_flipper_controller/lotti_flipper_controller/flipper_controller.cpp:[m[K In member function ‘[01m[Kvirtual controller_interface::return_type flipper_controller::FlipperController::update(const rclcpp::Time&, const rclcpp::Duration&)[m[K’:
[11.523s] [01m[K/home/paul/resqbot_dev/control_ws/src/lotti_flipper_controller/lotti_flipper_controller/flipper_controller.cpp:121:26:[m[K [01;35m[Kwarning: [m[Kunused parameter ‘[01m[Ktime[m[K’ [[01;35m[K]8;;https://gcc.gnu.org/onlinedocs/gcc/Warning-Options.html#index-Wunused-parameter-Wunused-parameter]8;;[m[K]
[11.523s]   121 |     [01;35m[Kconst rclcpp::Time & time[m[K, const rclcpp::Duration & /*period*/){
[11.523s]       |     [01;35m[K~~~~~~~~~~~~~~~~~~~~~^~~~[m[K
[21.659s] [100%] [32m[1mLinking CXX shared library liblotti_flipper_controller.so[0m
[22.968s] [100%] Built target lotti_flipper_controller
[23.007s] Invoked command in '/home/paul/resqbot_dev/control_ws/build/lotti_flipper_controller' returned '0': CMAKE_PREFIX_PATH=${CMAKE_PREFIX_PATH}:/home/paul/resqbot_dev/control_ws/install/lotti_teleop:/home/paul/resqbot_dev/control_ws/install/learning_tf2_py:/home/paul/moveit2_ws/src/install/moveit_configs_utils:/home/paul/moveit2_ws/src/install/launch_param_builder:/opt/ros/humble /usr/bin/cmake --build /home/paul/resqbot_dev/control_ws/build/lotti_flipper_controller -- -j8 -l8
[23.011s] Invoking command in '/home/paul/resqbot_dev/control_ws/build/lotti_flipper_controller': CMAKE_PREFIX_PATH=${CMAKE_PREFIX_PATH}:/home/paul/resqbot_dev/control_ws/install/lotti_teleop:/home/paul/resqbot_dev/control_ws/install/learning_tf2_py:/home/paul/moveit2_ws/src/install/moveit_configs_utils:/home/paul/moveit2_ws/src/install/launch_param_builder:/opt/ros/humble /usr/bin/cmake --install /home/paul/resqbot_dev/control_ws/build/lotti_flipper_controller
[23.063s] -- Install configuration: ""
[23.064s] -- Execute custom install script
[23.065s] -- Symlinking: /home/paul/resqbot_dev/control_ws/install/lotti_flipper_controller/share/lotti_flipper_controller//lotti_flipper_controller.xml
[23.123s] -- Symlinking: /home/paul/resqbot_dev/control_ws/install/lotti_flipper_controller/include/lotti_flipper_controller/lotti_flipper_controller/flipper_controller.hpp
[23.169s] -- Symlinking: /home/paul/resqbot_dev/control_ws/install/lotti_flipper_controller/share/lotti_flipper_controller/environment/library_path.sh
[23.202s] -- Symlinking: /home/paul/resqbot_dev/control_ws/install/lotti_flipper_controller/share/lotti_flipper_controller/environment/library_path.dsv
[23.236s] -- Symlinking: /home/paul/resqbot_dev/control_ws/install/lotti_flipper_controller/share/ament_index/resource_index/package_run_dependencies/lotti_flipper_controller
[23.269s] -- Symlinking: /home/paul/resqbot_dev/control_ws/install/lotti_flipper_controller/share/ament_index/resource_index/parent_prefix_path/lotti_flipper_controller
[23.302s] -- Symlinking: /home/paul/resqbot_dev/control_ws/install/lotti_flipper_controller/share/lotti_flipper_controller/environment/ament_prefix_path.sh
[23.336s] -- Symlinking: /home/paul/resqbot_dev/control_ws/install/lotti_flipper_controller/share/lotti_flipper_controller/environment/ament_prefix_path.dsv
[23.369s] -- Symlinking: /home/paul/resqbot_dev/control_ws/install/lotti_flipper_controller/share/lotti_flipper_controller/environment/path.sh
[23.401s] -- Symlinking: /home/paul/resqbot_dev/control_ws/install/lotti_flipper_controller/share/lotti_flipper_controller/environment/path.dsv
[23.435s] -- Symlinking: /home/paul/resqbot_dev/control_ws/install/lotti_flipper_controller/share/lotti_flipper_controller/local_setup.bash
[23.467s] -- Symlinking: /home/paul/resqbot_dev/control_ws/install/lotti_flipper_controller/share/lotti_flipper_controller/local_setup.sh
[23.499s] -- Symlinking: /home/paul/resqbot_dev/control_ws/install/lotti_flipper_controller/share/lotti_flipper_controller/local_setup.zsh
[23.533s] -- Symlinking: /home/paul/resqbot_dev/control_ws/install/lotti_flipper_controller/share/lotti_flipper_controller/local_setup.dsv
[23.567s] -- Symlinking: /home/paul/resqbot_dev/control_ws/install/lotti_flipper_controller/share/lotti_flipper_controller/package.dsv
[23.601s] -- Symlinking: /home/paul/resqbot_dev/control_ws/install/lotti_flipper_controller/share/ament_index/resource_index/packages/lotti_flipper_controller
[23.636s] -- Symlinking: /home/paul/resqbot_dev/control_ws/install/lotti_flipper_controller/share/ament_index/resource_index/controller_interface__pluginlib__plugin/lotti_flipper_controller
[23.670s] -- Symlinking: /home/paul/resqbot_dev/control_ws/install/lotti_flipper_controller/share/lotti_flipper_controller/cmake/ament_cmake_export_targets-extras.cmake
[23.702s] -- Symlinking: /home/paul/resqbot_dev/control_ws/install/lotti_flipper_controller/share/lotti_flipper_controller/cmake/ament_cmake_export_dependencies-extras.cmake
[23.736s] -- Symlinking: /home/paul/resqbot_dev/control_ws/install/lotti_flipper_controller/share/lotti_flipper_controller/cmake/lotti_flipper_controllerConfig.cmake
[23.778s] -- Symlinking: /home/paul/resqbot_dev/control_ws/install/lotti_flipper_controller/share/lotti_flipper_controller/cmake/lotti_flipper_controllerConfig-version.cmake
[23.817s] -- Symlinking: /home/paul/resqbot_dev/control_ws/install/lotti_flipper_controller/share/lotti_flipper_controller/package.xml
[23.851s] -- Installing: /home/paul/resqbot_dev/control_ws/install/lotti_flipper_controller/lib/liblotti_flipper_controller.so
[23.885s] -- Set runtime path of "/home/paul/resqbot_dev/control_ws/install/lotti_flipper_controller/lib/liblotti_flipper_controller.so" to ""
[23.886s] -- Installing: /home/paul/resqbot_dev/control_ws/install/lotti_flipper_controller/share/lotti_flipper_controller/cmake/export_lotti_flipper_controllerExport.cmake
[23.886s] -- Installing: /home/paul/resqbot_dev/control_ws/install/lotti_flipper_controller/share/lotti_flipper_controller/cmake/export_lotti_flipper_controllerExport-noconfig.cmake
[23.894s] Invoked command in '/home/paul/resqbot_dev/control_ws/build/lotti_flipper_controller' returned '0': CMAKE_PREFIX_PATH=${CMAKE_PREFIX_PATH}:/home/paul/resqbot_dev/control_ws/install/lotti_teleop:/home/paul/resqbot_dev/control_ws/install/learning_tf2_py:/home/paul/moveit2_ws/src/install/moveit_configs_utils:/home/paul/moveit2_ws/src/install/launch_param_builder:/opt/ros/humble /usr/bin/cmake --install /home/paul/resqbot_dev/control_ws/build/lotti_flipper_controller
