[0.220s] DEBUG:colcon:Command line arguments: ['/usr/bin/colcon', 'build', '--symlink-install']
[0.220s] DEBUG:colcon:Parsed command line arguments: Namespace(log_base=None, log_level=None, verb_name='build', build_base='build', install_base='install', merge_install=False, symlink_install=True, test_result_base=None, continue_on_error=False, executor='parallel', parallel_workers=8, event_handlers=None, ignore_user_meta=False, metas=['./colcon.meta'], base_paths=['.'], packages_ignore=None, packages_ignore_regex=None, paths=None, packages_up_to=None, packages_up_to_regex=None, packages_above=None, packages_above_and_dependencies=None, packages_above_depth=None, packages_select_by_dep=None, packages_skip_by_dep=None, packages_skip_up_to=None, packages_select_build_failed=False, packages_skip_build_finished=False, packages_select_test_failures=False, packages_skip_test_passed=False, packages_select=None, packages_skip=None, packages_select_regex=None, packages_skip_regex=None, packages_start=None, packages_end=None, allow_overriding=[], cmake_args=None, cmake_target=None, cmake_target_skip_unavailable=False, cmake_clean_cache=False, cmake_clean_first=False, cmake_force_configure=False, ament_cmake_args=None, catkin_cmake_args=None, catkin_skip_building_tests=False, mixin_files=None, mixin=None, verb_parser=<colcon_mixin.mixin.mixin_argument.MixinArgumentDecorator object at 0x7cad36d4cfa0>, verb_extension=<colcon_core.verb.build.BuildVerb object at 0x7cad36d4ca60>, main=<bound method BuildVerb.main of <colcon_core.verb.build.BuildVerb object at 0x7cad36d4ca60>>, mixin_verb=('build',))
[0.535s] Level 1:colcon.colcon_core.package_discovery:discover_packages(colcon_meta) check parameters
[0.535s] Level 1:colcon.colcon_core.package_discovery:discover_packages(recursive) check parameters
[0.535s] Level 1:colcon.colcon_core.package_discovery:discover_packages(ignore) check parameters
[0.536s] Level 1:colcon.colcon_core.package_discovery:discover_packages(path) check parameters
[0.536s] Level 1:colcon.colcon_core.package_discovery:discover_packages(colcon_meta) discover
[0.536s] Level 1:colcon.colcon_core.package_discovery:discover_packages(recursive) discover
[0.536s] INFO:colcon.colcon_core.package_discovery:Crawling recursively for packages in '/home/paul/resqbot_dev/ROS2'
[0.536s] Level 1:colcon.colcon_core.package_identification:_identify(.) by extensions ['ignore', 'ignore_ament_install']
[0.537s] Level 1:colcon.colcon_core.package_identification:_identify(.) by extension 'ignore'
[0.537s] Level 1:colcon.colcon_core.package_identification:_identify(.) by extension 'ignore_ament_install'
[0.537s] Level 1:colcon.colcon_core.package_identification:_identify(.) by extensions ['colcon_pkg']
[0.537s] Level 1:colcon.colcon_core.package_identification:_identify(.) by extension 'colcon_pkg'
[0.537s] Level 1:colcon.colcon_core.package_identification:_identify(.) by extensions ['colcon_meta']
[0.537s] Level 1:colcon.colcon_core.package_identification:_identify(.) by extension 'colcon_meta'
[0.537s] Level 1:colcon.colcon_core.package_identification:_identify(.) by extensions ['ros']
[0.537s] Level 1:colcon.colcon_core.package_identification:_identify(.) by extension 'ros'
[0.559s] Level 1:colcon.colcon_core.package_identification:_identify(.) by extensions ['cmake', 'python']
[0.559s] Level 1:colcon.colcon_core.package_identification:_identify(.) by extension 'cmake'
[0.559s] Level 1:colcon.colcon_core.package_identification:_identify(.) by extension 'python'
[0.559s] Level 1:colcon.colcon_core.package_identification:_identify(.) by extensions ['python_setup_py']
[0.559s] Level 1:colcon.colcon_core.package_identification:_identify(.) by extension 'python_setup_py'
[0.559s] Level 1:colcon.colcon_core.package_identification:_identify(build) by extensions ['ignore', 'ignore_ament_install']
[0.560s] Level 1:colcon.colcon_core.package_identification:_identify(build) by extension 'ignore'
[0.560s] Level 1:colcon.colcon_core.package_identification:_identify(build) ignored
[0.560s] Level 1:colcon.colcon_core.package_identification:_identify(install) by extensions ['ignore', 'ignore_ament_install']
[0.560s] Level 1:colcon.colcon_core.package_identification:_identify(install) by extension 'ignore'
[0.560s] Level 1:colcon.colcon_core.package_identification:_identify(install) ignored
[0.560s] Level 1:colcon.colcon_core.package_identification:_identify(log) by extensions ['ignore', 'ignore_ament_install']
[0.561s] Level 1:colcon.colcon_core.package_identification:_identify(log) by extension 'ignore'
[0.561s] Level 1:colcon.colcon_core.package_identification:_identify(log) ignored
[0.561s] Level 1:colcon.colcon_core.package_identification:_identify(src) by extensions ['ignore', 'ignore_ament_install']
[0.561s] Level 1:colcon.colcon_core.package_identification:_identify(src) by extension 'ignore'
[0.561s] Level 1:colcon.colcon_core.package_identification:_identify(src) by extension 'ignore_ament_install'
[0.561s] Level 1:colcon.colcon_core.package_identification:_identify(src) by extensions ['colcon_pkg']
[0.561s] Level 1:colcon.colcon_core.package_identification:_identify(src) by extension 'colcon_pkg'
[0.561s] Level 1:colcon.colcon_core.package_identification:_identify(src) by extensions ['colcon_meta']
[0.561s] Level 1:colcon.colcon_core.package_identification:_identify(src) by extension 'colcon_meta'
[0.561s] Level 1:colcon.colcon_core.package_identification:_identify(src) by extensions ['ros']
[0.561s] Level 1:colcon.colcon_core.package_identification:_identify(src) by extension 'ros'
[0.562s] Level 1:colcon.colcon_core.package_identification:_identify(src) by extensions ['cmake', 'python']
[0.562s] Level 1:colcon.colcon_core.package_identification:_identify(src) by extension 'cmake'
[0.562s] Level 1:colcon.colcon_core.package_identification:_identify(src) by extension 'python'
[0.562s] Level 1:colcon.colcon_core.package_identification:_identify(src) by extensions ['python_setup_py']
[0.562s] Level 1:colcon.colcon_core.package_identification:_identify(src) by extension 'python_setup_py'
[0.562s] Level 1:colcon.colcon_core.package_identification:_identify(src/bot_camera_arm) by extensions ['ignore', 'ignore_ament_install']
[0.562s] Level 1:colcon.colcon_core.package_identification:_identify(src/bot_camera_arm) by extension 'ignore'
[0.562s] Level 1:colcon.colcon_core.package_identification:_identify(src/bot_camera_arm) by extension 'ignore_ament_install'
[0.562s] Level 1:colcon.colcon_core.package_identification:_identify(src/bot_camera_arm) by extensions ['colcon_pkg']
[0.562s] Level 1:colcon.colcon_core.package_identification:_identify(src/bot_camera_arm) by extension 'colcon_pkg'
[0.563s] Level 1:colcon.colcon_core.package_identification:_identify(src/bot_camera_arm) by extensions ['colcon_meta']
[0.563s] Level 1:colcon.colcon_core.package_identification:_identify(src/bot_camera_arm) by extension 'colcon_meta'
[0.563s] Level 1:colcon.colcon_core.package_identification:_identify(src/bot_camera_arm) by extensions ['ros']
[0.563s] Level 1:colcon.colcon_core.package_identification:_identify(src/bot_camera_arm) by extension 'ros'
[0.568s] DEBUG:colcon.colcon_core.package_identification:Package 'src/bot_camera_arm' with type 'ros.ament_python' and name 'bot_camera_arm'
[0.569s] Level 1:colcon.colcon_core.package_identification:_identify(src/botlaunch) by extensions ['ignore', 'ignore_ament_install']
[0.569s] Level 1:colcon.colcon_core.package_identification:_identify(src/botlaunch) by extension 'ignore'
[0.569s] Level 1:colcon.colcon_core.package_identification:_identify(src/botlaunch) by extension 'ignore_ament_install'
[0.569s] Level 1:colcon.colcon_core.package_identification:_identify(src/botlaunch) by extensions ['colcon_pkg']
[0.569s] Level 1:colcon.colcon_core.package_identification:_identify(src/botlaunch) by extension 'colcon_pkg'
[0.569s] Level 1:colcon.colcon_core.package_identification:_identify(src/botlaunch) by extensions ['colcon_meta']
[0.570s] Level 1:colcon.colcon_core.package_identification:_identify(src/botlaunch) by extension 'colcon_meta'
[0.570s] Level 1:colcon.colcon_core.package_identification:_identify(src/botlaunch) by extensions ['ros']
[0.570s] Level 1:colcon.colcon_core.package_identification:_identify(src/botlaunch) by extension 'ros'
[0.571s] DEBUG:colcon.colcon_core.package_identification:Package 'src/botlaunch' with type 'ros.ament_python' and name 'botlaunch'
[0.571s] Level 1:colcon.colcon_core.package_identification:_identify(src/resqbot_drive_interface) by extensions ['ignore', 'ignore_ament_install']
[0.571s] Level 1:colcon.colcon_core.package_identification:_identify(src/resqbot_drive_interface) by extension 'ignore'
[0.571s] Level 1:colcon.colcon_core.package_identification:_identify(src/resqbot_drive_interface) by extension 'ignore_ament_install'
[0.572s] Level 1:colcon.colcon_core.package_identification:_identify(src/resqbot_drive_interface) by extensions ['colcon_pkg']
[0.572s] Level 1:colcon.colcon_core.package_identification:_identify(src/resqbot_drive_interface) by extension 'colcon_pkg'
[0.572s] Level 1:colcon.colcon_core.package_identification:_identify(src/resqbot_drive_interface) by extensions ['colcon_meta']
[0.572s] Level 1:colcon.colcon_core.package_identification:_identify(src/resqbot_drive_interface) by extension 'colcon_meta'
[0.572s] Level 1:colcon.colcon_core.package_identification:_identify(src/resqbot_drive_interface) by extensions ['ros']
[0.572s] Level 1:colcon.colcon_core.package_identification:_identify(src/resqbot_drive_interface) by extension 'ros'
[0.573s] DEBUG:colcon.colcon_core.package_identification:Package 'src/resqbot_drive_interface' with type 'ros.ament_python' and name 'resqbot_drive_interface'
[0.573s] Level 1:colcon.colcon_core.package_identification:_identify(src/resqbot_flipper_interface) by extensions ['ignore', 'ignore_ament_install']
[0.573s] Level 1:colcon.colcon_core.package_identification:_identify(src/resqbot_flipper_interface) by extension 'ignore'
[0.574s] Level 1:colcon.colcon_core.package_identification:_identify(src/resqbot_flipper_interface) by extension 'ignore_ament_install'
[0.574s] Level 1:colcon.colcon_core.package_identification:_identify(src/resqbot_flipper_interface) by extensions ['colcon_pkg']
[0.574s] Level 1:colcon.colcon_core.package_identification:_identify(src/resqbot_flipper_interface) by extension 'colcon_pkg'
[0.574s] Level 1:colcon.colcon_core.package_identification:_identify(src/resqbot_flipper_interface) by extensions ['colcon_meta']
[0.574s] Level 1:colcon.colcon_core.package_identification:_identify(src/resqbot_flipper_interface) by extension 'colcon_meta'
[0.574s] Level 1:colcon.colcon_core.package_identification:_identify(src/resqbot_flipper_interface) by extensions ['ros']
[0.574s] Level 1:colcon.colcon_core.package_identification:_identify(src/resqbot_flipper_interface) by extension 'ros'
[0.575s] DEBUG:colcon.colcon_core.package_identification:Package 'src/resqbot_flipper_interface' with type 'ros.ament_python' and name 'resqbot_flipper_interface'
[0.575s] Level 1:colcon.colcon_core.package_identification:_identify(src/tele_op) by extensions ['ignore', 'ignore_ament_install']
[0.575s] Level 1:colcon.colcon_core.package_identification:_identify(src/tele_op) by extension 'ignore'
[0.576s] Level 1:colcon.colcon_core.package_identification:_identify(src/tele_op) by extension 'ignore_ament_install'
[0.576s] Level 1:colcon.colcon_core.package_identification:_identify(src/tele_op) by extensions ['colcon_pkg']
[0.576s] Level 1:colcon.colcon_core.package_identification:_identify(src/tele_op) by extension 'colcon_pkg'
[0.576s] Level 1:colcon.colcon_core.package_identification:_identify(src/tele_op) by extensions ['colcon_meta']
[0.576s] Level 1:colcon.colcon_core.package_identification:_identify(src/tele_op) by extension 'colcon_meta'
[0.576s] Level 1:colcon.colcon_core.package_identification:_identify(src/tele_op) by extensions ['ros']
[0.576s] Level 1:colcon.colcon_core.package_identification:_identify(src/tele_op) by extension 'ros'
[0.577s] DEBUG:colcon.colcon_core.package_identification:Package 'src/tele_op' with type 'ros.ament_python' and name 'tele_op'
[0.577s] Level 1:colcon.colcon_core.package_discovery:discover_packages(recursive) using defaults
[0.577s] Level 1:colcon.colcon_core.package_discovery:discover_packages(ignore) discover
[0.577s] Level 1:colcon.colcon_core.package_discovery:discover_packages(ignore) using defaults
[0.577s] Level 1:colcon.colcon_core.package_discovery:discover_packages(path) discover
[0.578s] Level 1:colcon.colcon_core.package_discovery:discover_packages(path) using defaults
[0.654s] Level 1:colcon.colcon_core.package_discovery:discover_packages(prefix_path) check parameters
[0.654s] Level 1:colcon.colcon_core.package_discovery:discover_packages(prefix_path) discover
[0.656s] WARNING:colcon.colcon_core.prefix_path.colcon:The path '/home/paul/ros2_ws/install' in the environment variable COLCON_PREFIX_PATH doesn't exist
[0.657s] WARNING:colcon.colcon_ros.prefix_path.ament:The path '/home/paul/ros2_ws/install/tele_op' in the environment variable AMENT_PREFIX_PATH doesn't exist
[0.657s] WARNING:colcon.colcon_ros.prefix_path.ament:The path '/home/paul/ros2_ws/install/resqbot_flipper_interface' in the environment variable AMENT_PREFIX_PATH doesn't exist
[0.657s] WARNING:colcon.colcon_ros.prefix_path.ament:The path '/home/paul/ros2_ws/install/resqbot_drive_interface' in the environment variable AMENT_PREFIX_PATH doesn't exist
[0.657s] WARNING:colcon.colcon_ros.prefix_path.ament:The path '/home/paul/ros2_ws/install/botlaunch' in the environment variable AMENT_PREFIX_PATH doesn't exist
[0.657s] WARNING:colcon.colcon_ros.prefix_path.ament:The path '/home/paul/ros2_ws/install/bot_camera_arm' in the environment variable AMENT_PREFIX_PATH doesn't exist
[0.659s] DEBUG:colcon.colcon_installed_package_information.package_discovery:Found 5 installed packages in /home/paul/resqbot_dev/ROS2/install
[0.662s] DEBUG:colcon.colcon_installed_package_information.package_discovery:Found 270 installed packages in /opt/ros/humble
[0.665s] Level 1:colcon.colcon_core.package_discovery:discover_packages(prefix_path) using defaults
[0.742s] Level 5:colcon.colcon_core.verb:set package 'bot_camera_arm' build argument 'cmake_args' from command line to 'None'
[0.743s] Level 5:colcon.colcon_core.verb:set package 'bot_camera_arm' build argument 'cmake_target' from command line to 'None'
[0.743s] Level 5:colcon.colcon_core.verb:set package 'bot_camera_arm' build argument 'cmake_target_skip_unavailable' from command line to 'False'
[0.743s] Level 5:colcon.colcon_core.verb:set package 'bot_camera_arm' build argument 'cmake_clean_cache' from command line to 'False'
[0.743s] Level 5:colcon.colcon_core.verb:set package 'bot_camera_arm' build argument 'cmake_clean_first' from command line to 'False'
[0.743s] Level 5:colcon.colcon_core.verb:set package 'bot_camera_arm' build argument 'cmake_force_configure' from command line to 'False'
[0.743s] Level 5:colcon.colcon_core.verb:set package 'bot_camera_arm' build argument 'ament_cmake_args' from command line to 'None'
[0.743s] Level 5:colcon.colcon_core.verb:set package 'bot_camera_arm' build argument 'catkin_cmake_args' from command line to 'None'
[0.743s] Level 5:colcon.colcon_core.verb:set package 'bot_camera_arm' build argument 'catkin_skip_building_tests' from command line to 'False'
[0.743s] DEBUG:colcon.colcon_core.verb:Building package 'bot_camera_arm' with the following arguments: {'ament_cmake_args': None, 'build_base': '/home/paul/resqbot_dev/ROS2/build/bot_camera_arm', 'catkin_cmake_args': None, 'catkin_skip_building_tests': False, 'cmake_args': None, 'cmake_clean_cache': False, 'cmake_clean_first': False, 'cmake_force_configure': False, 'cmake_target': None, 'cmake_target_skip_unavailable': False, 'install_base': '/home/paul/resqbot_dev/ROS2/install/bot_camera_arm', 'merge_install': False, 'path': '/home/paul/resqbot_dev/ROS2/src/bot_camera_arm', 'symlink_install': True, 'test_result_base': None}
[0.744s] Level 5:colcon.colcon_core.verb:set package 'botlaunch' build argument 'cmake_args' from command line to 'None'
[0.744s] Level 5:colcon.colcon_core.verb:set package 'botlaunch' build argument 'cmake_target' from command line to 'None'
[0.744s] Level 5:colcon.colcon_core.verb:set package 'botlaunch' build argument 'cmake_target_skip_unavailable' from command line to 'False'
[0.744s] Level 5:colcon.colcon_core.verb:set package 'botlaunch' build argument 'cmake_clean_cache' from command line to 'False'
[0.744s] Level 5:colcon.colcon_core.verb:set package 'botlaunch' build argument 'cmake_clean_first' from command line to 'False'
[0.744s] Level 5:colcon.colcon_core.verb:set package 'botlaunch' build argument 'cmake_force_configure' from command line to 'False'
[0.744s] Level 5:colcon.colcon_core.verb:set package 'botlaunch' build argument 'ament_cmake_args' from command line to 'None'
[0.744s] Level 5:colcon.colcon_core.verb:set package 'botlaunch' build argument 'catkin_cmake_args' from command line to 'None'
[0.744s] Level 5:colcon.colcon_core.verb:set package 'botlaunch' build argument 'catkin_skip_building_tests' from command line to 'False'
[0.744s] DEBUG:colcon.colcon_core.verb:Building package 'botlaunch' with the following arguments: {'ament_cmake_args': None, 'build_base': '/home/paul/resqbot_dev/ROS2/build/botlaunch', 'catkin_cmake_args': None, 'catkin_skip_building_tests': False, 'cmake_args': None, 'cmake_clean_cache': False, 'cmake_clean_first': False, 'cmake_force_configure': False, 'cmake_target': None, 'cmake_target_skip_unavailable': False, 'install_base': '/home/paul/resqbot_dev/ROS2/install/botlaunch', 'merge_install': False, 'path': '/home/paul/resqbot_dev/ROS2/src/botlaunch', 'symlink_install': True, 'test_result_base': None}
[0.745s] Level 5:colcon.colcon_core.verb:set package 'resqbot_drive_interface' build argument 'cmake_args' from command line to 'None'
[0.745s] Level 5:colcon.colcon_core.verb:set package 'resqbot_drive_interface' build argument 'cmake_target' from command line to 'None'
[0.745s] Level 5:colcon.colcon_core.verb:set package 'resqbot_drive_interface' build argument 'cmake_target_skip_unavailable' from command line to 'False'
[0.745s] Level 5:colcon.colcon_core.verb:set package 'resqbot_drive_interface' build argument 'cmake_clean_cache' from command line to 'False'
[0.745s] Level 5:colcon.colcon_core.verb:set package 'resqbot_drive_interface' build argument 'cmake_clean_first' from command line to 'False'
[0.745s] Level 5:colcon.colcon_core.verb:set package 'resqbot_drive_interface' build argument 'cmake_force_configure' from command line to 'False'
[0.745s] Level 5:colcon.colcon_core.verb:set package 'resqbot_drive_interface' build argument 'ament_cmake_args' from command line to 'None'
[0.745s] Level 5:colcon.colcon_core.verb:set package 'resqbot_drive_interface' build argument 'catkin_cmake_args' from command line to 'None'
[0.745s] Level 5:colcon.colcon_core.verb:set package 'resqbot_drive_interface' build argument 'catkin_skip_building_tests' from command line to 'False'
[0.745s] DEBUG:colcon.colcon_core.verb:Building package 'resqbot_drive_interface' with the following arguments: {'ament_cmake_args': None, 'build_base': '/home/paul/resqbot_dev/ROS2/build/resqbot_drive_interface', 'catkin_cmake_args': None, 'catkin_skip_building_tests': False, 'cmake_args': None, 'cmake_clean_cache': False, 'cmake_clean_first': False, 'cmake_force_configure': False, 'cmake_target': None, 'cmake_target_skip_unavailable': False, 'install_base': '/home/paul/resqbot_dev/ROS2/install/resqbot_drive_interface', 'merge_install': False, 'path': '/home/paul/resqbot_dev/ROS2/src/resqbot_drive_interface', 'symlink_install': True, 'test_result_base': None}
[0.746s] Level 5:colcon.colcon_core.verb:set package 'resqbot_flipper_interface' build argument 'cmake_args' from command line to 'None'
[0.746s] Level 5:colcon.colcon_core.verb:set package 'resqbot_flipper_interface' build argument 'cmake_target' from command line to 'None'
[0.746s] Level 5:colcon.colcon_core.verb:set package 'resqbot_flipper_interface' build argument 'cmake_target_skip_unavailable' from command line to 'False'
[0.746s] Level 5:colcon.colcon_core.verb:set package 'resqbot_flipper_interface' build argument 'cmake_clean_cache' from command line to 'False'
[0.746s] Level 5:colcon.colcon_core.verb:set package 'resqbot_flipper_interface' build argument 'cmake_clean_first' from command line to 'False'
[0.746s] Level 5:colcon.colcon_core.verb:set package 'resqbot_flipper_interface' build argument 'cmake_force_configure' from command line to 'False'
[0.746s] Level 5:colcon.colcon_core.verb:set package 'resqbot_flipper_interface' build argument 'ament_cmake_args' from command line to 'None'
[0.746s] Level 5:colcon.colcon_core.verb:set package 'resqbot_flipper_interface' build argument 'catkin_cmake_args' from command line to 'None'
[0.746s] Level 5:colcon.colcon_core.verb:set package 'resqbot_flipper_interface' build argument 'catkin_skip_building_tests' from command line to 'False'
[0.746s] DEBUG:colcon.colcon_core.verb:Building package 'resqbot_flipper_interface' with the following arguments: {'ament_cmake_args': None, 'build_base': '/home/paul/resqbot_dev/ROS2/build/resqbot_flipper_interface', 'catkin_cmake_args': None, 'catkin_skip_building_tests': False, 'cmake_args': None, 'cmake_clean_cache': False, 'cmake_clean_first': False, 'cmake_force_configure': False, 'cmake_target': None, 'cmake_target_skip_unavailable': False, 'install_base': '/home/paul/resqbot_dev/ROS2/install/resqbot_flipper_interface', 'merge_install': False, 'path': '/home/paul/resqbot_dev/ROS2/src/resqbot_flipper_interface', 'symlink_install': True, 'test_result_base': None}
[0.747s] Level 5:colcon.colcon_core.verb:set package 'tele_op' build argument 'cmake_args' from command line to 'None'
[0.747s] Level 5:colcon.colcon_core.verb:set package 'tele_op' build argument 'cmake_target' from command line to 'None'
[0.747s] Level 5:colcon.colcon_core.verb:set package 'tele_op' build argument 'cmake_target_skip_unavailable' from command line to 'False'
[0.747s] Level 5:colcon.colcon_core.verb:set package 'tele_op' build argument 'cmake_clean_cache' from command line to 'False'
[0.747s] Level 5:colcon.colcon_core.verb:set package 'tele_op' build argument 'cmake_clean_first' from command line to 'False'
[0.747s] Level 5:colcon.colcon_core.verb:set package 'tele_op' build argument 'cmake_force_configure' from command line to 'False'
[0.747s] Level 5:colcon.colcon_core.verb:set package 'tele_op' build argument 'ament_cmake_args' from command line to 'None'
[0.747s] Level 5:colcon.colcon_core.verb:set package 'tele_op' build argument 'catkin_cmake_args' from command line to 'None'
[0.747s] Level 5:colcon.colcon_core.verb:set package 'tele_op' build argument 'catkin_skip_building_tests' from command line to 'False'
[0.747s] DEBUG:colcon.colcon_core.verb:Building package 'tele_op' with the following arguments: {'ament_cmake_args': None, 'build_base': '/home/paul/resqbot_dev/ROS2/build/tele_op', 'catkin_cmake_args': None, 'catkin_skip_building_tests': False, 'cmake_args': None, 'cmake_clean_cache': False, 'cmake_clean_first': False, 'cmake_force_configure': False, 'cmake_target': None, 'cmake_target_skip_unavailable': False, 'install_base': '/home/paul/resqbot_dev/ROS2/install/tele_op', 'merge_install': False, 'path': '/home/paul/resqbot_dev/ROS2/src/tele_op', 'symlink_install': True, 'test_result_base': None}
[0.748s] INFO:colcon.colcon_core.executor:Executing jobs using 'parallel' executor
[0.750s] DEBUG:colcon.colcon_parallel_executor.executor.parallel:run_until_complete
[0.751s] INFO:colcon.colcon_ros.task.ament_python.build:Building ROS package in '/home/paul/resqbot_dev/ROS2/src/bot_camera_arm' with build type 'ament_python'
[0.751s] Level 1:colcon.colcon_core.shell:create_environment_hook('bot_camera_arm', 'ament_prefix_path')
[0.757s] INFO:colcon.colcon_core.plugin_system:Skipping extension 'colcon_core.shell.bat': Not used on non-Windows systems
[0.757s] INFO:colcon.colcon_core.shell:Creating environment hook '/home/paul/resqbot_dev/ROS2/install/bot_camera_arm/share/bot_camera_arm/hook/ament_prefix_path.ps1'
[0.759s] INFO:colcon.colcon_core.shell:Creating environment descriptor '/home/paul/resqbot_dev/ROS2/install/bot_camera_arm/share/bot_camera_arm/hook/ament_prefix_path.dsv'
[0.760s] INFO:colcon.colcon_core.shell:Creating environment hook '/home/paul/resqbot_dev/ROS2/install/bot_camera_arm/share/bot_camera_arm/hook/ament_prefix_path.sh'
[0.761s] INFO:colcon.colcon_core.shell:Skip shell extension 'powershell' for command environment: Not usable outside of PowerShell
[0.762s] DEBUG:colcon.colcon_core.shell:Skip shell extension 'dsv' for command environment
[0.770s] INFO:colcon.colcon_ros.task.ament_python.build:Building ROS package in '/home/paul/resqbot_dev/ROS2/src/botlaunch' with build type 'ament_python'
[0.771s] Level 1:colcon.colcon_core.shell:create_environment_hook('botlaunch', 'ament_prefix_path')
[0.771s] INFO:colcon.colcon_core.shell:Creating environment hook '/home/paul/resqbot_dev/ROS2/install/botlaunch/share/botlaunch/hook/ament_prefix_path.ps1'
[0.773s] INFO:colcon.colcon_core.shell:Creating environment descriptor '/home/paul/resqbot_dev/ROS2/install/botlaunch/share/botlaunch/hook/ament_prefix_path.dsv'
[0.774s] INFO:colcon.colcon_core.shell:Creating environment hook '/home/paul/resqbot_dev/ROS2/install/botlaunch/share/botlaunch/hook/ament_prefix_path.sh'
[0.775s] INFO:colcon.colcon_core.shell:Skip shell extension 'powershell' for command environment: Not usable outside of PowerShell
[0.776s] DEBUG:colcon.colcon_core.shell:Skip shell extension 'dsv' for command environment
[0.785s] INFO:colcon.colcon_ros.task.ament_python.build:Building ROS package in '/home/paul/resqbot_dev/ROS2/src/resqbot_drive_interface' with build type 'ament_python'
[0.786s] Level 1:colcon.colcon_core.shell:create_environment_hook('resqbot_drive_interface', 'ament_prefix_path')
[0.787s] INFO:colcon.colcon_core.shell:Creating environment hook '/home/paul/resqbot_dev/ROS2/install/resqbot_drive_interface/share/resqbot_drive_interface/hook/ament_prefix_path.ps1'
[0.789s] INFO:colcon.colcon_core.shell:Creating environment descriptor '/home/paul/resqbot_dev/ROS2/install/resqbot_drive_interface/share/resqbot_drive_interface/hook/ament_prefix_path.dsv'
[0.790s] INFO:colcon.colcon_core.shell:Creating environment hook '/home/paul/resqbot_dev/ROS2/install/resqbot_drive_interface/share/resqbot_drive_interface/hook/ament_prefix_path.sh'
[0.792s] INFO:colcon.colcon_core.shell:Skip shell extension 'powershell' for command environment: Not usable outside of PowerShell
[0.792s] DEBUG:colcon.colcon_core.shell:Skip shell extension 'dsv' for command environment
[0.801s] INFO:colcon.colcon_ros.task.ament_python.build:Building ROS package in '/home/paul/resqbot_dev/ROS2/src/resqbot_flipper_interface' with build type 'ament_python'
[0.802s] Level 1:colcon.colcon_core.shell:create_environment_hook('resqbot_flipper_interface', 'ament_prefix_path')
[0.802s] INFO:colcon.colcon_core.shell:Creating environment hook '/home/paul/resqbot_dev/ROS2/install/resqbot_flipper_interface/share/resqbot_flipper_interface/hook/ament_prefix_path.ps1'
[0.804s] INFO:colcon.colcon_core.shell:Creating environment descriptor '/home/paul/resqbot_dev/ROS2/install/resqbot_flipper_interface/share/resqbot_flipper_interface/hook/ament_prefix_path.dsv'
[0.805s] INFO:colcon.colcon_core.shell:Creating environment hook '/home/paul/resqbot_dev/ROS2/install/resqbot_flipper_interface/share/resqbot_flipper_interface/hook/ament_prefix_path.sh'
[0.807s] INFO:colcon.colcon_core.shell:Skip shell extension 'powershell' for command environment: Not usable outside of PowerShell
[0.807s] DEBUG:colcon.colcon_core.shell:Skip shell extension 'dsv' for command environment
[0.816s] INFO:colcon.colcon_ros.task.ament_python.build:Building ROS package in '/home/paul/resqbot_dev/ROS2/src/tele_op' with build type 'ament_python'
[0.817s] Level 1:colcon.colcon_core.shell:create_environment_hook('tele_op', 'ament_prefix_path')
[0.818s] INFO:colcon.colcon_core.shell:Creating environment hook '/home/paul/resqbot_dev/ROS2/install/tele_op/share/tele_op/hook/ament_prefix_path.ps1'
[0.821s] INFO:colcon.colcon_core.shell:Creating environment descriptor '/home/paul/resqbot_dev/ROS2/install/tele_op/share/tele_op/hook/ament_prefix_path.dsv'
[0.823s] INFO:colcon.colcon_core.shell:Creating environment hook '/home/paul/resqbot_dev/ROS2/install/tele_op/share/tele_op/hook/ament_prefix_path.sh'
[0.824s] INFO:colcon.colcon_core.shell:Skip shell extension 'powershell' for command environment: Not usable outside of PowerShell
[0.825s] DEBUG:colcon.colcon_core.shell:Skip shell extension 'dsv' for command environment
[1.444s] INFO:colcon.colcon_core.task.python.build:Building Python package in '/home/paul/resqbot_dev/ROS2/src/bot_camera_arm'
[1.445s] INFO:colcon.colcon_core.shell:Skip shell extension 'powershell' for command environment: Not usable outside of PowerShell
[1.445s] DEBUG:colcon.colcon_core.shell:Skip shell extension 'dsv' for command environment
[2.028s] INFO:colcon.colcon_core.task.python.build:Building Python package in '/home/paul/resqbot_dev/ROS2/src/botlaunch'
[2.029s] INFO:colcon.colcon_core.shell:Skip shell extension 'powershell' for command environment: Not usable outside of PowerShell
[2.029s] DEBUG:colcon.colcon_core.shell:Skip shell extension 'dsv' for command environment
[2.634s] INFO:colcon.colcon_core.task.python.build:Building Python package in '/home/paul/resqbot_dev/ROS2/src/resqbot_drive_interface'
[2.635s] INFO:colcon.colcon_core.shell:Skip shell extension 'powershell' for command environment: Not usable outside of PowerShell
[2.635s] DEBUG:colcon.colcon_core.shell:Skip shell extension 'dsv' for command environment
[3.245s] INFO:colcon.colcon_core.task.python.build:Building Python package in '/home/paul/resqbot_dev/ROS2/src/resqbot_flipper_interface'
[3.247s] INFO:colcon.colcon_core.shell:Skip shell extension 'powershell' for command environment: Not usable outside of PowerShell
[3.247s] DEBUG:colcon.colcon_core.shell:Skip shell extension 'dsv' for command environment
[3.809s] INFO:colcon.colcon_core.task.python.build:Building Python package in '/home/paul/resqbot_dev/ROS2/src/tele_op'
[3.810s] INFO:colcon.colcon_core.shell:Skip shell extension 'powershell' for command environment: Not usable outside of PowerShell
[3.810s] DEBUG:colcon.colcon_core.shell:Skip shell extension 'dsv' for command environment
[4.809s] DEBUG:colcon.colcon_core.event_handler.log_command:Invoking command in '/home/paul/resqbot_dev/ROS2/build/resqbot_drive_interface': PYTHONPATH=/home/paul/resqbot_dev/ROS2/build/resqbot_drive_interface/prefix_override:/usr/lib/python3/dist-packages/colcon_core/task/python/colcon_distutils_commands:/home/paul/resqbot_dev/ROS2/install/resqbot_drive_interface/lib/python3.10/site-packages:${PYTHONPATH} /usr/bin/python3 -W ignore:setup.py install is deprecated setup.py develop --editable --build-directory /home/paul/resqbot_dev/ROS2/build/resqbot_drive_interface/build --no-deps symlink_data
[4.907s] DEBUG:colcon.colcon_core.event_handler.log_command:Invoking command in '/home/paul/resqbot_dev/ROS2/build/botlaunch': PYTHONPATH=/home/paul/resqbot_dev/ROS2/build/botlaunch/prefix_override:/usr/lib/python3/dist-packages/colcon_core/task/python/colcon_distutils_commands:/home/paul/resqbot_dev/ROS2/install/botlaunch/lib/python3.10/site-packages:${PYTHONPATH} /usr/bin/python3 -W ignore:setup.py install is deprecated setup.py develop --editable --build-directory /home/paul/resqbot_dev/ROS2/build/botlaunch/build --no-deps symlink_data
[4.945s] DEBUG:colcon.colcon_core.event_handler.log_command:Invoking command in '/home/paul/resqbot_dev/ROS2/build/tele_op': PYTHONPATH=/home/paul/resqbot_dev/ROS2/build/tele_op/prefix_override:/usr/lib/python3/dist-packages/colcon_core/task/python/colcon_distutils_commands:/home/paul/resqbot_dev/ROS2/install/tele_op/lib/python3.10/site-packages:${PYTHONPATH} /usr/bin/python3 -W ignore:setup.py install is deprecated setup.py develop --editable --build-directory /home/paul/resqbot_dev/ROS2/build/tele_op/build --no-deps symlink_data
[5.014s] DEBUG:colcon.colcon_core.event_handler.log_command:Invoking command in '/home/paul/resqbot_dev/ROS2/build/resqbot_flipper_interface': PYTHONPATH=/home/paul/resqbot_dev/ROS2/build/resqbot_flipper_interface/prefix_override:/usr/lib/python3/dist-packages/colcon_core/task/python/colcon_distutils_commands:/home/paul/resqbot_dev/ROS2/install/resqbot_flipper_interface/lib/python3.10/site-packages:${PYTHONPATH} /usr/bin/python3 -W ignore:setup.py install is deprecated setup.py develop --editable --build-directory /home/paul/resqbot_dev/ROS2/build/resqbot_flipper_interface/build --no-deps symlink_data
[5.149s] DEBUG:colcon.colcon_core.event_handler.log_command:Invoking command in '/home/paul/resqbot_dev/ROS2/build/bot_camera_arm': PYTHONPATH=/home/paul/resqbot_dev/ROS2/build/bot_camera_arm/prefix_override:/usr/lib/python3/dist-packages/colcon_core/task/python/colcon_distutils_commands:/home/paul/resqbot_dev/ROS2/install/bot_camera_arm/lib/python3.10/site-packages:${PYTHONPATH} /usr/bin/python3 -W ignore:setup.py install is deprecated setup.py develop --editable --build-directory /home/paul/resqbot_dev/ROS2/build/bot_camera_arm/build --no-deps symlink_data
[6.261s] Level 1:colcon.colcon_core.shell:create_environment_hook('tele_op', 'pythonpath_develop')
[6.262s] INFO:colcon.colcon_core.shell:Creating environment hook '/home/paul/resqbot_dev/ROS2/build/tele_op/share/tele_op/hook/pythonpath_develop.ps1'
[6.264s] DEBUG:colcon.colcon_core.event_handler.log_command:Invoked command in '/home/paul/resqbot_dev/ROS2/build/tele_op' returned '0': PYTHONPATH=/home/paul/resqbot_dev/ROS2/build/tele_op/prefix_override:/usr/lib/python3/dist-packages/colcon_core/task/python/colcon_distutils_commands:/home/paul/resqbot_dev/ROS2/install/tele_op/lib/python3.10/site-packages:${PYTHONPATH} /usr/bin/python3 -W ignore:setup.py install is deprecated setup.py develop --editable --build-directory /home/paul/resqbot_dev/ROS2/build/tele_op/build --no-deps symlink_data
[6.265s] INFO:colcon.colcon_core.shell:Creating environment descriptor '/home/paul/resqbot_dev/ROS2/build/tele_op/share/tele_op/hook/pythonpath_develop.dsv'
[6.267s] INFO:colcon.colcon_core.shell:Creating environment hook '/home/paul/resqbot_dev/ROS2/build/tele_op/share/tele_op/hook/pythonpath_develop.sh'
[6.274s] Level 1:colcon.colcon_core.environment:checking '/home/paul/resqbot_dev/ROS2/install/tele_op' for CMake module files
[6.275s] Level 1:colcon.colcon_core.environment:checking '/home/paul/resqbot_dev/ROS2/install/tele_op' for CMake config files
[6.277s] Level 1:colcon.colcon_core.environment:checking '/home/paul/resqbot_dev/ROS2/install/tele_op/lib'
[6.278s] Level 1:colcon.colcon_core.environment:checking '/home/paul/resqbot_dev/ROS2/install/tele_op/bin'
[6.279s] Level 1:colcon.colcon_core.environment:checking '/home/paul/resqbot_dev/ROS2/install/tele_op/lib/pkgconfig/tele_op.pc'
[6.279s] Level 1:colcon.colcon_core.environment:checking '/home/paul/resqbot_dev/ROS2/install/tele_op/lib/python3.10/site-packages'
[6.280s] Level 1:colcon.colcon_core.shell:create_environment_hook('tele_op', 'pythonpath')
[6.280s] INFO:colcon.colcon_core.shell:Creating environment hook '/home/paul/resqbot_dev/ROS2/install/tele_op/share/tele_op/hook/pythonpath.ps1'
[6.282s] INFO:colcon.colcon_core.shell:Creating environment descriptor '/home/paul/resqbot_dev/ROS2/install/tele_op/share/tele_op/hook/pythonpath.dsv'
[6.284s] INFO:colcon.colcon_core.shell:Creating environment hook '/home/paul/resqbot_dev/ROS2/install/tele_op/share/tele_op/hook/pythonpath.sh'
[6.286s] Level 1:colcon.colcon_core.environment:checking '/home/paul/resqbot_dev/ROS2/install/tele_op/bin'
[6.287s] Level 1:colcon.colcon_core.environment:create_environment_scripts_only(tele_op)
[6.288s] INFO:colcon.colcon_core.shell:Creating package script '/home/paul/resqbot_dev/ROS2/install/tele_op/share/tele_op/package.ps1'
[6.293s] INFO:colcon.colcon_core.shell:Creating package descriptor '/home/paul/resqbot_dev/ROS2/install/tele_op/share/tele_op/package.dsv'
[6.297s] INFO:colcon.colcon_core.shell:Creating package script '/home/paul/resqbot_dev/ROS2/install/tele_op/share/tele_op/package.sh'
[6.301s] INFO:colcon.colcon_core.shell:Creating package script '/home/paul/resqbot_dev/ROS2/install/tele_op/share/tele_op/package.bash'
[6.304s] INFO:colcon.colcon_core.shell:Creating package script '/home/paul/resqbot_dev/ROS2/install/tele_op/share/tele_op/package.zsh'
[6.307s] Level 1:colcon.colcon_core.environment:create_file_with_runtime_dependencies(/home/paul/resqbot_dev/ROS2/install/tele_op/share/colcon-core/packages/tele_op)
[6.389s] Level 1:colcon.colcon_core.shell:create_environment_hook('resqbot_flipper_interface', 'pythonpath_develop')
[6.390s] INFO:colcon.colcon_core.shell:Creating environment hook '/home/paul/resqbot_dev/ROS2/build/resqbot_flipper_interface/share/resqbot_flipper_interface/hook/pythonpath_develop.ps1'
[6.391s] DEBUG:colcon.colcon_core.event_handler.log_command:Invoked command in '/home/paul/resqbot_dev/ROS2/build/resqbot_flipper_interface' returned '0': PYTHONPATH=/home/paul/resqbot_dev/ROS2/build/resqbot_flipper_interface/prefix_override:/usr/lib/python3/dist-packages/colcon_core/task/python/colcon_distutils_commands:/home/paul/resqbot_dev/ROS2/install/resqbot_flipper_interface/lib/python3.10/site-packages:${PYTHONPATH} /usr/bin/python3 -W ignore:setup.py install is deprecated setup.py develop --editable --build-directory /home/paul/resqbot_dev/ROS2/build/resqbot_flipper_interface/build --no-deps symlink_data
[6.395s] INFO:colcon.colcon_core.shell:Creating environment descriptor '/home/paul/resqbot_dev/ROS2/build/resqbot_flipper_interface/share/resqbot_flipper_interface/hook/pythonpath_develop.dsv'
[6.400s] INFO:colcon.colcon_core.shell:Creating environment hook '/home/paul/resqbot_dev/ROS2/build/resqbot_flipper_interface/share/resqbot_flipper_interface/hook/pythonpath_develop.sh'
[6.403s] Level 1:colcon.colcon_core.environment:checking '/home/paul/resqbot_dev/ROS2/install/resqbot_flipper_interface' for CMake module files
[6.405s] Level 1:colcon.colcon_core.environment:checking '/home/paul/resqbot_dev/ROS2/install/resqbot_flipper_interface' for CMake config files
[6.408s] Level 1:colcon.colcon_core.environment:checking '/home/paul/resqbot_dev/ROS2/install/resqbot_flipper_interface/lib'
[6.408s] Level 1:colcon.colcon_core.environment:checking '/home/paul/resqbot_dev/ROS2/install/resqbot_flipper_interface/bin'
[6.409s] Level 1:colcon.colcon_core.environment:checking '/home/paul/resqbot_dev/ROS2/install/resqbot_flipper_interface/lib/pkgconfig/resqbot_flipper_interface.pc'
[6.412s] Level 1:colcon.colcon_core.environment:checking '/home/paul/resqbot_dev/ROS2/install/resqbot_flipper_interface/lib/python3.10/site-packages'
[6.414s] Level 1:colcon.colcon_core.shell:create_environment_hook('resqbot_flipper_interface', 'pythonpath')
[6.415s] INFO:colcon.colcon_core.shell:Creating environment hook '/home/paul/resqbot_dev/ROS2/install/resqbot_flipper_interface/share/resqbot_flipper_interface/hook/pythonpath.ps1'
[6.418s] INFO:colcon.colcon_core.shell:Creating environment descriptor '/home/paul/resqbot_dev/ROS2/install/resqbot_flipper_interface/share/resqbot_flipper_interface/hook/pythonpath.dsv'
[6.429s] INFO:colcon.colcon_core.shell:Creating environment hook '/home/paul/resqbot_dev/ROS2/install/resqbot_flipper_interface/share/resqbot_flipper_interface/hook/pythonpath.sh'
[6.436s] Level 1:colcon.colcon_core.environment:checking '/home/paul/resqbot_dev/ROS2/install/resqbot_flipper_interface/bin'
[6.436s] Level 1:colcon.colcon_core.environment:create_environment_scripts_only(resqbot_flipper_interface)
[6.437s] INFO:colcon.colcon_core.shell:Creating package script '/home/paul/resqbot_dev/ROS2/install/resqbot_flipper_interface/share/resqbot_flipper_interface/package.ps1'
[6.442s] INFO:colcon.colcon_core.shell:Creating package descriptor '/home/paul/resqbot_dev/ROS2/install/resqbot_flipper_interface/share/resqbot_flipper_interface/package.dsv'
[6.444s] INFO:colcon.colcon_core.shell:Creating package script '/home/paul/resqbot_dev/ROS2/install/resqbot_flipper_interface/share/resqbot_flipper_interface/package.sh'
[6.446s] INFO:colcon.colcon_core.shell:Creating package script '/home/paul/resqbot_dev/ROS2/install/resqbot_flipper_interface/share/resqbot_flipper_interface/package.bash'
[6.448s] INFO:colcon.colcon_core.shell:Creating package script '/home/paul/resqbot_dev/ROS2/install/resqbot_flipper_interface/share/resqbot_flipper_interface/package.zsh'
[6.449s] Level 1:colcon.colcon_core.environment:create_file_with_runtime_dependencies(/home/paul/resqbot_dev/ROS2/install/resqbot_flipper_interface/share/colcon-core/packages/resqbot_flipper_interface)
[6.479s] Level 1:colcon.colcon_core.shell:create_environment_hook('resqbot_drive_interface', 'pythonpath_develop')
[6.481s] INFO:colcon.colcon_core.shell:Creating environment hook '/home/paul/resqbot_dev/ROS2/build/resqbot_drive_interface/share/resqbot_drive_interface/hook/pythonpath_develop.ps1'
[6.486s] DEBUG:colcon.colcon_core.event_handler.log_command:Invoked command in '/home/paul/resqbot_dev/ROS2/build/resqbot_drive_interface' returned '0': PYTHONPATH=/home/paul/resqbot_dev/ROS2/build/resqbot_drive_interface/prefix_override:/usr/lib/python3/dist-packages/colcon_core/task/python/colcon_distutils_commands:/home/paul/resqbot_dev/ROS2/install/resqbot_drive_interface/lib/python3.10/site-packages:${PYTHONPATH} /usr/bin/python3 -W ignore:setup.py install is deprecated setup.py develop --editable --build-directory /home/paul/resqbot_dev/ROS2/build/resqbot_drive_interface/build --no-deps symlink_data
[6.487s] INFO:colcon.colcon_core.shell:Creating environment descriptor '/home/paul/resqbot_dev/ROS2/build/resqbot_drive_interface/share/resqbot_drive_interface/hook/pythonpath_develop.dsv'
[6.489s] INFO:colcon.colcon_core.shell:Creating environment hook '/home/paul/resqbot_dev/ROS2/build/resqbot_drive_interface/share/resqbot_drive_interface/hook/pythonpath_develop.sh'
[6.491s] Level 1:colcon.colcon_core.environment:checking '/home/paul/resqbot_dev/ROS2/install/resqbot_drive_interface' for CMake module files
[6.493s] Level 1:colcon.colcon_core.environment:checking '/home/paul/resqbot_dev/ROS2/install/resqbot_drive_interface' for CMake config files
[6.495s] Level 1:colcon.colcon_core.environment:checking '/home/paul/resqbot_dev/ROS2/install/resqbot_drive_interface/lib'
[6.496s] Level 1:colcon.colcon_core.environment:checking '/home/paul/resqbot_dev/ROS2/install/resqbot_drive_interface/bin'
[6.496s] Level 1:colcon.colcon_core.environment:checking '/home/paul/resqbot_dev/ROS2/install/resqbot_drive_interface/lib/pkgconfig/resqbot_drive_interface.pc'
[6.497s] Level 1:colcon.colcon_core.environment:checking '/home/paul/resqbot_dev/ROS2/install/resqbot_drive_interface/lib/python3.10/site-packages'
[6.497s] Level 1:colcon.colcon_core.shell:create_environment_hook('resqbot_drive_interface', 'pythonpath')
[6.499s] INFO:colcon.colcon_core.shell:Creating environment hook '/home/paul/resqbot_dev/ROS2/install/resqbot_drive_interface/share/resqbot_drive_interface/hook/pythonpath.ps1'
[6.501s] INFO:colcon.colcon_core.shell:Creating environment descriptor '/home/paul/resqbot_dev/ROS2/install/resqbot_drive_interface/share/resqbot_drive_interface/hook/pythonpath.dsv'
[6.503s] INFO:colcon.colcon_core.shell:Creating environment hook '/home/paul/resqbot_dev/ROS2/install/resqbot_drive_interface/share/resqbot_drive_interface/hook/pythonpath.sh'
[6.505s] Level 1:colcon.colcon_core.environment:checking '/home/paul/resqbot_dev/ROS2/install/resqbot_drive_interface/bin'
[6.505s] Level 1:colcon.colcon_core.environment:create_environment_scripts_only(resqbot_drive_interface)
[6.506s] INFO:colcon.colcon_core.shell:Creating package script '/home/paul/resqbot_dev/ROS2/install/resqbot_drive_interface/share/resqbot_drive_interface/package.ps1'
[6.508s] INFO:colcon.colcon_core.shell:Creating package descriptor '/home/paul/resqbot_dev/ROS2/install/resqbot_drive_interface/share/resqbot_drive_interface/package.dsv'
[6.510s] INFO:colcon.colcon_core.shell:Creating package script '/home/paul/resqbot_dev/ROS2/install/resqbot_drive_interface/share/resqbot_drive_interface/package.sh'
[6.512s] INFO:colcon.colcon_core.shell:Creating package script '/home/paul/resqbot_dev/ROS2/install/resqbot_drive_interface/share/resqbot_drive_interface/package.bash'
[6.514s] INFO:colcon.colcon_core.shell:Creating package script '/home/paul/resqbot_dev/ROS2/install/resqbot_drive_interface/share/resqbot_drive_interface/package.zsh'
[6.516s] Level 1:colcon.colcon_core.environment:create_file_with_runtime_dependencies(/home/paul/resqbot_dev/ROS2/install/resqbot_drive_interface/share/colcon-core/packages/resqbot_drive_interface)
[6.521s] Level 1:colcon.colcon_core.shell:create_environment_hook('bot_camera_arm', 'pythonpath_develop')
[6.522s] INFO:colcon.colcon_core.shell:Creating environment hook '/home/paul/resqbot_dev/ROS2/build/bot_camera_arm/share/bot_camera_arm/hook/pythonpath_develop.ps1'
[6.524s] DEBUG:colcon.colcon_core.event_handler.log_command:Invoked command in '/home/paul/resqbot_dev/ROS2/build/bot_camera_arm' returned '0': PYTHONPATH=/home/paul/resqbot_dev/ROS2/build/bot_camera_arm/prefix_override:/usr/lib/python3/dist-packages/colcon_core/task/python/colcon_distutils_commands:/home/paul/resqbot_dev/ROS2/install/bot_camera_arm/lib/python3.10/site-packages:${PYTHONPATH} /usr/bin/python3 -W ignore:setup.py install is deprecated setup.py develop --editable --build-directory /home/paul/resqbot_dev/ROS2/build/bot_camera_arm/build --no-deps symlink_data
[6.524s] INFO:colcon.colcon_core.shell:Creating environment descriptor '/home/paul/resqbot_dev/ROS2/build/bot_camera_arm/share/bot_camera_arm/hook/pythonpath_develop.dsv'
[6.527s] INFO:colcon.colcon_core.shell:Creating environment hook '/home/paul/resqbot_dev/ROS2/build/bot_camera_arm/share/bot_camera_arm/hook/pythonpath_develop.sh'
[6.529s] Level 1:colcon.colcon_core.environment:checking '/home/paul/resqbot_dev/ROS2/install/bot_camera_arm' for CMake module files
[6.530s] Level 1:colcon.colcon_core.environment:checking '/home/paul/resqbot_dev/ROS2/install/bot_camera_arm' for CMake config files
[6.532s] Level 1:colcon.colcon_core.environment:checking '/home/paul/resqbot_dev/ROS2/install/bot_camera_arm/lib'
[6.532s] Level 1:colcon.colcon_core.environment:checking '/home/paul/resqbot_dev/ROS2/install/bot_camera_arm/bin'
[6.532s] Level 1:colcon.colcon_core.environment:checking '/home/paul/resqbot_dev/ROS2/install/bot_camera_arm/lib/pkgconfig/bot_camera_arm.pc'
[6.532s] Level 1:colcon.colcon_core.environment:checking '/home/paul/resqbot_dev/ROS2/install/bot_camera_arm/lib/python3.10/site-packages'
[6.533s] Level 1:colcon.colcon_core.shell:create_environment_hook('bot_camera_arm', 'pythonpath')
[6.534s] INFO:colcon.colcon_core.shell:Creating environment hook '/home/paul/resqbot_dev/ROS2/install/bot_camera_arm/share/bot_camera_arm/hook/pythonpath.ps1'
[6.535s] INFO:colcon.colcon_core.shell:Creating environment descriptor '/home/paul/resqbot_dev/ROS2/install/bot_camera_arm/share/bot_camera_arm/hook/pythonpath.dsv'
[6.537s] INFO:colcon.colcon_core.shell:Creating environment hook '/home/paul/resqbot_dev/ROS2/install/bot_camera_arm/share/bot_camera_arm/hook/pythonpath.sh'
[6.538s] Level 1:colcon.colcon_core.environment:checking '/home/paul/resqbot_dev/ROS2/install/bot_camera_arm/bin'
[6.538s] Level 1:colcon.colcon_core.environment:create_environment_scripts_only(bot_camera_arm)
[6.539s] INFO:colcon.colcon_core.shell:Creating package script '/home/paul/resqbot_dev/ROS2/install/bot_camera_arm/share/bot_camera_arm/package.ps1'
[6.540s] INFO:colcon.colcon_core.shell:Creating package descriptor '/home/paul/resqbot_dev/ROS2/install/bot_camera_arm/share/bot_camera_arm/package.dsv'
[6.542s] INFO:colcon.colcon_core.shell:Creating package script '/home/paul/resqbot_dev/ROS2/install/bot_camera_arm/share/bot_camera_arm/package.sh'
[6.544s] INFO:colcon.colcon_core.shell:Creating package script '/home/paul/resqbot_dev/ROS2/install/bot_camera_arm/share/bot_camera_arm/package.bash'
[6.545s] INFO:colcon.colcon_core.shell:Creating package script '/home/paul/resqbot_dev/ROS2/install/bot_camera_arm/share/bot_camera_arm/package.zsh'
[6.547s] Level 1:colcon.colcon_core.environment:create_file_with_runtime_dependencies(/home/paul/resqbot_dev/ROS2/install/bot_camera_arm/share/colcon-core/packages/bot_camera_arm)
[6.580s] Level 1:colcon.colcon_core.shell:create_environment_hook('botlaunch', 'pythonpath_develop')
[6.581s] INFO:colcon.colcon_core.shell:Creating environment hook '/home/paul/resqbot_dev/ROS2/build/botlaunch/share/botlaunch/hook/pythonpath_develop.ps1'
[6.584s] DEBUG:colcon.colcon_core.event_handler.log_command:Invoked command in '/home/paul/resqbot_dev/ROS2/build/botlaunch' returned '0': PYTHONPATH=/home/paul/resqbot_dev/ROS2/build/botlaunch/prefix_override:/usr/lib/python3/dist-packages/colcon_core/task/python/colcon_distutils_commands:/home/paul/resqbot_dev/ROS2/install/botlaunch/lib/python3.10/site-packages:${PYTHONPATH} /usr/bin/python3 -W ignore:setup.py install is deprecated setup.py develop --editable --build-directory /home/paul/resqbot_dev/ROS2/build/botlaunch/build --no-deps symlink_data
[6.585s] INFO:colcon.colcon_core.shell:Creating environment descriptor '/home/paul/resqbot_dev/ROS2/build/botlaunch/share/botlaunch/hook/pythonpath_develop.dsv'
[6.587s] INFO:colcon.colcon_core.shell:Creating environment hook '/home/paul/resqbot_dev/ROS2/build/botlaunch/share/botlaunch/hook/pythonpath_develop.sh'
[6.590s] Level 1:colcon.colcon_core.environment:checking '/home/paul/resqbot_dev/ROS2/install/botlaunch' for CMake module files
[6.591s] Level 1:colcon.colcon_core.environment:checking '/home/paul/resqbot_dev/ROS2/install/botlaunch' for CMake config files
[6.593s] Level 1:colcon.colcon_core.environment:checking '/home/paul/resqbot_dev/ROS2/install/botlaunch/lib'
[6.593s] Level 1:colcon.colcon_core.environment:checking '/home/paul/resqbot_dev/ROS2/install/botlaunch/bin'
[6.593s] Level 1:colcon.colcon_core.environment:checking '/home/paul/resqbot_dev/ROS2/install/botlaunch/lib/pkgconfig/botlaunch.pc'
[6.594s] Level 1:colcon.colcon_core.environment:checking '/home/paul/resqbot_dev/ROS2/install/botlaunch/lib/python3.10/site-packages'
[6.594s] Level 1:colcon.colcon_core.shell:create_environment_hook('botlaunch', 'pythonpath')
[6.595s] INFO:colcon.colcon_core.shell:Creating environment hook '/home/paul/resqbot_dev/ROS2/install/botlaunch/share/botlaunch/hook/pythonpath.ps1'
[6.597s] INFO:colcon.colcon_core.shell:Creating environment descriptor '/home/paul/resqbot_dev/ROS2/install/botlaunch/share/botlaunch/hook/pythonpath.dsv'
[6.597s] INFO:colcon.colcon_core.shell:Creating environment hook '/home/paul/resqbot_dev/ROS2/install/botlaunch/share/botlaunch/hook/pythonpath.sh'
[6.598s] Level 1:colcon.colcon_core.environment:checking '/home/paul/resqbot_dev/ROS2/install/botlaunch/bin'
[6.599s] Level 1:colcon.colcon_core.environment:create_environment_scripts_only(botlaunch)
[6.599s] INFO:colcon.colcon_core.shell:Creating package script '/home/paul/resqbot_dev/ROS2/install/botlaunch/share/botlaunch/package.ps1'
[6.601s] INFO:colcon.colcon_core.shell:Creating package descriptor '/home/paul/resqbot_dev/ROS2/install/botlaunch/share/botlaunch/package.dsv'
[6.602s] INFO:colcon.colcon_core.shell:Creating package script '/home/paul/resqbot_dev/ROS2/install/botlaunch/share/botlaunch/package.sh'
[6.604s] INFO:colcon.colcon_core.shell:Creating package script '/home/paul/resqbot_dev/ROS2/install/botlaunch/share/botlaunch/package.bash'
[6.605s] INFO:colcon.colcon_core.shell:Creating package script '/home/paul/resqbot_dev/ROS2/install/botlaunch/share/botlaunch/package.zsh'
[6.605s] Level 1:colcon.colcon_core.environment:create_file_with_runtime_dependencies(/home/paul/resqbot_dev/ROS2/install/botlaunch/share/colcon-core/packages/botlaunch)
[6.606s] DEBUG:colcon.colcon_parallel_executor.executor.parallel:closing loop
[6.606s] DEBUG:colcon.colcon_parallel_executor.executor.parallel:loop closed
[6.606s] DEBUG:colcon.colcon_parallel_executor.executor.parallel:run_until_complete finished with '0'
[6.606s] DEBUG:colcon.colcon_core.event_reactor:joining thread
[6.629s] INFO:colcon.colcon_core.plugin_system:Skipping extension 'colcon_notification.desktop_notification.terminal_notifier': Not used on non-Darwin systems
[6.629s] INFO:colcon.colcon_core.plugin_system:Skipping extension 'colcon_notification.desktop_notification.win32': Not used on non-Windows systems
[6.629s] INFO:colcon.colcon_notification.desktop_notification:Sending desktop notification using 'notify2'
[6.659s] DEBUG:colcon.colcon_core.event_reactor:joined thread
[6.660s] INFO:colcon.colcon_core.shell:Creating prefix script '/home/paul/resqbot_dev/ROS2/install/local_setup.ps1'
[6.662s] INFO:colcon.colcon_core.shell:Creating prefix util module '/home/paul/resqbot_dev/ROS2/install/_local_setup_util_ps1.py'
[6.666s] INFO:colcon.colcon_core.shell:Creating prefix chain script '/home/paul/resqbot_dev/ROS2/install/setup.ps1'
[6.669s] INFO:colcon.colcon_core.shell:Creating prefix script '/home/paul/resqbot_dev/ROS2/install/local_setup.sh'
[6.670s] INFO:colcon.colcon_core.shell:Creating prefix util module '/home/paul/resqbot_dev/ROS2/install/_local_setup_util_sh.py'
[6.672s] INFO:colcon.colcon_core.shell:Creating prefix chain script '/home/paul/resqbot_dev/ROS2/install/setup.sh'
[6.675s] INFO:colcon.colcon_core.shell:Creating prefix script '/home/paul/resqbot_dev/ROS2/install/local_setup.bash'
[6.676s] INFO:colcon.colcon_core.shell:Creating prefix chain script '/home/paul/resqbot_dev/ROS2/install/setup.bash'
[6.680s] INFO:colcon.colcon_core.shell:Creating prefix script '/home/paul/resqbot_dev/ROS2/install/local_setup.zsh'
[6.682s] INFO:colcon.colcon_core.shell:Creating prefix chain script '/home/paul/resqbot_dev/ROS2/install/setup.zsh'
