[0.142s] DEBUG:colcon:Command line arguments: ['/usr/bin/colcon', 'build']
[0.142s] DEBUG:colcon:Parsed command line arguments: Namespace(log_base=None, log_level=None, verb_name='build', build_base='build', install_base='install', merge_install=False, symlink_install=False, test_result_base=None, continue_on_error=False, executor='parallel', parallel_workers=8, event_handlers=None, ignore_user_meta=False, metas=['./colcon.meta'], base_paths=['.'], packages_ignore=None, packages_ignore_regex=None, paths=None, packages_up_to=None, packages_up_to_regex=None, packages_above=None, packages_above_and_dependencies=None, packages_above_depth=None, packages_select_by_dep=None, packages_skip_by_dep=None, packages_skip_up_to=None, packages_select_build_failed=False, packages_skip_build_finished=False, packages_select_test_failures=False, packages_skip_test_passed=False, packages_select=None, packages_skip=None, packages_select_regex=None, packages_skip_regex=None, packages_start=None, packages_end=None, allow_overriding=[], cmake_args=None, cmake_target=None, cmake_target_skip_unavailable=False, cmake_clean_cache=False, cmake_clean_first=False, cmake_force_configure=False, ament_cmake_args=None, catkin_cmake_args=None, catkin_skip_building_tests=False, mixin_files=None, mixin=None, verb_parser=<colcon_mixin.mixin.mixin_argument.MixinArgumentDecorator object at 0x764e7780eb90>, verb_extension=<colcon_core.verb.build.BuildVerb object at 0x764e77973a00>, main=<bound method BuildVerb.main of <colcon_core.verb.build.BuildVerb object at 0x764e77973a00>>, mixin_verb=('build',))
[0.347s] Level 1:colcon.colcon_core.package_discovery:discover_packages(colcon_meta) check parameters
[0.347s] Level 1:colcon.colcon_core.package_discovery:discover_packages(recursive) check parameters
[0.347s] Level 1:colcon.colcon_core.package_discovery:discover_packages(ignore) check parameters
[0.347s] Level 1:colcon.colcon_core.package_discovery:discover_packages(path) check parameters
[0.348s] Level 1:colcon.colcon_core.package_discovery:discover_packages(colcon_meta) discover
[0.348s] Level 1:colcon.colcon_core.package_discovery:discover_packages(recursive) discover
[0.348s] INFO:colcon.colcon_core.package_discovery:Crawling recursively for packages in '/home/resqbots/control_ws'
[0.348s] Level 1:colcon.colcon_core.package_identification:_identify(.) by extensions ['ignore', 'ignore_ament_install']
[0.348s] Level 1:colcon.colcon_core.package_identification:_identify(.) by extension 'ignore'
[0.348s] Level 1:colcon.colcon_core.package_identification:_identify(.) by extension 'ignore_ament_install'
[0.348s] Level 1:colcon.colcon_core.package_identification:_identify(.) by extensions ['colcon_pkg']
[0.348s] Level 1:colcon.colcon_core.package_identification:_identify(.) by extension 'colcon_pkg'
[0.348s] Level 1:colcon.colcon_core.package_identification:_identify(.) by extensions ['colcon_meta']
[0.348s] Level 1:colcon.colcon_core.package_identification:_identify(.) by extension 'colcon_meta'
[0.348s] Level 1:colcon.colcon_core.package_identification:_identify(.) by extensions ['ros']
[0.348s] Level 1:colcon.colcon_core.package_identification:_identify(.) by extension 'ros'
[0.360s] Level 1:colcon.colcon_core.package_identification:_identify(.) by extensions ['cmake', 'python']
[0.360s] Level 1:colcon.colcon_core.package_identification:_identify(.) by extension 'cmake'
[0.361s] Level 1:colcon.colcon_core.package_identification:_identify(.) by extension 'python'
[0.361s] Level 1:colcon.colcon_core.package_identification:_identify(.) by extensions ['python_setup_py']
[0.361s] Level 1:colcon.colcon_core.package_identification:_identify(.) by extension 'python_setup_py'
[0.361s] Level 1:colcon.colcon_core.package_identification:_identify(build) by extensions ['ignore', 'ignore_ament_install']
[0.361s] Level 1:colcon.colcon_core.package_identification:_identify(build) by extension 'ignore'
[0.361s] Level 1:colcon.colcon_core.package_identification:_identify(build) ignored
[0.361s] Level 1:colcon.colcon_core.package_identification:_identify(install) by extensions ['ignore', 'ignore_ament_install']
[0.361s] Level 1:colcon.colcon_core.package_identification:_identify(install) by extension 'ignore'
[0.361s] Level 1:colcon.colcon_core.package_identification:_identify(install) ignored
[0.361s] Level 1:colcon.colcon_core.package_identification:_identify(log) by extensions ['ignore', 'ignore_ament_install']
[0.361s] Level 1:colcon.colcon_core.package_identification:_identify(log) by extension 'ignore'
[0.361s] Level 1:colcon.colcon_core.package_identification:_identify(log) ignored
[0.361s] Level 1:colcon.colcon_core.package_identification:_identify(src) by extensions ['ignore', 'ignore_ament_install']
[0.361s] Level 1:colcon.colcon_core.package_identification:_identify(src) by extension 'ignore'
[0.362s] Level 1:colcon.colcon_core.package_identification:_identify(src) by extension 'ignore_ament_install'
[0.362s] Level 1:colcon.colcon_core.package_identification:_identify(src) by extensions ['colcon_pkg']
[0.362s] Level 1:colcon.colcon_core.package_identification:_identify(src) by extension 'colcon_pkg'
[0.362s] Level 1:colcon.colcon_core.package_identification:_identify(src) by extensions ['colcon_meta']
[0.362s] Level 1:colcon.colcon_core.package_identification:_identify(src) by extension 'colcon_meta'
[0.362s] Level 1:colcon.colcon_core.package_identification:_identify(src) by extensions ['ros']
[0.362s] Level 1:colcon.colcon_core.package_identification:_identify(src) by extension 'ros'
[0.362s] Level 1:colcon.colcon_core.package_identification:_identify(src) by extensions ['cmake', 'python']
[0.362s] Level 1:colcon.colcon_core.package_identification:_identify(src) by extension 'cmake'
[0.362s] Level 1:colcon.colcon_core.package_identification:_identify(src) by extension 'python'
[0.362s] Level 1:colcon.colcon_core.package_identification:_identify(src) by extensions ['python_setup_py']
[0.362s] Level 1:colcon.colcon_core.package_identification:_identify(src) by extension 'python_setup_py'
[0.362s] Level 1:colcon.colcon_core.package_identification:_identify(src/arm_joy_trajectory) by extensions ['ignore', 'ignore_ament_install']
[0.362s] Level 1:colcon.colcon_core.package_identification:_identify(src/arm_joy_trajectory) by extension 'ignore'
[0.362s] Level 1:colcon.colcon_core.package_identification:_identify(src/arm_joy_trajectory) by extension 'ignore_ament_install'
[0.362s] Level 1:colcon.colcon_core.package_identification:_identify(src/arm_joy_trajectory) by extensions ['colcon_pkg']
[0.362s] Level 1:colcon.colcon_core.package_identification:_identify(src/arm_joy_trajectory) by extension 'colcon_pkg'
[0.362s] Level 1:colcon.colcon_core.package_identification:_identify(src/arm_joy_trajectory) by extensions ['colcon_meta']
[0.362s] Level 1:colcon.colcon_core.package_identification:_identify(src/arm_joy_trajectory) by extension 'colcon_meta'
[0.362s] Level 1:colcon.colcon_core.package_identification:_identify(src/arm_joy_trajectory) by extensions ['ros']
[0.362s] Level 1:colcon.colcon_core.package_identification:_identify(src/arm_joy_trajectory) by extension 'ros'
[0.363s] Level 1:colcon.colcon_core.package_identification:_identify(src/arm_joy_trajectory) by extensions ['cmake', 'python']
[0.363s] Level 1:colcon.colcon_core.package_identification:_identify(src/arm_joy_trajectory) by extension 'cmake'
[0.363s] Level 1:colcon.colcon_core.package_identification:_identify(src/arm_joy_trajectory) by extension 'python'
[0.363s] Level 1:colcon.colcon_core.package_identification:_identify(src/arm_joy_trajectory) by extensions ['python_setup_py']
[0.363s] Level 1:colcon.colcon_core.package_identification:_identify(src/arm_joy_trajectory) by extension 'python_setup_py'
[0.363s] Level 1:colcon.colcon_core.package_identification:_identify(src/lotti_arm_controller) by extensions ['ignore', 'ignore_ament_install']
[0.363s] Level 1:colcon.colcon_core.package_identification:_identify(src/lotti_arm_controller) by extension 'ignore'
[0.363s] Level 1:colcon.colcon_core.package_identification:_identify(src/lotti_arm_controller) by extension 'ignore_ament_install'
[0.363s] Level 1:colcon.colcon_core.package_identification:_identify(src/lotti_arm_controller) by extensions ['colcon_pkg']
[0.363s] Level 1:colcon.colcon_core.package_identification:_identify(src/lotti_arm_controller) by extension 'colcon_pkg'
[0.363s] Level 1:colcon.colcon_core.package_identification:_identify(src/lotti_arm_controller) by extensions ['colcon_meta']
[0.363s] Level 1:colcon.colcon_core.package_identification:_identify(src/lotti_arm_controller) by extension 'colcon_meta'
[0.363s] Level 1:colcon.colcon_core.package_identification:_identify(src/lotti_arm_controller) by extensions ['ros']
[0.363s] Level 1:colcon.colcon_core.package_identification:_identify(src/lotti_arm_controller) by extension 'ros'
[0.376s] DEBUG:colcon.colcon_core.package_identification:Package 'src/lotti_arm_controller' with type 'ros.ament_cmake' and name 'lotti_arm_controller'
[0.376s] Level 1:colcon.colcon_core.package_identification:_identify(src/lotti_control) by extensions ['ignore', 'ignore_ament_install']
[0.376s] Level 1:colcon.colcon_core.package_identification:_identify(src/lotti_control) by extension 'ignore'
[0.376s] Level 1:colcon.colcon_core.package_identification:_identify(src/lotti_control) by extension 'ignore_ament_install'
[0.376s] Level 1:colcon.colcon_core.package_identification:_identify(src/lotti_control) by extensions ['colcon_pkg']
[0.376s] Level 1:colcon.colcon_core.package_identification:_identify(src/lotti_control) by extension 'colcon_pkg'
[0.376s] Level 1:colcon.colcon_core.package_identification:_identify(src/lotti_control) by extensions ['colcon_meta']
[0.376s] Level 1:colcon.colcon_core.package_identification:_identify(src/lotti_control) by extension 'colcon_meta'
[0.376s] Level 1:colcon.colcon_core.package_identification:_identify(src/lotti_control) by extensions ['ros']
[0.376s] Level 1:colcon.colcon_core.package_identification:_identify(src/lotti_control) by extension 'ros'
[0.378s] DEBUG:colcon.colcon_core.package_identification:Package 'src/lotti_control' with type 'ros.ament_cmake' and name 'lotti_control'
[0.378s] Level 1:colcon.colcon_core.package_identification:_identify(src/lotti_flipper_controller) by extensions ['ignore', 'ignore_ament_install']
[0.378s] Level 1:colcon.colcon_core.package_identification:_identify(src/lotti_flipper_controller) by extension 'ignore'
[0.378s] Level 1:colcon.colcon_core.package_identification:_identify(src/lotti_flipper_controller) by extension 'ignore_ament_install'
[0.378s] Level 1:colcon.colcon_core.package_identification:_identify(src/lotti_flipper_controller) by extensions ['colcon_pkg']
[0.378s] Level 1:colcon.colcon_core.package_identification:_identify(src/lotti_flipper_controller) by extension 'colcon_pkg'
[0.378s] Level 1:colcon.colcon_core.package_identification:_identify(src/lotti_flipper_controller) by extensions ['colcon_meta']
[0.378s] Level 1:colcon.colcon_core.package_identification:_identify(src/lotti_flipper_controller) by extension 'colcon_meta'
[0.378s] Level 1:colcon.colcon_core.package_identification:_identify(src/lotti_flipper_controller) by extensions ['ros']
[0.378s] Level 1:colcon.colcon_core.package_identification:_identify(src/lotti_flipper_controller) by extension 'ros'
[0.380s] DEBUG:colcon.colcon_core.package_identification:Package 'src/lotti_flipper_controller' with type 'ros.ament_cmake' and name 'lotti_flipper_controller'
[0.380s] Level 1:colcon.colcon_core.package_identification:_identify(src/lotti_teleop) by extensions ['ignore', 'ignore_ament_install']
[0.380s] Level 1:colcon.colcon_core.package_identification:_identify(src/lotti_teleop) by extension 'ignore'
[0.380s] Level 1:colcon.colcon_core.package_identification:_identify(src/lotti_teleop) by extension 'ignore_ament_install'
[0.380s] Level 1:colcon.colcon_core.package_identification:_identify(src/lotti_teleop) by extensions ['colcon_pkg']
[0.380s] Level 1:colcon.colcon_core.package_identification:_identify(src/lotti_teleop) by extension 'colcon_pkg'
[0.380s] Level 1:colcon.colcon_core.package_identification:_identify(src/lotti_teleop) by extensions ['colcon_meta']
[0.380s] Level 1:colcon.colcon_core.package_identification:_identify(src/lotti_teleop) by extension 'colcon_meta'
[0.380s] Level 1:colcon.colcon_core.package_identification:_identify(src/lotti_teleop) by extensions ['ros']
[0.380s] Level 1:colcon.colcon_core.package_identification:_identify(src/lotti_teleop) by extension 'ros'
[0.381s] DEBUG:colcon.colcon_core.package_identification:Package 'src/lotti_teleop' with type 'ros.ament_python' and name 'lotti_teleop'
[0.381s] Level 1:colcon.colcon_core.package_discovery:discover_packages(recursive) using defaults
[0.381s] Level 1:colcon.colcon_core.package_discovery:discover_packages(ignore) discover
[0.381s] Level 1:colcon.colcon_core.package_discovery:discover_packages(ignore) using defaults
[0.381s] Level 1:colcon.colcon_core.package_discovery:discover_packages(path) discover
[0.381s] Level 1:colcon.colcon_core.package_discovery:discover_packages(path) using defaults
[0.405s] Level 1:colcon.colcon_core.package_discovery:discover_packages(prefix_path) check parameters
[0.405s] Level 1:colcon.colcon_core.package_discovery:discover_packages(prefix_path) discover
[0.406s] WARNING:colcon.colcon_ros.prefix_path.ament:The path '/home/resqbots/control_ws/install/lotti_teleop' in the environment variable AMENT_PREFIX_PATH doesn't exist
[0.406s] WARNING:colcon.colcon_ros.prefix_path.ament:The path '/home/resqbots/control_ws/install/lotti_flipper_controller' in the environment variable AMENT_PREFIX_PATH doesn't exist
[0.406s] WARNING:colcon.colcon_ros.prefix_path.ament:The path '/home/resqbots/control_ws/install/lotti_control' in the environment variable AMENT_PREFIX_PATH doesn't exist
[0.406s] WARNING:colcon.colcon_ros.prefix_path.ament:The path '/home/resqbots/control_ws/install/lotti_arm_controller' in the environment variable AMENT_PREFIX_PATH doesn't exist
[0.407s] WARNING:colcon.colcon_ros.prefix_path.catkin:The path '/home/resqbots/control_ws/install/lotti_flipper_controller' in the environment variable CMAKE_PREFIX_PATH doesn't exist
[0.407s] WARNING:colcon.colcon_ros.prefix_path.catkin:The path '/home/resqbots/control_ws/install/lotti_control' in the environment variable CMAKE_PREFIX_PATH doesn't exist
[0.407s] WARNING:colcon.colcon_ros.prefix_path.catkin:The path '/home/resqbots/control_ws/install/lotti_arm_controller' in the environment variable CMAKE_PREFIX_PATH doesn't exist
[0.408s] DEBUG:colcon.colcon_installed_package_information.package_discovery:Found 0 installed packages in /home/resqbots/control_ws/install
[0.409s] DEBUG:colcon.colcon_installed_package_information.package_discovery:Found 20 installed packages in /home/resqbots/dev_ws/install
[0.409s] DEBUG:colcon.colcon_installed_package_information.package_discovery:Found 11 installed packages in /home/resqbots/ros2_ws/install
[0.412s] DEBUG:colcon.colcon_installed_package_information.package_discovery:Found 394 installed packages in /opt/ros/humble
[0.414s] Level 1:colcon.colcon_core.package_discovery:discover_packages(prefix_path) using defaults
[0.471s] Level 5:colcon.colcon_core.verb:set package 'lotti_arm_controller' build argument 'cmake_args' from command line to 'None'
[0.471s] Level 5:colcon.colcon_core.verb:set package 'lotti_arm_controller' build argument 'cmake_target' from command line to 'None'
[0.471s] Level 5:colcon.colcon_core.verb:set package 'lotti_arm_controller' build argument 'cmake_target_skip_unavailable' from command line to 'False'
[0.471s] Level 5:colcon.colcon_core.verb:set package 'lotti_arm_controller' build argument 'cmake_clean_cache' from command line to 'False'
[0.471s] Level 5:colcon.colcon_core.verb:set package 'lotti_arm_controller' build argument 'cmake_clean_first' from command line to 'False'
[0.471s] Level 5:colcon.colcon_core.verb:set package 'lotti_arm_controller' build argument 'cmake_force_configure' from command line to 'False'
[0.471s] Level 5:colcon.colcon_core.verb:set package 'lotti_arm_controller' build argument 'ament_cmake_args' from command line to 'None'
[0.471s] Level 5:colcon.colcon_core.verb:set package 'lotti_arm_controller' build argument 'catkin_cmake_args' from command line to 'None'
[0.471s] Level 5:colcon.colcon_core.verb:set package 'lotti_arm_controller' build argument 'catkin_skip_building_tests' from command line to 'False'
[0.471s] DEBUG:colcon.colcon_core.verb:Building package 'lotti_arm_controller' with the following arguments: {'ament_cmake_args': None, 'build_base': '/home/resqbots/control_ws/build/lotti_arm_controller', 'catkin_cmake_args': None, 'catkin_skip_building_tests': False, 'cmake_args': None, 'cmake_clean_cache': False, 'cmake_clean_first': False, 'cmake_force_configure': False, 'cmake_target': None, 'cmake_target_skip_unavailable': False, 'install_base': '/home/resqbots/control_ws/install/lotti_arm_controller', 'merge_install': False, 'path': '/home/resqbots/control_ws/src/lotti_arm_controller', 'symlink_install': False, 'test_result_base': None}
[0.471s] Level 5:colcon.colcon_core.verb:set package 'lotti_control' build argument 'cmake_args' from command line to 'None'
[0.471s] Level 5:colcon.colcon_core.verb:set package 'lotti_control' build argument 'cmake_target' from command line to 'None'
[0.472s] Level 5:colcon.colcon_core.verb:set package 'lotti_control' build argument 'cmake_target_skip_unavailable' from command line to 'False'
[0.472s] Level 5:colcon.colcon_core.verb:set package 'lotti_control' build argument 'cmake_clean_cache' from command line to 'False'
[0.472s] Level 5:colcon.colcon_core.verb:set package 'lotti_control' build argument 'cmake_clean_first' from command line to 'False'
[0.472s] Level 5:colcon.colcon_core.verb:set package 'lotti_control' build argument 'cmake_force_configure' from command line to 'False'
[0.472s] Level 5:colcon.colcon_core.verb:set package 'lotti_control' build argument 'ament_cmake_args' from command line to 'None'
[0.472s] Level 5:colcon.colcon_core.verb:set package 'lotti_control' build argument 'catkin_cmake_args' from command line to 'None'
[0.472s] Level 5:colcon.colcon_core.verb:set package 'lotti_control' build argument 'catkin_skip_building_tests' from command line to 'False'
[0.472s] DEBUG:colcon.colcon_core.verb:Building package 'lotti_control' with the following arguments: {'ament_cmake_args': None, 'build_base': '/home/resqbots/control_ws/build/lotti_control', 'catkin_cmake_args': None, 'catkin_skip_building_tests': False, 'cmake_args': None, 'cmake_clean_cache': False, 'cmake_clean_first': False, 'cmake_force_configure': False, 'cmake_target': None, 'cmake_target_skip_unavailable': False, 'install_base': '/home/resqbots/control_ws/install/lotti_control', 'merge_install': False, 'path': '/home/resqbots/control_ws/src/lotti_control', 'symlink_install': False, 'test_result_base': None}
[0.472s] Level 5:colcon.colcon_core.verb:set package 'lotti_flipper_controller' build argument 'cmake_args' from command line to 'None'
[0.472s] Level 5:colcon.colcon_core.verb:set package 'lotti_flipper_controller' build argument 'cmake_target' from command line to 'None'
[0.472s] Level 5:colcon.colcon_core.verb:set package 'lotti_flipper_controller' build argument 'cmake_target_skip_unavailable' from command line to 'False'
[0.472s] Level 5:colcon.colcon_core.verb:set package 'lotti_flipper_controller' build argument 'cmake_clean_cache' from command line to 'False'
[0.472s] Level 5:colcon.colcon_core.verb:set package 'lotti_flipper_controller' build argument 'cmake_clean_first' from command line to 'False'
[0.472s] Level 5:colcon.colcon_core.verb:set package 'lotti_flipper_controller' build argument 'cmake_force_configure' from command line to 'False'
[0.472s] Level 5:colcon.colcon_core.verb:set package 'lotti_flipper_controller' build argument 'ament_cmake_args' from command line to 'None'
[0.472s] Level 5:colcon.colcon_core.verb:set package 'lotti_flipper_controller' build argument 'catkin_cmake_args' from command line to 'None'
[0.472s] Level 5:colcon.colcon_core.verb:set package 'lotti_flipper_controller' build argument 'catkin_skip_building_tests' from command line to 'False'
[0.472s] DEBUG:colcon.colcon_core.verb:Building package 'lotti_flipper_controller' with the following arguments: {'ament_cmake_args': None, 'build_base': '/home/resqbots/control_ws/build/lotti_flipper_controller', 'catkin_cmake_args': None, 'catkin_skip_building_tests': False, 'cmake_args': None, 'cmake_clean_cache': False, 'cmake_clean_first': False, 'cmake_force_configure': False, 'cmake_target': None, 'cmake_target_skip_unavailable': False, 'install_base': '/home/resqbots/control_ws/install/lotti_flipper_controller', 'merge_install': False, 'path': '/home/resqbots/control_ws/src/lotti_flipper_controller', 'symlink_install': False, 'test_result_base': None}
[0.473s] Level 5:colcon.colcon_core.verb:set package 'lotti_teleop' build argument 'cmake_args' from command line to 'None'
[0.473s] Level 5:colcon.colcon_core.verb:set package 'lotti_teleop' build argument 'cmake_target' from command line to 'None'
[0.473s] Level 5:colcon.colcon_core.verb:set package 'lotti_teleop' build argument 'cmake_target_skip_unavailable' from command line to 'False'
[0.473s] Level 5:colcon.colcon_core.verb:set package 'lotti_teleop' build argument 'cmake_clean_cache' from command line to 'False'
[0.473s] Level 5:colcon.colcon_core.verb:set package 'lotti_teleop' build argument 'cmake_clean_first' from command line to 'False'
[0.473s] Level 5:colcon.colcon_core.verb:set package 'lotti_teleop' build argument 'cmake_force_configure' from command line to 'False'
[0.473s] Level 5:colcon.colcon_core.verb:set package 'lotti_teleop' build argument 'ament_cmake_args' from command line to 'None'
[0.473s] Level 5:colcon.colcon_core.verb:set package 'lotti_teleop' build argument 'catkin_cmake_args' from command line to 'None'
[0.473s] Level 5:colcon.colcon_core.verb:set package 'lotti_teleop' build argument 'catkin_skip_building_tests' from command line to 'False'
[0.473s] DEBUG:colcon.colcon_core.verb:Building package 'lotti_teleop' with the following arguments: {'ament_cmake_args': None, 'build_base': '/home/resqbots/control_ws/build/lotti_teleop', 'catkin_cmake_args': None, 'catkin_skip_building_tests': False, 'cmake_args': None, 'cmake_clean_cache': False, 'cmake_clean_first': False, 'cmake_force_configure': False, 'cmake_target': None, 'cmake_target_skip_unavailable': False, 'install_base': '/home/resqbots/control_ws/install/lotti_teleop', 'merge_install': False, 'path': '/home/resqbots/control_ws/src/lotti_teleop', 'symlink_install': False, 'test_result_base': None}
[0.473s] INFO:colcon.colcon_core.executor:Executing jobs using 'parallel' executor
[0.474s] DEBUG:colcon.colcon_parallel_executor.executor.parallel:run_until_complete
[0.474s] INFO:colcon.colcon_ros.task.ament_cmake.build:Building ROS package in '/home/resqbots/control_ws/src/lotti_arm_controller' with build type 'ament_cmake'
[0.474s] INFO:colcon.colcon_cmake.task.cmake.build:Building CMake package in '/home/resqbots/control_ws/src/lotti_arm_controller'
[0.477s] INFO:colcon.colcon_core.plugin_system:Skipping extension 'colcon_core.shell.bat': Not used on non-Windows systems
[0.477s] INFO:colcon.colcon_core.shell:Skip shell extension 'powershell' for command environment: Not usable outside of PowerShell
[0.477s] DEBUG:colcon.colcon_core.shell:Skip shell extension 'dsv' for command environment
[0.483s] INFO:colcon.colcon_ros.task.ament_cmake.build:Building ROS package in '/home/resqbots/control_ws/src/lotti_control' with build type 'ament_cmake'
[0.483s] INFO:colcon.colcon_cmake.task.cmake.build:Building CMake package in '/home/resqbots/control_ws/src/lotti_control'
[0.484s] INFO:colcon.colcon_core.shell:Skip shell extension 'powershell' for command environment: Not usable outside of PowerShell
[0.484s] DEBUG:colcon.colcon_core.shell:Skip shell extension 'dsv' for command environment
[0.491s] INFO:colcon.colcon_ros.task.ament_cmake.build:Building ROS package in '/home/resqbots/control_ws/src/lotti_flipper_controller' with build type 'ament_cmake'
[0.491s] INFO:colcon.colcon_cmake.task.cmake.build:Building CMake package in '/home/resqbots/control_ws/src/lotti_flipper_controller'
[0.491s] INFO:colcon.colcon_core.shell:Skip shell extension 'powershell' for command environment: Not usable outside of PowerShell
[0.491s] DEBUG:colcon.colcon_core.shell:Skip shell extension 'dsv' for command environment
[0.498s] INFO:colcon.colcon_ros.task.ament_python.build:Building ROS package in '/home/resqbots/control_ws/src/lotti_teleop' with build type 'ament_python'
[0.498s] Level 1:colcon.colcon_core.shell:create_environment_hook('lotti_teleop', 'ament_prefix_path')
[0.498s] INFO:colcon.colcon_core.shell:Creating environment hook '/home/resqbots/control_ws/install/lotti_teleop/share/lotti_teleop/hook/ament_prefix_path.ps1'
[0.499s] INFO:colcon.colcon_core.shell:Creating environment descriptor '/home/resqbots/control_ws/install/lotti_teleop/share/lotti_teleop/hook/ament_prefix_path.dsv'
[0.499s] INFO:colcon.colcon_core.shell:Creating environment hook '/home/resqbots/control_ws/install/lotti_teleop/share/lotti_teleop/hook/ament_prefix_path.sh'
[0.500s] INFO:colcon.colcon_core.shell:Skip shell extension 'powershell' for command environment: Not usable outside of PowerShell
[0.500s] DEBUG:colcon.colcon_core.shell:Skip shell extension 'dsv' for command environment
[0.510s] DEBUG:colcon.colcon_core.event_handler.log_command:Invoking command in '/home/resqbots/control_ws/build/lotti_arm_controller': CMAKE_PREFIX_PATH=${CMAKE_PREFIX_PATH}:/home/resqbots/control_ws/install/lotti_teleop:/home/resqbots/dev_ws/install/velocityListener:/home/resqbots/dev_ws/install/resqbot_flipper_interface:/home/resqbots/dev_ws/install/resqbot_drive_motor_controller:/home/resqbots/dev_ws/install/resqbot_drive_interface:/home/resqbots/dev_ws/install/resqbot_camera_arm:/home/resqbots/dev_ws/install/flipper_drive:/home/resqbots/dev_ws/install/chain_controller:/home/resqbots/dev_ws/install/camera_arm:/home/resqbots/dev_ws/install/botlaunch:/home/resqbots/dev_ws/install/bot_camera_arm:/home/resqbots/dev_ws/install/angle_publisher:/home/resqbots/ros2_ws/install/tele_op:/home/resqbots/ros2_ws/install/resqbot_flipper_interface:/home/resqbots/ros2_ws/install/resqbot_drive_interface:/home/resqbots/ros2_ws/install/camera_arm:/home/resqbots/ros2_ws/install/botlaunch:/home/resqbots/ros2_ws/install/bot_camera_arm:/opt/ros/humble /usr/bin/cmake /home/resqbots/control_ws/src/lotti_arm_controller -DCMAKE_INSTALL_PREFIX=/home/resqbots/control_ws/install/lotti_arm_controller
[0.515s] DEBUG:colcon.colcon_core.event_handler.log_command:Invoking command in '/home/resqbots/control_ws/build/lotti_control': CMAKE_PREFIX_PATH=${CMAKE_PREFIX_PATH}:/home/resqbots/control_ws/install/lotti_teleop:/home/resqbots/dev_ws/install/velocityListener:/home/resqbots/dev_ws/install/resqbot_flipper_interface:/home/resqbots/dev_ws/install/resqbot_drive_motor_controller:/home/resqbots/dev_ws/install/resqbot_drive_interface:/home/resqbots/dev_ws/install/resqbot_camera_arm:/home/resqbots/dev_ws/install/flipper_drive:/home/resqbots/dev_ws/install/chain_controller:/home/resqbots/dev_ws/install/camera_arm:/home/resqbots/dev_ws/install/botlaunch:/home/resqbots/dev_ws/install/bot_camera_arm:/home/resqbots/dev_ws/install/angle_publisher:/home/resqbots/ros2_ws/install/tele_op:/home/resqbots/ros2_ws/install/resqbot_flipper_interface:/home/resqbots/ros2_ws/install/resqbot_drive_interface:/home/resqbots/ros2_ws/install/camera_arm:/home/resqbots/ros2_ws/install/botlaunch:/home/resqbots/ros2_ws/install/bot_camera_arm:/opt/ros/humble /usr/bin/cmake /home/resqbots/control_ws/src/lotti_control -DCMAKE_INSTALL_PREFIX=/home/resqbots/control_ws/install/lotti_control
[0.518s] DEBUG:colcon.colcon_core.event_handler.log_command:Invoking command in '/home/resqbots/control_ws/build/lotti_flipper_controller': CMAKE_PREFIX_PATH=${CMAKE_PREFIX_PATH}:/home/resqbots/control_ws/install/lotti_teleop:/home/resqbots/dev_ws/install/velocityListener:/home/resqbots/dev_ws/install/resqbot_flipper_interface:/home/resqbots/dev_ws/install/resqbot_drive_motor_controller:/home/resqbots/dev_ws/install/resqbot_drive_interface:/home/resqbots/dev_ws/install/resqbot_camera_arm:/home/resqbots/dev_ws/install/flipper_drive:/home/resqbots/dev_ws/install/chain_controller:/home/resqbots/dev_ws/install/camera_arm:/home/resqbots/dev_ws/install/botlaunch:/home/resqbots/dev_ws/install/bot_camera_arm:/home/resqbots/dev_ws/install/angle_publisher:/home/resqbots/ros2_ws/install/tele_op:/home/resqbots/ros2_ws/install/resqbot_flipper_interface:/home/resqbots/ros2_ws/install/resqbot_drive_interface:/home/resqbots/ros2_ws/install/camera_arm:/home/resqbots/ros2_ws/install/botlaunch:/home/resqbots/ros2_ws/install/bot_camera_arm:/opt/ros/humble /usr/bin/cmake /home/resqbots/control_ws/src/lotti_flipper_controller -DCMAKE_INSTALL_PREFIX=/home/resqbots/control_ws/install/lotti_flipper_controller
[0.935s] INFO:colcon.colcon_core.task.python.build:Building Python package in '/home/resqbots/control_ws/src/lotti_teleop'
[0.936s] INFO:colcon.colcon_core.shell:Skip shell extension 'powershell' for command environment: Not usable outside of PowerShell
[0.936s] DEBUG:colcon.colcon_core.shell:Skip shell extension 'dsv' for command environment
[1.428s] DEBUG:colcon.colcon_core.event_handler.log_command:Invoking command in '/home/resqbots/control_ws/src/lotti_teleop': PYTHONPATH=/home/resqbots/control_ws/build/lotti_teleop/prefix_override:/usr/lib/python3/dist-packages/colcon_core/task/python/colcon_distutils_commands:/home/resqbots/control_ws/install/lotti_teleop/lib/python3.10/site-packages:${PYTHONPATH} /usr/bin/python3 -W ignore:setup.py install is deprecated -W ignore:easy_install command is deprecated setup.py egg_info --egg-base ../../build/lotti_teleop build --build-base /home/resqbots/control_ws/build/lotti_teleop/build install --record /home/resqbots/control_ws/build/lotti_teleop/install.log --single-version-externally-managed install_data
[1.818s] DEBUG:colcon.colcon_core.event_handler.log_command:Invoked command in '/home/resqbots/control_ws/src/lotti_teleop' returned '0': PYTHONPATH=/home/resqbots/control_ws/build/lotti_teleop/prefix_override:/usr/lib/python3/dist-packages/colcon_core/task/python/colcon_distutils_commands:/home/resqbots/control_ws/install/lotti_teleop/lib/python3.10/site-packages:${PYTHONPATH} /usr/bin/python3 -W ignore:setup.py install is deprecated -W ignore:easy_install command is deprecated setup.py egg_info --egg-base ../../build/lotti_teleop build --build-base /home/resqbots/control_ws/build/lotti_teleop/build install --record /home/resqbots/control_ws/build/lotti_teleop/install.log --single-version-externally-managed install_data
[1.822s] Level 1:colcon.colcon_core.environment:checking '/home/resqbots/control_ws/install/lotti_teleop' for CMake module files
[1.823s] Level 1:colcon.colcon_core.environment:checking '/home/resqbots/control_ws/install/lotti_teleop' for CMake config files
[1.824s] Level 1:colcon.colcon_core.environment:checking '/home/resqbots/control_ws/install/lotti_teleop/lib'
[1.824s] Level 1:colcon.colcon_core.environment:checking '/home/resqbots/control_ws/install/lotti_teleop/bin'
[1.825s] Level 1:colcon.colcon_core.environment:checking '/home/resqbots/control_ws/install/lotti_teleop/lib/pkgconfig/lotti_teleop.pc'
[1.825s] Level 1:colcon.colcon_core.environment:checking '/home/resqbots/control_ws/install/lotti_teleop/lib/python3.10/site-packages'
[1.825s] Level 1:colcon.colcon_core.shell:create_environment_hook('lotti_teleop', 'pythonpath')
[1.826s] INFO:colcon.colcon_core.shell:Creating environment hook '/home/resqbots/control_ws/install/lotti_teleop/share/lotti_teleop/hook/pythonpath.ps1'
[1.826s] INFO:colcon.colcon_core.shell:Creating environment descriptor '/home/resqbots/control_ws/install/lotti_teleop/share/lotti_teleop/hook/pythonpath.dsv'
[1.827s] INFO:colcon.colcon_core.shell:Creating environment hook '/home/resqbots/control_ws/install/lotti_teleop/share/lotti_teleop/hook/pythonpath.sh'
[1.828s] Level 1:colcon.colcon_core.environment:checking '/home/resqbots/control_ws/install/lotti_teleop/bin'
[1.828s] Level 1:colcon.colcon_core.environment:create_environment_scripts_only(lotti_teleop)
[1.829s] INFO:colcon.colcon_core.shell:Creating package script '/home/resqbots/control_ws/install/lotti_teleop/share/lotti_teleop/package.ps1'
[1.831s] INFO:colcon.colcon_core.shell:Creating package descriptor '/home/resqbots/control_ws/install/lotti_teleop/share/lotti_teleop/package.dsv'
[1.832s] INFO:colcon.colcon_core.shell:Creating package script '/home/resqbots/control_ws/install/lotti_teleop/share/lotti_teleop/package.sh'
[1.833s] INFO:colcon.colcon_core.shell:Creating package script '/home/resqbots/control_ws/install/lotti_teleop/share/lotti_teleop/package.bash'
[1.835s] INFO:colcon.colcon_core.shell:Creating package script '/home/resqbots/control_ws/install/lotti_teleop/share/lotti_teleop/package.zsh'
[1.836s] Level 1:colcon.colcon_core.environment:create_file_with_runtime_dependencies(/home/resqbots/control_ws/install/lotti_teleop/share/colcon-core/packages/lotti_teleop)
[2.615s] DEBUG:colcon.colcon_core.event_handler.log_command:Invoked command in '/home/resqbots/control_ws/build/lotti_arm_controller' returned '0': CMAKE_PREFIX_PATH=${CMAKE_PREFIX_PATH}:/home/resqbots/control_ws/install/lotti_teleop:/home/resqbots/dev_ws/install/velocityListener:/home/resqbots/dev_ws/install/resqbot_flipper_interface:/home/resqbots/dev_ws/install/resqbot_drive_motor_controller:/home/resqbots/dev_ws/install/resqbot_drive_interface:/home/resqbots/dev_ws/install/resqbot_camera_arm:/home/resqbots/dev_ws/install/flipper_drive:/home/resqbots/dev_ws/install/chain_controller:/home/resqbots/dev_ws/install/camera_arm:/home/resqbots/dev_ws/install/botlaunch:/home/resqbots/dev_ws/install/bot_camera_arm:/home/resqbots/dev_ws/install/angle_publisher:/home/resqbots/ros2_ws/install/tele_op:/home/resqbots/ros2_ws/install/resqbot_flipper_interface:/home/resqbots/ros2_ws/install/resqbot_drive_interface:/home/resqbots/ros2_ws/install/camera_arm:/home/resqbots/ros2_ws/install/botlaunch:/home/resqbots/ros2_ws/install/bot_camera_arm:/opt/ros/humble /usr/bin/cmake /home/resqbots/control_ws/src/lotti_arm_controller -DCMAKE_INSTALL_PREFIX=/home/resqbots/control_ws/install/lotti_arm_controller
[2.617s] DEBUG:colcon.colcon_core.event_handler.log_command:Invoking command in '/home/resqbots/control_ws/build/lotti_arm_controller': CMAKE_PREFIX_PATH=${CMAKE_PREFIX_PATH}:/home/resqbots/control_ws/install/lotti_teleop:/home/resqbots/dev_ws/install/velocityListener:/home/resqbots/dev_ws/install/resqbot_flipper_interface:/home/resqbots/dev_ws/install/resqbot_drive_motor_controller:/home/resqbots/dev_ws/install/resqbot_drive_interface:/home/resqbots/dev_ws/install/resqbot_camera_arm:/home/resqbots/dev_ws/install/flipper_drive:/home/resqbots/dev_ws/install/chain_controller:/home/resqbots/dev_ws/install/camera_arm:/home/resqbots/dev_ws/install/botlaunch:/home/resqbots/dev_ws/install/bot_camera_arm:/home/resqbots/dev_ws/install/angle_publisher:/home/resqbots/ros2_ws/install/tele_op:/home/resqbots/ros2_ws/install/resqbot_flipper_interface:/home/resqbots/ros2_ws/install/resqbot_drive_interface:/home/resqbots/ros2_ws/install/camera_arm:/home/resqbots/ros2_ws/install/botlaunch:/home/resqbots/ros2_ws/install/bot_camera_arm:/opt/ros/humble /usr/bin/cmake --build /home/resqbots/control_ws/build/lotti_arm_controller -- -j8 -l8
[2.665s] DEBUG:colcon.colcon_core.event_handler.log_command:Invoked command in '/home/resqbots/control_ws/build/lotti_arm_controller' returned '0': CMAKE_PREFIX_PATH=${CMAKE_PREFIX_PATH}:/home/resqbots/control_ws/install/lotti_teleop:/home/resqbots/dev_ws/install/velocityListener:/home/resqbots/dev_ws/install/resqbot_flipper_interface:/home/resqbots/dev_ws/install/resqbot_drive_motor_controller:/home/resqbots/dev_ws/install/resqbot_drive_interface:/home/resqbots/dev_ws/install/resqbot_camera_arm:/home/resqbots/dev_ws/install/flipper_drive:/home/resqbots/dev_ws/install/chain_controller:/home/resqbots/dev_ws/install/camera_arm:/home/resqbots/dev_ws/install/botlaunch:/home/resqbots/dev_ws/install/bot_camera_arm:/home/resqbots/dev_ws/install/angle_publisher:/home/resqbots/ros2_ws/install/tele_op:/home/resqbots/ros2_ws/install/resqbot_flipper_interface:/home/resqbots/ros2_ws/install/resqbot_drive_interface:/home/resqbots/ros2_ws/install/camera_arm:/home/resqbots/ros2_ws/install/botlaunch:/home/resqbots/ros2_ws/install/bot_camera_arm:/opt/ros/humble /usr/bin/cmake --build /home/resqbots/control_ws/build/lotti_arm_controller -- -j8 -l8
[2.677s] DEBUG:colcon.colcon_core.event_handler.log_command:Invoking command in '/home/resqbots/control_ws/build/lotti_arm_controller': CMAKE_PREFIX_PATH=${CMAKE_PREFIX_PATH}:/home/resqbots/control_ws/install/lotti_teleop:/home/resqbots/dev_ws/install/velocityListener:/home/resqbots/dev_ws/install/resqbot_flipper_interface:/home/resqbots/dev_ws/install/resqbot_drive_motor_controller:/home/resqbots/dev_ws/install/resqbot_drive_interface:/home/resqbots/dev_ws/install/resqbot_camera_arm:/home/resqbots/dev_ws/install/flipper_drive:/home/resqbots/dev_ws/install/chain_controller:/home/resqbots/dev_ws/install/camera_arm:/home/resqbots/dev_ws/install/botlaunch:/home/resqbots/dev_ws/install/bot_camera_arm:/home/resqbots/dev_ws/install/angle_publisher:/home/resqbots/ros2_ws/install/tele_op:/home/resqbots/ros2_ws/install/resqbot_flipper_interface:/home/resqbots/ros2_ws/install/resqbot_drive_interface:/home/resqbots/ros2_ws/install/camera_arm:/home/resqbots/ros2_ws/install/botlaunch:/home/resqbots/ros2_ws/install/bot_camera_arm:/opt/ros/humble /usr/bin/cmake --install /home/resqbots/control_ws/build/lotti_arm_controller
[2.690s] Level 1:colcon.colcon_core.environment:create_environment_scripts_only(lotti_arm_controller)
[2.691s] Level 1:colcon.colcon_core.environment:checking '/home/resqbots/control_ws/install/lotti_arm_controller' for CMake module files
[2.692s] DEBUG:colcon.colcon_core.event_handler.log_command:Invoked command in '/home/resqbots/control_ws/build/lotti_arm_controller' returned '0': CMAKE_PREFIX_PATH=${CMAKE_PREFIX_PATH}:/home/resqbots/control_ws/install/lotti_teleop:/home/resqbots/dev_ws/install/velocityListener:/home/resqbots/dev_ws/install/resqbot_flipper_interface:/home/resqbots/dev_ws/install/resqbot_drive_motor_controller:/home/resqbots/dev_ws/install/resqbot_drive_interface:/home/resqbots/dev_ws/install/resqbot_camera_arm:/home/resqbots/dev_ws/install/flipper_drive:/home/resqbots/dev_ws/install/chain_controller:/home/resqbots/dev_ws/install/camera_arm:/home/resqbots/dev_ws/install/botlaunch:/home/resqbots/dev_ws/install/bot_camera_arm:/home/resqbots/dev_ws/install/angle_publisher:/home/resqbots/ros2_ws/install/tele_op:/home/resqbots/ros2_ws/install/resqbot_flipper_interface:/home/resqbots/ros2_ws/install/resqbot_drive_interface:/home/resqbots/ros2_ws/install/camera_arm:/home/resqbots/ros2_ws/install/botlaunch:/home/resqbots/ros2_ws/install/bot_camera_arm:/opt/ros/humble /usr/bin/cmake --install /home/resqbots/control_ws/build/lotti_arm_controller
[2.692s] Level 1:colcon.colcon_core.environment:checking '/home/resqbots/control_ws/install/lotti_arm_controller' for CMake config files
[2.693s] Level 1:colcon.colcon_core.shell:create_environment_hook('lotti_arm_controller', 'cmake_prefix_path')
[2.693s] INFO:colcon.colcon_core.shell:Creating environment hook '/home/resqbots/control_ws/install/lotti_arm_controller/share/lotti_arm_controller/hook/cmake_prefix_path.ps1'
[2.694s] INFO:colcon.colcon_core.shell:Creating environment descriptor '/home/resqbots/control_ws/install/lotti_arm_controller/share/lotti_arm_controller/hook/cmake_prefix_path.dsv'
[2.694s] INFO:colcon.colcon_core.shell:Creating environment hook '/home/resqbots/control_ws/install/lotti_arm_controller/share/lotti_arm_controller/hook/cmake_prefix_path.sh'
[2.695s] Level 1:colcon.colcon_core.environment:checking '/home/resqbots/control_ws/install/lotti_arm_controller/bin'
[2.695s] Level 1:colcon.colcon_core.environment:checking '/home/resqbots/control_ws/install/lotti_arm_controller/lib/pkgconfig/lotti_arm_controller.pc'
[2.696s] Level 1:colcon.colcon_core.environment:checking '/home/resqbots/control_ws/install/lotti_arm_controller/lib/python3.10/site-packages'
[2.696s] Level 1:colcon.colcon_core.environment:checking '/home/resqbots/control_ws/install/lotti_arm_controller/bin'
[2.697s] INFO:colcon.colcon_core.shell:Creating package script '/home/resqbots/control_ws/install/lotti_arm_controller/share/lotti_arm_controller/package.ps1'
[2.698s] INFO:colcon.colcon_core.shell:Creating package descriptor '/home/resqbots/control_ws/install/lotti_arm_controller/share/lotti_arm_controller/package.dsv'
[2.699s] INFO:colcon.colcon_core.shell:Creating package script '/home/resqbots/control_ws/install/lotti_arm_controller/share/lotti_arm_controller/package.sh'
[2.699s] INFO:colcon.colcon_core.shell:Creating package script '/home/resqbots/control_ws/install/lotti_arm_controller/share/lotti_arm_controller/package.bash'
[2.700s] INFO:colcon.colcon_core.shell:Creating package script '/home/resqbots/control_ws/install/lotti_arm_controller/share/lotti_arm_controller/package.zsh'
[2.701s] Level 1:colcon.colcon_core.environment:create_file_with_runtime_dependencies(/home/resqbots/control_ws/install/lotti_arm_controller/share/colcon-core/packages/lotti_arm_controller)
[2.702s] Level 1:colcon.colcon_core.environment:create_environment_scripts_only(lotti_arm_controller)
[2.703s] Level 1:colcon.colcon_core.environment:checking '/home/resqbots/control_ws/install/lotti_arm_controller' for CMake module files
[2.704s] Level 1:colcon.colcon_core.environment:checking '/home/resqbots/control_ws/install/lotti_arm_controller' for CMake config files
[2.705s] Level 1:colcon.colcon_core.shell:create_environment_hook('lotti_arm_controller', 'cmake_prefix_path')
[2.705s] INFO:colcon.colcon_core.shell:Creating environment hook '/home/resqbots/control_ws/install/lotti_arm_controller/share/lotti_arm_controller/hook/cmake_prefix_path.ps1'
[2.706s] INFO:colcon.colcon_core.shell:Creating environment descriptor '/home/resqbots/control_ws/install/lotti_arm_controller/share/lotti_arm_controller/hook/cmake_prefix_path.dsv'
[2.707s] INFO:colcon.colcon_core.shell:Creating environment hook '/home/resqbots/control_ws/install/lotti_arm_controller/share/lotti_arm_controller/hook/cmake_prefix_path.sh'
[2.709s] Level 1:colcon.colcon_core.environment:checking '/home/resqbots/control_ws/install/lotti_arm_controller/bin'
[2.709s] Level 1:colcon.colcon_core.environment:checking '/home/resqbots/control_ws/install/lotti_arm_controller/lib/pkgconfig/lotti_arm_controller.pc'
[2.709s] Level 1:colcon.colcon_core.environment:checking '/home/resqbots/control_ws/install/lotti_arm_controller/lib/python3.10/site-packages'
[2.710s] Level 1:colcon.colcon_core.environment:checking '/home/resqbots/control_ws/install/lotti_arm_controller/bin'
[2.711s] INFO:colcon.colcon_core.shell:Creating package script '/home/resqbots/control_ws/install/lotti_arm_controller/share/lotti_arm_controller/package.ps1'
[2.712s] INFO:colcon.colcon_core.shell:Creating package descriptor '/home/resqbots/control_ws/install/lotti_arm_controller/share/lotti_arm_controller/package.dsv'
[2.713s] INFO:colcon.colcon_core.shell:Creating package script '/home/resqbots/control_ws/install/lotti_arm_controller/share/lotti_arm_controller/package.sh'
[2.714s] INFO:colcon.colcon_core.shell:Creating package script '/home/resqbots/control_ws/install/lotti_arm_controller/share/lotti_arm_controller/package.bash'
[2.715s] INFO:colcon.colcon_core.shell:Creating package script '/home/resqbots/control_ws/install/lotti_arm_controller/share/lotti_arm_controller/package.zsh'
[2.716s] Level 1:colcon.colcon_core.environment:create_file_with_runtime_dependencies(/home/resqbots/control_ws/install/lotti_arm_controller/share/colcon-core/packages/lotti_arm_controller)
[2.745s] DEBUG:colcon.colcon_core.event_handler.log_command:Invoked command in '/home/resqbots/control_ws/build/lotti_flipper_controller' returned '0': CMAKE_PREFIX_PATH=${CMAKE_PREFIX_PATH}:/home/resqbots/control_ws/install/lotti_teleop:/home/resqbots/dev_ws/install/velocityListener:/home/resqbots/dev_ws/install/resqbot_flipper_interface:/home/resqbots/dev_ws/install/resqbot_drive_motor_controller:/home/resqbots/dev_ws/install/resqbot_drive_interface:/home/resqbots/dev_ws/install/resqbot_camera_arm:/home/resqbots/dev_ws/install/flipper_drive:/home/resqbots/dev_ws/install/chain_controller:/home/resqbots/dev_ws/install/camera_arm:/home/resqbots/dev_ws/install/botlaunch:/home/resqbots/dev_ws/install/bot_camera_arm:/home/resqbots/dev_ws/install/angle_publisher:/home/resqbots/ros2_ws/install/tele_op:/home/resqbots/ros2_ws/install/resqbot_flipper_interface:/home/resqbots/ros2_ws/install/resqbot_drive_interface:/home/resqbots/ros2_ws/install/camera_arm:/home/resqbots/ros2_ws/install/botlaunch:/home/resqbots/ros2_ws/install/bot_camera_arm:/opt/ros/humble /usr/bin/cmake /home/resqbots/control_ws/src/lotti_flipper_controller -DCMAKE_INSTALL_PREFIX=/home/resqbots/control_ws/install/lotti_flipper_controller
[2.747s] DEBUG:colcon.colcon_core.event_handler.log_command:Invoking command in '/home/resqbots/control_ws/build/lotti_flipper_controller': CMAKE_PREFIX_PATH=${CMAKE_PREFIX_PATH}:/home/resqbots/control_ws/install/lotti_teleop:/home/resqbots/dev_ws/install/velocityListener:/home/resqbots/dev_ws/install/resqbot_flipper_interface:/home/resqbots/dev_ws/install/resqbot_drive_motor_controller:/home/resqbots/dev_ws/install/resqbot_drive_interface:/home/resqbots/dev_ws/install/resqbot_camera_arm:/home/resqbots/dev_ws/install/flipper_drive:/home/resqbots/dev_ws/install/chain_controller:/home/resqbots/dev_ws/install/camera_arm:/home/resqbots/dev_ws/install/botlaunch:/home/resqbots/dev_ws/install/bot_camera_arm:/home/resqbots/dev_ws/install/angle_publisher:/home/resqbots/ros2_ws/install/tele_op:/home/resqbots/ros2_ws/install/resqbot_flipper_interface:/home/resqbots/ros2_ws/install/resqbot_drive_interface:/home/resqbots/ros2_ws/install/camera_arm:/home/resqbots/ros2_ws/install/botlaunch:/home/resqbots/ros2_ws/install/bot_camera_arm:/opt/ros/humble /usr/bin/cmake --build /home/resqbots/control_ws/build/lotti_flipper_controller -- -j8 -l8
[3.655s] DEBUG:colcon.colcon_core.event_handler.log_command:Invoked command in '/home/resqbots/control_ws/build/lotti_control' returned '0': CMAKE_PREFIX_PATH=${CMAKE_PREFIX_PATH}:/home/resqbots/control_ws/install/lotti_teleop:/home/resqbots/dev_ws/install/velocityListener:/home/resqbots/dev_ws/install/resqbot_flipper_interface:/home/resqbots/dev_ws/install/resqbot_drive_motor_controller:/home/resqbots/dev_ws/install/resqbot_drive_interface:/home/resqbots/dev_ws/install/resqbot_camera_arm:/home/resqbots/dev_ws/install/flipper_drive:/home/resqbots/dev_ws/install/chain_controller:/home/resqbots/dev_ws/install/camera_arm:/home/resqbots/dev_ws/install/botlaunch:/home/resqbots/dev_ws/install/bot_camera_arm:/home/resqbots/dev_ws/install/angle_publisher:/home/resqbots/ros2_ws/install/tele_op:/home/resqbots/ros2_ws/install/resqbot_flipper_interface:/home/resqbots/ros2_ws/install/resqbot_drive_interface:/home/resqbots/ros2_ws/install/camera_arm:/home/resqbots/ros2_ws/install/botlaunch:/home/resqbots/ros2_ws/install/bot_camera_arm:/opt/ros/humble /usr/bin/cmake /home/resqbots/control_ws/src/lotti_control -DCMAKE_INSTALL_PREFIX=/home/resqbots/control_ws/install/lotti_control
[3.656s] DEBUG:colcon.colcon_core.event_handler.log_command:Invoking command in '/home/resqbots/control_ws/build/lotti_control': CMAKE_PREFIX_PATH=${CMAKE_PREFIX_PATH}:/home/resqbots/control_ws/install/lotti_teleop:/home/resqbots/dev_ws/install/velocityListener:/home/resqbots/dev_ws/install/resqbot_flipper_interface:/home/resqbots/dev_ws/install/resqbot_drive_motor_controller:/home/resqbots/dev_ws/install/resqbot_drive_interface:/home/resqbots/dev_ws/install/resqbot_camera_arm:/home/resqbots/dev_ws/install/flipper_drive:/home/resqbots/dev_ws/install/chain_controller:/home/resqbots/dev_ws/install/camera_arm:/home/resqbots/dev_ws/install/botlaunch:/home/resqbots/dev_ws/install/bot_camera_arm:/home/resqbots/dev_ws/install/angle_publisher:/home/resqbots/ros2_ws/install/tele_op:/home/resqbots/ros2_ws/install/resqbot_flipper_interface:/home/resqbots/ros2_ws/install/resqbot_drive_interface:/home/resqbots/ros2_ws/install/camera_arm:/home/resqbots/ros2_ws/install/botlaunch:/home/resqbots/ros2_ws/install/bot_camera_arm:/opt/ros/humble /usr/bin/cmake --build /home/resqbots/control_ws/build/lotti_control -- -j8 -l8
[8.141s] DEBUG:colcon.colcon_core.event_handler.log_command:Invoked command in '/home/resqbots/control_ws/build/lotti_control' returned '0': CMAKE_PREFIX_PATH=${CMAKE_PREFIX_PATH}:/home/resqbots/control_ws/install/lotti_teleop:/home/resqbots/dev_ws/install/velocityListener:/home/resqbots/dev_ws/install/resqbot_flipper_interface:/home/resqbots/dev_ws/install/resqbot_drive_motor_controller:/home/resqbots/dev_ws/install/resqbot_drive_interface:/home/resqbots/dev_ws/install/resqbot_camera_arm:/home/resqbots/dev_ws/install/flipper_drive:/home/resqbots/dev_ws/install/chain_controller:/home/resqbots/dev_ws/install/camera_arm:/home/resqbots/dev_ws/install/botlaunch:/home/resqbots/dev_ws/install/bot_camera_arm:/home/resqbots/dev_ws/install/angle_publisher:/home/resqbots/ros2_ws/install/tele_op:/home/resqbots/ros2_ws/install/resqbot_flipper_interface:/home/resqbots/ros2_ws/install/resqbot_drive_interface:/home/resqbots/ros2_ws/install/camera_arm:/home/resqbots/ros2_ws/install/botlaunch:/home/resqbots/ros2_ws/install/bot_camera_arm:/opt/ros/humble /usr/bin/cmake --build /home/resqbots/control_ws/build/lotti_control -- -j8 -l8
[8.144s] DEBUG:colcon.colcon_core.event_handler.log_command:Invoking command in '/home/resqbots/control_ws/build/lotti_control': CMAKE_PREFIX_PATH=${CMAKE_PREFIX_PATH}:/home/resqbots/control_ws/install/lotti_teleop:/home/resqbots/dev_ws/install/velocityListener:/home/resqbots/dev_ws/install/resqbot_flipper_interface:/home/resqbots/dev_ws/install/resqbot_drive_motor_controller:/home/resqbots/dev_ws/install/resqbot_drive_interface:/home/resqbots/dev_ws/install/resqbot_camera_arm:/home/resqbots/dev_ws/install/flipper_drive:/home/resqbots/dev_ws/install/chain_controller:/home/resqbots/dev_ws/install/camera_arm:/home/resqbots/dev_ws/install/botlaunch:/home/resqbots/dev_ws/install/bot_camera_arm:/home/resqbots/dev_ws/install/angle_publisher:/home/resqbots/ros2_ws/install/tele_op:/home/resqbots/ros2_ws/install/resqbot_flipper_interface:/home/resqbots/ros2_ws/install/resqbot_drive_interface:/home/resqbots/ros2_ws/install/camera_arm:/home/resqbots/ros2_ws/install/botlaunch:/home/resqbots/ros2_ws/install/bot_camera_arm:/opt/ros/humble /usr/bin/cmake --install /home/resqbots/control_ws/build/lotti_control
[8.163s] Level 1:colcon.colcon_core.environment:create_environment_scripts_only(lotti_control)
[8.164s] Level 1:colcon.colcon_core.environment:checking '/home/resqbots/control_ws/install/lotti_control' for CMake module files
[8.164s] DEBUG:colcon.colcon_core.event_handler.log_command:Invoked command in '/home/resqbots/control_ws/build/lotti_control' returned '0': CMAKE_PREFIX_PATH=${CMAKE_PREFIX_PATH}:/home/resqbots/control_ws/install/lotti_teleop:/home/resqbots/dev_ws/install/velocityListener:/home/resqbots/dev_ws/install/resqbot_flipper_interface:/home/resqbots/dev_ws/install/resqbot_drive_motor_controller:/home/resqbots/dev_ws/install/resqbot_drive_interface:/home/resqbots/dev_ws/install/resqbot_camera_arm:/home/resqbots/dev_ws/install/flipper_drive:/home/resqbots/dev_ws/install/chain_controller:/home/resqbots/dev_ws/install/camera_arm:/home/resqbots/dev_ws/install/botlaunch:/home/resqbots/dev_ws/install/bot_camera_arm:/home/resqbots/dev_ws/install/angle_publisher:/home/resqbots/ros2_ws/install/tele_op:/home/resqbots/ros2_ws/install/resqbot_flipper_interface:/home/resqbots/ros2_ws/install/resqbot_drive_interface:/home/resqbots/ros2_ws/install/camera_arm:/home/resqbots/ros2_ws/install/botlaunch:/home/resqbots/ros2_ws/install/bot_camera_arm:/opt/ros/humble /usr/bin/cmake --install /home/resqbots/control_ws/build/lotti_control
[8.165s] Level 1:colcon.colcon_core.environment:checking '/home/resqbots/control_ws/install/lotti_control' for CMake config files
[8.165s] Level 1:colcon.colcon_core.shell:create_environment_hook('lotti_control', 'cmake_prefix_path')
[8.165s] INFO:colcon.colcon_core.shell:Creating environment hook '/home/resqbots/control_ws/install/lotti_control/share/lotti_control/hook/cmake_prefix_path.ps1'
[8.166s] INFO:colcon.colcon_core.shell:Creating environment descriptor '/home/resqbots/control_ws/install/lotti_control/share/lotti_control/hook/cmake_prefix_path.dsv'
[8.166s] INFO:colcon.colcon_core.shell:Creating environment hook '/home/resqbots/control_ws/install/lotti_control/share/lotti_control/hook/cmake_prefix_path.sh'
[8.167s] Level 1:colcon.colcon_core.environment:checking '/home/resqbots/control_ws/install/lotti_control/lib'
[8.167s] Level 1:colcon.colcon_core.shell:create_environment_hook('lotti_control', 'ld_library_path_lib')
[8.167s] INFO:colcon.colcon_core.shell:Creating environment hook '/home/resqbots/control_ws/install/lotti_control/share/lotti_control/hook/ld_library_path_lib.ps1'
[8.167s] INFO:colcon.colcon_core.shell:Creating environment descriptor '/home/resqbots/control_ws/install/lotti_control/share/lotti_control/hook/ld_library_path_lib.dsv'
[8.168s] INFO:colcon.colcon_core.shell:Creating environment hook '/home/resqbots/control_ws/install/lotti_control/share/lotti_control/hook/ld_library_path_lib.sh'
[8.168s] Level 1:colcon.colcon_core.environment:checking '/home/resqbots/control_ws/install/lotti_control/bin'
[8.168s] Level 1:colcon.colcon_core.environment:checking '/home/resqbots/control_ws/install/lotti_control/lib/pkgconfig/lotti_control.pc'
[8.168s] Level 1:colcon.colcon_core.environment:checking '/home/resqbots/control_ws/install/lotti_control/lib/python3.10/site-packages'
[8.169s] Level 1:colcon.colcon_core.environment:checking '/home/resqbots/control_ws/install/lotti_control/bin'
[8.169s] INFO:colcon.colcon_core.shell:Creating package script '/home/resqbots/control_ws/install/lotti_control/share/lotti_control/package.ps1'
[8.169s] INFO:colcon.colcon_core.shell:Creating package descriptor '/home/resqbots/control_ws/install/lotti_control/share/lotti_control/package.dsv'
[8.170s] INFO:colcon.colcon_core.shell:Creating package script '/home/resqbots/control_ws/install/lotti_control/share/lotti_control/package.sh'
[8.170s] INFO:colcon.colcon_core.shell:Creating package script '/home/resqbots/control_ws/install/lotti_control/share/lotti_control/package.bash'
[8.171s] INFO:colcon.colcon_core.shell:Creating package script '/home/resqbots/control_ws/install/lotti_control/share/lotti_control/package.zsh'
[8.171s] Level 1:colcon.colcon_core.environment:create_file_with_runtime_dependencies(/home/resqbots/control_ws/install/lotti_control/share/colcon-core/packages/lotti_control)
[8.172s] Level 1:colcon.colcon_core.environment:create_environment_scripts_only(lotti_control)
[8.172s] Level 1:colcon.colcon_core.environment:checking '/home/resqbots/control_ws/install/lotti_control' for CMake module files
[8.172s] Level 1:colcon.colcon_core.environment:checking '/home/resqbots/control_ws/install/lotti_control' for CMake config files
[8.173s] Level 1:colcon.colcon_core.shell:create_environment_hook('lotti_control', 'cmake_prefix_path')
[8.173s] INFO:colcon.colcon_core.shell:Creating environment hook '/home/resqbots/control_ws/install/lotti_control/share/lotti_control/hook/cmake_prefix_path.ps1'
[8.173s] INFO:colcon.colcon_core.shell:Creating environment descriptor '/home/resqbots/control_ws/install/lotti_control/share/lotti_control/hook/cmake_prefix_path.dsv'
[8.174s] INFO:colcon.colcon_core.shell:Creating environment hook '/home/resqbots/control_ws/install/lotti_control/share/lotti_control/hook/cmake_prefix_path.sh'
[8.174s] Level 1:colcon.colcon_core.environment:checking '/home/resqbots/control_ws/install/lotti_control/lib'
[8.174s] Level 1:colcon.colcon_core.shell:create_environment_hook('lotti_control', 'ld_library_path_lib')
[8.174s] INFO:colcon.colcon_core.shell:Creating environment hook '/home/resqbots/control_ws/install/lotti_control/share/lotti_control/hook/ld_library_path_lib.ps1'
[8.175s] INFO:colcon.colcon_core.shell:Creating environment descriptor '/home/resqbots/control_ws/install/lotti_control/share/lotti_control/hook/ld_library_path_lib.dsv'
[8.175s] INFO:colcon.colcon_core.shell:Creating environment hook '/home/resqbots/control_ws/install/lotti_control/share/lotti_control/hook/ld_library_path_lib.sh'
[8.176s] Level 1:colcon.colcon_core.environment:checking '/home/resqbots/control_ws/install/lotti_control/bin'
[8.176s] Level 1:colcon.colcon_core.environment:checking '/home/resqbots/control_ws/install/lotti_control/lib/pkgconfig/lotti_control.pc'
[8.176s] Level 1:colcon.colcon_core.environment:checking '/home/resqbots/control_ws/install/lotti_control/lib/python3.10/site-packages'
[8.176s] Level 1:colcon.colcon_core.environment:checking '/home/resqbots/control_ws/install/lotti_control/bin'
[8.177s] INFO:colcon.colcon_core.shell:Creating package script '/home/resqbots/control_ws/install/lotti_control/share/lotti_control/package.ps1'
[8.177s] INFO:colcon.colcon_core.shell:Creating package descriptor '/home/resqbots/control_ws/install/lotti_control/share/lotti_control/package.dsv'
[8.178s] INFO:colcon.colcon_core.shell:Creating package script '/home/resqbots/control_ws/install/lotti_control/share/lotti_control/package.sh'
[8.178s] INFO:colcon.colcon_core.shell:Creating package script '/home/resqbots/control_ws/install/lotti_control/share/lotti_control/package.bash'
[8.179s] INFO:colcon.colcon_core.shell:Creating package script '/home/resqbots/control_ws/install/lotti_control/share/lotti_control/package.zsh'
[8.179s] Level 1:colcon.colcon_core.environment:create_file_with_runtime_dependencies(/home/resqbots/control_ws/install/lotti_control/share/colcon-core/packages/lotti_control)
[13.033s] DEBUG:colcon.colcon_core.event_handler.log_command:Invoked command in '/home/resqbots/control_ws/build/lotti_flipper_controller' returned '0': CMAKE_PREFIX_PATH=${CMAKE_PREFIX_PATH}:/home/resqbots/control_ws/install/lotti_teleop:/home/resqbots/dev_ws/install/velocityListener:/home/resqbots/dev_ws/install/resqbot_flipper_interface:/home/resqbots/dev_ws/install/resqbot_drive_motor_controller:/home/resqbots/dev_ws/install/resqbot_drive_interface:/home/resqbots/dev_ws/install/resqbot_camera_arm:/home/resqbots/dev_ws/install/flipper_drive:/home/resqbots/dev_ws/install/chain_controller:/home/resqbots/dev_ws/install/camera_arm:/home/resqbots/dev_ws/install/botlaunch:/home/resqbots/dev_ws/install/bot_camera_arm:/home/resqbots/dev_ws/install/angle_publisher:/home/resqbots/ros2_ws/install/tele_op:/home/resqbots/ros2_ws/install/resqbot_flipper_interface:/home/resqbots/ros2_ws/install/resqbot_drive_interface:/home/resqbots/ros2_ws/install/camera_arm:/home/resqbots/ros2_ws/install/botlaunch:/home/resqbots/ros2_ws/install/bot_camera_arm:/opt/ros/humble /usr/bin/cmake --build /home/resqbots/control_ws/build/lotti_flipper_controller -- -j8 -l8
[13.034s] DEBUG:colcon.colcon_core.event_handler.log_command:Invoking command in '/home/resqbots/control_ws/build/lotti_flipper_controller': CMAKE_PREFIX_PATH=${CMAKE_PREFIX_PATH}:/home/resqbots/control_ws/install/lotti_teleop:/home/resqbots/dev_ws/install/velocityListener:/home/resqbots/dev_ws/install/resqbot_flipper_interface:/home/resqbots/dev_ws/install/resqbot_drive_motor_controller:/home/resqbots/dev_ws/install/resqbot_drive_interface:/home/resqbots/dev_ws/install/resqbot_camera_arm:/home/resqbots/dev_ws/install/flipper_drive:/home/resqbots/dev_ws/install/chain_controller:/home/resqbots/dev_ws/install/camera_arm:/home/resqbots/dev_ws/install/botlaunch:/home/resqbots/dev_ws/install/bot_camera_arm:/home/resqbots/dev_ws/install/angle_publisher:/home/resqbots/ros2_ws/install/tele_op:/home/resqbots/ros2_ws/install/resqbot_flipper_interface:/home/resqbots/ros2_ws/install/resqbot_drive_interface:/home/resqbots/ros2_ws/install/camera_arm:/home/resqbots/ros2_ws/install/botlaunch:/home/resqbots/ros2_ws/install/bot_camera_arm:/opt/ros/humble /usr/bin/cmake --install /home/resqbots/control_ws/build/lotti_flipper_controller
[13.055s] Level 1:colcon.colcon_core.environment:create_environment_scripts_only(lotti_flipper_controller)
[13.055s] Level 1:colcon.colcon_core.environment:checking '/home/resqbots/control_ws/install/lotti_flipper_controller' for CMake module files
[13.055s] DEBUG:colcon.colcon_core.event_handler.log_command:Invoked command in '/home/resqbots/control_ws/build/lotti_flipper_controller' returned '0': CMAKE_PREFIX_PATH=${CMAKE_PREFIX_PATH}:/home/resqbots/control_ws/install/lotti_teleop:/home/resqbots/dev_ws/install/velocityListener:/home/resqbots/dev_ws/install/resqbot_flipper_interface:/home/resqbots/dev_ws/install/resqbot_drive_motor_controller:/home/resqbots/dev_ws/install/resqbot_drive_interface:/home/resqbots/dev_ws/install/resqbot_camera_arm:/home/resqbots/dev_ws/install/flipper_drive:/home/resqbots/dev_ws/install/chain_controller:/home/resqbots/dev_ws/install/camera_arm:/home/resqbots/dev_ws/install/botlaunch:/home/resqbots/dev_ws/install/bot_camera_arm:/home/resqbots/dev_ws/install/angle_publisher:/home/resqbots/ros2_ws/install/tele_op:/home/resqbots/ros2_ws/install/resqbot_flipper_interface:/home/resqbots/ros2_ws/install/resqbot_drive_interface:/home/resqbots/ros2_ws/install/camera_arm:/home/resqbots/ros2_ws/install/botlaunch:/home/resqbots/ros2_ws/install/bot_camera_arm:/opt/ros/humble /usr/bin/cmake --install /home/resqbots/control_ws/build/lotti_flipper_controller
[13.056s] Level 1:colcon.colcon_core.environment:checking '/home/resqbots/control_ws/install/lotti_flipper_controller' for CMake config files
[13.056s] Level 1:colcon.colcon_core.shell:create_environment_hook('lotti_flipper_controller', 'cmake_prefix_path')
[13.056s] INFO:colcon.colcon_core.shell:Creating environment hook '/home/resqbots/control_ws/install/lotti_flipper_controller/share/lotti_flipper_controller/hook/cmake_prefix_path.ps1'
[13.057s] INFO:colcon.colcon_core.shell:Creating environment descriptor '/home/resqbots/control_ws/install/lotti_flipper_controller/share/lotti_flipper_controller/hook/cmake_prefix_path.dsv'
[13.057s] INFO:colcon.colcon_core.shell:Creating environment hook '/home/resqbots/control_ws/install/lotti_flipper_controller/share/lotti_flipper_controller/hook/cmake_prefix_path.sh'
[13.057s] Level 1:colcon.colcon_core.environment:checking '/home/resqbots/control_ws/install/lotti_flipper_controller/lib'
[13.057s] Level 1:colcon.colcon_core.shell:create_environment_hook('lotti_flipper_controller', 'ld_library_path_lib')
[13.058s] INFO:colcon.colcon_core.shell:Creating environment hook '/home/resqbots/control_ws/install/lotti_flipper_controller/share/lotti_flipper_controller/hook/ld_library_path_lib.ps1'
[13.058s] INFO:colcon.colcon_core.shell:Creating environment descriptor '/home/resqbots/control_ws/install/lotti_flipper_controller/share/lotti_flipper_controller/hook/ld_library_path_lib.dsv'
[13.058s] INFO:colcon.colcon_core.shell:Creating environment hook '/home/resqbots/control_ws/install/lotti_flipper_controller/share/lotti_flipper_controller/hook/ld_library_path_lib.sh'
[13.059s] Level 1:colcon.colcon_core.environment:checking '/home/resqbots/control_ws/install/lotti_flipper_controller/bin'
[13.059s] Level 1:colcon.colcon_core.environment:checking '/home/resqbots/control_ws/install/lotti_flipper_controller/lib/pkgconfig/lotti_flipper_controller.pc'
[13.059s] Level 1:colcon.colcon_core.environment:checking '/home/resqbots/control_ws/install/lotti_flipper_controller/lib/python3.10/site-packages'
[13.059s] Level 1:colcon.colcon_core.environment:checking '/home/resqbots/control_ws/install/lotti_flipper_controller/bin'
[13.059s] INFO:colcon.colcon_core.shell:Creating package script '/home/resqbots/control_ws/install/lotti_flipper_controller/share/lotti_flipper_controller/package.ps1'
[13.060s] INFO:colcon.colcon_core.shell:Creating package descriptor '/home/resqbots/control_ws/install/lotti_flipper_controller/share/lotti_flipper_controller/package.dsv'
[13.060s] INFO:colcon.colcon_core.shell:Creating package script '/home/resqbots/control_ws/install/lotti_flipper_controller/share/lotti_flipper_controller/package.sh'
[13.061s] INFO:colcon.colcon_core.shell:Creating package script '/home/resqbots/control_ws/install/lotti_flipper_controller/share/lotti_flipper_controller/package.bash'
[13.061s] INFO:colcon.colcon_core.shell:Creating package script '/home/resqbots/control_ws/install/lotti_flipper_controller/share/lotti_flipper_controller/package.zsh'
[13.061s] Level 1:colcon.colcon_core.environment:create_file_with_runtime_dependencies(/home/resqbots/control_ws/install/lotti_flipper_controller/share/colcon-core/packages/lotti_flipper_controller)
[13.062s] Level 1:colcon.colcon_core.environment:create_environment_scripts_only(lotti_flipper_controller)
[13.062s] Level 1:colcon.colcon_core.environment:checking '/home/resqbots/control_ws/install/lotti_flipper_controller' for CMake module files
[13.063s] Level 1:colcon.colcon_core.environment:checking '/home/resqbots/control_ws/install/lotti_flipper_controller' for CMake config files
[13.063s] Level 1:colcon.colcon_core.shell:create_environment_hook('lotti_flipper_controller', 'cmake_prefix_path')
[13.063s] INFO:colcon.colcon_core.shell:Creating environment hook '/home/resqbots/control_ws/install/lotti_flipper_controller/share/lotti_flipper_controller/hook/cmake_prefix_path.ps1'
[13.063s] INFO:colcon.colcon_core.shell:Creating environment descriptor '/home/resqbots/control_ws/install/lotti_flipper_controller/share/lotti_flipper_controller/hook/cmake_prefix_path.dsv'
[13.064s] INFO:colcon.colcon_core.shell:Creating environment hook '/home/resqbots/control_ws/install/lotti_flipper_controller/share/lotti_flipper_controller/hook/cmake_prefix_path.sh'
[13.064s] Level 1:colcon.colcon_core.environment:checking '/home/resqbots/control_ws/install/lotti_flipper_controller/lib'
[13.064s] Level 1:colcon.colcon_core.shell:create_environment_hook('lotti_flipper_controller', 'ld_library_path_lib')
[13.065s] INFO:colcon.colcon_core.shell:Creating environment hook '/home/resqbots/control_ws/install/lotti_flipper_controller/share/lotti_flipper_controller/hook/ld_library_path_lib.ps1'
[13.065s] INFO:colcon.colcon_core.shell:Creating environment descriptor '/home/resqbots/control_ws/install/lotti_flipper_controller/share/lotti_flipper_controller/hook/ld_library_path_lib.dsv'
[13.065s] INFO:colcon.colcon_core.shell:Creating environment hook '/home/resqbots/control_ws/install/lotti_flipper_controller/share/lotti_flipper_controller/hook/ld_library_path_lib.sh'
[13.066s] Level 1:colcon.colcon_core.environment:checking '/home/resqbots/control_ws/install/lotti_flipper_controller/bin'
[13.066s] Level 1:colcon.colcon_core.environment:checking '/home/resqbots/control_ws/install/lotti_flipper_controller/lib/pkgconfig/lotti_flipper_controller.pc'
[13.066s] Level 1:colcon.colcon_core.environment:checking '/home/resqbots/control_ws/install/lotti_flipper_controller/lib/python3.10/site-packages'
[13.066s] Level 1:colcon.colcon_core.environment:checking '/home/resqbots/control_ws/install/lotti_flipper_controller/bin'
[13.066s] INFO:colcon.colcon_core.shell:Creating package script '/home/resqbots/control_ws/install/lotti_flipper_controller/share/lotti_flipper_controller/package.ps1'
[13.067s] INFO:colcon.colcon_core.shell:Creating package descriptor '/home/resqbots/control_ws/install/lotti_flipper_controller/share/lotti_flipper_controller/package.dsv'
[13.067s] INFO:colcon.colcon_core.shell:Creating package script '/home/resqbots/control_ws/install/lotti_flipper_controller/share/lotti_flipper_controller/package.sh'
[13.068s] INFO:colcon.colcon_core.shell:Creating package script '/home/resqbots/control_ws/install/lotti_flipper_controller/share/lotti_flipper_controller/package.bash'
[13.068s] INFO:colcon.colcon_core.shell:Creating package script '/home/resqbots/control_ws/install/lotti_flipper_controller/share/lotti_flipper_controller/package.zsh'
[13.069s] Level 1:colcon.colcon_core.environment:create_file_with_runtime_dependencies(/home/resqbots/control_ws/install/lotti_flipper_controller/share/colcon-core/packages/lotti_flipper_controller)
[13.069s] DEBUG:colcon.colcon_parallel_executor.executor.parallel:closing loop
[13.069s] DEBUG:colcon.colcon_parallel_executor.executor.parallel:loop closed
[13.069s] DEBUG:colcon.colcon_parallel_executor.executor.parallel:run_until_complete finished with '0'
[13.069s] DEBUG:colcon.colcon_core.event_reactor:joining thread
[13.075s] INFO:colcon.colcon_core.plugin_system:Skipping extension 'colcon_notification.desktop_notification.terminal_notifier': Not used on non-Darwin systems
[13.075s] INFO:colcon.colcon_core.plugin_system:Skipping extension 'colcon_notification.desktop_notification.win32': Not used on non-Windows systems
[13.075s] INFO:colcon.colcon_notification.desktop_notification:Sending desktop notification using 'notify2'
[13.087s] DEBUG:colcon.colcon_core.event_reactor:joined thread
[13.087s] INFO:colcon.colcon_core.shell:Creating prefix script '/home/resqbots/control_ws/install/local_setup.ps1'
[13.088s] INFO:colcon.colcon_core.shell:Creating prefix util module '/home/resqbots/control_ws/install/_local_setup_util_ps1.py'
[13.090s] INFO:colcon.colcon_core.shell:Creating prefix chain script '/home/resqbots/control_ws/install/setup.ps1'
[13.093s] INFO:colcon.colcon_core.shell:Creating prefix script '/home/resqbots/control_ws/install/local_setup.sh'
[13.093s] INFO:colcon.colcon_core.shell:Creating prefix util module '/home/resqbots/control_ws/install/_local_setup_util_sh.py'
[13.094s] INFO:colcon.colcon_core.shell:Creating prefix chain script '/home/resqbots/control_ws/install/setup.sh'
[13.096s] INFO:colcon.colcon_core.shell:Creating prefix script '/home/resqbots/control_ws/install/local_setup.bash'
[13.097s] INFO:colcon.colcon_core.shell:Creating prefix chain script '/home/resqbots/control_ws/install/setup.bash'
[13.100s] INFO:colcon.colcon_core.shell:Creating prefix script '/home/resqbots/control_ws/install/local_setup.zsh'
[13.100s] INFO:colcon.colcon_core.shell:Creating prefix chain script '/home/resqbots/control_ws/install/setup.zsh'
