-- Found ament_cmake: 1.3.11 (/opt/ros/humble/share/ament_cmake/cmake)
-- Override CMake install command with custom implementation using symlinks instead of copying resources
-- Found pluginlib: 5.1.0 (/opt/ros/humble/share/pluginlib/cmake)
-- Found hardware_interface: 2.50.0 (/opt/ros/humble/share/hardware_interface/cmake)
-- Found rosidl_generator_c: 3.1.6 (/opt/ros/humble/share/rosidl_generator_c/cmake)
-- Found rosidl_adapter: 3.1.6 (/opt/ros/humble/share/rosidl_adapter/cmake)
-- Found rosidl_generator_cpp: 3.1.6 (/opt/ros/humble/share/rosidl_generator_cpp/cmake)
-- Using all available rosidl_typesupport_c: rosidl_typesupport_fastrtps_c;rosidl_typesupport_introspection_c
-- Using all available rosidl_typesupport_cpp: rosidl_typesupport_fastrtps_cpp;rosidl_typesupport_introspection_cpp
-- Found rmw_implementation_cmake: 6.1.2 (/opt/ros/humble/share/rmw_implementation_cmake/cmake)
-- Found rmw_fastrtps_cpp: 6.2.7 (/opt/ros/humble/share/rmw_fastrtps_cpp/cmake)
-- Found TinyXML2 via Config file: TinyXML2_DIR-NOTFOUND
-- Found TinyXML2 via Config file: TinyXML2_DIR-NOTFOUND
-- Found TinyXML2 via Config file: TinyXML2_DIR-NOTFOUND
-- Found TinyXML2 via Config file: TinyXML2_DIR-NOTFOUND
-- Using RMW implementation 'rmw_fastrtps_cpp' as default
-- Found ament_cmake_pytest: 1.3.11 (/opt/ros/humble/share/ament_cmake_pytest/cmake)
-- Configuring done
-- Generating done
-- Build files have been written to: /home/resqbots/control_ws/build/lotti_control
[35m[1mConsolidate compiler generated dependencies of target lotti_control[0m
[100%] Built target lotti_control
-- Install configuration: ""
-- Execute custom install script
-- Symlinking: /home/resqbots/control_ws/install/lotti_control/share/lotti_control//lotti_control.xml
-- Symlinking: /home/resqbots/control_ws/install/lotti_control/include/lotti_control/lotti_control/RS485_comms.bak
-- Symlinking: /home/resqbots/control_ws/install/lotti_control/include/lotti_control/lotti_control/arm_interface.hpp
-- Symlinking: /home/resqbots/control_ws/install/lotti_control/include/lotti_control/lotti_control/diffbot_system.hpp
-- Symlinking: /home/resqbots/control_ws/install/lotti_control/include/lotti_control/lotti_control/flipper_comms.hpp
-- Symlinking: /home/resqbots/control_ws/install/lotti_control/include/lotti_control/lotti_control/flipper_interface.hpp
-- Symlinking: /home/resqbots/control_ws/install/lotti_control/include/lotti_control/lotti_control/visibility_control.h
-- Symlinking: /home/resqbots/control_ws/install/lotti_control/include/lotti_control/lotti_control/wheel.hpp
-- Symlinking: /home/resqbots/control_ws/install/lotti_control/share/lotti_control/launch/view_lotti.launch.py
-- Symlinking: /home/resqbots/control_ws/install/lotti_control/share/lotti_control/ros2_control/Lotti.ros_control.xacro
-- Symlinking: /home/resqbots/control_ws/install/lotti_control/share/lotti_control/urdf/Lotti_arm.xacro
-- Symlinking: /home/resqbots/control_ws/install/lotti_control/share/lotti_control/urdf/Lotti_body.xacro
-- Symlinking: /home/resqbots/control_ws/install/lotti_control/share/lotti_control/urdf/Lotti_gazebo_control.xacro
-- Symlinking: /home/resqbots/control_ws/install/lotti_control/share/lotti_control/urdf/Lotti_main.urdf.xacro
-- Symlinking: /home/resqbots/control_ws/install/lotti_control/share/lotti_control/urdf/urdf_inertial_shapes.xacro
-- Symlinking: /home/resqbots/control_ws/install/lotti_control/share/lotti_control/urdf/urdf_materials.xacro
-- Symlinking: /home/resqbots/control_ws/install/lotti_control/share/lotti_control/launch/lotti_controller.launch.py
-- Symlinking: /home/resqbots/control_ws/install/lotti_control/share/lotti_control/config/lotti_controller.yaml
-- Symlinking: /home/resqbots/control_ws/install/lotti_control/share/lotti_control/config/view_lotti.rviz
-- Symlinking: /home/resqbots/control_ws/install/lotti_control/share/lotti_control/environment/library_path.sh
-- Symlinking: /home/resqbots/control_ws/install/lotti_control/share/lotti_control/environment/library_path.dsv
-- Symlinking: /home/resqbots/control_ws/install/lotti_control/share/ament_index/resource_index/package_run_dependencies/lotti_control
-- Symlinking: /home/resqbots/control_ws/install/lotti_control/share/ament_index/resource_index/parent_prefix_path/lotti_control
-- Symlinking: /home/resqbots/control_ws/install/lotti_control/share/lotti_control/environment/ament_prefix_path.sh
-- Symlinking: /home/resqbots/control_ws/install/lotti_control/share/lotti_control/environment/ament_prefix_path.dsv
-- Symlinking: /home/resqbots/control_ws/install/lotti_control/share/lotti_control/environment/path.sh
-- Symlinking: /home/resqbots/control_ws/install/lotti_control/share/lotti_control/environment/path.dsv
-- Symlinking: /home/resqbots/control_ws/install/lotti_control/share/lotti_control/local_setup.bash
-- Symlinking: /home/resqbots/control_ws/install/lotti_control/share/lotti_control/local_setup.sh
-- Symlinking: /home/resqbots/control_ws/install/lotti_control/share/lotti_control/local_setup.zsh
-- Symlinking: /home/resqbots/control_ws/install/lotti_control/share/lotti_control/local_setup.dsv
-- Symlinking: /home/resqbots/control_ws/install/lotti_control/share/lotti_control/package.dsv
-- Symlinking: /home/resqbots/control_ws/install/lotti_control/share/ament_index/resource_index/packages/lotti_control
-- Symlinking: /home/resqbots/control_ws/install/lotti_control/share/ament_index/resource_index/hardware_interface__pluginlib__plugin/lotti_control
-- Symlinking: /home/resqbots/control_ws/install/lotti_control/share/lotti_control/cmake/ament_cmake_export_targets-extras.cmake
-- Symlinking: /home/resqbots/control_ws/install/lotti_control/share/lotti_control/cmake/ament_cmake_export_dependencies-extras.cmake
-- Symlinking: /home/resqbots/control_ws/install/lotti_control/share/lotti_control/cmake/lotti_controlConfig.cmake
-- Symlinking: /home/resqbots/control_ws/install/lotti_control/share/lotti_control/cmake/lotti_controlConfig-version.cmake
-- Symlinking: /home/resqbots/control_ws/install/lotti_control/share/lotti_control/package.xml
-- Up-to-date: /home/resqbots/control_ws/install/lotti_control/lib/liblotti_control.so
-- Up-to-date: /home/resqbots/control_ws/install/lotti_control/share/lotti_control/cmake/export_lotti_controlExport.cmake
-- Up-to-date: /home/resqbots/control_ws/install/lotti_control/share/lotti_control/cmake/export_lotti_controlExport-noconfig.cmake
