running develop
running egg_info
creating learning_tf2_py.egg-info
writing learning_tf2_py.egg-info/PKG-INFO
writing dependency_links to learning_tf2_py.egg-info/dependency_links.txt
writing entry points to learning_tf2_py.egg-info/entry_points.txt
writing requirements to learning_tf2_py.egg-info/requires.txt
writing top-level names to learning_tf2_py.egg-info/top_level.txt
writing manifest file 'learning_tf2_py.egg-info/SOURCES.txt'
reading manifest file 'learning_tf2_py.egg-info/SOURCES.txt'
writing manifest file 'learning_tf2_py.egg-info/SOURCES.txt'
running build_ext
Creating /home/paul/resqbot_dev/control_ws/install/learning_tf2_py/lib/python3.10/site-packages/learning-tf2-py.egg-link (link to .)
Installing body_tf script to /home/paul/resqbot_dev/control_ws/install/learning_tf2_py/lib/learning_tf2_py

Installed /home/paul/resqbot_dev/control_ws/build/learning_tf2_py
running symlink_data
creating /home/paul/resqbot_dev/control_ws/install/learning_tf2_py/share/ament_index
creating /home/paul/resqbot_dev/control_ws/install/learning_tf2_py/share/ament_index/resource_index
creating /home/paul/resqbot_dev/control_ws/install/learning_tf2_py/share/ament_index/resource_index/packages
symbolically linking /home/paul/resqbot_dev/control_ws/build/learning_tf2_py/resource/learning_tf2_py -> /home/paul/resqbot_dev/control_ws/install/learning_tf2_py/share/ament_index/resource_index/packages
symbolically linking /home/paul/resqbot_dev/control_ws/build/learning_tf2_py/package.xml -> /home/paul/resqbot_dev/control_ws/install/learning_tf2_py/share/learning_tf2_py
