[2.322s] Invoking command in '/home/paul/resqbot_dev/control_ws/build/learning_tf2_py': PYTHONPATH=/home/paul/resqbot_dev/control_ws/build/learning_tf2_py/prefix_override:/usr/lib/python3/dist-packages/colcon_core/task/python/colcon_distutils_commands:/home/paul/resqbot_dev/control_ws/install/learning_tf2_py/lib/python3.10/site-packages:${PYTHONPATH} /usr/bin/python3 -W ignore:setup.py install is deprecated -W ignore:easy_install command is deprecated setup.py develop --editable --build-directory /home/paul/resqbot_dev/control_ws/build/learning_tf2_py/build --no-deps symlink_data
[2.885s] running develop
[3.235s] running egg_info
[3.235s] creating learning_tf2_py.egg-info
[3.235s] writing learning_tf2_py.egg-info/PKG-INFO
[3.236s] writing dependency_links to learning_tf2_py.egg-info/dependency_links.txt
[3.236s] writing entry points to learning_tf2_py.egg-info/entry_points.txt
[3.237s] writing requirements to learning_tf2_py.egg-info/requires.txt
[3.237s] writing top-level names to learning_tf2_py.egg-info/top_level.txt
[3.237s] writing manifest file 'learning_tf2_py.egg-info/SOURCES.txt'
[3.242s] reading manifest file 'learning_tf2_py.egg-info/SOURCES.txt'
[3.243s] writing manifest file 'learning_tf2_py.egg-info/SOURCES.txt'
[3.248s] running build_ext
[3.248s] Creating /home/paul/resqbot_dev/control_ws/install/learning_tf2_py/lib/python3.10/site-packages/learning-tf2-py.egg-link (link to .)
[3.250s] Installing body_tf script to /home/paul/resqbot_dev/control_ws/install/learning_tf2_py/lib/learning_tf2_py
[3.251s] 
[3.251s] Installed /home/paul/resqbot_dev/control_ws/build/learning_tf2_py
[3.251s] running symlink_data
[3.251s] creating /home/paul/resqbot_dev/control_ws/install/learning_tf2_py/share/ament_index
[3.252s] creating /home/paul/resqbot_dev/control_ws/install/learning_tf2_py/share/ament_index/resource_index
[3.252s] creating /home/paul/resqbot_dev/control_ws/install/learning_tf2_py/share/ament_index/resource_index/packages
[3.252s] symbolically linking /home/paul/resqbot_dev/control_ws/build/learning_tf2_py/resource/learning_tf2_py -> /home/paul/resqbot_dev/control_ws/install/learning_tf2_py/share/ament_index/resource_index/packages
[3.252s] symbolically linking /home/paul/resqbot_dev/control_ws/build/learning_tf2_py/package.xml -> /home/paul/resqbot_dev/control_ws/install/learning_tf2_py/share/learning_tf2_py
[3.369s] Invoked command in '/home/paul/resqbot_dev/control_ws/build/learning_tf2_py' returned '0': PYTHONPATH=/home/paul/resqbot_dev/control_ws/build/learning_tf2_py/prefix_override:/usr/lib/python3/dist-packages/colcon_core/task/python/colcon_distutils_commands:/home/paul/resqbot_dev/control_ws/install/learning_tf2_py/lib/python3.10/site-packages:${PYTHONPATH} /usr/bin/python3 -W ignore:setup.py install is deprecated -W ignore:easy_install command is deprecated setup.py develop --editable --build-directory /home/paul/resqbot_dev/control_ws/build/learning_tf2_py/build --no-deps symlink_data
